Started at: 09:18:10
['/DATA/rohan_kirti/country/germany/RBQ/Germany_RBQ.xlsx']

📌 Processing: /DATA/rohan_kirti/country/germany/RBQ/Germany_RBQ.xlsx
✅ Saved → RBQ | Rowing(Rudern) | Row 0
✅ Saved → RBQ | Rowing(Rudern) | Row 1
✅ Saved → RBQ | Rowing(Rudern) | Row 2
✅ Saved → RBQ | Rowing(Rudern) | Row 3
✅ Saved → RBQ | Rowing(Rudern) | Row 4
✅ Saved → RBQ | Rowing(Rudern) | Row 5
✅ Saved → RBQ | Rowing(Rudern) | Row 6
✅ Saved → RBQ | Rowing(Rudern) | Row 7
✅ Saved → RBQ | Rowing(Rudern) | Row 8
✅ Saved → RBQ | Rowing(Rudern) | Row 9
✅ Saved → RBQ | Rowing(Rudern) | Row 10
✅ Saved → RBQ | Rowing(Rudern) | Row 11
✅ Saved → RBQ | Rowing(Rudern) | Row 12
✅ Saved → RBQ | Rowing(Rudern) | Row 13
✅ Saved → RBQ | Rowing(Rudern) | Row 14
✅ Saved → RBQ | Rowing(Rudern) | Row 15
✅ Saved → RBQ | Rowing(Rudern) | Row 16
✅ Saved → RBQ | Rowing(Rudern) | Row 17
✅ Saved → RBQ | Rowing(Rudern) | Row 18
✅ Saved → RBQ | Rowing(Rudern) | Row 19
✅ Saved → RBQ | Rowing(Rudern) | Row 20
✅ Saved → RBQ | Rowing(Rudern) | Row 21
✅ Saved → RBQ | Rowing(Rudern) | Row 22
✅ Saved → RBQ | Rowing(Rudern) | Row 23
✅ Saved → RBQ | Rowing(Rudern) | Row 24
✅ Saved → RBQ | Rowing(Rudern) | Row 25
✅ Saved → RBQ | Rowing(Rudern) | Row 26
✅ Saved → RBQ | Rowing(Rudern) | Row 27
✅ Saved → RBQ | Rowing(Rudern) | Row 28
✅ Saved → RBQ | Rowing(Rudern) | Row 29
✅ Saved → RBQ | Rowing(Rudern) | Row 30
✅ Saved → RBQ | Rowing(Rudern) | Row 31
✅ Saved → RBQ | Rowing(Rudern) | Row 32
✅ Saved → RBQ | Rowing(Rudern) | Row 33
✅ Saved → RBQ | Rowing(Rudern) | Row 34
✅ Saved → RBQ | Rowing(Rudern) | Row 35
✅ Saved → RBQ | Rowing(Rudern) | Row 36
✅ Saved → RBQ | Rowing(Rudern) | Row 37
✅ Saved → RBQ | Rowing(Rudern) | Row 38
✅ Saved → RBQ | Rowing(Rudern) | Row 39
✅ Saved → RBQ | Rowing(Rudern) | Row 55
✅ Saved → RBQ | Rowing(Rudern) | Row 56
✅ Saved → RBQ | Rowing(Rudern) | Row 57
✅ Saved → RBQ | Rowing(Rudern) | Row 58
✅ Saved → RBQ | Rowing(Rudern) | Row 59
✅ Saved → RBQ | Rowing(Rudern) | Row 60
✅ Saved → RBQ | Rowing(Rudern) | Row 61
✅ Saved → RBQ | Rowing(Rudern) | Row 62
✅ Saved → RBQ | Rowing(Rudern) | Row 63
✅ Saved → RBQ | Rowing(Rudern) | Row 64
✅ Saved → RBQ | Rowing(Rudern) | Row 65
✅ Saved → RBQ | Rowing(Rudern) | Row 66
✅ Saved → RBQ | Rowing(Rudern) | Row 67
✅ Saved → RBQ | Rowing(Rudern) | Row 68
✅ Saved → RBQ | Skat | Row 0
✅ Saved → RBQ | Skat | Row 1
✅ Saved → RBQ | Skat | Row 2
✅ Saved → RBQ | Skat | Row 3
✅ Saved → RBQ | Skat | Row 4
✅ Saved → RBQ | Skat | Row 5
✅ Saved → RBQ | Skat | Row 6
✅ Saved → RBQ | Skat | Row 7
✅ Saved → RBQ | Skat | Row 8
✅ Saved → RBQ | Skat | Row 9
✅ Saved → RBQ | Skat | Row 10
✅ Saved → RBQ | Skat | Row 11
✅ Saved → RBQ | Skat | Row 12
✅ Saved → RBQ | Skat | Row 13
✅ Saved → RBQ | Skat | Row 14
✅ Saved → RBQ | Skat | Row 15
✅ Saved → RBQ | Skat | Row 16
✅ Saved → RBQ | Skat | Row 17
✅ Saved → RBQ | Skat | Row 18
✅ Saved → RBQ | Skat | Row 19
✅ Saved → RBQ | Skat | Row 20
✅ Saved → RBQ | Skat | Row 21
✅ Saved → RBQ | Skat | Row 22
✅ Saved → RBQ | Skat | Row 23
✅ Saved → RBQ | Skat | Row 24
✅ Saved → RBQ | Skat | Row 25
✅ Saved → RBQ | Skat | Row 26
✅ Saved → RBQ | Skat | Row 27
✅ Saved → RBQ | Skat | Row 28
✅ Saved → RBQ | Skat | Row 29
✅ Saved → RBQ | Skat | Row 30
✅ Saved → RBQ | Skat | Row 31
✅ Saved → RBQ | Skat | Row 32
✅ Saved → RBQ | Skat | Row 33
✅ Saved → RBQ | Skat | Row 34
✅ Saved → RBQ | Skat | Row 35
✅ Saved → RBQ | Skat | Row 36
✅ Saved → RBQ | Skat | Row 37
✅ Saved → RBQ | Skat | Row 38
✅ Saved → RBQ | Skat | Row 39
✅ Saved → RBQ | Skat | Row 40
✅ Saved → RBQ | Skat | Row 41
✅ Saved → RBQ | Skat | Row 42
✅ Saved → RBQ | Skat | Row 44
✅ Saved → RBQ | Skat | Row 45
✅ Saved → RBQ | Skat | Row 46
✅ Saved → RBQ | Skat | Row 48
✅ Saved → RBQ | Skat | Row 49
✅ Saved → RBQ | Skat | Row 51
✅ Saved → RBQ | Skat | Row 52
✅ Saved → RBQ | Skat | Row 53
✅ Saved → RBQ | Skat | Row 56
✅ Saved → RBQ | Skat | Row 57
✅ Saved → RBQ | Skat | Row 59
✅ Saved → RBQ | Skat | Row 60
✅ Saved → RBQ | Skat | Row 72
✅ Saved → RBQ | Skat | Row 74
✅ Saved → RBQ | Skat | Row 100
✅ Saved → RBQ | Skat | Row 101
✅ Saved → RBQ | Skat | Row 104
✅ Saved → RBQ | Skat | Row 106
✅ Saved → RBQ | Skat | Row 107
✅ Saved → RBQ | Skat | Row 108
✅ Saved → RBQ | Skat | Row 109
✅ Saved → RBQ | Skat | Row 110
✅ Saved → RBQ | Skat | Row 111
✅ Saved → RBQ | Skat | Row 112
✅ Saved → RBQ | Skat | Row 113
✅ Saved → RBQ | Skat | Row 114
✅ Saved → RBQ | Skat | Row 116
✅ Saved → RBQ | Skat | Row 117
✅ Saved → RBQ | Skat | Row 118
✅ Saved → RBQ | Skat | Row 119
✅ Saved → RBQ | Skat | Row 121
✅ Saved → RBQ | Skat | Row 122
✅ Saved → RBQ | Skat | Row 123
✅ Saved → RBQ | Skat | Row 124
✅ Saved → RBQ | Skat | Row 127
✅ Saved → RBQ | Skat | Row 129
✅ Saved → RBQ | Skat | Row 133
✅ Saved → RBQ | Skat | Row 137
✅ Saved → RBQ | Skat | Row 140
✅ Saved → RBQ | Skat | Row 141
✅ Saved → RBQ | Skat | Row 142
✅ Saved → RBQ | Skat | Row 143
✅ Saved → RBQ | Skat | Row 144
✅ Saved → RBQ | Skat | Row 145
✅ Saved → RBQ | Skat | Row 150
✅ Saved → RBQ | Skat | Row 151
✅ Saved → RBQ | Skat | Row 152
✅ Saved → RBQ | Skat | Row 153
✅ Saved → RBQ | Skat | Row 154
✅ Saved → RBQ | Skat | Row 155
✅ Saved → RBQ | Skat | Row 156
✅ Saved → RBQ | Skat | Row 157
✅ Saved → RBQ | Skat | Row 158
✅ Saved → RBQ | Skat | Row 159
✅ Saved → RBQ | Skat | Row 160
✅ Saved → RBQ | Skat | Row 161
✅ Saved → RBQ | Skat | Row 162
✅ Saved → RBQ | Skat | Row 163
✅ Saved → RBQ | Skat | Row 164
✅ Saved → RBQ | Skat | Row 165
✅ Saved → RBQ | Skat | Row 166
✅ Saved → RBQ | Skat | Row 167
✅ Saved → RBQ | Skat | Row 168
✅ Saved → RBQ | Skat | Row 169
✅ Saved → RBQ | Skat | Row 170
✅ Saved → RBQ | Skat | Row 171
✅ Saved → RBQ | Skat | Row 172
✅ Saved → RBQ | Skat | Row 173
✅ Saved → RBQ | Skat | Row 174
✅ Saved → RBQ | Bosseln | Row 0
✅ Saved → RBQ | Bosseln | Row 1
✅ Saved → RBQ | Bosseln | Row 2
✅ Saved → RBQ | Bosseln | Row 3
✅ Saved → RBQ | Bosseln | Row 4
✅ Saved → RBQ | Bosseln | Row 5
✅ Saved → RBQ | Bosseln | Row 6
✅ Saved → RBQ | Bosseln | Row 7
✅ Saved → RBQ | Bosseln | Row 8
✅ Saved → RBQ | Bosseln | Row 9
✅ Saved → RBQ | Bosseln | Row 10
✅ Saved → RBQ | Bosseln | Row 11
✅ Saved → RBQ | Bosseln | Row 12
✅ Saved → RBQ | Bosseln | Row 13
✅ Saved → RBQ | Bosseln | Row 14
✅ Saved → RBQ | Bosseln | Row 15
✅ Saved → RBQ | Bosseln | Row 16
✅ Saved → RBQ | Bosseln | Row 17
✅ Saved → RBQ | Bosseln | Row 18
✅ Saved → RBQ | Bosseln | Row 19
✅ Saved → RBQ | Bosseln | Row 20
✅ Saved → RBQ | Bosseln | Row 21
✅ Saved → RBQ | Bosseln | Row 22
✅ Saved → RBQ | Bosseln | Row 23
✅ Saved → RBQ | Bosseln | Row 24
✅ Saved → RBQ | Bosseln | Row 25
✅ Saved → RBQ | Bosseln | Row 26
✅ Saved → RBQ | Bosseln | Row 27
✅ Saved → RBQ | Bosseln | Row 28
✅ Saved → RBQ | Bosseln | Row 29
✅ Saved → RBQ | Bosseln | Row 30
✅ Saved → RBQ | Bosseln | Row 31
✅ Saved → RBQ | Bosseln | Row 32
✅ Saved → RBQ | Bosseln | Row 33
✅ Saved → RBQ | Bosseln | Row 34
✅ Saved → RBQ | Bosseln | Row 35
✅ Saved → RBQ | Bosseln | Row 36
✅ Saved → RBQ | Bosseln | Row 37
✅ Saved → RBQ | Bosseln | Row 38
✅ Saved → RBQ | Bosseln | Row 39
✅ Saved → RBQ | Bosseln | Row 40
✅ Saved → RBQ | Bosseln | Row 41
✅ Saved → RBQ | Bosseln | Row 42
✅ Saved → RBQ | Bosseln | Row 43
✅ Saved → RBQ | Bosseln | Row 44
✅ Saved → RBQ | Bosseln | Row 45
✅ Saved → RBQ | Bosseln | Row 46
✅ Saved → RBQ | Bosseln | Row 47
✅ Saved → RBQ | Bosseln | Row 48
✅ Saved → RBQ | Bosseln | Row 49
✅ Saved → RBQ | Bosseln | Row 50
✅ Saved → RBQ | Bosseln | Row 51
✅ Saved → RBQ | Bosseln | Row 52
✅ Saved → RBQ | Bosseln | Row 53
✅ Saved → RBQ | Bosseln | Row 54
✅ Saved → RBQ | Bosseln | Row 55
✅ Saved → RBQ | Bosseln | Row 56
✅ Saved → RBQ | Bosseln | Row 57
✅ Saved → RBQ | Bosseln | Row 58
✅ Saved → RBQ | Bosseln | Row 59
✅ Saved → RBQ | Bosseln | Row 60
✅ Saved → RBQ | Bosseln | Row 61
✅ Saved → RBQ | Bosseln | Row 62
✅ Saved → RBQ | Bosseln | Row 63
✅ Saved → RBQ | Bosseln | Row 64
✅ Saved → RBQ | Bosseln | Row 65
✅ Saved → RBQ | Bosseln | Row 66
✅ Saved → RBQ | Bosseln | Row 67
✅ Saved → RBQ | Bosseln | Row 68
✅ Saved → RBQ | Bosseln | Row 69
✅ Saved → RBQ | Bosseln | Row 70
✅ Saved → RBQ | Bosseln | Row 71
✅ Saved → RBQ | Bosseln | Row 72
✅ Saved → RBQ | Bosseln | Row 73
✅ Saved → RBQ | Bosseln | Row 74
✅ Saved → RBQ | Bosseln | Row 75
✅ Saved → RBQ | Bosseln | Row 76
✅ Saved → RBQ | Bosseln | Row 77
✅ Saved → RBQ | Bosseln | Row 79
✅ Saved → RBQ | Bosseln | Row 80
✅ Saved → RBQ | Bosseln | Row 81
✅ Saved → RBQ | Bosseln | Row 82
✅ Saved → RBQ | Bosseln | Row 83
✅ Saved → RBQ | Bosseln | Row 84
✅ Saved → RBQ | Bosseln | Row 85
✅ Saved → RBQ | Bosseln | Row 86
✅ Saved → RBQ | Bosseln | Row 87
✅ Saved → RBQ | Bosseln | Row 88
✅ Saved → RBQ | Bosseln | Row 89
✅ Saved → RBQ | Bosseln | Row 90
✅ Saved → RBQ | Bosseln | Row 91
✅ Saved → RBQ | Bosseln | Row 92
✅ Saved → RBQ | Bosseln | Row 93
✅ Saved → RBQ | Bosseln | Row 94
✅ Saved → RBQ | Bosseln | Row 95
✅ Saved → RBQ | Bosseln | Row 96
✅ Saved → RBQ | Bosseln | Row 97
✅ Saved → RBQ | Bosseln | Row 98
✅ Saved → RBQ | Bosseln | Row 99
✅ Saved → RBQ | Bosseln | Row 100
✅ Saved → RBQ | Bosseln | Row 101
✅ Saved → RBQ | Bosseln | Row 102
✅ Saved → RBQ | Bosseln | Row 103
✅ Saved → RBQ | Bosseln | Row 104
✅ Saved → RBQ | Bosseln | Row 105
✅ Saved → RBQ | Bosseln | Row 106
✅ Saved → RBQ | Bosseln | Row 107
✅ Saved → RBQ | Bosseln | Row 108
✅ Saved → RBQ | Bosseln | Row 110
✅ Saved → RBQ | Bosseln | Row 111
✅ Saved → RBQ | Bosseln | Row 113
✅ Saved → RBQ | Bosseln | Row 114
✅ Saved → RBQ | Bosseln | Row 115
✅ Saved → RBQ | Bosseln | Row 116
✅ Saved → RBQ | Bosseln | Row 117
✅ Saved → RBQ | Bosseln | Row 119
✅ Saved → RBQ | Bosseln | Row 122
✅ Saved → RBQ | Bosseln | Row 123
✅ Saved → RBQ | Bosseln | Row 124
✅ Saved → RBQ | Bosseln | Row 125
✅ Saved → RBQ | Bosseln | Row 128
✅ Saved → RBQ | Bosseln | Row 130
✅ Saved → RBQ | Bosseln | Row 132
✅ Saved → RBQ | Bosseln | Row 134
✅ Saved → RBQ | Bosseln | Row 135
✅ Saved → RBQ | Bosseln | Row 136
✅ Saved → RBQ | Bosseln | Row 137
✅ Saved → RBQ | Bosseln | Row 138
✅ Saved → RBQ | Bosseln | Row 139
✅ Saved → RBQ | Bosseln | Row 140
✅ Saved → RBQ | Bosseln | Row 141
✅ Saved → RBQ | Bosseln | Row 142
✅ Saved → RBQ | Bosseln | Row 143
✅ Saved → RBQ | Bosseln | Row 144
✅ Saved → RBQ | Bosseln | Row 145
✅ Saved → RBQ | Bosseln | Row 146
✅ Saved → RBQ | Bosseln | Row 147
✅ Saved → RBQ | Bosseln | Row 148
✅ Saved → RBQ | Bosseln | Row 149
✅ Saved → RBQ | Bosseln | Row 150
✅ Saved → RBQ | Bosseln | Row 151
✅ Saved → RBQ | Bosseln | Row 152
✅ Saved → RBQ | Bosseln | Row 153
✅ Saved → RBQ | Bosseln | Row 154
✅ Saved → RBQ | Bosseln | Row 155
✅ Saved → RBQ | Bosseln | Row 156
✅ Saved → RBQ | Bosseln | Row 157
✅ Saved → RBQ | Bosseln | Row 158
✅ Saved → RBQ | Bosseln | Row 159
✅ Saved → RBQ | Bosseln | Row 160
✅ Saved → RBQ | Bosseln | Row 161
✅ Saved → RBQ | Bosseln | Row 162
✅ Saved → RBQ | Bosseln | Row 163
✅ Saved → RBQ | Bosseln | Row 164
✅ Saved → RBQ | Bosseln | Row 165
✅ Saved → RBQ | Bosseln | Row 166
✅ Saved → RBQ | Bosseln | Row 167
✅ Saved → RBQ | Bosseln | Row 168
✅ Saved → RBQ | Bosseln | Row 169
✅ Saved → RBQ | Bosseln | Row 170
✅ Saved → RBQ | Bosseln | Row 171
✅ Saved → RBQ | Bosseln | Row 172
✅ Saved → RBQ | Bosseln | Row 173
✅ Saved → RBQ | Bosseln | Row 174
✅ Saved → RBQ | Bosseln | Row 175
✅ Saved → RBQ | Bosseln | Row 176
✅ Saved → RBQ | Bosseln | Row 177
✅ Saved → RBQ | Bosseln | Row 178
✅ Saved → RBQ | Bosseln | Row 179
✅ Saved → RBQ | Klootschießen | Row 0
✅ Saved → RBQ | Klootschießen | Row 1
✅ Saved → RBQ | Klootschießen | Row 2
✅ Saved → RBQ | Klootschießen | Row 3
✅ Saved → RBQ | Klootschießen | Row 4
✅ Saved → RBQ | Klootschießen | Row 5
✅ Saved → RBQ | Klootschießen | Row 6
✅ Saved → RBQ | Klootschießen | Row 7
✅ Saved → RBQ | Klootschießen | Row 8
✅ Saved → RBQ | Klootschießen | Row 9
✅ Saved → RBQ | Klootschießen | Row 10
✅ Saved → RBQ | Klootschießen | Row 11
✅ Saved → RBQ | Klootschießen | Row 12
✅ Saved → RBQ | Klootschießen | Row 13
✅ Saved → RBQ | Klootschießen | Row 14
✅ Saved → RBQ | Klootschießen | Row 15
✅ Saved → RBQ | Klootschießen | Row 16
✅ Saved → RBQ | Klootschießen | Row 17
✅ Saved → RBQ | Klootschießen | Row 18
✅ Saved → RBQ | Klootschießen | Row 19
✅ Saved → RBQ | Klootschießen | Row 20
✅ Saved → RBQ | Klootschießen | Row 21
✅ Saved → RBQ | Klootschießen | Row 22
✅ Saved → RBQ | Klootschießen | Row 23
✅ Saved → RBQ | Klootschießen | Row 24
✅ Saved → RBQ | Klootschießen | Row 25
✅ Saved → RBQ | Klootschießen | Row 26
✅ Saved → RBQ | Klootschießen | Row 27
✅ Saved → RBQ | Klootschießen | Row 28
✅ Saved → RBQ | Klootschießen | Row 29
✅ Saved → RBQ | Klootschießen | Row 30
✅ Saved → RBQ | Klootschießen | Row 31
✅ Saved → RBQ | Klootschießen | Row 32
✅ Saved → RBQ | Klootschießen | Row 33
✅ Saved → RBQ | Klootschießen | Row 34
✅ Saved → RBQ | Klootschießen | Row 35
✅ Saved → RBQ | Klootschießen | Row 36
✅ Saved → RBQ | Klootschießen | Row 37
✅ Saved → RBQ | Klootschießen | Row 38
✅ Saved → RBQ | Klootschießen | Row 39
✅ Saved → RBQ | Klootschießen | Row 40
✅ Saved → RBQ | Klootschießen | Row 41
✅ Saved → RBQ | Klootschießen | Row 42
✅ Saved → RBQ | Klootschießen | Row 43
✅ Saved → RBQ | Klootschießen | Row 44
✅ Saved → RBQ | Klootschießen | Row 45
✅ Saved → RBQ | Klootschießen | Row 46
✅ Saved → RBQ | Klootschießen | Row 47
✅ Saved → RBQ | Klootschießen | Row 48
✅ Saved → RBQ | Klootschießen | Row 49
✅ Saved → RBQ | Klootschießen | Row 50
✅ Saved → RBQ | Klootschießen | Row 51
✅ Saved → RBQ | Klootschießen | Row 52
✅ Saved → RBQ | Klootschießen | Row 53
✅ Saved → RBQ | Klootschießen | Row 54
✅ Saved → RBQ | Klootschießen | Row 55
✅ Saved → RBQ | Klootschießen | Row 56
✅ Saved → RBQ | Klootschießen | Row 57
✅ Saved → RBQ | Klootschießen | Row 58
✅ Saved → RBQ | Klootschießen | Row 59
✅ Saved → RBQ | Klootschießen | Row 60
✅ Saved → RBQ | Klootschießen | Row 61
✅ Saved → RBQ | Klootschießen | Row 62
✅ Saved → RBQ | Klootschießen | Row 63
✅ Saved → RBQ | Klootschießen | Row 64
✅ Saved → RBQ | Klootschießen | Row 65
✅ Saved → RBQ | Klootschießen | Row 66
✅ Saved → RBQ | Klootschießen | Row 67
✅ Saved → RBQ | Klootschießen | Row 68
✅ Saved → RBQ | Klootschießen | Row 70
✅ Saved → RBQ | Klootschießen | Row 71
✅ Saved → RBQ | Klootschießen | Row 72
✅ Saved → RBQ | Klootschießen | Row 73
✅ Saved → RBQ | Klootschießen | Row 74
✅ Saved → RBQ | Klootschießen | Row 75
✅ Saved → RBQ | Klootschießen | Row 76
✅ Saved → RBQ | Klootschießen | Row 77
✅ Saved → RBQ | Klootschießen | Row 78
✅ Saved → RBQ | Klootschießen | Row 79
✅ Saved → RBQ | Klootschießen | Row 80
✅ Saved → RBQ | Klootschießen | Row 81
✅ Saved → RBQ | Klootschießen | Row 82
✅ Saved → RBQ | Klootschießen | Row 83
✅ Saved → RBQ | Klootschießen | Row 84
✅ Saved → RBQ | Klootschießen | Row 85
✅ Saved → RBQ | Klootschießen | Row 86
✅ Saved → RBQ | Klootschießen | Row 87
✅ Saved → RBQ | Klootschießen | Row 88
✅ Saved → RBQ | Klootschießen | Row 89
✅ Saved → RBQ | Klootschießen | Row 90
✅ Saved → RBQ | Klootschießen | Row 91
✅ Saved → RBQ | Klootschießen | Row 93
✅ Saved → RBQ | Klootschießen | Row 94
✅ Saved → RBQ | Klootschießen | Row 95
✅ Saved → RBQ | Klootschießen | Row 96
✅ Saved → RBQ | Klootschießen | Row 97
✅ Saved → RBQ | Klootschießen | Row 98
✅ Saved → RBQ | Klootschießen | Row 100
✅ Saved → RBQ | Klootschießen | Row 101
✅ Saved → RBQ | Klootschießen | Row 102
✅ Saved → RBQ | Klootschießen | Row 103
✅ Saved → RBQ | Klootschießen | Row 104
✅ Saved → RBQ | Klootschießen | Row 105
✅ Saved → RBQ | Klootschießen | Row 106
✅ Saved → RBQ | Klootschießen | Row 107
✅ Saved → RBQ | Klootschießen | Row 108
✅ Saved → RBQ | Klootschießen | Row 109
✅ Saved → RBQ | Klootschießen | Row 110
✅ Saved → RBQ | Klootschießen | Row 111
✅ Saved → RBQ | Klootschießen | Row 112
✅ Saved → RBQ | Klootschießen | Row 113
✅ Saved → RBQ | Klootschießen | Row 114
✅ Saved → RBQ | Klootschießen | Row 115
✅ Saved → RBQ | Klootschießen | Row 116
✅ Saved → RBQ | Klootschießen | Row 117
✅ Saved → RBQ | Klootschießen | Row 118
✅ Saved → RBQ | Klootschießen | Row 119
✅ Saved → RBQ | Klootschießen | Row 120
✅ Saved → RBQ | Klootschießen | Row 121
✅ Saved → RBQ | Klootschießen | Row 122
✅ Saved → RBQ | Klootschießen | Row 123
✅ Saved → RBQ | Klootschießen | Row 124
✅ Saved → RBQ | Klootschießen | Row 125
✅ Saved → RBQ | Klootschießen | Row 126
✅ Saved → RBQ | Klootschießen | Row 127
✅ Saved → RBQ | Klootschießen | Row 129
✅ Saved → RBQ | Klootschießen | Row 130
✅ Saved → RBQ | Klootschießen | Row 131
✅ Saved → RBQ | Klootschießen | Row 132
✅ Saved → RBQ | Klootschießen | Row 133
✅ Saved → RBQ | Klootschießen | Row 134
✅ Saved → RBQ | Klootschießen | Row 135
✅ Saved → RBQ | Klootschießen | Row 136
✅ Saved → RBQ | Klootschießen | Row 137
✅ Saved → RBQ | Klootschießen | Row 138
✅ Saved → RBQ | Klootschießen | Row 139
✅ Saved → RBQ | Klootschießen | Row 140
✅ Saved → RBQ | Klootschießen | Row 141
✅ Saved → RBQ | Klootschießen | Row 142
✅ Saved → RBQ | Klootschießen | Row 143
✅ Saved → RBQ | Klootschießen | Row 144
✅ Saved → RBQ | Klootschießen | Row 145
✅ Saved → RBQ | Klootschießen | Row 146
✅ Saved → RBQ | Klootschießen | Row 147
✅ Saved → RBQ | Klootschießen | Row 149
✅ Saved → RBQ | Klootschießen | Row 150
✅ Saved → RBQ | Klootschießen | Row 151
✅ Saved → RBQ | Klootschießen | Row 152
✅ Saved → RBQ | Klootschießen | Row 153
✅ Saved → RBQ | Klootschießen | Row 154
✅ Saved → RBQ | Klootschießen | Row 155
✅ Saved → RBQ | Klootschießen | Row 156
✅ Saved → RBQ | Klootschießen | Row 158
✅ Saved → RBQ | Klootschießen | Row 159
✅ Saved → RBQ | Klootschießen | Row 160
✅ Saved → RBQ | Klootschießen | Row 161
✅ Saved → RBQ | Klootschießen | Row 162
✅ Saved → RBQ | Klootschießen | Row 163
✅ Saved → RBQ | Klootschießen | Row 164
✅ Saved → RBQ | Klootschießen | Row 165
✅ Saved → RBQ | Klootschießen | Row 167
✅ Saved → RBQ | Klootschießen | Row 168
✅ Saved → RBQ | Klootschießen | Row 170
✅ Saved → RBQ | Klootschießen | Row 171
✅ Saved → RBQ | Klootschießen | Row 172
✅ Saved → RBQ | Klootschießen | Row 173
✅ Saved → RBQ | Klootschießen | Row 174
✅ Saved → RBQ | Klootschießen | Row 175
✅ Saved → RBQ | Radball (Cycle Ball) | Row 0
✅ Saved → RBQ | Radball (Cycle Ball) | Row 1
✅ Saved → RBQ | Radball (Cycle Ball) | Row 2
✅ Saved → RBQ | Radball (Cycle Ball) | Row 3
✅ Saved → RBQ | Radball (Cycle Ball) | Row 4
✅ Saved → RBQ | Radball (Cycle Ball) | Row 5
✅ Saved → RBQ | Radball (Cycle Ball) | Row 6
✅ Saved → RBQ | Radball (Cycle Ball) | Row 7
✅ Saved → RBQ | Radball (Cycle Ball) | Row 8
✅ Saved → RBQ | Radball (Cycle Ball) | Row 9
✅ Saved → RBQ | Radball (Cycle Ball) | Row 10
✅ Saved → RBQ | Radball (Cycle Ball) | Row 11
✅ Saved → RBQ | Radball (Cycle Ball) | Row 12
✅ Saved → RBQ | Radball (Cycle Ball) | Row 13
✅ Saved → RBQ | Radball (Cycle Ball) | Row 14
✅ Saved → RBQ | Radball (Cycle Ball) | Row 15
✅ Saved → RBQ | Radball (Cycle Ball) | Row 16
✅ Saved → RBQ | Radball (Cycle Ball) | Row 17
✅ Saved → RBQ | Radball (Cycle Ball) | Row 18
✅ Saved → RBQ | Radball (Cycle Ball) | Row 19
✅ Saved → RBQ | Radball (Cycle Ball) | Row 20
✅ Saved → RBQ | Radball (Cycle Ball) | Row 21
✅ Saved → RBQ | Radball (Cycle Ball) | Row 22
✅ Saved → RBQ | Radball (Cycle Ball) | Row 23
✅ Saved → RBQ | Radball (Cycle Ball) | Row 24
✅ Saved → RBQ | Radball (Cycle Ball) | Row 25
✅ Saved → RBQ | Radball (Cycle Ball) | Row 26
✅ Saved → RBQ | Radball (Cycle Ball) | Row 27
✅ Saved → RBQ | Radball (Cycle Ball) | Row 28
✅ Saved → RBQ | Radball (Cycle Ball) | Row 29
✅ Saved → RBQ | Radball (Cycle Ball) | Row 30
✅ Saved → RBQ | Radball (Cycle Ball) | Row 31
✅ Saved → RBQ | Radball (Cycle Ball) | Row 32
✅ Saved → RBQ | Radball (Cycle Ball) | Row 33
✅ Saved → RBQ | Radball (Cycle Ball) | Row 34
✅ Saved → RBQ | Radball (Cycle Ball) | Row 35
✅ Saved → RBQ | Radball (Cycle Ball) | Row 36
✅ Saved → RBQ | Radball (Cycle Ball) | Row 37
✅ Saved → RBQ | Radball (Cycle Ball) | Row 38
✅ Saved → RBQ | Radball (Cycle Ball) | Row 39
✅ Saved → RBQ | Radball (Cycle Ball) | Row 40
✅ Saved → RBQ | Radball (Cycle Ball) | Row 41
✅ Saved → RBQ | Radball (Cycle Ball) | Row 42
✅ Saved → RBQ | Radball (Cycle Ball) | Row 43
✅ Saved → RBQ | Radball (Cycle Ball) | Row 44
✅ Saved → RBQ | Radball (Cycle Ball) | Row 45
✅ Saved → RBQ | Radball (Cycle Ball) | Row 46
✅ Saved → RBQ | Radball (Cycle Ball) | Row 47
✅ Saved → RBQ | Radball (Cycle Ball) | Row 48
✅ Saved → RBQ | Radball (Cycle Ball) | Row 49
✅ Saved → RBQ | Radball (Cycle Ball) | Row 50
✅ Saved → RBQ | Radball (Cycle Ball) | Row 51
✅ Saved → RBQ | Radball (Cycle Ball) | Row 52
✅ Saved → RBQ | Radball (Cycle Ball) | Row 53
✅ Saved → RBQ | Radball (Cycle Ball) | Row 54
✅ Saved → RBQ | Radball (Cycle Ball) | Row 55
✅ Saved → RBQ | Radball (Cycle Ball) | Row 56
✅ Saved → RBQ | Radball (Cycle Ball) | Row 57
✅ Saved → RBQ | Radball (Cycle Ball) | Row 58
✅ Saved → RBQ | Radball (Cycle Ball) | Row 59
✅ Saved → RBQ | Radball (Cycle Ball) | Row 60
✅ Saved → RBQ | Radball (Cycle Ball) | Row 61
✅ Saved → RBQ | Radball (Cycle Ball) | Row 62
✅ Saved → RBQ | Radball (Cycle Ball) | Row 63
✅ Saved → RBQ | Radball (Cycle Ball) | Row 64
✅ Saved → RBQ | Radball (Cycle Ball) | Row 65
✅ Saved → RBQ | Radball (Cycle Ball) | Row 66
✅ Saved → RBQ | Radball (Cycle Ball) | Row 67
✅ Saved → RBQ | Radball (Cycle Ball) | Row 68
✅ Saved → RBQ | Radball (Cycle Ball) | Row 69
✅ Saved → RBQ | Radball (Cycle Ball) | Row 70
✅ Saved → RBQ | Radball (Cycle Ball) | Row 71
✅ Saved → RBQ | Radball (Cycle Ball) | Row 72
✅ Saved → RBQ | Radball (Cycle Ball) | Row 74
✅ Saved → RBQ | Radball (Cycle Ball) | Row 75
✅ Saved → RBQ | Radball (Cycle Ball) | Row 76
✅ Saved → RBQ | Radball (Cycle Ball) | Row 77
✅ Saved → RBQ | Radball (Cycle Ball) | Row 78
✅ Saved → RBQ | Radball (Cycle Ball) | Row 79
✅ Saved → RBQ | Radball (Cycle Ball) | Row 80
✅ Saved → RBQ | Radball (Cycle Ball) | Row 81
✅ Saved → RBQ | Radball (Cycle Ball) | Row 82
✅ Saved → RBQ | Radball (Cycle Ball) | Row 83
✅ Saved → RBQ | Radball (Cycle Ball) | Row 84
✅ Saved → RBQ | Radball (Cycle Ball) | Row 85
✅ Saved → RBQ | Radball (Cycle Ball) | Row 86
✅ Saved → RBQ | Radball (Cycle Ball) | Row 87
✅ Saved → RBQ | Radball (Cycle Ball) | Row 88
✅ Saved → RBQ | Radball (Cycle Ball) | Row 89
✅ Saved → RBQ | Radball (Cycle Ball) | Row 90
✅ Saved → RBQ | Radball (Cycle Ball) | Row 91
✅ Saved → RBQ | Radball (Cycle Ball) | Row 92
✅ Saved → RBQ | Radball (Cycle Ball) | Row 93
✅ Saved → RBQ | Radball (Cycle Ball) | Row 94
✅ Saved → RBQ | Radball (Cycle Ball) | Row 95
✅ Saved → RBQ | Radball (Cycle Ball) | Row 96
✅ Saved → RBQ | Radball (Cycle Ball) | Row 97
✅ Saved → RBQ | Radball (Cycle Ball) | Row 98
✅ Saved → RBQ | Radball (Cycle Ball) | Row 99
✅ Saved → RBQ | Radball (Cycle Ball) | Row 100
✅ Saved → RBQ | Radball (Cycle Ball) | Row 101
✅ Saved → RBQ | Radball (Cycle Ball) | Row 102
✅ Saved → RBQ | Radball (Cycle Ball) | Row 103
✅ Saved → RBQ | Radball (Cycle Ball) | Row 104
✅ Saved → RBQ | Radball (Cycle Ball) | Row 105
✅ Saved → RBQ | Radball (Cycle Ball) | Row 107
✅ Saved → RBQ | Radball (Cycle Ball) | Row 108
✅ Saved → RBQ | Radball (Cycle Ball) | Row 109
✅ Saved → RBQ | Radball (Cycle Ball) | Row 110
✅ Saved → RBQ | Radball (Cycle Ball) | Row 111
✅ Saved → RBQ | Radball (Cycle Ball) | Row 112
✅ Saved → RBQ | Radball (Cycle Ball) | Row 113
✅ Saved → RBQ | Radball (Cycle Ball) | Row 114
✅ Saved → RBQ | Radball (Cycle Ball) | Row 115
✅ Saved → RBQ | Radball (Cycle Ball) | Row 116
✅ Saved → RBQ | Radball (Cycle Ball) | Row 117
✅ Saved → RBQ | Radball (Cycle Ball) | Row 118
✅ Saved → RBQ | Radball (Cycle Ball) | Row 119
✅ Saved → RBQ | Radball (Cycle Ball) | Row 120
✅ Saved → RBQ | Radball (Cycle Ball) | Row 121
✅ Saved → RBQ | Radball (Cycle Ball) | Row 122
✅ Saved → RBQ | Radball (Cycle Ball) | Row 123
✅ Saved → RBQ | Radball (Cycle Ball) | Row 124
✅ Saved → RBQ | Radball (Cycle Ball) | Row 125
✅ Saved → RBQ | Radball (Cycle Ball) | Row 126
✅ Saved → RBQ | Radball (Cycle Ball) | Row 127
✅ Saved → RBQ | Radball (Cycle Ball) | Row 128
✅ Saved → RBQ | Radball (Cycle Ball) | Row 129
✅ Saved → RBQ | Radball (Cycle Ball) | Row 130
✅ Saved → RBQ | Radball (Cycle Ball) | Row 131
✅ Saved → RBQ | Radball (Cycle Ball) | Row 132
✅ Saved → RBQ | Radball (Cycle Ball) | Row 133
✅ Saved → RBQ | Radball (Cycle Ball) | Row 135
✅ Saved → RBQ | Radball (Cycle Ball) | Row 137
✅ Saved → RBQ | Radball (Cycle Ball) | Row 138
✅ Saved → RBQ | Radball (Cycle Ball) | Row 139
✅ Saved → RBQ | Radball (Cycle Ball) | Row 140
✅ Saved → RBQ | Radball (Cycle Ball) | Row 141
✅ Saved → RBQ | Radball (Cycle Ball) | Row 142
✅ Saved → RBQ | Radball (Cycle Ball) | Row 143
✅ Saved → RBQ | Radball (Cycle Ball) | Row 144
✅ Saved → RBQ | Radball (Cycle Ball) | Row 145
✅ Saved → RBQ | Radball (Cycle Ball) | Row 146
✅ Saved → RBQ | Radball (Cycle Ball) | Row 147
✅ Saved → RBQ | Radball (Cycle Ball) | Row 148
✅ Saved → RBQ | Radball (Cycle Ball) | Row 149
✅ Saved → RBQ | Radball (Cycle Ball) | Row 150
✅ Saved → RBQ | Radball (Cycle Ball) | Row 151
✅ Saved → RBQ | Radball (Cycle Ball) | Row 152
✅ Saved → RBQ | Radball (Cycle Ball) | Row 153
✅ Saved → RBQ | Radball (Cycle Ball) | Row 154
✅ Saved → RBQ | Radball (Cycle Ball) | Row 155
✅ Saved → RBQ | Radball (Cycle Ball) | Row 156
✅ Saved → RBQ | Radball (Cycle Ball) | Row 157
✅ Saved → RBQ | Radball (Cycle Ball) | Row 158
✅ Saved → RBQ | Radball (Cycle Ball) | Row 159
✅ Saved → RBQ | Radball (Cycle Ball) | Row 160
✅ Saved → RBQ | Radball (Cycle Ball) | Row 161
✅ Saved → RBQ | Radball (Cycle Ball) | Row 162
✅ Saved → RBQ | Quoits (Ringspiel) | Row 0
✅ Saved → RBQ | Quoits (Ringspiel) | Row 1
✅ Saved → RBQ | Quoits (Ringspiel) | Row 2
✅ Saved → RBQ | Quoits (Ringspiel) | Row 3
✅ Saved → RBQ | Quoits (Ringspiel) | Row 4
✅ Saved → RBQ | Quoits (Ringspiel) | Row 5
✅ Saved → RBQ | Quoits (Ringspiel) | Row 6
✅ Saved → RBQ | Quoits (Ringspiel) | Row 7
✅ Saved → RBQ | Quoits (Ringspiel) | Row 8
✅ Saved → RBQ | Quoits (Ringspiel) | Row 9
✅ Saved → RBQ | Quoits (Ringspiel) | Row 10
✅ Saved → RBQ | Quoits (Ringspiel) | Row 11
✅ Saved → RBQ | Quoits (Ringspiel) | Row 12
✅ Saved → RBQ | Quoits (Ringspiel) | Row 13
✅ Saved → RBQ | Quoits (Ringspiel) | Row 14
✅ Saved → RBQ | Quoits (Ringspiel) | Row 15
✅ Saved → RBQ | Quoits (Ringspiel) | Row 16
✅ Saved → RBQ | Quoits (Ringspiel) | Row 17
✅ Saved → RBQ | Quoits (Ringspiel) | Row 18
✅ Saved → RBQ | Quoits (Ringspiel) | Row 19
✅ Saved → RBQ | Quoits (Ringspiel) | Row 20
✅ Saved → RBQ | Quoits (Ringspiel) | Row 21
✅ Saved → RBQ | Quoits (Ringspiel) | Row 22
✅ Saved → RBQ | Quoits (Ringspiel) | Row 23
✅ Saved → RBQ | Quoits (Ringspiel) | Row 24
✅ Saved → RBQ | Quoits (Ringspiel) | Row 25
✅ Saved → RBQ | Quoits (Ringspiel) | Row 26
✅ Saved → RBQ | Quoits (Ringspiel) | Row 27
✅ Saved → RBQ | Quoits (Ringspiel) | Row 28
✅ Saved → RBQ | Quoits (Ringspiel) | Row 29
✅ Saved → RBQ | Quoits (Ringspiel) | Row 30
✅ Saved → RBQ | Quoits (Ringspiel) | Row 31
✅ Saved → RBQ | Quoits (Ringspiel) | Row 32
✅ Saved → RBQ | Quoits (Ringspiel) | Row 33
✅ Saved → RBQ | Quoits (Ringspiel) | Row 34
✅ Saved → RBQ | Quoits (Ringspiel) | Row 35
✅ Saved → RBQ | Quoits (Ringspiel) | Row 36
✅ Saved → RBQ | Quoits (Ringspiel) | Row 37
✅ Saved → RBQ | Quoits (Ringspiel) | Row 38
✅ Saved → RBQ | Quoits (Ringspiel) | Row 39
✅ Saved → RBQ | Quoits (Ringspiel) | Row 40
✅ Saved → RBQ | Quoits (Ringspiel) | Row 42
✅ Saved → RBQ | Quoits (Ringspiel) | Row 43
✅ Saved → RBQ | Quoits (Ringspiel) | Row 45
✅ Saved → RBQ | Quoits (Ringspiel) | Row 46
✅ Saved → RBQ | Quoits (Ringspiel) | Row 47
✅ Saved → RBQ | Quoits (Ringspiel) | Row 48
✅ Saved → RBQ | Quoits (Ringspiel) | Row 49
✅ Saved → RBQ | Quoits (Ringspiel) | Row 50
✅ Saved → RBQ | Quoits (Ringspiel) | Row 51
✅ Saved → RBQ | Quoits (Ringspiel) | Row 52
✅ Saved → RBQ | Quoits (Ringspiel) | Row 53
✅ Saved → RBQ | Quoits (Ringspiel) | Row 54
✅ Saved → RBQ | Quoits (Ringspiel) | Row 55
✅ Saved → RBQ | Quoits (Ringspiel) | Row 56
✅ Saved → RBQ | Quoits (Ringspiel) | Row 57
✅ Saved → RBQ | Quoits (Ringspiel) | Row 58
✅ Saved → RBQ | Quoits (Ringspiel) | Row 59
✅ Saved → RBQ | Quoits (Ringspiel) | Row 60
✅ Saved → RBQ | Quoits (Ringspiel) | Row 61
✅ Saved → RBQ | Quoits (Ringspiel) | Row 62
✅ Saved → RBQ | Quoits (Ringspiel) | Row 63
✅ Saved → RBQ | Quoits (Ringspiel) | Row 64
✅ Saved → RBQ | Quoits (Ringspiel) | Row 65
✅ Saved → RBQ | Quoits (Ringspiel) | Row 66
✅ Saved → RBQ | Quoits (Ringspiel) | Row 67
✅ Saved → RBQ | Quoits (Ringspiel) | Row 68
✅ Saved → RBQ | Quoits (Ringspiel) | Row 69
✅ Saved → RBQ | Quoits (Ringspiel) | Row 70
✅ Saved → RBQ | Quoits (Ringspiel) | Row 71
✅ Saved → RBQ | Quoits (Ringspiel) | Row 73
✅ Saved → RBQ | Quoits (Ringspiel) | Row 74
✅ Saved → RBQ | Quoits (Ringspiel) | Row 75
✅ Saved → RBQ | Quoits (Ringspiel) | Row 76
✅ Saved → RBQ | Quoits (Ringspiel) | Row 77
✅ Saved → RBQ | Quoits (Ringspiel) | Row 78
✅ Saved → RBQ | Quoits (Ringspiel) | Row 79
✅ Saved → RBQ | Quoits (Ringspiel) | Row 80
✅ Saved → RBQ | Quoits (Ringspiel) | Row 81
✅ Saved → RBQ | Quoits (Ringspiel) | Row 82
✅ Saved → RBQ | Quoits (Ringspiel) | Row 83
✅ Saved → RBQ | Quoits (Ringspiel) | Row 84
✅ Saved → RBQ | Quoits (Ringspiel) | Row 85
✅ Saved → RBQ | Quoits (Ringspiel) | Row 86
✅ Saved → RBQ | Quoits (Ringspiel) | Row 87
✅ Saved → RBQ | Quoits (Ringspiel) | Row 88
✅ Saved → RBQ | Quoits (Ringspiel) | Row 89
✅ Saved → RBQ | Quoits (Ringspiel) | Row 90
✅ Saved → RBQ | Quoits (Ringspiel) | Row 91
✅ Saved → RBQ | Quoits (Ringspiel) | Row 92
✅ Saved → RBQ | Quoits (Ringspiel) | Row 93
✅ Saved → RBQ | Quoits (Ringspiel) | Row 94
✅ Saved → RBQ | Quoits (Ringspiel) | Row 95
✅ Saved → RBQ | Quoits (Ringspiel) | Row 96
✅ Saved → RBQ | Quoits (Ringspiel) | Row 97
✅ Saved → RBQ | Quoits (Ringspiel) | Row 98
✅ Saved → RBQ | Quoits (Ringspiel) | Row 99
✅ Saved → RBQ | Quoits (Ringspiel) | Row 100
✅ Saved → RBQ | Quoits (Ringspiel) | Row 101
✅ Saved → RBQ | Quoits (Ringspiel) | Row 102
✅ Saved → RBQ | Quoits (Ringspiel) | Row 103
✅ Saved → RBQ | Quoits (Ringspiel) | Row 104
✅ Saved → RBQ | Quoits (Ringspiel) | Row 105
✅ Saved → RBQ | Quoits (Ringspiel) | Row 106
✅ Saved → RBQ | Quoits (Ringspiel) | Row 107
✅ Saved → RBQ | Quoits (Ringspiel) | Row 108
✅ Saved → RBQ | Quoits (Ringspiel) | Row 109
✅ Saved → RBQ | Quoits (Ringspiel) | Row 110
✅ Saved → RBQ | Quoits (Ringspiel) | Row 111
✅ Saved → RBQ | Quoits (Ringspiel) | Row 112
✅ Saved → RBQ | Quoits (Ringspiel) | Row 113
✅ Saved → RBQ | Quoits (Ringspiel) | Row 114
✅ Saved → RBQ | Quoits (Ringspiel) | Row 115
✅ Saved → RBQ | Quoits (Ringspiel) | Row 116
✅ Saved → RBQ | Quoits (Ringspiel) | Row 117
✅ Saved → RBQ | Quoits (Ringspiel) | Row 118
✅ Saved → RBQ | Quoits (Ringspiel) | Row 119
✅ Saved → RBQ | Quoits (Ringspiel) | Row 120
✅ Saved → RBQ | Quoits (Ringspiel) | Row 121
✅ Saved → RBQ | Quoits (Ringspiel) | Row 122
✅ Saved → RBQ | Quoits (Ringspiel) | Row 123
✅ Saved → RBQ | Quoits (Ringspiel) | Row 124
✅ Saved → RBQ | Quoits (Ringspiel) | Row 126
✅ Saved → RBQ | Quoits (Ringspiel) | Row 127
✅ Saved → RBQ | Quoits (Ringspiel) | Row 128
✅ Saved → RBQ | Quoits (Ringspiel) | Row 129
✅ Saved → RBQ | Quoits (Ringspiel) | Row 130
✅ Saved → RBQ | Quoits (Ringspiel) | Row 131
✅ Saved → RBQ | Quoits (Ringspiel) | Row 132
✅ Saved → RBQ | Quoits (Ringspiel) | Row 133
✅ Saved → RBQ | Quoits (Ringspiel) | Row 135
✅ Saved → RBQ | Quoits (Ringspiel) | Row 136
✅ Saved → RBQ | Quoits (Ringspiel) | Row 137
✅ Saved → RBQ | Quoits (Ringspiel) | Row 138
✅ Saved → RBQ | Quoits (Ringspiel) | Row 139
✅ Saved → RBQ | Quoits (Ringspiel) | Row 140
✅ Saved → RBQ | Quoits (Ringspiel) | Row 141
✅ Saved → RBQ | Quoits (Ringspiel) | Row 142
✅ Saved → RBQ | Quoits (Ringspiel) | Row 143
✅ Saved → RBQ | Quoits (Ringspiel) | Row 144
✅ Saved → RBQ | Quoits (Ringspiel) | Row 145
✅ Saved → RBQ | Quoits (Ringspiel) | Row 146
✅ Saved → RBQ | Quoits (Ringspiel) | Row 147
✅ Saved → RBQ | Quoits (Ringspiel) | Row 148
✅ Saved → RBQ | Quoits (Ringspiel) | Row 149
✅ Saved → RBQ | Quoits (Ringspiel) | Row 150
✅ Saved → RBQ | Quoits (Ringspiel) | Row 151
✅ Saved → RBQ | Quoits (Ringspiel) | Row 152
✅ Saved → RBQ | Quoits (Ringspiel) | Row 153
✅ Saved → RBQ | Quoits (Ringspiel) | Row 154
✅ Saved → RBQ | Quoits (Ringspiel) | Row 155
✅ Saved → RBQ | Quoits (Ringspiel) | Row 156
✅ Saved → RBQ | Quoits (Ringspiel) | Row 157
✅ Saved → RBQ | Quoits (Ringspiel) | Row 158
✅ Saved → RBQ | Quoits (Ringspiel) | Row 159
✅ Saved → RBQ | Quoits (Ringspiel) | Row 160
✅ Saved → RBQ | Quoits (Ringspiel) | Row 161
✅ Saved → RBQ | Quoits (Ringspiel) | Row 162
✅ Saved → RBQ | Quoits (Ringspiel) | Row 163
✅ Saved → RBQ | Quoits (Ringspiel) | Row 164
✅ Saved → RBQ | Quoits (Ringspiel) | Row 165
✅ Saved → RBQ | Quoits (Ringspiel) | Row 166
✅ Saved → RBQ | Quoits (Ringspiel) | Row 167
✅ Saved → RBQ | Quoits (Ringspiel) | Row 168
✅ Saved → RBQ | Quoits (Ringspiel) | Row 169
✅ Saved → RBQ | Eisstockschießen (Ice Stock Spo | Row 0
✅ Saved → RBQ | Eisstockschießen (Ice Stock Spo | Row 1
✅ Saved → RBQ | Eisstockschießen (Ice Stock Spo | Row 2
✅ Saved → RBQ | Eisstockschießen (Ice Stock Spo | Row 3
✅ Saved → RBQ | Eisstockschießen (Ice Stock Spo | Row 4
✅ Saved → RBQ | Eisstockschießen (Ice Stock Spo | Row 5
✅ Saved → RBQ | Eisstockschießen (Ice Stock Spo | Row 6
✅ Saved → RBQ | Eisstockschießen (Ice Stock Spo | Row 7
✅ Saved → RBQ | Eisstockschießen (Ice Stock Spo | Row 8
✅ Saved → RBQ | Eisstockschießen (Ice Stock Spo | Row 9
✅ Saved → RBQ | Eisstockschießen (Ice Stock Spo | Row 10
✅ Saved → RBQ | Eisstockschießen (Ice Stock Spo | Row 11
✅ Saved → RBQ | Eisstockschießen (Ice Stock Spo | Row 12
✅ Saved → RBQ | Eisstockschießen (Ice Stock Spo | Row 13
✅ Saved → RBQ | Eisstockschießen (Ice Stock Spo | Row 14
✅ Saved → RBQ | Eisstockschießen (Ice Stock Spo | Row 15
✅ Saved → RBQ | Eisstockschießen (Ice Stock Spo | Row 16
✅ Saved → RBQ | Eisstockschießen (Ice Stock Spo | Row 17
✅ Saved → RBQ | Eisstockschießen (Ice Stock Spo | Row 18
✅ Saved → RBQ | Eisstockschießen (Ice Stock Spo | Row 19
✅ Saved → RBQ | Eisstockschießen (Ice Stock Spo | Row 20
✅ Saved → RBQ | Eisstockschießen (Ice Stock Spo | Row 21
✅ Saved → RBQ | Eisstockschießen (Ice Stock Spo | Row 22
✅ Saved → RBQ | Eisstockschießen (Ice Stock Spo | Row 23
✅ Saved → RBQ | Eisstockschießen (Ice Stock Spo | Row 24
✅ Saved → RBQ | Eisstockschießen (Ice Stock Spo | Row 25
✅ Saved → RBQ | Eisstockschießen (Ice Stock Spo | Row 26
✅ Saved → RBQ | Eisstockschießen (Ice Stock Spo | Row 27
✅ Saved → RBQ | Eisstockschießen (Ice Stock Spo | Row 28
✅ Saved → RBQ | Eisstockschießen (Ice Stock Spo | Row 29
✅ Saved → RBQ | Eisstockschießen (Ice Stock Spo | Row 30
✅ Saved → RBQ | Eisstockschießen (Ice Stock Spo | Row 31
✅ Saved → RBQ | Eisstockschießen (Ice Stock Spo | Row 32
✅ Saved → RBQ | Eisstockschießen (Ice Stock Spo | Row 33
✅ Saved → RBQ | Eisstockschießen (Ice Stock Spo | Row 34
✅ Saved → RBQ | Eisstockschießen (Ice Stock Spo | Row 35
✅ Saved → RBQ | Eisstockschießen (Ice Stock Spo | Row 36
✅ Saved → RBQ | Eisstockschießen (Ice Stock Spo | Row 37
✅ Saved → RBQ | Eisstockschießen (Ice Stock Spo | Row 38
✅ Saved → RBQ | Eisstockschießen (Ice Stock Spo | Row 39
✅ Saved → RBQ | Eisstockschießen (Ice Stock Spo | Row 40
✅ Saved → RBQ | Eisstockschießen (Ice Stock Spo | Row 41
✅ Saved → RBQ | Eisstockschießen (Ice Stock Spo | Row 42
✅ Saved → RBQ | Eisstockschießen (Ice Stock Spo | Row 43
✅ Saved → RBQ | Eisstockschießen (Ice Stock Spo | Row 44
✅ Saved → RBQ | Eisstockschießen (Ice Stock Spo | Row 45
✅ Saved → RBQ | Eisstockschießen (Ice Stock Spo | Row 46
✅ Saved → RBQ | Eisstockschießen (Ice Stock Spo | Row 47
✅ Saved → RBQ | Eisstockschießen (Ice Stock Spo | Row 48
✅ Saved → RBQ | Eisstockschießen (Ice Stock Spo | Row 49
✅ Saved → RBQ | Eisstockschießen (Ice Stock Spo | Row 50
✅ Saved → RBQ | Eisstockschießen (Ice Stock Spo | Row 51
✅ Saved → RBQ | Eisstockschießen (Ice Stock Spo | Row 52
✅ Saved → RBQ | Eisstockschießen (Ice Stock Spo | Row 53
✅ Saved → RBQ | Eisstockschießen (Ice Stock Spo | Row 54
✅ Saved → RBQ | Eisstockschießen (Ice Stock Spo | Row 55
✅ Saved → RBQ | Eisstockschießen (Ice Stock Spo | Row 56
✅ Saved → RBQ | Eisstockschießen (Ice Stock Spo | Row 57
✅ Saved → RBQ | Eisstockschießen (Ice Stock Spo | Row 58
✅ Saved → RBQ | Eisstockschießen (Ice Stock Spo | Row 59
✅ Saved → RBQ | Eisstockschießen (Ice Stock Spo | Row 60
✅ Saved → RBQ | Eisstockschießen (Ice Stock Spo | Row 61
✅ Saved → RBQ | Eisstockschießen (Ice Stock Spo | Row 62
✅ Saved → RBQ | Eisstockschießen (Ice Stock Spo | Row 63
✅ Saved → RBQ | Eisstockschießen (Ice Stock Spo | Row 64
✅ Saved → RBQ | Eisstockschießen (Ice Stock Spo | Row 65
✅ Saved → RBQ | Eisstockschießen (Ice Stock Spo | Row 66
✅ Saved → RBQ | Eisstockschießen (Ice Stock Spo | Row 67
✅ Saved → RBQ | Eisstockschießen (Ice Stock Spo | Row 68
✅ Saved → RBQ | Eisstockschießen (Ice Stock Spo | Row 69
✅ Saved → RBQ | Eisstockschießen (Ice Stock Spo | Row 70
✅ Saved → RBQ | Eisstockschießen (Ice Stock Spo | Row 71
✅ Saved → RBQ | Eisstockschießen (Ice Stock Spo | Row 72
✅ Saved → RBQ | Eisstockschießen (Ice Stock Spo | Row 73
✅ Saved → RBQ | Eisstockschießen (Ice Stock Spo | Row 74
✅ Saved → RBQ | Eisstockschießen (Ice Stock Spo | Row 75
✅ Saved → RBQ | Eisstockschießen (Ice Stock Spo | Row 76
✅ Saved → RBQ | Eisstockschießen (Ice Stock Spo | Row 77
✅ Saved → RBQ | Eisstockschießen (Ice Stock Spo | Row 78
✅ Saved → RBQ | Eisstockschießen (Ice Stock Spo | Row 79
✅ Saved → RBQ | Eisstockschießen (Ice Stock Spo | Row 80
✅ Saved → RBQ | Eisstockschießen (Ice Stock Spo | Row 81
✅ Saved → RBQ | Eisstockschießen (Ice Stock Spo | Row 82
✅ Saved → RBQ | Eisstockschießen (Ice Stock Spo | Row 83
✅ Saved → RBQ | Eisstockschießen (Ice Stock Spo | Row 84
✅ Saved → RBQ | Eisstockschießen (Ice Stock Spo | Row 85
✅ Saved → RBQ | Eisstockschießen (Ice Stock Spo | Row 86
✅ Saved → RBQ | Eisstockschießen (Ice Stock Spo | Row 87
✅ Saved → RBQ | Eisstockschießen (Ice Stock Spo | Row 88
✅ Saved → RBQ | Eisstockschießen (Ice Stock Spo | Row 89
✅ Saved → RBQ | Eisstockschießen (Ice Stock Spo | Row 90
✅ Saved → RBQ | Eisstockschießen (Ice Stock Spo | Row 91
✅ Saved → RBQ | Eisstockschießen (Ice Stock Spo | Row 92
✅ Saved → RBQ | Eisstockschießen (Ice Stock Spo | Row 93
✅ Saved → RBQ | Eisstockschießen (Ice Stock Spo | Row 94
✅ Saved → RBQ | Eisstockschießen (Ice Stock Spo | Row 95
✅ Saved → RBQ | Eisstockschießen (Ice Stock Spo | Row 96
✅ Saved → RBQ | Eisstockschießen (Ice Stock Spo | Row 97
✅ Saved → RBQ | Eisstockschießen (Ice Stock Spo | Row 98
✅ Saved → RBQ | Eisstockschießen (Ice Stock Spo | Row 100
✅ Saved → RBQ | Eisstockschießen (Ice Stock Spo | Row 101
✅ Saved → RBQ | Eisstockschießen (Ice Stock Spo | Row 102
✅ Saved → RBQ | Eisstockschießen (Ice Stock Spo | Row 103
✅ Saved → RBQ | Eisstockschießen (Ice Stock Spo | Row 104
✅ Saved → RBQ | Eisstockschießen (Ice Stock Spo | Row 106
✅ Saved → RBQ | Eisstockschießen (Ice Stock Spo | Row 107
✅ Saved → RBQ | Eisstockschießen (Ice Stock Spo | Row 108
✅ Saved → RBQ | Eisstockschießen (Ice Stock Spo | Row 109

✅ COMPLETE!
📄 Live-updating CSV: /DATA/rohan_kirti/country/germany/RBQ/Results_RBQ.csv
Ended at: 10:04:10
Total Duration: 0:45:59.843361
✅ Successfully created '/DATA/rohan_kirti/country/germany/RBQ/Results_RBQ.xlsx'
