Started at: 09:48:35
['/DATA/rohan_kirti/country/sudan/RBQ/Sudan_RBQ.xlsx']

📌 Processing: /DATA/rohan_kirti/country/sudan/RBQ/Sudan_RBQ.xlsx
✅ Saved → RBQ | Camel_Racing | Row 0
✅ Saved → RBQ | Camel_Racing | Row 1
✅ Saved → RBQ | Camel_Racing | Row 2
✅ Saved → RBQ | Camel_Racing | Row 3
✅ Saved → RBQ | Camel_Racing | Row 4
✅ Saved → RBQ | Camel_Racing | Row 5
✅ Saved → RBQ | Camel_Racing | Row 6
✅ Saved → RBQ | Camel_Racing | Row 7
✅ Saved → RBQ | Camel_Racing | Row 8
✅ Saved → RBQ | Camel_Racing | Row 9
✅ Saved → RBQ | Camel_Racing | Row 10
✅ Saved → RBQ | Camel_Racing | Row 11
✅ Saved → RBQ | Camel_Racing | Row 12
✅ Saved → RBQ | Camel_Racing | Row 13
✅ Saved → RBQ | Camel_Racing | Row 14
✅ Saved → RBQ | Camel_Racing | Row 15
✅ Saved → RBQ | Camel_Racing | Row 16
✅ Saved → RBQ | Camel_Racing | Row 17
✅ Saved → RBQ | Camel_Racing | Row 18
✅ Saved → RBQ | Camel_Racing | Row 19
✅ Saved → RBQ | Camel_Racing | Row 20
✅ Saved → RBQ | Camel_Racing | Row 21
✅ Saved → RBQ | Camel_Racing | Row 22
✅ Saved → RBQ | Camel_Racing | Row 23
✅ Saved → RBQ | Camel_Racing | Row 24
✅ Saved → RBQ | Camel_Racing | Row 25
✅ Saved → RBQ | Camel_Racing | Row 26
✅ Saved → RBQ | Camel_Racing | Row 27
✅ Saved → RBQ | Camel_Racing | Row 28
✅ Saved → RBQ | Camel_Racing | Row 29
✅ Saved → RBQ | Camel_Racing | Row 30
✅ Saved → RBQ | Camel_Racing | Row 31
✅ Saved → RBQ | Camel_Racing | Row 32
✅ Saved → RBQ | Camel_Racing | Row 33
✅ Saved → RBQ | Camel_Racing | Row 34
✅ Saved → RBQ | Camel_Racing | Row 35
✅ Saved → RBQ | Camel_Racing | Row 36
✅ Saved → RBQ | Camel_Racing | Row 37
✅ Saved → RBQ | Camel_Racing | Row 38
✅ Saved → RBQ | Camel_Racing | Row 39
✅ Saved → RBQ | Camel_Racing | Row 40
✅ Saved → RBQ | Camel_Racing | Row 41
✅ Saved → RBQ | Camel_Racing | Row 42
✅ Saved → RBQ | Camel_Racing | Row 43
✅ Saved → RBQ | Camel_Racing | Row 44
✅ Saved → RBQ | Camel_Racing | Row 45
✅ Saved → RBQ | Camel_Racing | Row 46
✅ Saved → RBQ | Camel_Racing | Row 47
✅ Saved → RBQ | Camel_Racing | Row 48
✅ Saved → RBQ | Camel_Racing | Row 49
✅ Saved → RBQ | Camel_Racing | Row 50
✅ Saved → RBQ | Camel_Racing | Row 51
✅ Saved → RBQ | Camel_Racing | Row 52
✅ Saved → RBQ | Camel_Racing | Row 53
✅ Saved → RBQ | Camel_Racing | Row 54
✅ Saved → RBQ | Camel_Racing | Row 55
✅ Saved → RBQ | Camel_Racing | Row 56
✅ Saved → RBQ | Camel_Racing | Row 57
✅ Saved → RBQ | Camel_Racing | Row 58
✅ Saved → RBQ | Camel_Racing | Row 59
✅ Saved → RBQ | Camel_Racing | Row 60
✅ Saved → RBQ | Camel_Racing | Row 61
✅ Saved → RBQ | Camel_Racing | Row 62
✅ Saved → RBQ | Camel_Racing | Row 63
✅ Saved → RBQ | Camel_Racing | Row 64
✅ Saved → RBQ | Camel_Racing | Row 65
✅ Saved → RBQ | Camel_Racing | Row 66
✅ Saved → RBQ | Camel_Racing | Row 67
✅ Saved → RBQ | Camel_Racing | Row 68
✅ Saved → RBQ | Camel_Racing | Row 69
✅ Saved → RBQ | Camel_Racing | Row 70
✅ Saved → RBQ | Camel_Racing | Row 71
✅ Saved → RBQ | Camel_Racing | Row 72
✅ Saved → RBQ | Camel_Racing | Row 73
✅ Saved → RBQ | Camel_Racing | Row 74
✅ Saved → RBQ | Camel_Racing | Row 75
✅ Saved → RBQ | Camel_Racing | Row 76
✅ Saved → RBQ | Camel_Racing | Row 77
✅ Saved → RBQ | Camel_Racing | Row 78
✅ Saved → RBQ | Camel_Racing | Row 79
✅ Saved → RBQ | Camel_Racing | Row 80
✅ Saved → RBQ | Camel_Racing | Row 81
✅ Saved → RBQ | Camel_Racing | Row 82
✅ Saved → RBQ | Camel_Racing | Row 83
✅ Saved → RBQ | Camel_Racing | Row 84
✅ Saved → RBQ | Camel_Racing | Row 85
✅ Saved → RBQ | Camel_Racing | Row 86
✅ Saved → RBQ | Camel_Racing | Row 87
✅ Saved → RBQ | Camel_Racing | Row 88
✅ Saved → RBQ | Camel_Racing | Row 89
✅ Saved → RBQ | Camel_Racing | Row 90
✅ Saved → RBQ | Camel_Racing | Row 91
✅ Saved → RBQ | Camel_Racing | Row 92
✅ Saved → RBQ | Camel_Racing | Row 93
✅ Saved → RBQ | Camel_Racing | Row 94
✅ Saved → RBQ | Camel_Racing | Row 95
✅ Saved → RBQ | Camel_Racing | Row 96
✅ Saved → RBQ | Camel_Racing | Row 97
✅ Saved → RBQ | Camel_Racing | Row 98
✅ Saved → RBQ | Camel_Racing | Row 99
✅ Saved → RBQ | Camel_Racing | Row 100
✅ Saved → RBQ | Camel_Racing | Row 101
✅ Saved → RBQ | Camel_Racing | Row 102
✅ Saved → RBQ | Camel_Racing | Row 103
✅ Saved → RBQ | Camel_Racing | Row 104
✅ Saved → RBQ | Camel_Racing | Row 105
✅ Saved → RBQ | Camel_Racing | Row 106
✅ Saved → RBQ | Camel_Racing | Row 107
✅ Saved → RBQ | Camel_Racing | Row 108
✅ Saved → RBQ | Camel_Racing | Row 109
✅ Saved → RBQ | Camel_Racing | Row 110
✅ Saved → RBQ | Camel_Racing | Row 111
✅ Saved → RBQ | Camel_Racing | Row 112
✅ Saved → RBQ | Camel_Racing | Row 113
✅ Saved → RBQ | Camel_Racing | Row 114
✅ Saved → RBQ | Camel_Racing | Row 115
✅ Saved → RBQ | Camel_Racing | Row 116
✅ Saved → RBQ | Camel_Racing | Row 117
✅ Saved → RBQ | Camel_Racing | Row 118
✅ Saved → RBQ | Camel_Racing | Row 119
✅ Saved → RBQ | Camel_Racing | Row 120
✅ Saved → RBQ | Camel_Racing | Row 121
✅ Saved → RBQ | Camel_Racing | Row 122
✅ Saved → RBQ | Camel_Racing | Row 123
✅ Saved → RBQ | Camel_Racing | Row 124
Failed to decode JSON from model: {
  "score": 0,
  "mistake": "The question contains a factual error: 'الجمل' (camel) is not typically bred for racing in the context of the term 'هجين' (hybrid). The correct term for race-bred animals in Arabic sports context, especially for horses, is 'سباح' or 'خَيْل سباق', but 'هجين' is not the official term for race-bred camels. Moreover, 'هجين' means hybrid, which is not the standard terminology used in camel racing. The options are also culturally and linguistically inappropriate — 'ظبيان', 'مها', 'جميل' are not relevant terms for race-bred camels. The question misuses terminology and does not reflect standard Arabic sports lexicon.",
  "improved_question": "ما هو المصطلح الرسمي للجمل الذي تم تربيته خصيصًا للسباق؟",
  "improved_options": ["أ) سبّاح"; "ب) هجين"; "ج) مها"; "د) جميل"],
  "correct_answer": "أ) سبّاح"
}
✅ Saved → RBQ | Camel_Racing | Row 125
✅ Saved → RBQ | Camel_Racing | Row 126
✅ Saved → RBQ | Camel_Racing | Row 127
✅ Saved → RBQ | Camel_Racing | Row 128
✅ Saved → RBQ | Camel_Racing | Row 129
✅ Saved → RBQ | Camel_Racing | Row 130
✅ Saved → RBQ | Camel_Racing | Row 131
✅ Saved → RBQ | Camel_Racing | Row 132
✅ Saved → RBQ | Camel_Racing | Row 133
✅ Saved → RBQ | Camel_Racing | Row 134
✅ Saved → RBQ | Camel_Racing | Row 135
✅ Saved → RBQ | Camel_Racing | Row 136
✅ Saved → RBQ | Camel_Racing | Row 137
✅ Saved → RBQ | Camel_Racing | Row 138
✅ Saved → RBQ | Camel_Racing | Row 139
✅ Saved → RBQ | Camel_Racing | Row 140
✅ Saved → RBQ | Camel_Racing | Row 141
✅ Saved → RBQ | Camel_Racing | Row 142
✅ Saved → RBQ | Camel_Racing | Row 143
✅ Saved → RBQ | Camel_Racing | Row 144
✅ Saved → RBQ | Camel_Racing | Row 145
✅ Saved → RBQ | Camel_Racing | Row 146
✅ Saved → RBQ | Camel_Racing | Row 147
✅ Saved → RBQ | Camel_Racing | Row 148
✅ Saved → RBQ | Camel_Racing | Row 149
✅ Saved → RBQ | Nuba_Wrestling | Row 0
✅ Saved → RBQ | Nuba_Wrestling | Row 1
✅ Saved → RBQ | Nuba_Wrestling | Row 2
✅ Saved → RBQ | Nuba_Wrestling | Row 3
✅ Saved → RBQ | Nuba_Wrestling | Row 4
✅ Saved → RBQ | Nuba_Wrestling | Row 5
✅ Saved → RBQ | Nuba_Wrestling | Row 6
✅ Saved → RBQ | Nuba_Wrestling | Row 7
✅ Saved → RBQ | Nuba_Wrestling | Row 8
✅ Saved → RBQ | Nuba_Wrestling | Row 9
✅ Saved → RBQ | Nuba_Wrestling | Row 10
✅ Saved → RBQ | Nuba_Wrestling | Row 11
✅ Saved → RBQ | Nuba_Wrestling | Row 12
✅ Saved → RBQ | Nuba_Wrestling | Row 13
✅ Saved → RBQ | Nuba_Wrestling | Row 14
✅ Saved → RBQ | Nuba_Wrestling | Row 15
✅ Saved → RBQ | Nuba_Wrestling | Row 16
✅ Saved → RBQ | Nuba_Wrestling | Row 17
✅ Saved → RBQ | Nuba_Wrestling | Row 18
✅ Saved → RBQ | Nuba_Wrestling | Row 19
✅ Saved → RBQ | Nuba_Wrestling | Row 20
✅ Saved → RBQ | Nuba_Wrestling | Row 21
✅ Saved → RBQ | Nuba_Wrestling | Row 22
✅ Saved → RBQ | Nuba_Wrestling | Row 23
✅ Saved → RBQ | Nuba_Wrestling | Row 24
✅ Saved → RBQ | Nuba_Wrestling | Row 25
✅ Saved → RBQ | Nuba_Wrestling | Row 26
✅ Saved → RBQ | Nuba_Wrestling | Row 27
✅ Saved → RBQ | Nuba_Wrestling | Row 28
✅ Saved → RBQ | Nuba_Wrestling | Row 29
✅ Saved → RBQ | Nuba_Wrestling | Row 30
✅ Saved → RBQ | Nuba_Wrestling | Row 31
✅ Saved → RBQ | Nuba_Wrestling | Row 32
✅ Saved → RBQ | Nuba_Wrestling | Row 33
✅ Saved → RBQ | Nuba_Wrestling | Row 34
✅ Saved → RBQ | Nuba_Wrestling | Row 35
✅ Saved → RBQ | Nuba_Wrestling | Row 36
✅ Saved → RBQ | Nuba_Wrestling | Row 37
✅ Saved → RBQ | Nuba_Wrestling | Row 38
✅ Saved → RBQ | Nuba_Wrestling | Row 39
✅ Saved → RBQ | Nuba_Wrestling | Row 40
✅ Saved → RBQ | Nuba_Wrestling | Row 41
✅ Saved → RBQ | Nuba_Wrestling | Row 42
✅ Saved → RBQ | Nuba_Wrestling | Row 43
✅ Saved → RBQ | Nuba_Wrestling | Row 44
✅ Saved → RBQ | Nuba_Wrestling | Row 45
✅ Saved → RBQ | Nuba_Wrestling | Row 46
✅ Saved → RBQ | Nuba_Wrestling | Row 47
✅ Saved → RBQ | Nuba_Wrestling | Row 48
✅ Saved → RBQ | Nuba_Wrestling | Row 49
✅ Saved → RBQ | Nuba_Wrestling | Row 50
✅ Saved → RBQ | Nuba_Wrestling | Row 51
✅ Saved → RBQ | Nuba_Wrestling | Row 52
✅ Saved → RBQ | Nuba_Wrestling | Row 53
✅ Saved → RBQ | Nuba_Wrestling | Row 54
✅ Saved → RBQ | Nuba_Wrestling | Row 55
✅ Saved → RBQ | Nuba_Wrestling | Row 56
✅ Saved → RBQ | Nuba_Wrestling | Row 57
✅ Saved → RBQ | Nuba_Wrestling | Row 58
✅ Saved → RBQ | Nuba_Wrestling | Row 59
✅ Saved → RBQ | Nuba_Wrestling | Row 60
✅ Saved → RBQ | Nuba_Wrestling | Row 61
✅ Saved → RBQ | Nuba_Wrestling | Row 62
✅ Saved → RBQ | Nuba_Wrestling | Row 63
✅ Saved → RBQ | Nuba_Wrestling | Row 64
✅ Saved → RBQ | Nuba_Wrestling | Row 65
✅ Saved → RBQ | Nuba_Wrestling | Row 66
✅ Saved → RBQ | Nuba_Wrestling | Row 67
✅ Saved → RBQ | Nuba_Wrestling | Row 68
✅ Saved → RBQ | Nuba_Wrestling | Row 69
✅ Saved → RBQ | Nuba_Wrestling | Row 70
✅ Saved → RBQ | Nuba_Wrestling | Row 71
✅ Saved → RBQ | Nuba_Wrestling | Row 72
✅ Saved → RBQ | Nuba_Wrestling | Row 73
✅ Saved → RBQ | Nuba_Wrestling | Row 74
✅ Saved → RBQ | Nuba_Wrestling | Row 75
✅ Saved → RBQ | Nuba_Wrestling | Row 76
✅ Saved → RBQ | Nuba_Wrestling | Row 77
✅ Saved → RBQ | Nuba_Wrestling | Row 78
✅ Saved → RBQ | Nuba_Wrestling | Row 79
✅ Saved → RBQ | Nuba_Wrestling | Row 80
✅ Saved → RBQ | Nuba_Wrestling | Row 81
✅ Saved → RBQ | Nuba_Wrestling | Row 82
✅ Saved → RBQ | Nuba_Wrestling | Row 83
✅ Saved → RBQ | Nuba_Wrestling | Row 84
✅ Saved → RBQ | Nuba_Wrestling | Row 85
✅ Saved → RBQ | Nuba_Wrestling | Row 86
✅ Saved → RBQ | Nuba_Wrestling | Row 87
✅ Saved → RBQ | Nuba_Wrestling | Row 88
✅ Saved → RBQ | Nuba_Wrestling | Row 89
✅ Saved → RBQ | Nuba_Wrestling | Row 90
✅ Saved → RBQ | Nuba_Wrestling | Row 91
✅ Saved → RBQ | Nuba_Wrestling | Row 92
✅ Saved → RBQ | Nuba_Wrestling | Row 93
✅ Saved → RBQ | Nuba_Wrestling | Row 94
✅ Saved → RBQ | Nuba_Wrestling | Row 95
✅ Saved → RBQ | Nuba_Wrestling | Row 96
✅ Saved → RBQ | Nuba_Wrestling | Row 97
✅ Saved → RBQ | Nuba_Wrestling | Row 98
✅ Saved → RBQ | Nuba_Wrestling | Row 99
✅ Saved → RBQ | Nuba_Wrestling | Row 100
✅ Saved → RBQ | Nuba_Wrestling | Row 101
✅ Saved → RBQ | Nuba_Wrestling | Row 102
✅ Saved → RBQ | Nuba_Wrestling | Row 103
✅ Saved → RBQ | Nuba_Wrestling | Row 104
✅ Saved → RBQ | Nuba_Wrestling | Row 105
✅ Saved → RBQ | Nuba_Wrestling | Row 106
✅ Saved → RBQ | Nuba_Wrestling | Row 107
✅ Saved → RBQ | Nuba_Wrestling | Row 108
✅ Saved → RBQ | Nuba_Wrestling | Row 109
✅ Saved → RBQ | Nuba_Wrestling | Row 110
✅ Saved → RBQ | Nuba_Wrestling | Row 111
✅ Saved → RBQ | Nuba_Wrestling | Row 112
✅ Saved → RBQ | Nuba_Wrestling | Row 113
✅ Saved → RBQ | Nuba_Wrestling | Row 114
✅ Saved → RBQ | Nuba_Wrestling | Row 115
✅ Saved → RBQ | Nuba_Wrestling | Row 116
✅ Saved → RBQ | Nuba_Wrestling | Row 117
✅ Saved → RBQ | Nuba_Wrestling | Row 118
✅ Saved → RBQ | Nuba_Wrestling | Row 119
✅ Saved → RBQ | Nuba_Wrestling | Row 120
✅ Saved → RBQ | Nuba_Wrestling | Row 121
✅ Saved → RBQ | Nuba_Wrestling | Row 122
✅ Saved → RBQ | Nuba_Wrestling | Row 123
✅ Saved → RBQ | Nuba_Wrestling | Row 124
✅ Saved → RBQ | Nuba_Wrestling | Row 125
✅ Saved → RBQ | Nuba_Wrestling | Row 126
✅ Saved → RBQ | Nuba_Wrestling | Row 127
✅ Saved → RBQ | Nuba_Wrestling | Row 128
✅ Saved → RBQ | Nuba_Wrestling | Row 129
✅ Saved → RBQ | Nuba_Wrestling | Row 130
✅ Saved → RBQ | Nuba_Wrestling | Row 131
✅ Saved → RBQ | Nuba_Wrestling | Row 132
✅ Saved → RBQ | Nuba_Wrestling | Row 133
✅ Saved → RBQ | Nuba_Wrestling | Row 134
✅ Saved → RBQ | Nuba_Wrestling | Row 135
✅ Saved → RBQ | Nuba_Wrestling | Row 136
✅ Saved → RBQ | Nuba_Wrestling | Row 137
✅ Saved → RBQ | Nuba_Wrestling | Row 138
✅ Saved → RBQ | Nuba_Wrestling | Row 139
✅ Saved → RBQ | Nuba_Wrestling | Row 140
✅ Saved → RBQ | Nuba_Wrestling | Row 141
✅ Saved → RBQ | Nuba_Wrestling | Row 142
✅ Saved → RBQ | Nuba_Wrestling | Row 143
✅ Saved → RBQ | Nuba_Wrestling | Row 144
✅ Saved → RBQ | Nuba_Wrestling | Row 145
✅ Saved → RBQ | Nuba_Wrestling | Row 146
✅ Saved → RBQ | Nuba_Wrestling | Row 147
✅ Saved → RBQ | Nuba_Wrestling | Row 148
✅ Saved → RBQ | Nuba_Wrestling | Row 149
✅ Saved → RBQ | Nubian_Stick_Fighting | Row 0
✅ Saved → RBQ | Nubian_Stick_Fighting | Row 1
✅ Saved → RBQ | Nubian_Stick_Fighting | Row 2
✅ Saved → RBQ | Nubian_Stick_Fighting | Row 3
✅ Saved → RBQ | Nubian_Stick_Fighting | Row 4
✅ Saved → RBQ | Nubian_Stick_Fighting | Row 5
✅ Saved → RBQ | Nubian_Stick_Fighting | Row 6
✅ Saved → RBQ | Nubian_Stick_Fighting | Row 7
✅ Saved → RBQ | Nubian_Stick_Fighting | Row 8
✅ Saved → RBQ | Nubian_Stick_Fighting | Row 9
✅ Saved → RBQ | Nubian_Stick_Fighting | Row 10
✅ Saved → RBQ | Nubian_Stick_Fighting | Row 11
✅ Saved → RBQ | Nubian_Stick_Fighting | Row 12
✅ Saved → RBQ | Nubian_Stick_Fighting | Row 13
✅ Saved → RBQ | Nubian_Stick_Fighting | Row 14
✅ Saved → RBQ | Nubian_Stick_Fighting | Row 15
✅ Saved → RBQ | Nubian_Stick_Fighting | Row 16
✅ Saved → RBQ | Nubian_Stick_Fighting | Row 17
✅ Saved → RBQ | Nubian_Stick_Fighting | Row 18
✅ Saved → RBQ | Nubian_Stick_Fighting | Row 19
✅ Saved → RBQ | Nubian_Stick_Fighting | Row 20
✅ Saved → RBQ | Nubian_Stick_Fighting | Row 21
✅ Saved → RBQ | Nubian_Stick_Fighting | Row 22
✅ Saved → RBQ | Nubian_Stick_Fighting | Row 23
✅ Saved → RBQ | Nubian_Stick_Fighting | Row 24
✅ Saved → RBQ | Nubian_Stick_Fighting | Row 25
✅ Saved → RBQ | Nubian_Stick_Fighting | Row 26
✅ Saved → RBQ | Nubian_Stick_Fighting | Row 27
✅ Saved → RBQ | Nubian_Stick_Fighting | Row 28
✅ Saved → RBQ | Nubian_Stick_Fighting | Row 29
✅ Saved → RBQ | Nubian_Stick_Fighting | Row 30
✅ Saved → RBQ | Nubian_Stick_Fighting | Row 31
✅ Saved → RBQ | Nubian_Stick_Fighting | Row 32
✅ Saved → RBQ | Nubian_Stick_Fighting | Row 33
✅ Saved → RBQ | Nubian_Stick_Fighting | Row 34
✅ Saved → RBQ | Nubian_Stick_Fighting | Row 35
✅ Saved → RBQ | Nubian_Stick_Fighting | Row 36
✅ Saved → RBQ | Nubian_Stick_Fighting | Row 37
✅ Saved → RBQ | Nubian_Stick_Fighting | Row 38
✅ Saved → RBQ | Nubian_Stick_Fighting | Row 39
✅ Saved → RBQ | Nubian_Stick_Fighting | Row 40
✅ Saved → RBQ | Nubian_Stick_Fighting | Row 41
✅ Saved → RBQ | Nubian_Stick_Fighting | Row 42
✅ Saved → RBQ | Nubian_Stick_Fighting | Row 43
✅ Saved → RBQ | Nubian_Stick_Fighting | Row 44
✅ Saved → RBQ | Nubian_Stick_Fighting | Row 45
✅ Saved → RBQ | Nubian_Stick_Fighting | Row 46
✅ Saved → RBQ | Nubian_Stick_Fighting | Row 47
✅ Saved → RBQ | Nubian_Stick_Fighting | Row 48
✅ Saved → RBQ | Nubian_Stick_Fighting | Row 49
✅ Saved → RBQ | Nubian_Stick_Fighting | Row 50
✅ Saved → RBQ | Nubian_Stick_Fighting | Row 51
✅ Saved → RBQ | Nubian_Stick_Fighting | Row 52
✅ Saved → RBQ | Nubian_Stick_Fighting | Row 53
✅ Saved → RBQ | Nubian_Stick_Fighting | Row 54
✅ Saved → RBQ | Nubian_Stick_Fighting | Row 55
✅ Saved → RBQ | Nubian_Stick_Fighting | Row 56
✅ Saved → RBQ | Nubian_Stick_Fighting | Row 57
✅ Saved → RBQ | Nubian_Stick_Fighting | Row 58
✅ Saved → RBQ | Nubian_Stick_Fighting | Row 59
✅ Saved → RBQ | Nubian_Stick_Fighting | Row 60
✅ Saved → RBQ | Nubian_Stick_Fighting | Row 61
✅ Saved → RBQ | Nubian_Stick_Fighting | Row 62
✅ Saved → RBQ | Nubian_Stick_Fighting | Row 63
✅ Saved → RBQ | Nubian_Stick_Fighting | Row 64
✅ Saved → RBQ | Nubian_Stick_Fighting | Row 65
✅ Saved → RBQ | Nubian_Stick_Fighting | Row 66
✅ Saved → RBQ | Nubian_Stick_Fighting | Row 67
✅ Saved → RBQ | Nubian_Stick_Fighting | Row 68
✅ Saved → RBQ | Nubian_Stick_Fighting | Row 69
✅ Saved → RBQ | Nubian_Stick_Fighting | Row 70
✅ Saved → RBQ | Nubian_Stick_Fighting | Row 71
✅ Saved → RBQ | Nubian_Stick_Fighting | Row 72
✅ Saved → RBQ | Nubian_Stick_Fighting | Row 73
✅ Saved → RBQ | Nubian_Stick_Fighting | Row 74
✅ Saved → RBQ | Nubian_Stick_Fighting | Row 75
✅ Saved → RBQ | Nubian_Stick_Fighting | Row 76
✅ Saved → RBQ | Nubian_Stick_Fighting | Row 77
✅ Saved → RBQ | Nubian_Stick_Fighting | Row 78
✅ Saved → RBQ | Nubian_Stick_Fighting | Row 79
✅ Saved → RBQ | Nubian_Stick_Fighting | Row 80
✅ Saved → RBQ | Nubian_Stick_Fighting | Row 81
✅ Saved → RBQ | Nubian_Stick_Fighting | Row 82
✅ Saved → RBQ | Nubian_Stick_Fighting | Row 83
✅ Saved → RBQ | Nubian_Stick_Fighting | Row 84
✅ Saved → RBQ | Nubian_Stick_Fighting | Row 85
✅ Saved → RBQ | Nubian_Stick_Fighting | Row 86
✅ Saved → RBQ | Nubian_Stick_Fighting | Row 87
✅ Saved → RBQ | Nubian_Stick_Fighting | Row 88
✅ Saved → RBQ | Nubian_Stick_Fighting | Row 89
✅ Saved → RBQ | Nubian_Stick_Fighting | Row 90
✅ Saved → RBQ | Nubian_Stick_Fighting | Row 91
✅ Saved → RBQ | Nubian_Stick_Fighting | Row 92
✅ Saved → RBQ | Nubian_Stick_Fighting | Row 93
✅ Saved → RBQ | Nubian_Stick_Fighting | Row 94
✅ Saved → RBQ | Nubian_Stick_Fighting | Row 95
✅ Saved → RBQ | Nubian_Stick_Fighting | Row 96
✅ Saved → RBQ | Nubian_Stick_Fighting | Row 97
✅ Saved → RBQ | Nubian_Stick_Fighting | Row 98
✅ Saved → RBQ | Nubian_Stick_Fighting | Row 99
✅ Saved → RBQ | Nubian_Stick_Fighting | Row 100
✅ Saved → RBQ | Nubian_Stick_Fighting | Row 101
✅ Saved → RBQ | Nubian_Stick_Fighting | Row 102
✅ Saved → RBQ | Nubian_Stick_Fighting | Row 103
✅ Saved → RBQ | Nubian_Stick_Fighting | Row 104
✅ Saved → RBQ | Nubian_Stick_Fighting | Row 105
✅ Saved → RBQ | Nubian_Stick_Fighting | Row 106
✅ Saved → RBQ | Nubian_Stick_Fighting | Row 107
✅ Saved → RBQ | Nubian_Stick_Fighting | Row 108
✅ Saved → RBQ | Nubian_Stick_Fighting | Row 109
✅ Saved → RBQ | Nubian_Stick_Fighting | Row 110
✅ Saved → RBQ | Nubian_Stick_Fighting | Row 111
✅ Saved → RBQ | Nubian_Stick_Fighting | Row 112
✅ Saved → RBQ | Nubian_Stick_Fighting | Row 113
✅ Saved → RBQ | Nubian_Stick_Fighting | Row 114
✅ Saved → RBQ | Nubian_Stick_Fighting | Row 115
✅ Saved → RBQ | Nubian_Stick_Fighting | Row 116
✅ Saved → RBQ | Nubian_Stick_Fighting | Row 117
✅ Saved → RBQ | Nubian_Stick_Fighting | Row 118
✅ Saved → RBQ | Nubian_Stick_Fighting | Row 119
✅ Saved → RBQ | Nubian_Stick_Fighting | Row 120
✅ Saved → RBQ | Nubian_Stick_Fighting | Row 121
✅ Saved → RBQ | Nubian_Stick_Fighting | Row 122
✅ Saved → RBQ | Nubian_Stick_Fighting | Row 123
✅ Saved → RBQ | Nubian_Stick_Fighting | Row 124
✅ Saved → RBQ | Nubian_Stick_Fighting | Row 125
✅ Saved → RBQ | Nubian_Stick_Fighting | Row 126
✅ Saved → RBQ | Nubian_Stick_Fighting | Row 127
✅ Saved → RBQ | Nubian_Stick_Fighting | Row 128
✅ Saved → RBQ | Nubian_Stick_Fighting | Row 129
✅ Saved → RBQ | Nubian_Stick_Fighting | Row 130
✅ Saved → RBQ | Nubian_Stick_Fighting | Row 131
✅ Saved → RBQ | Nubian_Stick_Fighting | Row 132
✅ Saved → RBQ | Nubian_Stick_Fighting | Row 133
✅ Saved → RBQ | Nubian_Stick_Fighting | Row 134
✅ Saved → RBQ | Nubian_Stick_Fighting | Row 135
✅ Saved → RBQ | Nubian_Stick_Fighting | Row 136
✅ Saved → RBQ | Nubian_Stick_Fighting | Row 137
✅ Saved → RBQ | Nubian_Stick_Fighting | Row 138
✅ Saved → RBQ | Nubian_Stick_Fighting | Row 139
✅ Saved → RBQ | Nubian_Stick_Fighting | Row 140
✅ Saved → RBQ | Nubian_Stick_Fighting | Row 141
✅ Saved → RBQ | Nubian_Stick_Fighting | Row 142
✅ Saved → RBQ | Nubian_Stick_Fighting | Row 143
✅ Saved → RBQ | Nubian_Stick_Fighting | Row 144
✅ Saved → RBQ | Nubian_Stick_Fighting | Row 145
✅ Saved → RBQ | Nubian_Stick_Fighting | Row 146
✅ Saved → RBQ | Nubian_Stick_Fighting | Row 147
✅ Saved → RBQ | Nubian_Stick_Fighting | Row 148
✅ Saved → RBQ | Nubian_Stick_Fighting | Row 149
✅ Saved → RBQ | Cow_Fighting | Row 0
✅ Saved → RBQ | Cow_Fighting | Row 1
✅ Saved → RBQ | Cow_Fighting | Row 2
✅ Saved → RBQ | Cow_Fighting | Row 3
✅ Saved → RBQ | Cow_Fighting | Row 4
✅ Saved → RBQ | Cow_Fighting | Row 5
✅ Saved → RBQ | Cow_Fighting | Row 6
✅ Saved → RBQ | Cow_Fighting | Row 7
✅ Saved → RBQ | Cow_Fighting | Row 8
✅ Saved → RBQ | Cow_Fighting | Row 9
✅ Saved → RBQ | Cow_Fighting | Row 10
✅ Saved → RBQ | Cow_Fighting | Row 11
✅ Saved → RBQ | Cow_Fighting | Row 12
✅ Saved → RBQ | Cow_Fighting | Row 13
✅ Saved → RBQ | Cow_Fighting | Row 14
✅ Saved → RBQ | Cow_Fighting | Row 15
✅ Saved → RBQ | Cow_Fighting | Row 16
✅ Saved → RBQ | Cow_Fighting | Row 17
✅ Saved → RBQ | Cow_Fighting | Row 18
✅ Saved → RBQ | Cow_Fighting | Row 19
✅ Saved → RBQ | Cow_Fighting | Row 20
✅ Saved → RBQ | Cow_Fighting | Row 21
✅ Saved → RBQ | Cow_Fighting | Row 22
✅ Saved → RBQ | Cow_Fighting | Row 23
✅ Saved → RBQ | Cow_Fighting | Row 24
✅ Saved → RBQ | Cow_Fighting | Row 25
✅ Saved → RBQ | Cow_Fighting | Row 26
✅ Saved → RBQ | Cow_Fighting | Row 27
✅ Saved → RBQ | Cow_Fighting | Row 28
✅ Saved → RBQ | Cow_Fighting | Row 29
✅ Saved → RBQ | Cow_Fighting | Row 30
✅ Saved → RBQ | Cow_Fighting | Row 31
✅ Saved → RBQ | Cow_Fighting | Row 32
✅ Saved → RBQ | Cow_Fighting | Row 33
✅ Saved → RBQ | Cow_Fighting | Row 34
✅ Saved → RBQ | Cow_Fighting | Row 35
✅ Saved → RBQ | Cow_Fighting | Row 36
✅ Saved → RBQ | Cow_Fighting | Row 37
✅ Saved → RBQ | Cow_Fighting | Row 38
✅ Saved → RBQ | Cow_Fighting | Row 39
✅ Saved → RBQ | Cow_Fighting | Row 40
✅ Saved → RBQ | Cow_Fighting | Row 41
✅ Saved → RBQ | Cow_Fighting | Row 42
✅ Saved → RBQ | Cow_Fighting | Row 43
✅ Saved → RBQ | Cow_Fighting | Row 44
✅ Saved → RBQ | Cow_Fighting | Row 45
✅ Saved → RBQ | Cow_Fighting | Row 46
✅ Saved → RBQ | Cow_Fighting | Row 47
✅ Saved → RBQ | Cow_Fighting | Row 48
✅ Saved → RBQ | Cow_Fighting | Row 49
✅ Saved → RBQ | Cow_Fighting | Row 50
✅ Saved → RBQ | Cow_Fighting | Row 51
✅ Saved → RBQ | Cow_Fighting | Row 52
✅ Saved → RBQ | Cow_Fighting | Row 53
✅ Saved → RBQ | Cow_Fighting | Row 54
✅ Saved → RBQ | Cow_Fighting | Row 55
✅ Saved → RBQ | Cow_Fighting | Row 56
✅ Saved → RBQ | Cow_Fighting | Row 57
✅ Saved → RBQ | Cow_Fighting | Row 58
✅ Saved → RBQ | Cow_Fighting | Row 59
✅ Saved → RBQ | Cow_Fighting | Row 60
✅ Saved → RBQ | Cow_Fighting | Row 61
✅ Saved → RBQ | Cow_Fighting | Row 62
✅ Saved → RBQ | Cow_Fighting | Row 63
✅ Saved → RBQ | Cow_Fighting | Row 64
✅ Saved → RBQ | Cow_Fighting | Row 65
✅ Saved → RBQ | Cow_Fighting | Row 66
✅ Saved → RBQ | Cow_Fighting | Row 67
✅ Saved → RBQ | Cow_Fighting | Row 68
✅ Saved → RBQ | Cow_Fighting | Row 69
✅ Saved → RBQ | Cow_Fighting | Row 70
✅ Saved → RBQ | Cow_Fighting | Row 71
✅ Saved → RBQ | Cow_Fighting | Row 72
✅ Saved → RBQ | Cow_Fighting | Row 73
✅ Saved → RBQ | Cow_Fighting | Row 74
✅ Saved → RBQ | Cow_Fighting | Row 75
✅ Saved → RBQ | Cow_Fighting | Row 76
✅ Saved → RBQ | Cow_Fighting | Row 77
✅ Saved → RBQ | Cow_Fighting | Row 78
✅ Saved → RBQ | Cow_Fighting | Row 79
✅ Saved → RBQ | Cow_Fighting | Row 80
✅ Saved → RBQ | Cow_Fighting | Row 81
✅ Saved → RBQ | Cow_Fighting | Row 82
✅ Saved → RBQ | Cow_Fighting | Row 83
✅ Saved → RBQ | Cow_Fighting | Row 84
✅ Saved → RBQ | Cow_Fighting | Row 85
✅ Saved → RBQ | Cow_Fighting | Row 86
✅ Saved → RBQ | Cow_Fighting | Row 87
✅ Saved → RBQ | Cow_Fighting | Row 88
✅ Saved → RBQ | Cow_Fighting | Row 89
✅ Saved → RBQ | Cow_Fighting | Row 90
✅ Saved → RBQ | Cow_Fighting | Row 91
✅ Saved → RBQ | Cow_Fighting | Row 92
✅ Saved → RBQ | Cow_Fighting | Row 93
✅ Saved → RBQ | Cow_Fighting | Row 94
✅ Saved → RBQ | Cow_Fighting | Row 95
✅ Saved → RBQ | Cow_Fighting | Row 96
✅ Saved → RBQ | Cow_Fighting | Row 97
✅ Saved → RBQ | Cow_Fighting | Row 98
✅ Saved → RBQ | Cow_Fighting | Row 99
✅ Saved → RBQ | Cow_Fighting | Row 100
✅ Saved → RBQ | Cow_Fighting | Row 101
✅ Saved → RBQ | Cow_Fighting | Row 102
✅ Saved → RBQ | Cow_Fighting | Row 103
✅ Saved → RBQ | Cow_Fighting | Row 104
✅ Saved → RBQ | Cow_Fighting | Row 105
✅ Saved → RBQ | Cow_Fighting | Row 106
✅ Saved → RBQ | Cow_Fighting | Row 107
✅ Saved → RBQ | Cow_Fighting | Row 108
✅ Saved → RBQ | Cow_Fighting | Row 109
✅ Saved → RBQ | Cow_Fighting | Row 110
✅ Saved → RBQ | Cow_Fighting | Row 111
✅ Saved → RBQ | Cow_Fighting | Row 112
✅ Saved → RBQ | Cow_Fighting | Row 113
✅ Saved → RBQ | Cow_Fighting | Row 114
✅ Saved → RBQ | Cow_Fighting | Row 115
✅ Saved → RBQ | Cow_Fighting | Row 116
✅ Saved → RBQ | Cow_Fighting | Row 117
✅ Saved → RBQ | Cow_Fighting | Row 118
✅ Saved → RBQ | Cow_Fighting | Row 119
✅ Saved → RBQ | Cow_Fighting | Row 120
✅ Saved → RBQ | Cow_Fighting | Row 121
✅ Saved → RBQ | Cow_Fighting | Row 122
✅ Saved → RBQ | Cow_Fighting | Row 123
✅ Saved → RBQ | Cow_Fighting | Row 124
✅ Saved → RBQ | Cow_Fighting | Row 125
✅ Saved → RBQ | Cow_Fighting | Row 126

✅ COMPLETE!
📄 Live-updating CSV: /DATA/rohan_kirti/country/sudan/RBQ/Results_RBQ.csv
Ended at: 10:17:50
Total Duration: 0:29:15.202439
✅ Successfully created '/DATA/rohan_kirti/country/sudan/RBQ/Results_RBQ.xlsx'
