Started at: 20:40:09
['/DATA/rohan_kirti/country/france/RBQ/France_RBQ.xlsx']

📌 Processing: /DATA/rohan_kirti/country/france/RBQ/France_RBQ.xlsx
✅ Saved → RBQ | Nautical_Jousting | Row 0
✅ Saved → RBQ | Nautical_Jousting | Row 1
✅ Saved → RBQ | Nautical_Jousting | Row 2
✅ Saved → RBQ | Nautical_Jousting | Row 3
✅ Saved → RBQ | Nautical_Jousting | Row 4
✅ Saved → RBQ | Nautical_Jousting | Row 5
✅ Saved → RBQ | Nautical_Jousting | Row 6
✅ Saved → RBQ | Nautical_Jousting | Row 7
✅ Saved → RBQ | Nautical_Jousting | Row 8
✅ Saved → RBQ | Nautical_Jousting | Row 9
✅ Saved → RBQ | Nautical_Jousting | Row 10
✅ Saved → RBQ | Nautical_Jousting | Row 11
✅ Saved → RBQ | Nautical_Jousting | Row 12
✅ Saved → RBQ | Nautical_Jousting | Row 13
✅ Saved → RBQ | Nautical_Jousting | Row 14
✅ Saved → RBQ | Nautical_Jousting | Row 15
✅ Saved → RBQ | Nautical_Jousting | Row 16
✅ Saved → RBQ | Nautical_Jousting | Row 17
✅ Saved → RBQ | Nautical_Jousting | Row 18
✅ Saved → RBQ | Nautical_Jousting | Row 19
✅ Saved → RBQ | Nautical_Jousting | Row 20
✅ Saved → RBQ | Nautical_Jousting | Row 21
✅ Saved → RBQ | Nautical_Jousting | Row 22
✅ Saved → RBQ | Nautical_Jousting | Row 23
✅ Saved → RBQ | Nautical_Jousting | Row 24
✅ Saved → RBQ | Nautical_Jousting | Row 25
✅ Saved → RBQ | Nautical_Jousting | Row 26
✅ Saved → RBQ | Nautical_Jousting | Row 27
✅ Saved → RBQ | Nautical_Jousting | Row 28
✅ Saved → RBQ | Nautical_Jousting | Row 29
✅ Saved → RBQ | Nautical_Jousting | Row 30
✅ Saved → RBQ | Nautical_Jousting | Row 31
✅ Saved → RBQ | Nautical_Jousting | Row 32
✅ Saved → RBQ | Nautical_Jousting | Row 33
✅ Saved → RBQ | Nautical_Jousting | Row 34
✅ Saved → RBQ | Nautical_Jousting | Row 35
✅ Saved → RBQ | Nautical_Jousting | Row 36
✅ Saved → RBQ | Nautical_Jousting | Row 37
✅ Saved → RBQ | Nautical_Jousting | Row 38
✅ Saved → RBQ | Nautical_Jousting | Row 39
✅ Saved → RBQ | Nautical_Jousting | Row 40
✅ Saved → RBQ | Nautical_Jousting | Row 41
✅ Saved → RBQ | Nautical_Jousting | Row 42
✅ Saved → RBQ | Nautical_Jousting | Row 43
✅ Saved → RBQ | Nautical_Jousting | Row 44
✅ Saved → RBQ | Nautical_Jousting | Row 45
✅ Saved → RBQ | Nautical_Jousting | Row 46
✅ Saved → RBQ | Nautical_Jousting | Row 47
✅ Saved → RBQ | Nautical_Jousting | Row 48
✅ Saved → RBQ | Nautical_Jousting | Row 49
✅ Saved → RBQ | Nautical_Jousting | Row 50
✅ Saved → RBQ | Nautical_Jousting | Row 51
✅ Saved → RBQ | Nautical_Jousting | Row 52
✅ Saved → RBQ | Nautical_Jousting | Row 53
✅ Saved → RBQ | Nautical_Jousting | Row 54
✅ Saved → RBQ | Nautical_Jousting | Row 55
✅ Saved → RBQ | Nautical_Jousting | Row 56
✅ Saved → RBQ | Nautical_Jousting | Row 57
✅ Saved → RBQ | Nautical_Jousting | Row 58
✅ Saved → RBQ | Nautical_Jousting | Row 59
✅ Saved → RBQ | Nautical_Jousting | Row 60
✅ Saved → RBQ | Nautical_Jousting | Row 61
✅ Saved → RBQ | Nautical_Jousting | Row 62
✅ Saved → RBQ | Nautical_Jousting | Row 63
✅ Saved → RBQ | Nautical_Jousting | Row 64
✅ Saved → RBQ | Nautical_Jousting | Row 65
✅ Saved → RBQ | Nautical_Jousting | Row 66
✅ Saved → RBQ | Nautical_Jousting | Row 67
✅ Saved → RBQ | Nautical_Jousting | Row 68
✅ Saved → RBQ | Nautical_Jousting | Row 69
✅ Saved → RBQ | Nautical_Jousting | Row 70
✅ Saved → RBQ | Nautical_Jousting | Row 71
✅ Saved → RBQ | Nautical_Jousting | Row 72
✅ Saved → RBQ | Nautical_Jousting | Row 73
✅ Saved → RBQ | Nautical_Jousting | Row 74
✅ Saved → RBQ | Nautical_Jousting | Row 75
✅ Saved → RBQ | Nautical_Jousting | Row 76
✅ Saved → RBQ | Nautical_Jousting | Row 77
✅ Saved → RBQ | Nautical_Jousting | Row 78
✅ Saved → RBQ | Nautical_Jousting | Row 79
✅ Saved → RBQ | Nautical_Jousting | Row 80
✅ Saved → RBQ | Nautical_Jousting | Row 81
✅ Saved → RBQ | Nautical_Jousting | Row 82
✅ Saved → RBQ | Nautical_Jousting | Row 83
✅ Saved → RBQ | Nautical_Jousting | Row 84
✅ Saved → RBQ | Nautical_Jousting | Row 85
✅ Saved → RBQ | Nautical_Jousting | Row 86
✅ Saved → RBQ | Nautical_Jousting | Row 87
✅ Saved → RBQ | Nautical_Jousting | Row 88
✅ Saved → RBQ | Nautical_Jousting | Row 89
✅ Saved → RBQ | Nautical_Jousting | Row 90
✅ Saved → RBQ | Nautical_Jousting | Row 91
✅ Saved → RBQ | Nautical_Jousting | Row 92
✅ Saved → RBQ | Nautical_Jousting | Row 93
✅ Saved → RBQ | Nautical_Jousting | Row 94
✅ Saved → RBQ | Nautical_Jousting | Row 95
✅ Saved → RBQ | Nautical_Jousting | Row 96
✅ Saved → RBQ | Nautical_Jousting | Row 97
✅ Saved → RBQ | Nautical_Jousting | Row 98
✅ Saved → RBQ | Nautical_Jousting | Row 99
✅ Saved → RBQ | Nautical_Jousting | Row 100
✅ Saved → RBQ | Nautical_Jousting | Row 101
✅ Saved → RBQ | Nautical_Jousting | Row 102
✅ Saved → RBQ | Nautical_Jousting | Row 103
✅ Saved → RBQ | Nautical_Jousting | Row 104
✅ Saved → RBQ | Nautical_Jousting | Row 105
✅ Saved → RBQ | Nautical_Jousting | Row 106
✅ Saved → RBQ | Nautical_Jousting | Row 107
✅ Saved → RBQ | Nautical_Jousting | Row 108
✅ Saved → RBQ | Nautical_Jousting | Row 109
✅ Saved → RBQ | Nautical_Jousting | Row 110
✅ Saved → RBQ | Nautical_Jousting | Row 111
✅ Saved → RBQ | Nautical_Jousting | Row 112
✅ Saved → RBQ | Nautical_Jousting | Row 113
✅ Saved → RBQ | Nautical_Jousting | Row 114
✅ Saved → RBQ | Nautical_Jousting | Row 115
✅ Saved → RBQ | Nautical_Jousting | Row 116
✅ Saved → RBQ | Nautical_Jousting | Row 117
✅ Saved → RBQ | Nautical_Jousting | Row 118
✅ Saved → RBQ | Nautical_Jousting | Row 119
✅ Saved → RBQ | Nautical_Jousting | Row 120
✅ Saved → RBQ | Nautical_Jousting | Row 121
✅ Saved → RBQ | Nautical_Jousting | Row 122
✅ Saved → RBQ | Nautical_Jousting | Row 123
✅ Saved → RBQ | Nautical_Jousting | Row 124
✅ Saved → RBQ | Nautical_Jousting | Row 125
✅ Saved → RBQ | Nautical_Jousting | Row 129
✅ Saved → RBQ | Nautical_Jousting | Row 130
✅ Saved → RBQ | Nautical_Jousting | Row 137
✅ Saved → RBQ | Tambourin | Row 0
✅ Saved → RBQ | Tambourin | Row 1
✅ Saved → RBQ | Tambourin | Row 2
✅ Saved → RBQ | Tambourin | Row 3
✅ Saved → RBQ | Tambourin | Row 4
✅ Saved → RBQ | Tambourin | Row 5
✅ Saved → RBQ | Tambourin | Row 6
✅ Saved → RBQ | Tambourin | Row 7
✅ Saved → RBQ | Tambourin | Row 8
✅ Saved → RBQ | Tambourin | Row 9
✅ Saved → RBQ | Tambourin | Row 10
✅ Saved → RBQ | Tambourin | Row 11
✅ Saved → RBQ | Tambourin | Row 12
✅ Saved → RBQ | Tambourin | Row 13
✅ Saved → RBQ | Tambourin | Row 14
✅ Saved → RBQ | Tambourin | Row 15
✅ Saved → RBQ | Tambourin | Row 16
✅ Saved → RBQ | Tambourin | Row 17
✅ Saved → RBQ | Tambourin | Row 18
✅ Saved → RBQ | Tambourin | Row 19
✅ Saved → RBQ | Tambourin | Row 20
✅ Saved → RBQ | Tambourin | Row 21
✅ Saved → RBQ | Tambourin | Row 22
✅ Saved → RBQ | Tambourin | Row 23
✅ Saved → RBQ | Tambourin | Row 24
✅ Saved → RBQ | Tambourin | Row 25
✅ Saved → RBQ | Tambourin | Row 26
✅ Saved → RBQ | Tambourin | Row 27
✅ Saved → RBQ | Tambourin | Row 28
✅ Saved → RBQ | Tambourin | Row 29
✅ Saved → RBQ | Tambourin | Row 30
✅ Saved → RBQ | Tambourin | Row 31
✅ Saved → RBQ | Tambourin | Row 32
✅ Saved → RBQ | Tambourin | Row 33
✅ Saved → RBQ | Tambourin | Row 34
✅ Saved → RBQ | Tambourin | Row 35
✅ Saved → RBQ | Tambourin | Row 36
✅ Saved → RBQ | Tambourin | Row 37
✅ Saved → RBQ | Tambourin | Row 38
✅ Saved → RBQ | Tambourin | Row 39
✅ Saved → RBQ | Tambourin | Row 40
✅ Saved → RBQ | Tambourin | Row 41
✅ Saved → RBQ | Tambourin | Row 42
✅ Saved → RBQ | Tambourin | Row 43
✅ Saved → RBQ | Tambourin | Row 44
✅ Saved → RBQ | Tambourin | Row 45
✅ Saved → RBQ | Tambourin | Row 46
✅ Saved → RBQ | Tambourin | Row 47
✅ Saved → RBQ | Tambourin | Row 48
✅ Saved → RBQ | Tambourin | Row 49
✅ Saved → RBQ | Tambourin | Row 50
✅ Saved → RBQ | Tambourin | Row 51
✅ Saved → RBQ | Tambourin | Row 52
✅ Saved → RBQ | Tambourin | Row 53
✅ Saved → RBQ | Tambourin | Row 54
✅ Saved → RBQ | Tambourin | Row 55
✅ Saved → RBQ | Tambourin | Row 56
✅ Saved → RBQ | Tambourin | Row 57
✅ Saved → RBQ | Tambourin | Row 58
✅ Saved → RBQ | Tambourin | Row 59
✅ Saved → RBQ | Tambourin | Row 60
✅ Saved → RBQ | Tambourin | Row 61
✅ Saved → RBQ | Tambourin | Row 62
✅ Saved → RBQ | Tambourin | Row 63
✅ Saved → RBQ | Tambourin | Row 64
✅ Saved → RBQ | Tambourin | Row 65
✅ Saved → RBQ | Tambourin | Row 66
✅ Saved → RBQ | Tambourin | Row 67
✅ Saved → RBQ | Tambourin | Row 68
✅ Saved → RBQ | Tambourin | Row 69
✅ Saved → RBQ | Tambourin | Row 70
✅ Saved → RBQ | Tambourin | Row 71
✅ Saved → RBQ | Tambourin | Row 72
✅ Saved → RBQ | Tambourin | Row 73
✅ Saved → RBQ | Tambourin | Row 74
✅ Saved → RBQ | Tambourin | Row 75
✅ Saved → RBQ | Tambourin | Row 80
✅ Saved → RBQ | Tambourin | Row 118
✅ Saved → RBQ | Tambourin | Row 119
✅ Saved → RBQ | Tambourin | Row 120
✅ Saved → RBQ | Tambourin | Row 121
✅ Saved → RBQ | Tambourin | Row 122
✅ Saved → RBQ | Tambourin | Row 123
✅ Saved → RBQ | Tambourin | Row 124
✅ Saved → RBQ | Tambourin | Row 125
✅ Saved → RBQ | Tambourin | Row 126
✅ Saved → RBQ | Tambourin | Row 127
✅ Saved → RBQ | Tambourin | Row 128
✅ Saved → RBQ | Tambourin | Row 129
✅ Saved → RBQ | Tambourin | Row 130
✅ Saved → RBQ | Tambourin | Row 131
✅ Saved → RBQ | Tambourin | Row 132
✅ Saved → RBQ | Tambourin | Row 133
✅ Saved → RBQ | Tambourin | Row 134
✅ Saved → RBQ | Tambourin | Row 135
✅ Saved → RBQ | Tambourin | Row 136
✅ Saved → RBQ | Tambourin | Row 137
✅ Saved → RBQ | Tambourin | Row 138
✅ Saved → RBQ | Tambourin | Row 139
✅ Saved → RBQ | Tambourin | Row 140
✅ Saved → RBQ | Tambourin | Row 141
✅ Saved → RBQ | Tambourin | Row 142
✅ Saved → RBQ | Tambourin | Row 143
✅ Saved → RBQ | Tambourin | Row 144
✅ Saved → RBQ | Tambourin | Row 145
✅ Saved → RBQ | Tambourin | Row 146
✅ Saved → RBQ | Tambourin | Row 147
✅ Saved → RBQ | Tambourin | Row 148
✅ Saved → RBQ | Tambourin | Row 149
✅ Saved → RBQ | Pelota | Row 0
✅ Saved → RBQ | Pelota | Row 1
✅ Saved → RBQ | Pelota | Row 2
✅ Saved → RBQ | Pelota | Row 3
✅ Saved → RBQ | Pelota | Row 4
✅ Saved → RBQ | Pelota | Row 5
✅ Saved → RBQ | Pelota | Row 6
✅ Saved → RBQ | Pelota | Row 7
✅ Saved → RBQ | Pelota | Row 8
✅ Saved → RBQ | Pelota | Row 9
✅ Saved → RBQ | Pelota | Row 10
✅ Saved → RBQ | Pelota | Row 11
✅ Saved → RBQ | Pelota | Row 12
✅ Saved → RBQ | Pelota | Row 13
✅ Saved → RBQ | Pelota | Row 14
✅ Saved → RBQ | Pelota | Row 15
✅ Saved → RBQ | Pelota | Row 16
✅ Saved → RBQ | Pelota | Row 17
✅ Saved → RBQ | Pelota | Row 18
✅ Saved → RBQ | Pelota | Row 19
✅ Saved → RBQ | Pelota | Row 20
✅ Saved → RBQ | Pelota | Row 21
✅ Saved → RBQ | Pelota | Row 22
✅ Saved → RBQ | Pelota | Row 23
✅ Saved → RBQ | Pelota | Row 24
✅ Saved → RBQ | Pelota | Row 25
✅ Saved → RBQ | Pelota | Row 26
✅ Saved → RBQ | Pelota | Row 27
✅ Saved → RBQ | Pelota | Row 28
✅ Saved → RBQ | Pelota | Row 29
✅ Saved → RBQ | Pelota | Row 30
✅ Saved → RBQ | Pelota | Row 31
✅ Saved → RBQ | Pelota | Row 32
✅ Saved → RBQ | Pelota | Row 33
✅ Saved → RBQ | Pelota | Row 34
✅ Saved → RBQ | Pelota | Row 35
✅ Saved → RBQ | Pelota | Row 36
✅ Saved → RBQ | Pelota | Row 37
✅ Saved → RBQ | Pelota | Row 38
✅ Saved → RBQ | Pelota | Row 40
✅ Saved → RBQ | Pelota | Row 41
✅ Saved → RBQ | Pelota | Row 42
✅ Saved → RBQ | Pelota | Row 43
✅ Saved → RBQ | Pelota | Row 44
✅ Saved → RBQ | Pelota | Row 45
✅ Saved → RBQ | Pelota | Row 46
✅ Saved → RBQ | Pelota | Row 47
✅ Saved → RBQ | Pelota | Row 48
✅ Saved → RBQ | Pelota | Row 49
✅ Saved → RBQ | Pelota | Row 50
✅ Saved → RBQ | Pelota | Row 51
✅ Saved → RBQ | Pelota | Row 52
✅ Saved → RBQ | Pelota | Row 53
✅ Saved → RBQ | Pelota | Row 54
✅ Saved → RBQ | Pelota | Row 55
✅ Saved → RBQ | Pelota | Row 56
✅ Saved → RBQ | Pelota | Row 57
✅ Saved → RBQ | Pelota | Row 58
✅ Saved → RBQ | Pelota | Row 59
✅ Saved → RBQ | Pelota | Row 60
✅ Saved → RBQ | Pelota | Row 61
✅ Saved → RBQ | Pelota | Row 62
✅ Saved → RBQ | Pelota | Row 63
✅ Saved → RBQ | Pelota | Row 64
✅ Saved → RBQ | Pelota | Row 65
✅ Saved → RBQ | Pelota | Row 66
✅ Saved → RBQ | Pelota | Row 67
✅ Saved → RBQ | Pelota | Row 68
✅ Saved → RBQ | Pelota | Row 69
✅ Saved → RBQ | Pelota | Row 70
✅ Saved → RBQ | Pelota | Row 71
✅ Saved → RBQ | Pelota | Row 72
✅ Saved → RBQ | Pelota | Row 73
✅ Saved → RBQ | Pelota | Row 74
✅ Saved → RBQ | Pelota | Row 75
✅ Saved → RBQ | Pelota | Row 76
✅ Saved → RBQ | Pelota | Row 77
✅ Saved → RBQ | Pelota | Row 79
✅ Saved → RBQ | Pelota | Row 80
✅ Saved → RBQ | Pelota | Row 82
✅ Saved → RBQ | Pelota | Row 83
✅ Saved → RBQ | Pelota | Row 84
✅ Saved → RBQ | Pelota | Row 86
✅ Saved → RBQ | Pelota | Row 88
✅ Saved → RBQ | Pelota | Row 89
✅ Saved → RBQ | Pelota | Row 94
✅ Saved → RBQ | Pelota | Row 99
✅ Saved → RBQ | Pelota | Row 106
✅ Saved → RBQ | Pelota | Row 113
✅ Saved → RBQ | Pelota | Row 114
✅ Saved → RBQ | Pelota | Row 120
✅ Saved → RBQ | Pelota | Row 146
✅ Saved → RBQ | Gouren | Row 0
✅ Saved → RBQ | Gouren | Row 1
✅ Saved → RBQ | Gouren | Row 2
✅ Saved → RBQ | Gouren | Row 3
✅ Saved → RBQ | Gouren | Row 4
✅ Saved → RBQ | Gouren | Row 5
✅ Saved → RBQ | Gouren | Row 6
✅ Saved → RBQ | Gouren | Row 7
✅ Saved → RBQ | Gouren | Row 8
✅ Saved → RBQ | Gouren | Row 9
✅ Saved → RBQ | Gouren | Row 10
✅ Saved → RBQ | Gouren | Row 11
✅ Saved → RBQ | Gouren | Row 12
✅ Saved → RBQ | Gouren | Row 13
✅ Saved → RBQ | Gouren | Row 14
✅ Saved → RBQ | Gouren | Row 15
✅ Saved → RBQ | Gouren | Row 16
✅ Saved → RBQ | Gouren | Row 17
✅ Saved → RBQ | Gouren | Row 18
✅ Saved → RBQ | Gouren | Row 19
✅ Saved → RBQ | Gouren | Row 20
Failed to decode JSON from model: {
  "score": 0,
  "mistake": "The term 'Kein' is not a recognized term in any major sport. It appears to be a misspelling or misrepresentation of 'K.O.' (knockout) or possibly 'Golden Goal' (but 'Kein' is not French for any such concept). The correct term intended is likely 'But' (as in 'but de la prolongation') or more plausibly 'But d\'or' (golden goal), but 'Kein' is nonsensical. Additionally, the correct answer description matches the 'golden goal' rule, which was used in some sports (e.g., soccer) to end extra time when a goal was scored, not 'un avantage accordé à la fin' without scoring. The phrasing is inaccurate and misleading. The term 'Kein' must be corrected to reflect the actual concept.",
  "improved_question": "Qu'est-ce qu'un but d'or ?",
  "improved_options": [
    "A) Le lancer gagnant",
    "B) Une faute",
    "C) Un but marqué en prolongation qui met fin immédiatement au match",
    "D) Un avertissement"
  ],
  "correct_answer": "C) Un but marqué en prolongation qui met fin immédiatement au match"
}
✅ Saved → RBQ | Gouren | Row 21
✅ Saved → RBQ | Gouren | Row 22
✅ Saved → RBQ | Gouren | Row 23
✅ Saved → RBQ | Gouren | Row 24
✅ Saved → RBQ | Gouren | Row 25
✅ Saved → RBQ | Gouren | Row 26
✅ Saved → RBQ | Gouren | Row 27
✅ Saved → RBQ | Gouren | Row 28
✅ Saved → RBQ | Gouren | Row 29
✅ Saved → RBQ | Gouren | Row 30
✅ Saved → RBQ | Gouren | Row 31
✅ Saved → RBQ | Gouren | Row 32
✅ Saved → RBQ | Gouren | Row 33
✅ Saved → RBQ | Gouren | Row 34
✅ Saved → RBQ | Gouren | Row 35
✅ Saved → RBQ | Gouren | Row 36
✅ Saved → RBQ | Gouren | Row 37
✅ Saved → RBQ | Gouren | Row 38
✅ Saved → RBQ | Gouren | Row 39
✅ Saved → RBQ | Gouren | Row 40
✅ Saved → RBQ | Gouren | Row 41
✅ Saved → RBQ | Gouren | Row 42
✅ Saved → RBQ | Gouren | Row 43
✅ Saved → RBQ | Gouren | Row 44
✅ Saved → RBQ | Gouren | Row 45
✅ Saved → RBQ | Gouren | Row 46
✅ Saved → RBQ | Gouren | Row 47
✅ Saved → RBQ | Gouren | Row 48
✅ Saved → RBQ | Gouren | Row 49
✅ Saved → RBQ | Gouren | Row 50
✅ Saved → RBQ | Gouren | Row 51
✅ Saved → RBQ | Gouren | Row 52
✅ Saved → RBQ | Gouren | Row 53
✅ Saved → RBQ | Gouren | Row 54
✅ Saved → RBQ | Gouren | Row 55
✅ Saved → RBQ | Gouren | Row 56
✅ Saved → RBQ | Gouren | Row 57
✅ Saved → RBQ | Gouren | Row 58
✅ Saved → RBQ | Gouren | Row 59
✅ Saved → RBQ | Gouren | Row 60
✅ Saved → RBQ | Gouren | Row 61
✅ Saved → RBQ | Gouren | Row 62
✅ Saved → RBQ | Gouren | Row 63
✅ Saved → RBQ | Gouren | Row 64
✅ Saved → RBQ | Gouren | Row 65
✅ Saved → RBQ | Gouren | Row 66
✅ Saved → RBQ | Gouren | Row 67
✅ Saved → RBQ | Gouren | Row 68
✅ Saved → RBQ | Gouren | Row 69
✅ Saved → RBQ | Gouren | Row 70
✅ Saved → RBQ | Gouren | Row 72
✅ Saved → RBQ | Gouren | Row 73
✅ Saved → RBQ | Gouren | Row 74
✅ Saved → RBQ | Gouren | Row 75
✅ Saved → RBQ | Gouren | Row 76
✅ Saved → RBQ | Gouren | Row 77
✅ Saved → RBQ | Gouren | Row 78
✅ Saved → RBQ | Gouren | Row 80
✅ Saved → RBQ | Gouren | Row 81
✅ Saved → RBQ | Gouren | Row 82
✅ Saved → RBQ | Gouren | Row 83
✅ Saved → RBQ | Gouren | Row 84
✅ Saved → RBQ | Gouren | Row 99
✅ Saved → RBQ | Gouren | Row 127
✅ Saved → RBQ | Gouren | Row 128
✅ Saved → RBQ | Gouren | Row 129
✅ Saved → RBQ | Gouren | Row 130
✅ Saved → RBQ | Gouren | Row 131
✅ Saved → RBQ | Gouren | Row 132
✅ Saved → RBQ | Gouren | Row 133
✅ Saved → RBQ | Gouren | Row 134
✅ Saved → RBQ | Gouren | Row 135
✅ Saved → RBQ | Gouren | Row 136
✅ Saved → RBQ | Gouren | Row 138
✅ Saved → RBQ | Gouren | Row 139
✅ Saved → RBQ | Gouren | Row 140
✅ Saved → RBQ | Camarague | Row 0
✅ Saved → RBQ | Camarague | Row 1
✅ Saved → RBQ | Camarague | Row 2
✅ Saved → RBQ | Camarague | Row 3
✅ Saved → RBQ | Camarague | Row 4
✅ Saved → RBQ | Camarague | Row 5
✅ Saved → RBQ | Camarague | Row 6
✅ Saved → RBQ | Camarague | Row 7
✅ Saved → RBQ | Camarague | Row 8
✅ Saved → RBQ | Camarague | Row 9
✅ Saved → RBQ | Camarague | Row 10
✅ Saved → RBQ | Camarague | Row 11
✅ Saved → RBQ | Camarague | Row 12
✅ Saved → RBQ | Camarague | Row 13
✅ Saved → RBQ | Camarague | Row 14
✅ Saved → RBQ | Camarague | Row 15
✅ Saved → RBQ | Camarague | Row 16
✅ Saved → RBQ | Camarague | Row 17
✅ Saved → RBQ | Camarague | Row 18
✅ Saved → RBQ | Camarague | Row 19
✅ Saved → RBQ | Camarague | Row 20
✅ Saved → RBQ | Camarague | Row 21
✅ Saved → RBQ | Camarague | Row 22
✅ Saved → RBQ | Camarague | Row 23
✅ Saved → RBQ | Camarague | Row 24
✅ Saved → RBQ | Camarague | Row 25
✅ Saved → RBQ | Camarague | Row 26
✅ Saved → RBQ | Camarague | Row 27
✅ Saved → RBQ | Camarague | Row 28
✅ Saved → RBQ | Camarague | Row 29
✅ Saved → RBQ | Camarague | Row 30
✅ Saved → RBQ | Camarague | Row 31
✅ Saved → RBQ | Camarague | Row 32
✅ Saved → RBQ | Camarague | Row 33
✅ Saved → RBQ | Camarague | Row 34
✅ Saved → RBQ | Camarague | Row 35
✅ Saved → RBQ | Camarague | Row 36
✅ Saved → RBQ | Camarague | Row 37
✅ Saved → RBQ | Camarague | Row 38
✅ Saved → RBQ | Camarague | Row 39
✅ Saved → RBQ | Camarague | Row 40
✅ Saved → RBQ | Camarague | Row 41
✅ Saved → RBQ | Camarague | Row 42
✅ Saved → RBQ | Camarague | Row 43
✅ Saved → RBQ | Camarague | Row 44
✅ Saved → RBQ | Camarague | Row 45
✅ Saved → RBQ | Camarague | Row 46
✅ Saved → RBQ | Camarague | Row 47
✅ Saved → RBQ | Camarague | Row 48
✅ Saved → RBQ | Camarague | Row 49
✅ Saved → RBQ | Camarague | Row 50
✅ Saved → RBQ | Camarague | Row 51
✅ Saved → RBQ | Camarague | Row 52
✅ Saved → RBQ | Camarague | Row 53
✅ Saved → RBQ | Camarague | Row 54
✅ Saved → RBQ | Camarague | Row 55
✅ Saved → RBQ | Camarague | Row 56
✅ Saved → RBQ | Camarague | Row 57
✅ Saved → RBQ | Camarague | Row 58
✅ Saved → RBQ | Camarague | Row 59
✅ Saved → RBQ | Camarague | Row 60
✅ Saved → RBQ | Camarague | Row 61
✅ Saved → RBQ | Camarague | Row 62
✅ Saved → RBQ | Camarague | Row 63
✅ Saved → RBQ | Camarague | Row 64
✅ Saved → RBQ | Camarague | Row 65
✅ Saved → RBQ | Camarague | Row 66
✅ Saved → RBQ | Camarague | Row 67
✅ Saved → RBQ | Camarague | Row 68
✅ Saved → RBQ | Camarague | Row 69
✅ Saved → RBQ | Camarague | Row 70
✅ Saved → RBQ | Camarague | Row 71
✅ Saved → RBQ | Camarague | Row 72
✅ Saved → RBQ | Camarague | Row 73
✅ Saved → RBQ | Camarague | Row 74
✅ Saved → RBQ | Camarague | Row 80
✅ Saved → RBQ | Camarague | Row 81
✅ Saved → RBQ | Camarague | Row 82
✅ Saved → RBQ | Camarague | Row 83
✅ Saved → RBQ | Camarague | Row 84
✅ Saved → RBQ | Camarague | Row 85
✅ Saved → RBQ | Camarague | Row 87
✅ Saved → RBQ | Camarague | Row 88
✅ Saved → RBQ | Camarague | Row 98
✅ Saved → RBQ | Camarague | Row 111
✅ Saved → RBQ | Camarague | Row 113

✅ COMPLETE!
📄 Live-updating CSV: /DATA/rohan_kirti/country/france/RBQ/Results_RBQ.csv
Ended at: 21:10:50
Total Duration: 0:30:40.895717
✅ Successfully created '/DATA/rohan_kirti/country/france/RBQ/Results_RBQ.xlsx'
