Started at: 09:50:13

📌 Processing: /DATA/rohan_kirti/country/sudan/SBQ/Sudan_SBQ.xlsx
✅ Saved → SBQ | Camel_Racing | Row 0
✅ Saved → SBQ | Camel_Racing | Row 1
✅ Saved → SBQ | Camel_Racing | Row 2
✅ Saved → SBQ | Camel_Racing | Row 3
✅ Saved → SBQ | Camel_Racing | Row 4
✅ Saved → SBQ | Camel_Racing | Row 5
✅ Saved → SBQ | Camel_Racing | Row 6
✅ Saved → SBQ | Camel_Racing | Row 7
✅ Saved → SBQ | Camel_Racing | Row 8
✅ Saved → SBQ | Camel_Racing | Row 9
✅ Saved → SBQ | Camel_Racing | Row 10
✅ Saved → SBQ | Camel_Racing | Row 11
✅ Saved → SBQ | Camel_Racing | Row 12
✅ Saved → SBQ | Camel_Racing | Row 13
✅ Saved → SBQ | Camel_Racing | Row 14
✅ Saved → SBQ | Camel_Racing | Row 15
✅ Saved → SBQ | Camel_Racing | Row 16
✅ Saved → SBQ | Camel_Racing | Row 17
✅ Saved → SBQ | Camel_Racing | Row 18
✅ Saved → SBQ | Camel_Racing | Row 19
✅ Saved → SBQ | Camel_Racing | Row 20
✅ Saved → SBQ | Camel_Racing | Row 21
✅ Saved → SBQ | Camel_Racing | Row 22
✅ Saved → SBQ | Camel_Racing | Row 23
✅ Saved → SBQ | Camel_Racing | Row 24
✅ Saved → SBQ | Camel_Racing | Row 25
✅ Saved → SBQ | Camel_Racing | Row 26
✅ Saved → SBQ | Camel_Racing | Row 27
✅ Saved → SBQ | Camel_Racing | Row 28
✅ Saved → SBQ | Camel_Racing | Row 29
✅ Saved → SBQ | Camel_Racing | Row 30
✅ Saved → SBQ | Camel_Racing | Row 31
✅ Saved → SBQ | Camel_Racing | Row 32
✅ Saved → SBQ | Camel_Racing | Row 33
✅ Saved → SBQ | Camel_Racing | Row 34
✅ Saved → SBQ | Camel_Racing | Row 35
✅ Saved → SBQ | Camel_Racing | Row 36
✅ Saved → SBQ | Camel_Racing | Row 37
✅ Saved → SBQ | Camel_Racing | Row 38
✅ Saved → SBQ | Camel_Racing | Row 39
✅ Saved → SBQ | Camel_Racing | Row 40
✅ Saved → SBQ | Camel_Racing | Row 41
✅ Saved → SBQ | Camel_Racing | Row 42
✅ Saved → SBQ | Camel_Racing | Row 43
✅ Saved → SBQ | Camel_Racing | Row 44
✅ Saved → SBQ | Camel_Racing | Row 45
✅ Saved → SBQ | Camel_Racing | Row 46
✅ Saved → SBQ | Camel_Racing | Row 47
✅ Saved → SBQ | Camel_Racing | Row 48
✅ Saved → SBQ | Camel_Racing | Row 49
✅ Saved → SBQ | Camel_Racing | Row 50
✅ Saved → SBQ | Camel_Racing | Row 51
✅ Saved → SBQ | Camel_Racing | Row 52
✅ Saved → SBQ | Camel_Racing | Row 53
✅ Saved → SBQ | Camel_Racing | Row 54
✅ Saved → SBQ | Camel_Racing | Row 55
✅ Saved → SBQ | Camel_Racing | Row 56
✅ Saved → SBQ | Camel_Racing | Row 57
✅ Saved → SBQ | Camel_Racing | Row 58
✅ Saved → SBQ | Camel_Racing | Row 59
✅ Saved → SBQ | Camel_Racing | Row 60
✅ Saved → SBQ | Camel_Racing | Row 61
✅ Saved → SBQ | Camel_Racing | Row 62
✅ Saved → SBQ | Camel_Racing | Row 63
✅ Saved → SBQ | Camel_Racing | Row 64
✅ Saved → SBQ | Camel_Racing | Row 65
✅ Saved → SBQ | Camel_Racing | Row 66
✅ Saved → SBQ | Camel_Racing | Row 67
✅ Saved → SBQ | Camel_Racing | Row 68
✅ Saved → SBQ | Camel_Racing | Row 69
✅ Saved → SBQ | Camel_Racing | Row 70
✅ Saved → SBQ | Camel_Racing | Row 71
✅ Saved → SBQ | Camel_Racing | Row 72
✅ Saved → SBQ | Camel_Racing | Row 73
✅ Saved → SBQ | Camel_Racing | Row 74
✅ Saved → SBQ | Camel_Racing | Row 76
✅ Saved → SBQ | Camel_Racing | Row 77
✅ Saved → SBQ | Camel_Racing | Row 78
✅ Saved → SBQ | Camel_Racing | Row 79
✅ Saved → SBQ | Camel_Racing | Row 80
✅ Saved → SBQ | Camel_Racing | Row 81
✅ Saved → SBQ | Camel_Racing | Row 82
✅ Saved → SBQ | Camel_Racing | Row 83
✅ Saved → SBQ | Camel_Racing | Row 84
✅ Saved → SBQ | Camel_Racing | Row 85
✅ Saved → SBQ | Camel_Racing | Row 86
✅ Saved → SBQ | Camel_Racing | Row 87
✅ Saved → SBQ | Camel_Racing | Row 88
✅ Saved → SBQ | Camel_Racing | Row 89
✅ Saved → SBQ | Camel_Racing | Row 90
✅ Saved → SBQ | Camel_Racing | Row 91
✅ Saved → SBQ | Camel_Racing | Row 92
✅ Saved → SBQ | Camel_Racing | Row 93
✅ Saved → SBQ | Camel_Racing | Row 94
✅ Saved → SBQ | Camel_Racing | Row 95
✅ Saved → SBQ | Camel_Racing | Row 96
✅ Saved → SBQ | Camel_Racing | Row 97
✅ Saved → SBQ | Camel_Racing | Row 98
✅ Saved → SBQ | Camel_Racing | Row 99
✅ Saved → SBQ | Camel_Racing | Row 100
✅ Saved → SBQ | Camel_Racing | Row 101
✅ Saved → SBQ | Camel_Racing | Row 102
✅ Saved → SBQ | Camel_Racing | Row 103
✅ Saved → SBQ | Camel_Racing | Row 104
✅ Saved → SBQ | Camel_Racing | Row 105
✅ Saved → SBQ | Camel_Racing | Row 106
✅ Saved → SBQ | Camel_Racing | Row 107
✅ Saved → SBQ | Camel_Racing | Row 108
✅ Saved → SBQ | Camel_Racing | Row 109
✅ Saved → SBQ | Camel_Racing | Row 110
✅ Saved → SBQ | Camel_Racing | Row 111
✅ Saved → SBQ | Camel_Racing | Row 112
✅ Saved → SBQ | Camel_Racing | Row 113
✅ Saved → SBQ | Camel_Racing | Row 114
✅ Saved → SBQ | Camel_Racing | Row 115
✅ Saved → SBQ | Camel_Racing | Row 116
✅ Saved → SBQ | Camel_Racing | Row 117
✅ Saved → SBQ | Camel_Racing | Row 118
✅ Saved → SBQ | Camel_Racing | Row 119
✅ Saved → SBQ | Camel_Racing | Row 120
✅ Saved → SBQ | Nuba_Wrestling | Row 0
✅ Saved → SBQ | Nuba_Wrestling | Row 1
✅ Saved → SBQ | Nuba_Wrestling | Row 2
✅ Saved → SBQ | Nuba_Wrestling | Row 3
✅ Saved → SBQ | Nuba_Wrestling | Row 4
✅ Saved → SBQ | Nuba_Wrestling | Row 5
✅ Saved → SBQ | Nuba_Wrestling | Row 6
✅ Saved → SBQ | Nuba_Wrestling | Row 7
✅ Saved → SBQ | Nuba_Wrestling | Row 8
✅ Saved → SBQ | Nuba_Wrestling | Row 9
✅ Saved → SBQ | Nuba_Wrestling | Row 10
✅ Saved → SBQ | Nuba_Wrestling | Row 11
✅ Saved → SBQ | Nuba_Wrestling | Row 12
✅ Saved → SBQ | Nuba_Wrestling | Row 13
✅ Saved → SBQ | Nuba_Wrestling | Row 14
✅ Saved → SBQ | Nuba_Wrestling | Row 15
✅ Saved → SBQ | Nuba_Wrestling | Row 16
✅ Saved → SBQ | Nuba_Wrestling | Row 17
✅ Saved → SBQ | Nuba_Wrestling | Row 18
✅ Saved → SBQ | Nuba_Wrestling | Row 19
✅ Saved → SBQ | Nuba_Wrestling | Row 20
✅ Saved → SBQ | Nuba_Wrestling | Row 21
✅ Saved → SBQ | Nuba_Wrestling | Row 22
✅ Saved → SBQ | Nuba_Wrestling | Row 23
✅ Saved → SBQ | Nuba_Wrestling | Row 24
✅ Saved → SBQ | Nuba_Wrestling | Row 25
✅ Saved → SBQ | Nuba_Wrestling | Row 26
✅ Saved → SBQ | Nuba_Wrestling | Row 27
✅ Saved → SBQ | Nuba_Wrestling | Row 28
✅ Saved → SBQ | Nuba_Wrestling | Row 29
✅ Saved → SBQ | Nuba_Wrestling | Row 30
✅ Saved → SBQ | Nuba_Wrestling | Row 31
✅ Saved → SBQ | Nuba_Wrestling | Row 32
✅ Saved → SBQ | Nuba_Wrestling | Row 33
✅ Saved → SBQ | Nuba_Wrestling | Row 34
✅ Saved → SBQ | Nuba_Wrestling | Row 35
✅ Saved → SBQ | Nuba_Wrestling | Row 36
✅ Saved → SBQ | Nuba_Wrestling | Row 37
✅ Saved → SBQ | Nuba_Wrestling | Row 38
✅ Saved → SBQ | Nuba_Wrestling | Row 39
✅ Saved → SBQ | Nuba_Wrestling | Row 40
✅ Saved → SBQ | Nuba_Wrestling | Row 41
✅ Saved → SBQ | Nuba_Wrestling | Row 42
✅ Saved → SBQ | Nuba_Wrestling | Row 43
✅ Saved → SBQ | Nuba_Wrestling | Row 44
✅ Saved → SBQ | Nuba_Wrestling | Row 45
✅ Saved → SBQ | Nuba_Wrestling | Row 46
✅ Saved → SBQ | Nuba_Wrestling | Row 47
✅ Saved → SBQ | Nuba_Wrestling | Row 48
✅ Saved → SBQ | Nuba_Wrestling | Row 49
✅ Saved → SBQ | Nuba_Wrestling | Row 50
✅ Saved → SBQ | Nuba_Wrestling | Row 51
✅ Saved → SBQ | Nuba_Wrestling | Row 52
✅ Saved → SBQ | Nuba_Wrestling | Row 53
✅ Saved → SBQ | Nuba_Wrestling | Row 54
✅ Saved → SBQ | Nuba_Wrestling | Row 55
✅ Saved → SBQ | Nuba_Wrestling | Row 56
✅ Saved → SBQ | Nuba_Wrestling | Row 57
✅ Saved → SBQ | Nuba_Wrestling | Row 58
✅ Saved → SBQ | Nuba_Wrestling | Row 59
✅ Saved → SBQ | Nuba_Wrestling | Row 60
✅ Saved → SBQ | Nuba_Wrestling | Row 61
✅ Saved → SBQ | Nuba_Wrestling | Row 62
✅ Saved → SBQ | Nuba_Wrestling | Row 63
✅ Saved → SBQ | Nuba_Wrestling | Row 64
✅ Saved → SBQ | Nuba_Wrestling | Row 65
✅ Saved → SBQ | Nuba_Wrestling | Row 66
✅ Saved → SBQ | Nuba_Wrestling | Row 67
✅ Saved → SBQ | Nuba_Wrestling | Row 68
✅ Saved → SBQ | Nuba_Wrestling | Row 69
✅ Saved → SBQ | Nuba_Wrestling | Row 70
✅ Saved → SBQ | Nuba_Wrestling | Row 71
✅ Saved → SBQ | Nuba_Wrestling | Row 72
✅ Saved → SBQ | Nuba_Wrestling | Row 73
✅ Saved → SBQ | Nuba_Wrestling | Row 74
✅ Saved → SBQ | Nuba_Wrestling | Row 75
✅ Saved → SBQ | Nuba_Wrestling | Row 76
✅ Saved → SBQ | Nuba_Wrestling | Row 77
✅ Saved → SBQ | Nuba_Wrestling | Row 78
✅ Saved → SBQ | Nuba_Wrestling | Row 79
✅ Saved → SBQ | Nuba_Wrestling | Row 80
✅ Saved → SBQ | Nuba_Wrestling | Row 81
✅ Saved → SBQ | Nuba_Wrestling | Row 82
✅ Saved → SBQ | Nuba_Wrestling | Row 83
✅ Saved → SBQ | Nuba_Wrestling | Row 84
✅ Saved → SBQ | Nuba_Wrestling | Row 85
✅ Saved → SBQ | Nuba_Wrestling | Row 86
✅ Saved → SBQ | Nuba_Wrestling | Row 87
✅ Saved → SBQ | Nuba_Wrestling | Row 88
✅ Saved → SBQ | Nuba_Wrestling | Row 89
✅ Saved → SBQ | Nuba_Wrestling | Row 90
✅ Saved → SBQ | Nuba_Wrestling | Row 91
✅ Saved → SBQ | Nuba_Wrestling | Row 92
✅ Saved → SBQ | Nuba_Wrestling | Row 93
✅ Saved → SBQ | Nuba_Wrestling | Row 94
✅ Saved → SBQ | Nuba_Wrestling | Row 95
✅ Saved → SBQ | Nuba_Wrestling | Row 96
✅ Saved → SBQ | Nuba_Wrestling | Row 97
✅ Saved → SBQ | Nuba_Wrestling | Row 98
✅ Saved → SBQ | Nuba_Wrestling | Row 99
✅ Saved → SBQ | Nuba_Wrestling | Row 100
✅ Saved → SBQ | Nuba_Wrestling | Row 101
✅ Saved → SBQ | Nuba_Wrestling | Row 102
✅ Saved → SBQ | Nuba_Wrestling | Row 103
✅ Saved → SBQ | Nuba_Wrestling | Row 104
✅ Saved → SBQ | Nuba_Wrestling | Row 105
✅ Saved → SBQ | Nuba_Wrestling | Row 106
✅ Saved → SBQ | Nuba_Wrestling | Row 107
✅ Saved → SBQ | Nuba_Wrestling | Row 108
✅ Saved → SBQ | Nuba_Wrestling | Row 109
✅ Saved → SBQ | Nuba_Wrestling | Row 110
✅ Saved → SBQ | Nuba_Wrestling | Row 111
✅ Saved → SBQ | Nuba_Wrestling | Row 112
✅ Saved → SBQ | Nuba_Wrestling | Row 113
✅ Saved → SBQ | Nuba_Wrestling | Row 114
✅ Saved → SBQ | Nuba_Wrestling | Row 115
✅ Saved → SBQ | Nuba_Wrestling | Row 116
✅ Saved → SBQ | Nuba_Wrestling | Row 117
✅ Saved → SBQ | Nuba_Wrestling | Row 118
✅ Saved → SBQ | Nuba_Wrestling | Row 119
✅ Saved → SBQ | Nuba_Wrestling | Row 120
✅ Saved → SBQ | Nuba_Wrestling | Row 121
✅ Saved → SBQ | Nuba_Wrestling | Row 122
✅ Saved → SBQ | Nuba_Wrestling | Row 123
✅ Saved → SBQ | Nuba_Wrestling | Row 124
✅ Saved → SBQ | Nuba_Wrestling | Row 125
✅ Saved → SBQ | Nuba_Wrestling | Row 126
✅ Saved → SBQ | Nuba_Wrestling | Row 127
✅ Saved → SBQ | Nuba_Wrestling | Row 128
✅ Saved → SBQ | Nuba_Wrestling | Row 129
✅ Saved → SBQ | Nuba_Wrestling | Row 130
✅ Saved → SBQ | Nuba_Wrestling | Row 131
✅ Saved → SBQ | Nuba_Wrestling | Row 132
✅ Saved → SBQ | Nuba_Wrestling | Row 133
✅ Saved → SBQ | Nuba_Wrestling | Row 134
✅ Saved → SBQ | Nuba_Wrestling | Row 135
✅ Saved → SBQ | Nuba_Wrestling | Row 136
✅ Saved → SBQ | Nuba_Wrestling | Row 137
✅ Saved → SBQ | Nuba_Wrestling | Row 138
✅ Saved → SBQ | Nuba_Wrestling | Row 139
✅ Saved → SBQ | Nuba_Wrestling | Row 140
✅ Saved → SBQ | Nuba_Wrestling | Row 141
✅ Saved → SBQ | Nuba_Wrestling | Row 142
✅ Saved → SBQ | Nuba_Wrestling | Row 143
✅ Saved → SBQ | Nuba_Wrestling | Row 144
✅ Saved → SBQ | Nuba_Wrestling | Row 145
✅ Saved → SBQ | Nuba_Wrestling | Row 146
✅ Saved → SBQ | Nuba_Wrestling | Row 147
✅ Saved → SBQ | Nuba_Wrestling | Row 148
✅ Saved → SBQ | Horse_Racing | Row 0
✅ Saved → SBQ | Horse_Racing | Row 1
✅ Saved → SBQ | Horse_Racing | Row 2
✅ Saved → SBQ | Horse_Racing | Row 3
✅ Saved → SBQ | Horse_Racing | Row 4
✅ Saved → SBQ | Horse_Racing | Row 5
✅ Saved → SBQ | Horse_Racing | Row 6
✅ Saved → SBQ | Horse_Racing | Row 7
✅ Saved → SBQ | Horse_Racing | Row 8
✅ Saved → SBQ | Horse_Racing | Row 9
✅ Saved → SBQ | Horse_Racing | Row 10
✅ Saved → SBQ | Horse_Racing | Row 11
✅ Saved → SBQ | Horse_Racing | Row 12
✅ Saved → SBQ | Horse_Racing | Row 13
✅ Saved → SBQ | Horse_Racing | Row 14
✅ Saved → SBQ | Horse_Racing | Row 15
✅ Saved → SBQ | Horse_Racing | Row 16
✅ Saved → SBQ | Horse_Racing | Row 17
✅ Saved → SBQ | Horse_Racing | Row 18
✅ Saved → SBQ | Horse_Racing | Row 19
✅ Saved → SBQ | Horse_Racing | Row 20
✅ Saved → SBQ | Horse_Racing | Row 21
✅ Saved → SBQ | Horse_Racing | Row 22
✅ Saved → SBQ | Horse_Racing | Row 23
✅ Saved → SBQ | Horse_Racing | Row 24
✅ Saved → SBQ | Horse_Racing | Row 25
✅ Saved → SBQ | Horse_Racing | Row 26
✅ Saved → SBQ | Horse_Racing | Row 27
✅ Saved → SBQ | Horse_Racing | Row 28
✅ Saved → SBQ | Horse_Racing | Row 29
✅ Saved → SBQ | Horse_Racing | Row 30
✅ Saved → SBQ | Horse_Racing | Row 31
✅ Saved → SBQ | Horse_Racing | Row 32
✅ Saved → SBQ | Horse_Racing | Row 33
✅ Saved → SBQ | Horse_Racing | Row 34
✅ Saved → SBQ | Horse_Racing | Row 35
✅ Saved → SBQ | Horse_Racing | Row 36
✅ Saved → SBQ | Horse_Racing | Row 37
✅ Saved → SBQ | Horse_Racing | Row 38
✅ Saved → SBQ | Horse_Racing | Row 39
✅ Saved → SBQ | Horse_Racing | Row 40
✅ Saved → SBQ | Horse_Racing | Row 41
✅ Saved → SBQ | Horse_Racing | Row 42
✅ Saved → SBQ | Horse_Racing | Row 43
✅ Saved → SBQ | Horse_Racing | Row 44
✅ Saved → SBQ | Horse_Racing | Row 45
✅ Saved → SBQ | Horse_Racing | Row 46
✅ Saved → SBQ | Horse_Racing | Row 47
✅ Saved → SBQ | Horse_Racing | Row 48
✅ Saved → SBQ | Horse_Racing | Row 49
✅ Saved → SBQ | Horse_Racing | Row 50
✅ Saved → SBQ | Horse_Racing | Row 51
✅ Saved → SBQ | Horse_Racing | Row 52
✅ Saved → SBQ | Horse_Racing | Row 53
✅ Saved → SBQ | Horse_Racing | Row 54
✅ Saved → SBQ | Horse_Racing | Row 55
✅ Saved → SBQ | Horse_Racing | Row 56
✅ Saved → SBQ | Horse_Racing | Row 57
✅ Saved → SBQ | Horse_Racing | Row 58
✅ Saved → SBQ | Horse_Racing | Row 59
✅ Saved → SBQ | Horse_Racing | Row 60
✅ Saved → SBQ | Horse_Racing | Row 61
✅ Saved → SBQ | Horse_Racing | Row 62
✅ Saved → SBQ | Horse_Racing | Row 63
✅ Saved → SBQ | Horse_Racing | Row 64
✅ Saved → SBQ | Horse_Racing | Row 65
✅ Saved → SBQ | Horse_Racing | Row 66
✅ Saved → SBQ | Horse_Racing | Row 67
✅ Saved → SBQ | Horse_Racing | Row 68
✅ Saved → SBQ | Horse_Racing | Row 69
✅ Saved → SBQ | Horse_Racing | Row 70
✅ Saved → SBQ | Horse_Racing | Row 71
✅ Saved → SBQ | Horse_Racing | Row 72
✅ Saved → SBQ | Horse_Racing | Row 73
✅ Saved → SBQ | Horse_Racing | Row 74
✅ Saved → SBQ | Horse_Racing | Row 75
✅ Saved → SBQ | Horse_Racing | Row 76
✅ Saved → SBQ | Horse_Racing | Row 77
✅ Saved → SBQ | Horse_Racing | Row 78
✅ Saved → SBQ | Horse_Racing | Row 79
✅ Saved → SBQ | Horse_Racing | Row 80
✅ Saved → SBQ | Horse_Racing | Row 81
✅ Saved → SBQ | Horse_Racing | Row 82
✅ Saved → SBQ | Horse_Racing | Row 83
✅ Saved → SBQ | Horse_Racing | Row 84
✅ Saved → SBQ | Horse_Racing | Row 85
✅ Saved → SBQ | Horse_Racing | Row 86
✅ Saved → SBQ | Horse_Racing | Row 87
✅ Saved → SBQ | Horse_Racing | Row 88
✅ Saved → SBQ | Horse_Racing | Row 89
✅ Saved → SBQ | Horse_Racing | Row 90
✅ Saved → SBQ | Horse_Racing | Row 91
✅ Saved → SBQ | Horse_Racing | Row 92
✅ Saved → SBQ | Horse_Racing | Row 93
✅ Saved → SBQ | Horse_Racing | Row 94
✅ Saved → SBQ | Horse_Racing | Row 95
✅ Saved → SBQ | Horse_Racing | Row 96
✅ Saved → SBQ | Horse_Racing | Row 97
✅ Saved → SBQ | Horse_Racing | Row 98
✅ Saved → SBQ | Horse_Racing | Row 99
✅ Saved → SBQ | Horse_Racing | Row 100
✅ Saved → SBQ | Horse_Racing | Row 101
✅ Saved → SBQ | Horse_Racing | Row 102
✅ Saved → SBQ | Horse_Racing | Row 103
✅ Saved → SBQ | Horse_Racing | Row 104
✅ Saved → SBQ | Horse_Racing | Row 105
✅ Saved → SBQ | Horse_Racing | Row 106
✅ Saved → SBQ | Horse_Racing | Row 107
✅ Saved → SBQ | Horse_Racing | Row 108
✅ Saved → SBQ | Horse_Racing | Row 109
✅ Saved → SBQ | Horse_Racing | Row 110
✅ Saved → SBQ | Horse_Racing | Row 111
✅ Saved → SBQ | Horse_Racing | Row 112
✅ Saved → SBQ | Horse_Racing | Row 113
✅ Saved → SBQ | Horse_Racing | Row 114
✅ Saved → SBQ | Horse_Racing | Row 115
✅ Saved → SBQ | Horse_Racing | Row 116
✅ Saved → SBQ | Horse_Racing | Row 117
✅ Saved → SBQ | Horse_Racing | Row 118
✅ Saved → SBQ | Horse_Racing | Row 119
✅ Saved → SBQ | Horse_Racing | Row 120
✅ Saved → SBQ | Horse_Racing | Row 121
✅ Saved → SBQ | Horse_Racing | Row 122
✅ Saved → SBQ | Horse_Racing | Row 123
✅ Saved → SBQ | Horse_Racing | Row 124
✅ Saved → SBQ | Horse_Racing | Row 125
✅ Saved → SBQ | Horse_Racing | Row 126
✅ Saved → SBQ | Horse_Racing | Row 127
✅ Saved → SBQ | Horse_Racing | Row 128
✅ Saved → SBQ | Horse_Racing | Row 129
✅ Saved → SBQ | Horse_Racing | Row 130
✅ Saved → SBQ | Horse_Racing | Row 131
✅ Saved → SBQ | Horse_Racing | Row 132
✅ Saved → SBQ | Horse_Racing | Row 133
✅ Saved → SBQ | Horse_Racing | Row 134
✅ Saved → SBQ | Horse_Racing | Row 135
✅ Saved → SBQ | Horse_Racing | Row 136
✅ Saved → SBQ | Horse_Racing | Row 137
✅ Saved → SBQ | Horse_Racing | Row 138
✅ Saved → SBQ | Horse_Racing | Row 139
✅ Saved → SBQ | Horse_Racing | Row 140
✅ Saved → SBQ | Horse_Racing | Row 141
✅ Saved → SBQ | Horse_Racing | Row 142
✅ Saved → SBQ | Horse_Racing | Row 143
✅ Saved → SBQ | Cow_fighting | Row 0
✅ Saved → SBQ | Cow_fighting | Row 1
✅ Saved → SBQ | Cow_fighting | Row 2
✅ Saved → SBQ | Cow_fighting | Row 3
✅ Saved → SBQ | Cow_fighting | Row 4
✅ Saved → SBQ | Cow_fighting | Row 5
✅ Saved → SBQ | Cow_fighting | Row 6
✅ Saved → SBQ | Cow_fighting | Row 7
✅ Saved → SBQ | Cow_fighting | Row 8
✅ Saved → SBQ | Cow_fighting | Row 9
✅ Saved → SBQ | Cow_fighting | Row 10
✅ Saved → SBQ | Cow_fighting | Row 11
✅ Saved → SBQ | Cow_fighting | Row 12
✅ Saved → SBQ | Cow_fighting | Row 13
✅ Saved → SBQ | Cow_fighting | Row 14
✅ Saved → SBQ | Cow_fighting | Row 15
✅ Saved → SBQ | Cow_fighting | Row 16
✅ Saved → SBQ | Cow_fighting | Row 17
✅ Saved → SBQ | Cow_fighting | Row 18
✅ Saved → SBQ | Cow_fighting | Row 19
✅ Saved → SBQ | Cow_fighting | Row 20
✅ Saved → SBQ | Cow_fighting | Row 21
✅ Saved → SBQ | Cow_fighting | Row 22
✅ Saved → SBQ | Cow_fighting | Row 23
✅ Saved → SBQ | Cow_fighting | Row 24
✅ Saved → SBQ | Cow_fighting | Row 26
✅ Saved → SBQ | Cow_fighting | Row 27
✅ Saved → SBQ | Cow_fighting | Row 28
✅ Saved → SBQ | Cow_fighting | Row 29
✅ Saved → SBQ | Cow_fighting | Row 30
✅ Saved → SBQ | Cow_fighting | Row 31
✅ Saved → SBQ | Cow_fighting | Row 32
✅ Saved → SBQ | Cow_fighting | Row 33
✅ Saved → SBQ | Cow_fighting | Row 34
✅ Saved → SBQ | Cow_fighting | Row 35
✅ Saved → SBQ | Cow_fighting | Row 36
✅ Saved → SBQ | Cow_fighting | Row 37
✅ Saved → SBQ | Cow_fighting | Row 38
✅ Saved → SBQ | Cow_fighting | Row 39
✅ Saved → SBQ | Cow_fighting | Row 40
✅ Saved → SBQ | Cow_fighting | Row 41
✅ Saved → SBQ | Cow_fighting | Row 42
✅ Saved → SBQ | Cow_fighting | Row 43
✅ Saved → SBQ | Cow_fighting | Row 44
✅ Saved → SBQ | Cow_fighting | Row 45
✅ Saved → SBQ | Cow_fighting | Row 46
✅ Saved → SBQ | Cow_fighting | Row 47
✅ Saved → SBQ | Cow_fighting | Row 48
✅ Saved → SBQ | Cow_fighting | Row 49
✅ Saved → SBQ | Cow_fighting | Row 50
✅ Saved → SBQ | Cow_fighting | Row 51
✅ Saved → SBQ | Cow_fighting | Row 52
✅ Saved → SBQ | Cow_fighting | Row 53
✅ Saved → SBQ | Cow_fighting | Row 54
✅ Saved → SBQ | Cow_fighting | Row 55
✅ Saved → SBQ | Cow_fighting | Row 56
✅ Saved → SBQ | Cow_fighting | Row 57
✅ Saved → SBQ | Cow_fighting | Row 58
✅ Saved → SBQ | Cow_fighting | Row 59
✅ Saved → SBQ | Cow_fighting | Row 60
✅ Saved → SBQ | Cow_fighting | Row 61
✅ Saved → SBQ | Cow_fighting | Row 62
✅ Saved → SBQ | Cow_fighting | Row 63
✅ Saved → SBQ | Cow_fighting | Row 64
✅ Saved → SBQ | Cow_fighting | Row 65
✅ Saved → SBQ | Cow_fighting | Row 66
✅ Saved → SBQ | Cow_fighting | Row 67
✅ Saved → SBQ | Cow_fighting | Row 68
✅ Saved → SBQ | Cow_fighting | Row 70
✅ Saved → SBQ | Cow_fighting | Row 71
✅ Saved → SBQ | Cow_fighting | Row 72
✅ Saved → SBQ | Cow_fighting | Row 73
✅ Saved → SBQ | Cow_fighting | Row 74
✅ Saved → SBQ | Cow_fighting | Row 75
✅ Saved → SBQ | Cow_fighting | Row 76
✅ Saved → SBQ | Cow_fighting | Row 77
✅ Saved → SBQ | Cow_fighting | Row 78
✅ Saved → SBQ | Cow_fighting | Row 79
✅ Saved → SBQ | Cow_fighting | Row 80
✅ Saved → SBQ | Cow_fighting | Row 81
✅ Saved → SBQ | Cow_fighting | Row 82
✅ Saved → SBQ | Cow_fighting | Row 83
✅ Saved → SBQ | Cow_fighting | Row 84
✅ Saved → SBQ | Cow_fighting | Row 85
✅ Saved → SBQ | Cow_fighting | Row 86
✅ Saved → SBQ | Cow_fighting | Row 87
✅ Saved → SBQ | Cow_fighting | Row 88
✅ Saved → SBQ | Cow_fighting | Row 89
✅ Saved → SBQ | Cow_fighting | Row 90
✅ Saved → SBQ | Cow_fighting | Row 91
✅ Saved → SBQ | Cow_fighting | Row 92
✅ Saved → SBQ | Cow_fighting | Row 93
✅ Saved → SBQ | Cow_fighting | Row 94
✅ Saved → SBQ | Cow_fighting | Row 95
✅ Saved → SBQ | Cow_fighting | Row 96
✅ Saved → SBQ | Cow_fighting | Row 97
✅ Saved → SBQ | Cow_fighting | Row 98
✅ Saved → SBQ | Cow_fighting | Row 99
✅ Saved → SBQ | Cow_fighting | Row 100
✅ Saved → SBQ | Cow_fighting | Row 101
✅ Saved → SBQ | Cow_fighting | Row 102
✅ Saved → SBQ | Cow_fighting | Row 103
✅ Saved → SBQ | Cow_fighting | Row 104
✅ Saved → SBQ | Cow_fighting | Row 105
✅ Saved → SBQ | Cow_fighting | Row 106
✅ Saved → SBQ | Cow_fighting | Row 107
✅ Saved → SBQ | Cow_fighting | Row 108
✅ Saved → SBQ | Cow_fighting | Row 109
✅ Saved → SBQ | Cow_fighting | Row 110
✅ Saved → SBQ | Cow_fighting | Row 111
✅ Saved → SBQ | Cow_fighting | Row 112
✅ Saved → SBQ | Cow_fighting | Row 113
✅ Saved → SBQ | Cow_fighting | Row 114
✅ Saved → SBQ | Cow_fighting | Row 115
✅ Saved → SBQ | Cow_fighting | Row 117
✅ Saved → SBQ | Cow_fighting | Row 119
✅ Saved → SBQ | Cow_fighting | Row 120
✅ Saved → SBQ | Cow_fighting | Row 122
✅ Saved → SBQ | Cow_fighting | Row 124
✅ Saved → SBQ | Cow_fighting | Row 125
✅ Saved → SBQ | Cow_fighting | Row 143
✅ Saved → SBQ | Nubian_Stick_Fighting | Row 0
✅ Saved → SBQ | Nubian_Stick_Fighting | Row 1
✅ Saved → SBQ | Nubian_Stick_Fighting | Row 2
✅ Saved → SBQ | Nubian_Stick_Fighting | Row 3
✅ Saved → SBQ | Nubian_Stick_Fighting | Row 4
✅ Saved → SBQ | Nubian_Stick_Fighting | Row 5
✅ Saved → SBQ | Nubian_Stick_Fighting | Row 6
✅ Saved → SBQ | Nubian_Stick_Fighting | Row 7
✅ Saved → SBQ | Nubian_Stick_Fighting | Row 8
✅ Saved → SBQ | Nubian_Stick_Fighting | Row 9
✅ Saved → SBQ | Nubian_Stick_Fighting | Row 10
✅ Saved → SBQ | Nubian_Stick_Fighting | Row 11
✅ Saved → SBQ | Nubian_Stick_Fighting | Row 12
✅ Saved → SBQ | Nubian_Stick_Fighting | Row 13
✅ Saved → SBQ | Nubian_Stick_Fighting | Row 14
✅ Saved → SBQ | Nubian_Stick_Fighting | Row 15
✅ Saved → SBQ | Nubian_Stick_Fighting | Row 16
✅ Saved → SBQ | Nubian_Stick_Fighting | Row 17
✅ Saved → SBQ | Nubian_Stick_Fighting | Row 18
✅ Saved → SBQ | Nubian_Stick_Fighting | Row 19
✅ Saved → SBQ | Nubian_Stick_Fighting | Row 20
✅ Saved → SBQ | Nubian_Stick_Fighting | Row 21
✅ Saved → SBQ | Nubian_Stick_Fighting | Row 22
✅ Saved → SBQ | Nubian_Stick_Fighting | Row 23
✅ Saved → SBQ | Nubian_Stick_Fighting | Row 24
✅ Saved → SBQ | Nubian_Stick_Fighting | Row 25
✅ Saved → SBQ | Nubian_Stick_Fighting | Row 26
✅ Saved → SBQ | Nubian_Stick_Fighting | Row 27
✅ Saved → SBQ | Nubian_Stick_Fighting | Row 28
✅ Saved → SBQ | Nubian_Stick_Fighting | Row 29
✅ Saved → SBQ | Nubian_Stick_Fighting | Row 30
✅ Saved → SBQ | Nubian_Stick_Fighting | Row 31
✅ Saved → SBQ | Nubian_Stick_Fighting | Row 32
✅ Saved → SBQ | Nubian_Stick_Fighting | Row 33
✅ Saved → SBQ | Nubian_Stick_Fighting | Row 34
✅ Saved → SBQ | Nubian_Stick_Fighting | Row 35
✅ Saved → SBQ | Nubian_Stick_Fighting | Row 36
✅ Saved → SBQ | Nubian_Stick_Fighting | Row 37
✅ Saved → SBQ | Nubian_Stick_Fighting | Row 38
✅ Saved → SBQ | Nubian_Stick_Fighting | Row 39
✅ Saved → SBQ | Nubian_Stick_Fighting | Row 40
✅ Saved → SBQ | Nubian_Stick_Fighting | Row 41
✅ Saved → SBQ | Nubian_Stick_Fighting | Row 42
✅ Saved → SBQ | Nubian_Stick_Fighting | Row 43
✅ Saved → SBQ | Nubian_Stick_Fighting | Row 44
✅ Saved → SBQ | Nubian_Stick_Fighting | Row 45
✅ Saved → SBQ | Nubian_Stick_Fighting | Row 46
✅ Saved → SBQ | Nubian_Stick_Fighting | Row 47
✅ Saved → SBQ | Nubian_Stick_Fighting | Row 48
✅ Saved → SBQ | Nubian_Stick_Fighting | Row 49
✅ Saved → SBQ | Nubian_Stick_Fighting | Row 50
✅ Saved → SBQ | Nubian_Stick_Fighting | Row 51
✅ Saved → SBQ | Nubian_Stick_Fighting | Row 52
✅ Saved → SBQ | Nubian_Stick_Fighting | Row 53
✅ Saved → SBQ | Nubian_Stick_Fighting | Row 54
✅ Saved → SBQ | Nubian_Stick_Fighting | Row 55
✅ Saved → SBQ | Nubian_Stick_Fighting | Row 56
✅ Saved → SBQ | Nubian_Stick_Fighting | Row 57
✅ Saved → SBQ | Nubian_Stick_Fighting | Row 58
✅ Saved → SBQ | Nubian_Stick_Fighting | Row 59
✅ Saved → SBQ | Nubian_Stick_Fighting | Row 60
✅ Saved → SBQ | Nubian_Stick_Fighting | Row 61
✅ Saved → SBQ | Nubian_Stick_Fighting | Row 62
✅ Saved → SBQ | Nubian_Stick_Fighting | Row 63
✅ Saved → SBQ | Nubian_Stick_Fighting | Row 64
✅ Saved → SBQ | Nubian_Stick_Fighting | Row 65
✅ Saved → SBQ | Nubian_Stick_Fighting | Row 66
✅ Saved → SBQ | Nubian_Stick_Fighting | Row 68
✅ Saved → SBQ | Nubian_Stick_Fighting | Row 69
✅ Saved → SBQ | Nubian_Stick_Fighting | Row 70
✅ Saved → SBQ | Nubian_Stick_Fighting | Row 71
✅ Saved → SBQ | Nubian_Stick_Fighting | Row 72
✅ Saved → SBQ | Nubian_Stick_Fighting | Row 73
✅ Saved → SBQ | Nubian_Stick_Fighting | Row 74
✅ Saved → SBQ | Nubian_Stick_Fighting | Row 75
✅ Saved → SBQ | Nubian_Stick_Fighting | Row 76
✅ Saved → SBQ | Nubian_Stick_Fighting | Row 77
✅ Saved → SBQ | Nubian_Stick_Fighting | Row 78
✅ Saved → SBQ | Nubian_Stick_Fighting | Row 79
✅ Saved → SBQ | Nubian_Stick_Fighting | Row 80
✅ Saved → SBQ | Nubian_Stick_Fighting | Row 82
✅ Saved → SBQ | Nubian_Stick_Fighting | Row 83
✅ Saved → SBQ | Nubian_Stick_Fighting | Row 84
✅ Saved → SBQ | Nubian_Stick_Fighting | Row 85
✅ Saved → SBQ | Nubian_Stick_Fighting | Row 86
✅ Saved → SBQ | Nubian_Stick_Fighting | Row 87
✅ Saved → SBQ | Nubian_Stick_Fighting | Row 88
✅ Saved → SBQ | Nubian_Stick_Fighting | Row 89
✅ Saved → SBQ | Nubian_Stick_Fighting | Row 90
✅ Saved → SBQ | Nubian_Stick_Fighting | Row 91
✅ Saved → SBQ | Nubian_Stick_Fighting | Row 92
✅ Saved → SBQ | Nubian_Stick_Fighting | Row 93
✅ Saved → SBQ | Nubian_Stick_Fighting | Row 94
✅ Saved → SBQ | Nubian_Stick_Fighting | Row 95
✅ Saved → SBQ | Nubian_Stick_Fighting | Row 96
✅ Saved → SBQ | Nubian_Stick_Fighting | Row 97
✅ Saved → SBQ | Nubian_Stick_Fighting | Row 98
✅ Saved → SBQ | Nubian_Stick_Fighting | Row 99
✅ Saved → SBQ | Nubian_Stick_Fighting | Row 100
✅ Saved → SBQ | Nubian_Stick_Fighting | Row 101
✅ Saved → SBQ | Nubian_Stick_Fighting | Row 102
✅ Saved → SBQ | Nubian_Stick_Fighting | Row 103
✅ Saved → SBQ | Nubian_Stick_Fighting | Row 104
✅ Saved → SBQ | Nubian_Stick_Fighting | Row 105
✅ Saved → SBQ | Nubian_Stick_Fighting | Row 106
✅ Saved → SBQ | Nubian_Stick_Fighting | Row 107
✅ Saved → SBQ | Nubian_Stick_Fighting | Row 108
✅ Saved → SBQ | Nubian_Stick_Fighting | Row 110
✅ Saved → SBQ | Nubian_Stick_Fighting | Row 111
✅ Saved → SBQ | Nubian_Stick_Fighting | Row 112
✅ Saved → SBQ | Nubian_Stick_Fighting | Row 113
✅ Saved → SBQ | Nubian_Stick_Fighting | Row 114
✅ Saved → SBQ | Nubian_Stick_Fighting | Row 115
✅ Saved → SBQ | Nubian_Stick_Fighting | Row 116
✅ Saved → SBQ | Nubian_Stick_Fighting | Row 117
✅ Saved → SBQ | Nubian_Stick_Fighting | Row 118
✅ Saved → SBQ | Nubian_Stick_Fighting | Row 119
✅ Saved → SBQ | Nubian_Stick_Fighting | Row 120
✅ Saved → SBQ | Nubian_Stick_Fighting | Row 121
✅ Saved → SBQ | Nubian_Stick_Fighting | Row 122
✅ Saved → SBQ | Nubian_Stick_Fighting | Row 123
✅ Saved → SBQ | Nubian_Stick_Fighting | Row 124
✅ Saved → SBQ | Nubian_Stick_Fighting | Row 125
✅ Saved → SBQ | Nubian_Stick_Fighting | Row 126
✅ Saved → SBQ | Nubian_Stick_Fighting | Row 127
✅ Saved → SBQ | Nubian_Stick_Fighting | Row 128
✅ Saved → SBQ | Nubian_Stick_Fighting | Row 129
✅ Saved → SBQ | Nubian_Stick_Fighting | Row 130
✅ Saved → SBQ | Nubian_Stick_Fighting | Row 131
✅ Saved → SBQ | Nubian_Stick_Fighting | Row 132
✅ Saved → SBQ | Nubian_Stick_Fighting | Row 133
✅ Saved → SBQ | Nubian_Stick_Fighting | Row 134
✅ Saved → SBQ | Nubian_Stick_Fighting | Row 135
✅ Saved → SBQ | Nubian_Stick_Fighting | Row 136
✅ Saved → SBQ | Nubian_Stick_Fighting | Row 137
✅ Saved → SBQ | Nubian_Stick_Fighting | Row 138
✅ Saved → SBQ | Nubian_Stick_Fighting | Row 139
✅ Saved → SBQ | Nubian_Stick_Fighting | Row 150
✅ Saved → SBQ | Nubian_Stick_Fighting | Row 151
✅ Saved → SBQ | Nubian_Stick_Fighting | Row 152
✅ Saved → SBQ | Nubian_Stick_Fighting | Row 153
✅ Saved → SBQ | Nubian_Stick_Fighting | Row 154
✅ Saved → SBQ | Nubian_Stick_Fighting | Row 155
✅ Saved → SBQ | Nubian_Stick_Fighting | Row 157
✅ Saved → SBQ | Nubian_Stick_Fighting | Row 158
✅ Saved → SBQ | Nubian_Stick_Fighting | Row 159
✅ Saved → SBQ | Nubian_Stick_Fighting | Row 160
✅ Saved → SBQ | Nubian_Stick_Fighting | Row 161
✅ Saved → SBQ | Nubian_Stick_Fighting | Row 162
✅ Saved → SBQ | Nubian_Stick_Fighting | Row 163
✅ Saved → SBQ | Nubian_Stick_Fighting | Row 164
✅ Saved → SBQ | Nubian_Stick_Fighting | Row 165
✅ Saved → SBQ | Nubian_Stick_Fighting | Row 166
✅ Saved → SBQ | Nubian_Stick_Fighting | Row 167
✅ Saved → SBQ | Nubian_Stick_Fighting | Row 168
✅ Saved → SBQ | Nubian_Stick_Fighting | Row 169
✅ Saved → SBQ | Nubian_Stick_Fighting | Row 170
✅ Saved → SBQ | Nubian_Stick_Fighting | Row 171
✅ Saved → SBQ | Nubian_Stick_Fighting | Row 172
✅ Saved → SBQ | Nubian_Stick_Fighting | Row 173
✅ Saved → SBQ | Nubian_Stick_Fighting | Row 174
✅ Saved → SBQ | Nubian_Stick_Fighting | Row 175
✅ Saved → SBQ | Nubian_Stick_Fighting | Row 176
✅ Saved → SBQ | Nubian_Stick_Fighting | Row 177
✅ Saved → SBQ | Nubian_Stick_Fighting | Row 178
✅ Saved → SBQ | Nubian_Stick_Fighting | Row 179
✅ Saved → SBQ | Nubian_Stick_Fighting | Row 180
✅ Saved → SBQ | Nubian_Stick_Fighting | Row 181
✅ Saved → SBQ | Nubian_Stick_Fighting | Row 182
✅ Saved → SBQ | Nubian_Stick_Fighting | Row 183
✅ Saved → SBQ | Nubian_Stick_Fighting | Row 184
✅ Saved → SBQ | Nubian_Stick_Fighting | Row 185
✅ Saved → SBQ | Nubian_Stick_Fighting | Row 186
✅ Saved → SBQ | Nubian_Stick_Fighting | Row 187
✅ Saved → SBQ | Nubian_Stick_Fighting | Row 188
✅ Saved → SBQ | Nubian_Stick_Fighting | Row 189
✅ Saved → SBQ | Nubian_Stick_Fighting | Row 190
✅ Saved → SBQ | Nubian_Stick_Fighting | Row 191
✅ Saved → SBQ | Nubian_Stick_Fighting | Row 192
✅ Saved → SBQ | Nubian_Stick_Fighting | Row 193
✅ Saved → SBQ | Nubian_Stick_Fighting | Row 194
✅ Saved → SBQ | Nubian_Stick_Fighting | Row 195
✅ Saved → SBQ | Nubian_Stick_Fighting | Row 196
✅ Saved → SBQ | Nubian_Stick_Fighting | Row 197
✅ Saved → SBQ | Nubian_Stick_Fighting | Row 198
✅ Saved → SBQ | Nubian_Stick_Fighting | Row 199
✅ Saved → SBQ | Nubian_Stick_Fighting | Row 200
✅ Saved → SBQ | Nubian_Stick_Fighting | Row 201
✅ Saved → SBQ | Nubian_Stick_Fighting | Row 202
✅ Saved → SBQ | Nubian_Stick_Fighting | Row 203
✅ Saved → SBQ | Nubian_Stick_Fighting | Row 204
✅ Saved → SBQ | Nubian_Stick_Fighting | Row 205
✅ Saved → SBQ | Nubian_Stick_Fighting | Row 206
✅ Saved → SBQ | Nubian_Stick_Fighting | Row 207
✅ Saved → SBQ | Nubian_Stick_Fighting | Row 208
✅ Saved → SBQ | Nubian_Stick_Fighting | Row 209
✅ Saved → SBQ | Nubian_Stick_Fighting | Row 210
✅ Saved → SBQ | Nubian_Stick_Fighting | Row 211
✅ Saved → SBQ | Nubian_Stick_Fighting | Row 212
✅ Saved → SBQ | Nubian_Stick_Fighting | Row 213
✅ Saved → SBQ | Nubian_Stick_Fighting | Row 214
✅ Saved → SBQ | Nubian_Stick_Fighting | Row 215
✅ Saved → SBQ | Nubian_Stick_Fighting | Row 216
✅ Saved → SBQ | Nubian_Stick_Fighting | Row 217
✅ Saved → SBQ | Nubian_Stick_Fighting | Row 218
✅ Saved → SBQ | Nubian_Stick_Fighting | Row 219
✅ Saved → SBQ | Nubian_Stick_Fighting | Row 220
✅ Saved → SBQ | Nubian_Stick_Fighting | Row 221
✅ Saved → SBQ | Nubian_Stick_Fighting | Row 222
✅ Saved → SBQ | Nubian_Stick_Fighting | Row 223
✅ Saved → SBQ | Nubian_Stick_Fighting | Row 224
✅ Saved → SBQ | Nubian_Stick_Fighting | Row 225
✅ Saved → SBQ | Nubian_Stick_Fighting | Row 226
✅ Saved → SBQ | Nubian_Stick_Fighting | Row 227
✅ Saved → SBQ | Nubian_Stick_Fighting | Row 228
✅ Saved → SBQ | Nubian_Stick_Fighting | Row 229
✅ Saved → SBQ | Nubian_Stick_Fighting | Row 230
✅ Saved → SBQ | Nubian_Stick_Fighting | Row 231
✅ Saved → SBQ | Nubian_Stick_Fighting | Row 232
✅ Saved → SBQ | Nubian_Stick_Fighting | Row 233
✅ Saved → SBQ | Nubian_Stick_Fighting | Row 234
✅ Saved → SBQ | Nubian_Stick_Fighting | Row 235
✅ Saved → SBQ | Nubian_Stick_Fighting | Row 236
✅ Saved → SBQ | Nubian_Stick_Fighting | Row 238
✅ Saved → SBQ | Nubian_Stick_Fighting | Row 239
✅ Saved → SBQ | Nubian_Stick_Fighting | Row 240
✅ Saved → SBQ | Nubian_Stick_Fighting | Row 241
✅ Saved → SBQ | Nubian_Stick_Fighting | Row 242
✅ Saved → SBQ | Nubian_Stick_Fighting | Row 243
✅ Saved → SBQ | Nubian_Stick_Fighting | Row 245
✅ Saved → SBQ | Nubian_Stick_Fighting | Row 246
✅ Saved → SBQ | Nubian_Stick_Fighting | Row 247
✅ Saved → SBQ | Nubian_Stick_Fighting | Row 248
✅ Saved → SBQ | Nubian_Stick_Fighting | Row 249

✅ COMPLETE!
📄 Live-updating CSV: /DATA/rohan_kirti/country/sudan/SBQ/Results_SBQ.csv
Ended at: 10:25:06
Total Duration: 0:34:52.318726
✅ Successfully created '/DATA/rohan_kirti/country/sudan/SBQ/Results_SBQ.xlsx'
