Started at: 20:27:50
['/DATA/rohan_kirti/country/thailand/RBQ/Thailand_RBQ.xlsx']

📌 Processing: /DATA/rohan_kirti/country/thailand/RBQ/Thailand_RBQ.xlsx
✅ Saved → RBQ | Kaeng Ruer | Row 0
✅ Saved → RBQ | Kaeng Ruer | Row 1
✅ Saved → RBQ | Kaeng Ruer | Row 2
✅ Saved → RBQ | Kaeng Ruer | Row 3
✅ Saved → RBQ | Kaeng Ruer | Row 4
✅ Saved → RBQ | Kaeng Ruer | Row 5
✅ Saved → RBQ | Kaeng Ruer | Row 6
✅ Saved → RBQ | Kaeng Ruer | Row 7
✅ Saved → RBQ | Kaeng Ruer | Row 8
✅ Saved → RBQ | Kaeng Ruer | Row 9
✅ Saved → RBQ | Kaeng Ruer | Row 10
✅ Saved → RBQ | Kaeng Ruer | Row 11
✅ Saved → RBQ | Kaeng Ruer | Row 12
✅ Saved → RBQ | Kaeng Ruer | Row 13
✅ Saved → RBQ | Kaeng Ruer | Row 14
✅ Saved → RBQ | Kaeng Ruer | Row 15
✅ Saved → RBQ | Kaeng Ruer | Row 16
✅ Saved → RBQ | Kaeng Ruer | Row 17
✅ Saved → RBQ | Kaeng Ruer | Row 18
✅ Saved → RBQ | Kaeng Ruer | Row 19
✅ Saved → RBQ | Kaeng Ruer | Row 20
✅ Saved → RBQ | Kaeng Ruer | Row 21
✅ Saved → RBQ | Kaeng Ruer | Row 22
✅ Saved → RBQ | Kaeng Ruer | Row 23
✅ Saved → RBQ | Kaeng Ruer | Row 24
✅ Saved → RBQ | Kaeng Ruer | Row 25
✅ Saved → RBQ | Kaeng Ruer | Row 26
✅ Saved → RBQ | Kaeng Ruer | Row 27
✅ Saved → RBQ | Kaeng Ruer | Row 28
✅ Saved → RBQ | Kaeng Ruer | Row 29
✅ Saved → RBQ | Kaeng Ruer | Row 30
✅ Saved → RBQ | Kaeng Ruer | Row 31
✅ Saved → RBQ | Kaeng Ruer | Row 32
✅ Saved → RBQ | Kaeng Ruer | Row 33
✅ Saved → RBQ | Kaeng Ruer | Row 34
✅ Saved → RBQ | Kaeng Ruer | Row 35
✅ Saved → RBQ | Kaeng Ruer | Row 36
✅ Saved → RBQ | Kaeng Ruer | Row 37
✅ Saved → RBQ | Kaeng Ruer | Row 38
✅ Saved → RBQ | Kaeng Ruer | Row 39
✅ Saved → RBQ | Kaeng Ruer | Row 40
✅ Saved → RBQ | Kaeng Ruer | Row 41
✅ Saved → RBQ | Kaeng Ruer | Row 42
✅ Saved → RBQ | Kaeng Ruer | Row 43
✅ Saved → RBQ | Kaeng Ruer | Row 44
✅ Saved → RBQ | Kaeng Ruer | Row 45
✅ Saved → RBQ | Kaeng Ruer | Row 46
✅ Saved → RBQ | Kaeng Ruer | Row 47
✅ Saved → RBQ | Kaeng Ruer | Row 48
✅ Saved → RBQ | Kaeng Ruer | Row 49
✅ Saved → RBQ | Kaeng Ruer | Row 50
✅ Saved → RBQ | Kaeng Ruer | Row 51
✅ Saved → RBQ | Kaeng Ruer | Row 52
✅ Saved → RBQ | Kaeng Ruer | Row 53
✅ Saved → RBQ | Kaeng Ruer | Row 54
✅ Saved → RBQ | Kaeng Ruer | Row 55
✅ Saved → RBQ | Kaeng Ruer | Row 56
✅ Saved → RBQ | Kaeng Ruer | Row 57
✅ Saved → RBQ | Kaeng Ruer | Row 58
✅ Saved → RBQ | Kaeng Ruer | Row 59
✅ Saved → RBQ | Kaeng Ruer | Row 60
✅ Saved → RBQ | Kaeng Ruer | Row 61
✅ Saved → RBQ | Kaeng Ruer | Row 62
✅ Saved → RBQ | Kaeng Ruer | Row 63
✅ Saved → RBQ | Kaeng Ruer | Row 64
✅ Saved → RBQ | Kaeng Ruer | Row 65
✅ Saved → RBQ | Kaeng Ruer | Row 66
✅ Saved → RBQ | Kaeng Ruer | Row 67
✅ Saved → RBQ | Kaeng Ruer | Row 68
✅ Saved → RBQ | Kaeng Ruer | Row 69
✅ Saved → RBQ | Kaeng Ruer | Row 70
✅ Saved → RBQ | Kaeng Ruer | Row 71
✅ Saved → RBQ | Kaeng Ruer | Row 72
✅ Saved → RBQ | Kaeng Ruer | Row 73
✅ Saved → RBQ | Kaeng Ruer | Row 74
✅ Saved → RBQ | Kaeng Ruer | Row 75
✅ Saved → RBQ | Kaeng Ruer | Row 76
✅ Saved → RBQ | Kaeng Ruer | Row 77
✅ Saved → RBQ | Kaeng Ruer | Row 78
✅ Saved → RBQ | Kaeng Ruer | Row 79
✅ Saved → RBQ | Kaeng Ruer | Row 80
✅ Saved → RBQ | Kaeng Ruer | Row 81
✅ Saved → RBQ | Kaeng Ruer | Row 82
✅ Saved → RBQ | Kaeng Ruer | Row 83
✅ Saved → RBQ | Kaeng Ruer | Row 84
✅ Saved → RBQ | Kaeng Ruer | Row 85
✅ Saved → RBQ | Kaeng Ruer | Row 86
✅ Saved → RBQ | Kaeng Ruer | Row 87
✅ Saved → RBQ | Kaeng Ruer | Row 88
✅ Saved → RBQ | Kaeng Ruer | Row 89
✅ Saved → RBQ | Kaeng Ruer | Row 90
✅ Saved → RBQ | Kaeng Ruer | Row 91
✅ Saved → RBQ | Kaeng Ruer | Row 92
✅ Saved → RBQ | Kaeng Ruer | Row 93
✅ Saved → RBQ | Kaeng Ruer | Row 94
✅ Saved → RBQ | Kaeng Ruer | Row 95
✅ Saved → RBQ | Kaeng Ruer | Row 96
✅ Saved → RBQ | Kaeng Ruer | Row 97
✅ Saved → RBQ | Kaeng Ruer | Row 98
✅ Saved → RBQ | Kaeng Ruer | Row 99
✅ Saved → RBQ | Kaeng Ruer | Row 100
✅ Saved → RBQ | Kaeng Ruer | Row 101
✅ Saved → RBQ | Kaeng Ruer | Row 102
✅ Saved → RBQ | Kaeng Ruer | Row 103
✅ Saved → RBQ | Kaeng Ruer | Row 104
✅ Saved → RBQ | Kaeng Ruer | Row 105
✅ Saved → RBQ | Kaeng Ruer | Row 106
✅ Saved → RBQ | Kaeng Ruer | Row 107
✅ Saved → RBQ | Kaeng Ruer | Row 108
✅ Saved → RBQ | Kaeng Ruer | Row 109
✅ Saved → RBQ | Kaeng Ruer | Row 110
✅ Saved → RBQ | Kaeng Ruer | Row 111
✅ Saved → RBQ | Kaeng Ruer | Row 112
✅ Saved → RBQ | Kaeng Ruer | Row 113
✅ Saved → RBQ | Kaeng Ruer | Row 114
✅ Saved → RBQ | Kaeng Ruer | Row 115
✅ Saved → RBQ | Kaeng Ruer | Row 116
✅ Saved → RBQ | Kaeng Ruer | Row 117
✅ Saved → RBQ | Kaeng Ruer | Row 118
✅ Saved → RBQ | Kaeng Ruer | Row 119
✅ Saved → RBQ | Kaeng Ruer | Row 120
✅ Saved → RBQ | Kaeng Ruer | Row 121
✅ Saved → RBQ | Kaeng Ruer | Row 122
✅ Saved → RBQ | Kaeng Ruer | Row 123
✅ Saved → RBQ | Kaeng Ruer | Row 124
✅ Saved → RBQ | Kaeng Ruer | Row 125
✅ Saved → RBQ | Kaeng Ruer | Row 126
✅ Saved → RBQ | Kaeng Ruer | Row 127
✅ Saved → RBQ | Kaeng Ruer | Row 128
✅ Saved → RBQ | Kaeng Ruer | Row 129
✅ Saved → RBQ | Kaeng Ruer | Row 130
✅ Saved → RBQ | Kaeng Ruer | Row 131
✅ Saved → RBQ | Kaeng Ruer | Row 132
✅ Saved → RBQ | Kaeng Ruer | Row 133
✅ Saved → RBQ | Kaeng Ruer | Row 134
✅ Saved → RBQ | Kaeng Ruer | Row 135
✅ Saved → RBQ | Kaeng Ruer | Row 136
✅ Saved → RBQ | Kaeng Ruer | Row 137
✅ Saved → RBQ | Kaeng Ruer | Row 138
✅ Saved → RBQ | Kaeng Ruer | Row 139
✅ Saved → RBQ | Kaeng Ruer | Row 140
✅ Saved → RBQ | Kaeng Ruer | Row 141
✅ Saved → RBQ | Kaeng Ruer | Row 142
✅ Saved → RBQ | Kaeng Ruer | Row 143
✅ Saved → RBQ | Kaeng Ruer | Row 144
✅ Saved → RBQ | Kaeng Ruer | Row 145
✅ Saved → RBQ | Kaeng Ruer | Row 146
✅ Saved → RBQ | Kaeng Ruer | Row 148
✅ Saved → RBQ | Kaeng Ruer | Row 149
✅ Saved → RBQ | Kaeng Ruer | Row 150
✅ Saved → RBQ | Kaeng Ruer | Row 151
✅ Saved → RBQ | Kaeng Ruer | Row 152
✅ Saved → RBQ | Kaeng Ruer | Row 153
✅ Saved → RBQ | Kaeng Ruer | Row 154
✅ Saved → RBQ | Kaeng Ruer | Row 155
✅ Saved → RBQ | Kaeng Ruer | Row 156
✅ Saved → RBQ | Kaeng Ruer | Row 157
✅ Saved → RBQ | Kaeng Ruer | Row 158
✅ Saved → RBQ | Kaeng Ruer | Row 159
✅ Saved → RBQ | Kaeng Ruer | Row 160
✅ Saved → RBQ | Kaeng Ruer | Row 161
✅ Saved → RBQ | Kaeng Ruer | Row 162
✅ Saved → RBQ | Kaeng Ruer | Row 163
✅ Saved → RBQ | Kaeng Ruer | Row 164
✅ Saved → RBQ | Kaeng Ruer | Row 165
✅ Saved → RBQ | Kaeng Ruer | Row 166
✅ Saved → RBQ | Kaeng Ruer | Row 167
✅ Saved → RBQ | Kaeng Ruer | Row 168
✅ Saved → RBQ | Kaeng Ruer | Row 169
✅ Saved → RBQ | Kaeng Ruer | Row 170
✅ Saved → RBQ | Kaeng Ruer | Row 171
✅ Saved → RBQ | Kaeng Ruer | Row 172
✅ Saved → RBQ | Kaeng Ruer | Row 173
✅ Saved → RBQ | Kaeng Ruer | Row 174
✅ Saved → RBQ | Kaeng Ruer | Row 175
✅ Saved → RBQ | Kaeng Ruer | Row 176
✅ Saved → RBQ | Kaeng Ruer | Row 177
✅ Saved → RBQ | Kaeng Ruer | Row 178
✅ Saved → RBQ | Kaeng Ruer | Row 179
✅ Saved → RBQ | Kaeng Ruer | Row 180
✅ Saved → RBQ | Kaeng Ruer | Row 181
✅ Saved → RBQ | Kaeng Ruer | Row 182
✅ Saved → RBQ | Kaeng Ruer | Row 183
✅ Saved → RBQ | Kaeng Ruer | Row 184
✅ Saved → RBQ | Kaeng Ruer | Row 185
✅ Saved → RBQ | Kaeng Ruer | Row 186
✅ Saved → RBQ | Kaeng Ruer | Row 187
✅ Saved → RBQ | Kaeng Ruer | Row 188
✅ Saved → RBQ | Kaeng Ruer | Row 189
✅ Saved → RBQ | Kaeng Ruer | Row 190
✅ Saved → RBQ | Kaeng Ruer | Row 191
✅ Saved → RBQ | Kaeng Ruer | Row 192
✅ Saved → RBQ | Kaeng Ruer | Row 193
✅ Saved → RBQ | Kaeng Ruer | Row 194
✅ Saved → RBQ | Kaeng Ruer | Row 195
✅ Saved → RBQ | Kaeng Ruer | Row 196
✅ Saved → RBQ | Kaeng Ruer | Row 197
✅ Saved → RBQ | Kaeng Ruer | Row 198
✅ Saved → RBQ | Kaeng Ruer | Row 199
✅ Saved → RBQ | Kaeng Ruer | Row 200
✅ Saved → RBQ | Kaeng Ruer | Row 206
✅ Saved → RBQ | Kaeng Ruer | Row 208
✅ Saved → RBQ | Kaeng Ruer | Row 237
✅ Saved → RBQ | Kaeng Ruer | Row 258
✅ Saved → RBQ | Kaeng Ruer | Row 330
✅ Saved → RBQ | chon wua | Row 0
✅ Saved → RBQ | chon wua | Row 1
✅ Saved → RBQ | chon wua | Row 2
✅ Saved → RBQ | chon wua | Row 3
✅ Saved → RBQ | chon wua | Row 4
✅ Saved → RBQ | chon wua | Row 5
✅ Saved → RBQ | chon wua | Row 6
✅ Saved → RBQ | chon wua | Row 7
✅ Saved → RBQ | chon wua | Row 8
✅ Saved → RBQ | chon wua | Row 9
✅ Saved → RBQ | chon wua | Row 10
✅ Saved → RBQ | chon wua | Row 11
✅ Saved → RBQ | chon wua | Row 12
✅ Saved → RBQ | chon wua | Row 13
✅ Saved → RBQ | chon wua | Row 14
✅ Saved → RBQ | chon wua | Row 15
✅ Saved → RBQ | chon wua | Row 16
✅ Saved → RBQ | chon wua | Row 17
✅ Saved → RBQ | chon wua | Row 18
✅ Saved → RBQ | chon wua | Row 19
✅ Saved → RBQ | chon wua | Row 20
✅ Saved → RBQ | chon wua | Row 21
✅ Saved → RBQ | chon wua | Row 22
✅ Saved → RBQ | chon wua | Row 23
✅ Saved → RBQ | chon wua | Row 24
✅ Saved → RBQ | chon wua | Row 25
✅ Saved → RBQ | chon wua | Row 26
✅ Saved → RBQ | chon wua | Row 27
✅ Saved → RBQ | chon wua | Row 28
✅ Saved → RBQ | chon wua | Row 29
✅ Saved → RBQ | chon wua | Row 30
✅ Saved → RBQ | chon wua | Row 31
✅ Saved → RBQ | chon wua | Row 32
✅ Saved → RBQ | chon wua | Row 33
✅ Saved → RBQ | chon wua | Row 34
✅ Saved → RBQ | chon wua | Row 35
✅ Saved → RBQ | chon wua | Row 36
✅ Saved → RBQ | chon wua | Row 37
✅ Saved → RBQ | chon wua | Row 38
✅ Saved → RBQ | chon wua | Row 39
✅ Saved → RBQ | chon wua | Row 40
✅ Saved → RBQ | chon wua | Row 41
✅ Saved → RBQ | chon wua | Row 42
✅ Saved → RBQ | chon wua | Row 43
✅ Saved → RBQ | chon wua | Row 44
✅ Saved → RBQ | chon wua | Row 45
✅ Saved → RBQ | chon wua | Row 46
✅ Saved → RBQ | chon wua | Row 47
✅ Saved → RBQ | chon wua | Row 48
✅ Saved → RBQ | chon wua | Row 49
✅ Saved → RBQ | chon wua | Row 50
✅ Saved → RBQ | chon wua | Row 51
✅ Saved → RBQ | chon wua | Row 52
✅ Saved → RBQ | chon wua | Row 53
✅ Saved → RBQ | chon wua | Row 54
✅ Saved → RBQ | chon wua | Row 55
✅ Saved → RBQ | chon wua | Row 56
✅ Saved → RBQ | chon wua | Row 57
✅ Saved → RBQ | chon wua | Row 58
✅ Saved → RBQ | chon wua | Row 59
✅ Saved → RBQ | chon wua | Row 60
✅ Saved → RBQ | chon wua | Row 61
✅ Saved → RBQ | chon wua | Row 62
✅ Saved → RBQ | chon wua | Row 63
✅ Saved → RBQ | chon wua | Row 64
✅ Saved → RBQ | chon wua | Row 65
✅ Saved → RBQ | chon wua | Row 66
✅ Saved → RBQ | chon wua | Row 67
✅ Saved → RBQ | chon wua | Row 68
✅ Saved → RBQ | chon wua | Row 69
✅ Saved → RBQ | chon wua | Row 70
✅ Saved → RBQ | chon wua | Row 71
✅ Saved → RBQ | chon wua | Row 72
✅ Saved → RBQ | chon wua | Row 73
✅ Saved → RBQ | chon wua | Row 74
✅ Saved → RBQ | chon wua | Row 75
✅ Saved → RBQ | chon wua | Row 76
✅ Saved → RBQ | chon wua | Row 77
✅ Saved → RBQ | chon wua | Row 78
✅ Saved → RBQ | chon wua | Row 79
✅ Saved → RBQ | chon wua | Row 80
✅ Saved → RBQ | chon wua | Row 81
✅ Saved → RBQ | chon wua | Row 82
✅ Saved → RBQ | chon wua | Row 83
✅ Saved → RBQ | chon wua | Row 84
✅ Saved → RBQ | chon wua | Row 85
✅ Saved → RBQ | chon wua | Row 86
✅ Saved → RBQ | chon wua | Row 87
✅ Saved → RBQ | chon wua | Row 88
✅ Saved → RBQ | chon wua | Row 89
✅ Saved → RBQ | chon wua | Row 90
✅ Saved → RBQ | chon wua | Row 91
✅ Saved → RBQ | chon wua | Row 92
✅ Saved → RBQ | chon wua | Row 93
✅ Saved → RBQ | chon wua | Row 94
✅ Saved → RBQ | chon wua | Row 95
✅ Saved → RBQ | chon wua | Row 96
✅ Saved → RBQ | chon wua | Row 97
✅ Saved → RBQ | chon wua | Row 98
✅ Saved → RBQ | chon wua | Row 99
✅ Saved → RBQ | chon wua | Row 100
✅ Saved → RBQ | chon wua | Row 101
✅ Saved → RBQ | chon wua | Row 102
✅ Saved → RBQ | chon wua | Row 103
✅ Saved → RBQ | chon wua | Row 104
✅ Saved → RBQ | chon wua | Row 105
✅ Saved → RBQ | chon wua | Row 106
✅ Saved → RBQ | chon wua | Row 107
✅ Saved → RBQ | chon wua | Row 108
✅ Saved → RBQ | chon wua | Row 109
✅ Saved → RBQ | chon wua | Row 110
✅ Saved → RBQ | chon wua | Row 111
✅ Saved → RBQ | chon wua | Row 112
✅ Saved → RBQ | chon wua | Row 113
✅ Saved → RBQ | chon wua | Row 114
✅ Saved → RBQ | chon wua | Row 115
✅ Saved → RBQ | chon wua | Row 116
✅ Saved → RBQ | chon wua | Row 117
✅ Saved → RBQ | chon wua | Row 118
✅ Saved → RBQ | chon wua | Row 119
✅ Saved → RBQ | chon wua | Row 120
✅ Saved → RBQ | chon wua | Row 121
✅ Saved → RBQ | chon wua | Row 122
✅ Saved → RBQ | chon wua | Row 123
✅ Saved → RBQ | chon wua | Row 124
✅ Saved → RBQ | chon wua | Row 125
✅ Saved → RBQ | chon wua | Row 126
✅ Saved → RBQ | chon wua | Row 127
✅ Saved → RBQ | chon wua | Row 128
✅ Saved → RBQ | chon wua | Row 129
✅ Saved → RBQ | chon wua | Row 130
✅ Saved → RBQ | chon wua | Row 131
✅ Saved → RBQ | chon wua | Row 132
✅ Saved → RBQ | chon wua | Row 133
✅ Saved → RBQ | chon wua | Row 134
✅ Saved → RBQ | chon wua | Row 135
✅ Saved → RBQ | chon wua | Row 136
✅ Saved → RBQ | chon wua | Row 137
✅ Saved → RBQ | chon wua | Row 138
✅ Saved → RBQ | chon wua | Row 139
✅ Saved → RBQ | chon wua | Row 140
✅ Saved → RBQ | chon wua | Row 141
✅ Saved → RBQ | chon wua | Row 142
✅ Saved → RBQ | chon wua | Row 143
✅ Saved → RBQ | chon wua | Row 144
✅ Saved → RBQ | chon wua | Row 145
✅ Saved → RBQ | chon wua | Row 146
✅ Saved → RBQ | chon wua | Row 147
✅ Saved → RBQ | chon wua | Row 148
✅ Saved → RBQ | chon wua | Row 149
✅ Saved → RBQ | chon wua | Row 150
✅ Saved → RBQ | chon wua | Row 151
✅ Saved → RBQ | chon wua | Row 152
✅ Saved → RBQ | chon wua | Row 153
✅ Saved → RBQ | chon wua | Row 154
✅ Saved → RBQ | chon wua | Row 155
✅ Saved → RBQ | chon wua | Row 156
✅ Saved → RBQ | chon wua | Row 157
✅ Saved → RBQ | chon wua | Row 158
✅ Saved → RBQ | chon wua | Row 159
✅ Saved → RBQ | chon wua | Row 160
✅ Saved → RBQ | chon wua | Row 161
✅ Saved → RBQ | chon wua | Row 162
✅ Saved → RBQ | chon wua | Row 163
✅ Saved → RBQ | chon wua | Row 164
✅ Saved → RBQ | chon wua | Row 165
✅ Saved → RBQ | chon wua | Row 166
✅ Saved → RBQ | chon wua | Row 167
✅ Saved → RBQ | chon wua | Row 168
✅ Saved → RBQ | chon wua | Row 169
✅ Saved → RBQ | chon wua | Row 170
✅ Saved → RBQ | chon wua | Row 171
✅ Saved → RBQ | chon wua | Row 172
✅ Saved → RBQ | chon wua | Row 173
✅ Saved → RBQ | chon wua | Row 174
✅ Saved → RBQ | chon wua | Row 175
✅ Saved → RBQ | chon wua | Row 176
✅ Saved → RBQ | chon wua | Row 177
✅ Saved → RBQ | chon wua | Row 178
✅ Saved → RBQ | chon wua | Row 179
✅ Saved → RBQ | chon wua | Row 180
✅ Saved → RBQ | chon wua | Row 181
✅ Saved → RBQ | chon wua | Row 182
✅ Saved → RBQ | chon wua | Row 183
✅ Saved → RBQ | chon wua | Row 185
✅ Saved → RBQ | chon wua | Row 186
✅ Saved → RBQ | chon wua | Row 187
✅ Saved → RBQ | chon wua | Row 188
✅ Saved → RBQ | chon wua | Row 189
✅ Saved → RBQ | chon wua | Row 190
✅ Saved → RBQ | chon wua | Row 191
✅ Saved → RBQ | chon wua | Row 193
✅ Saved → RBQ | chon wua | Row 194
✅ Saved → RBQ | chon wua | Row 195
✅ Saved → RBQ | chon wua | Row 196
✅ Saved → RBQ | chon wua | Row 197
✅ Saved → RBQ | chon wua | Row 198
✅ Saved → RBQ | chon wua | Row 199
✅ Saved → RBQ | chon wua | Row 200
✅ Saved → RBQ | chon wua | Row 207
✅ Saved → RBQ | chon wua | Row 208
✅ Saved → RBQ | chon wua | Row 209
✅ Saved → RBQ | chon wua | Row 210
✅ Saved → RBQ | chon wua | Row 211
✅ Saved → RBQ | chon wua | Row 212
✅ Saved → RBQ | chon wua | Row 213
✅ Saved → RBQ | chon wua | Row 214
✅ Saved → RBQ | chon wua | Row 215
✅ Saved → RBQ | chon wua | Row 216
✅ Saved → RBQ | chon wua | Row 217
✅ Saved → RBQ | chon wua | Row 218
✅ Saved → RBQ | chon wua | Row 219
✅ Saved → RBQ | chon wua | Row 220
✅ Saved → RBQ | chon wua | Row 221
✅ Saved → RBQ | chon wua | Row 222
✅ Saved → RBQ | chon wua | Row 223
✅ Saved → RBQ | chon wua | Row 224
✅ Saved → RBQ | chon wua | Row 225
✅ Saved → RBQ | chon wua | Row 226
✅ Saved → RBQ | chon wua | Row 227
✅ Saved → RBQ | chon wua | Row 228
✅ Saved → RBQ | chon wua | Row 229
✅ Saved → RBQ | chon wua | Row 230
✅ Saved → RBQ | chon wua | Row 231
✅ Saved → RBQ | chon wua | Row 232
✅ Saved → RBQ | chon wua | Row 233
✅ Saved → RBQ | chon wua | Row 234
✅ Saved → RBQ | chon wua | Row 235
✅ Saved → RBQ | chon wua | Row 236
✅ Saved → RBQ | chon wua | Row 237
✅ Saved → RBQ | chon wua | Row 238
✅ Saved → RBQ | chon wua | Row 239
✅ Saved → RBQ | chon wua | Row 240
✅ Saved → RBQ | chon wua | Row 241
✅ Saved → RBQ | chon wua | Row 242
✅ Saved → RBQ | chon wua | Row 243
✅ Saved → RBQ | chon wua | Row 244
✅ Saved → RBQ | chon wua | Row 245
✅ Saved → RBQ | chon wua | Row 246
✅ Saved → RBQ | chon wua | Row 247
✅ Saved → RBQ | chon wua | Row 248
✅ Saved → RBQ | chon wua | Row 249
✅ Saved → RBQ | chon wua | Row 250
✅ Saved → RBQ | chon wua | Row 251
✅ Saved → RBQ | chon wua | Row 252
✅ Saved → RBQ | chon wua | Row 253
✅ Saved → RBQ | chon wua | Row 254
✅ Saved → RBQ | chon wua | Row 255
✅ Saved → RBQ | chon wua | Row 256
✅ Saved → RBQ | chon wua | Row 257
✅ Saved → RBQ | chon wua | Row 258
✅ Saved → RBQ | chon wua | Row 259
✅ Saved → RBQ | chon wua | Row 260
✅ Saved → RBQ | chon wua | Row 261
✅ Saved → RBQ | chon wua | Row 262
✅ Saved → RBQ | chon wua | Row 263
✅ Saved → RBQ | chon wua | Row 264
✅ Saved → RBQ | chon wua | Row 265
✅ Saved → RBQ | chon wua | Row 266
✅ Saved → RBQ | chon wua | Row 267
✅ Saved → RBQ | chon wua | Row 268
✅ Saved → RBQ | chon wua | Row 269
✅ Saved → RBQ | chon wua | Row 270
✅ Saved → RBQ | chon wua | Row 271
✅ Saved → RBQ | chon wua | Row 272
✅ Saved → RBQ | chon wua | Row 273
✅ Saved → RBQ | chon wua | Row 274
✅ Saved → RBQ | chon wua | Row 275
✅ Saved → RBQ | chon wua | Row 276
✅ Saved → RBQ | chon wua | Row 277
✅ Saved → RBQ | chon wua | Row 278
✅ Saved → RBQ | chon wua | Row 279
✅ Saved → RBQ | chon wua | Row 280
✅ Saved → RBQ | chon wua | Row 281
✅ Saved → RBQ | chon wua | Row 282
✅ Saved → RBQ | chon wua | Row 283
✅ Saved → RBQ | chon wua | Row 284
✅ Saved → RBQ | chon wua | Row 285
✅ Saved → RBQ | chon wua | Row 286
✅ Saved → RBQ | chon wua | Row 287
✅ Saved → RBQ | chon wua | Row 288
✅ Saved → RBQ | chon wua | Row 289
✅ Saved → RBQ | chon wua | Row 290
✅ Saved → RBQ | chon wua | Row 291
✅ Saved → RBQ | chon wua | Row 292
✅ Saved → RBQ | chon wua | Row 293
✅ Saved → RBQ | chon wua | Row 294
✅ Saved → RBQ | chon wua | Row 295
✅ Saved → RBQ | chon wua | Row 297
✅ Saved → RBQ | chon wua | Row 298
✅ Saved → RBQ | chon wua | Row 299
✅ Saved → RBQ | chon wua | Row 300
✅ Saved → RBQ | chon wua | Row 301
✅ Saved → RBQ | chon wua | Row 302
✅ Saved → RBQ | chon wua | Row 303
✅ Saved → RBQ | chon wua | Row 304
✅ Saved → RBQ | chon wua | Row 305
✅ Saved → RBQ | chon wua | Row 306
✅ Saved → RBQ | chon wua | Row 307
✅ Saved → RBQ | chon wua | Row 308
✅ Saved → RBQ | chon wua | Row 310
✅ Saved → RBQ | chon wua | Row 311
✅ Saved → RBQ | chon wua | Row 312
✅ Saved → RBQ | chon wua | Row 313
✅ Saved → RBQ | chon wua | Row 314
✅ Saved → RBQ | chon wua | Row 315
✅ Saved → RBQ | chon wua | Row 317
✅ Saved → RBQ | chon wua | Row 318
✅ Saved → RBQ | chon wua | Row 319
✅ Saved → RBQ | chon wua | Row 320
✅ Saved → RBQ | chon wua | Row 321
✅ Saved → RBQ | chon wua | Row 322
✅ Saved → RBQ | chon wua | Row 323
✅ Saved → RBQ | chon wua | Row 324
✅ Saved → RBQ | chon wua | Row 325
✅ Saved → RBQ | chon wua | Row 327
✅ Saved → RBQ | chon wua | Row 328
✅ Saved → RBQ | chon wua | Row 329
✅ Saved → RBQ | chon wua | Row 330
✅ Saved → RBQ | chon wua | Row 332
✅ Saved → RBQ | chon wua | Row 333
✅ Saved → RBQ | chon wua | Row 334
✅ Saved → RBQ | chon wua | Row 335
✅ Saved → RBQ | chon wua | Row 336
✅ Saved → RBQ | chon wua | Row 338
✅ Saved → RBQ | chon wua | Row 339
✅ Saved → RBQ | chon wua | Row 340
✅ Saved → RBQ | chon wua | Row 341
✅ Saved → RBQ | chon wua | Row 342
✅ Saved → RBQ | chon wua | Row 343
✅ Saved → RBQ | chon wua | Row 344
✅ Saved → RBQ | chon wua | Row 345
✅ Saved → RBQ | chon wua | Row 346
✅ Saved → RBQ | chon wua | Row 347
✅ Saved → RBQ | chon wua | Row 348
✅ Saved → RBQ | chon wua | Row 349
✅ Saved → RBQ | chon wua | Row 351
✅ Saved → RBQ | chon wua | Row 352
✅ Saved → RBQ | chon wua | Row 353
✅ Saved → RBQ | chon wua | Row 354
✅ Saved → RBQ | chon wua | Row 355
✅ Saved → RBQ | chon wua | Row 356
✅ Saved → RBQ | chon wua | Row 357
✅ Saved → RBQ | chon wua | Row 358
✅ Saved → RBQ | chon wua | Row 359
✅ Saved → RBQ | chon wua | Row 360
✅ Saved → RBQ | chon wua | Row 361
✅ Saved → RBQ | chon wua | Row 362
✅ Saved → RBQ | chon wua | Row 363
✅ Saved → RBQ | chon wua | Row 364
✅ Saved → RBQ | chon wua | Row 366
✅ Saved → RBQ | chon wua | Row 367
✅ Saved → RBQ | chon wua | Row 368
✅ Saved → RBQ | chon wua | Row 369
✅ Saved → RBQ | chon wua | Row 370
✅ Saved → RBQ | chon wua | Row 371
✅ Saved → RBQ | chon wua | Row 372
✅ Saved → RBQ | chon wua | Row 373
✅ Saved → RBQ | chon wua | Row 374
✅ Saved → RBQ | chon wua | Row 375
✅ Saved → RBQ | chon wua | Row 376
✅ Saved → RBQ | chon wua | Row 377
✅ Saved → RBQ | chon wua | Row 378
✅ Saved → RBQ | chon wua | Row 380
✅ Saved → RBQ | chon wua | Row 381
✅ Saved → RBQ | chon wua | Row 382
✅ Saved → RBQ | chon wua | Row 383
✅ Saved → RBQ | chon wua | Row 384
✅ Saved → RBQ | chon wua | Row 385
✅ Saved → RBQ | chon wua | Row 386
✅ Saved → RBQ | chon wua | Row 387
✅ Saved → RBQ | chon wua | Row 388
✅ Saved → RBQ | chon wua | Row 389
✅ Saved → RBQ | chon wua | Row 390
✅ Saved → RBQ | chon wua | Row 393
✅ Saved → RBQ | chon wua | Row 394
✅ Saved → RBQ | chon wua | Row 395
✅ Saved → RBQ | chon wua | Row 396
✅ Saved → RBQ | chon wua | Row 397
✅ Saved → RBQ | chon wua | Row 398
✅ Saved → RBQ | chon wua | Row 399
✅ Saved → RBQ | chon wua | Row 400
✅ Saved → RBQ | chon wua | Row 401
✅ Saved → RBQ | chon wua | Row 402
✅ Saved → RBQ | chon wua | Row 403
✅ Saved → RBQ | chon wua | Row 404
✅ Saved → RBQ | chon wua | Row 405
✅ Saved → RBQ | chon wua | Row 406
✅ Saved → RBQ | chon wua | Row 407
✅ Saved → RBQ | chon len wow | Row 0
✅ Saved → RBQ | chon len wow | Row 1
✅ Saved → RBQ | chon len wow | Row 2
✅ Saved → RBQ | chon len wow | Row 3
✅ Saved → RBQ | chon len wow | Row 4
✅ Saved → RBQ | chon len wow | Row 5
✅ Saved → RBQ | chon len wow | Row 6
✅ Saved → RBQ | chon len wow | Row 7
✅ Saved → RBQ | chon len wow | Row 8
✅ Saved → RBQ | chon len wow | Row 9
✅ Saved → RBQ | chon len wow | Row 10
✅ Saved → RBQ | chon len wow | Row 11
✅ Saved → RBQ | chon len wow | Row 12
✅ Saved → RBQ | chon len wow | Row 13
✅ Saved → RBQ | chon len wow | Row 14
✅ Saved → RBQ | chon len wow | Row 15
✅ Saved → RBQ | chon len wow | Row 16
✅ Saved → RBQ | chon len wow | Row 17
✅ Saved → RBQ | chon len wow | Row 18
✅ Saved → RBQ | chon len wow | Row 19
✅ Saved → RBQ | chon len wow | Row 20
✅ Saved → RBQ | chon len wow | Row 21
✅ Saved → RBQ | chon len wow | Row 22
✅ Saved → RBQ | chon len wow | Row 23
✅ Saved → RBQ | chon len wow | Row 24
✅ Saved → RBQ | chon len wow | Row 25
✅ Saved → RBQ | chon len wow | Row 26
✅ Saved → RBQ | chon len wow | Row 27
✅ Saved → RBQ | chon len wow | Row 28
✅ Saved → RBQ | chon len wow | Row 29
✅ Saved → RBQ | chon len wow | Row 30
✅ Saved → RBQ | chon len wow | Row 31
✅ Saved → RBQ | chon len wow | Row 32
✅ Saved → RBQ | chon len wow | Row 33
✅ Saved → RBQ | chon len wow | Row 34
✅ Saved → RBQ | chon len wow | Row 35
✅ Saved → RBQ | chon len wow | Row 36
✅ Saved → RBQ | chon len wow | Row 37
✅ Saved → RBQ | chon len wow | Row 38
✅ Saved → RBQ | chon len wow | Row 39
✅ Saved → RBQ | chon len wow | Row 40
✅ Saved → RBQ | chon len wow | Row 41
✅ Saved → RBQ | chon len wow | Row 42
✅ Saved → RBQ | chon len wow | Row 43
✅ Saved → RBQ | chon len wow | Row 44
✅ Saved → RBQ | chon len wow | Row 45
✅ Saved → RBQ | chon len wow | Row 46
✅ Saved → RBQ | chon len wow | Row 47
✅ Saved → RBQ | chon len wow | Row 48
✅ Saved → RBQ | chon len wow | Row 49
✅ Saved → RBQ | chon len wow | Row 50
✅ Saved → RBQ | chon len wow | Row 51
✅ Saved → RBQ | chon len wow | Row 52
✅ Saved → RBQ | chon len wow | Row 53
✅ Saved → RBQ | chon len wow | Row 54
✅ Saved → RBQ | chon len wow | Row 55
✅ Saved → RBQ | chon len wow | Row 56
✅ Saved → RBQ | chon len wow | Row 57
✅ Saved → RBQ | chon len wow | Row 58
✅ Saved → RBQ | chon len wow | Row 59
✅ Saved → RBQ | chon len wow | Row 60
✅ Saved → RBQ | chon len wow | Row 61
✅ Saved → RBQ | chon len wow | Row 62
✅ Saved → RBQ | chon len wow | Row 63
✅ Saved → RBQ | chon len wow | Row 64
✅ Saved → RBQ | chon len wow | Row 65
✅ Saved → RBQ | chon len wow | Row 66
✅ Saved → RBQ | chon len wow | Row 67
✅ Saved → RBQ | chon len wow | Row 68
✅ Saved → RBQ | chon len wow | Row 69
✅ Saved → RBQ | chon len wow | Row 70
✅ Saved → RBQ | chon len wow | Row 71
✅ Saved → RBQ | chon len wow | Row 72
✅ Saved → RBQ | chon len wow | Row 73
✅ Saved → RBQ | chon len wow | Row 74
✅ Saved → RBQ | chon len wow | Row 75
✅ Saved → RBQ | chon len wow | Row 76
✅ Saved → RBQ | chon len wow | Row 77
✅ Saved → RBQ | chon len wow | Row 78
✅ Saved → RBQ | chon len wow | Row 79
✅ Saved → RBQ | chon len wow | Row 80
✅ Saved → RBQ | chon len wow | Row 81
✅ Saved → RBQ | chon len wow | Row 82
✅ Saved → RBQ | chon len wow | Row 83
✅ Saved → RBQ | chon len wow | Row 84
✅ Saved → RBQ | chon len wow | Row 85
✅ Saved → RBQ | chon len wow | Row 86
✅ Saved → RBQ | chon len wow | Row 87
✅ Saved → RBQ | chon len wow | Row 88
✅ Saved → RBQ | chon len wow | Row 89
✅ Saved → RBQ | chon len wow | Row 90
✅ Saved → RBQ | chon len wow | Row 91
✅ Saved → RBQ | chon len wow | Row 92
✅ Saved → RBQ | chon len wow | Row 93
✅ Saved → RBQ | chon len wow | Row 94
✅ Saved → RBQ | chon len wow | Row 95
✅ Saved → RBQ | chon len wow | Row 96
✅ Saved → RBQ | chon len wow | Row 97
✅ Saved → RBQ | chon len wow | Row 98
✅ Saved → RBQ | chon len wow | Row 99
✅ Saved → RBQ | chon len wow | Row 100
✅ Saved → RBQ | chon len wow | Row 101
✅ Saved → RBQ | chon len wow | Row 102
✅ Saved → RBQ | chon len wow | Row 103
✅ Saved → RBQ | chon len wow | Row 104
✅ Saved → RBQ | chon len wow | Row 105
✅ Saved → RBQ | chon len wow | Row 106
✅ Saved → RBQ | chon len wow | Row 107
✅ Saved → RBQ | chon len wow | Row 108
✅ Saved → RBQ | chon len wow | Row 109
✅ Saved → RBQ | chon len wow | Row 110
✅ Saved → RBQ | chon len wow | Row 111
✅ Saved → RBQ | chon len wow | Row 112
✅ Saved → RBQ | chon len wow | Row 113
✅ Saved → RBQ | chon len wow | Row 114
✅ Saved → RBQ | chon len wow | Row 115
✅ Saved → RBQ | chon len wow | Row 116
✅ Saved → RBQ | chon len wow | Row 117
✅ Saved → RBQ | chon len wow | Row 118
✅ Saved → RBQ | chon len wow | Row 119
✅ Saved → RBQ | chon len wow | Row 120
✅ Saved → RBQ | chon len wow | Row 121
✅ Saved → RBQ | chon len wow | Row 122
✅ Saved → RBQ | chon len wow | Row 123
✅ Saved → RBQ | chon len wow | Row 124
✅ Saved → RBQ | chon len wow | Row 125
✅ Saved → RBQ | chon len wow | Row 126
✅ Saved → RBQ | chon len wow | Row 127
✅ Saved → RBQ | chon len wow | Row 129
✅ Saved → RBQ | chon len wow | Row 130
✅ Saved → RBQ | chon len wow | Row 131
✅ Saved → RBQ | chon len wow | Row 132
✅ Saved → RBQ | chon len wow | Row 133
✅ Saved → RBQ | chon len wow | Row 134
✅ Saved → RBQ | chon len wow | Row 135
✅ Saved → RBQ | chon len wow | Row 137
✅ Saved → RBQ | chon len wow | Row 138
✅ Saved → RBQ | chon len wow | Row 139
✅ Saved → RBQ | chon len wow | Row 140
✅ Saved → RBQ | chon len wow | Row 141
✅ Saved → RBQ | chon len wow | Row 142
✅ Saved → RBQ | chon len wow | Row 143
✅ Saved → RBQ | chon len wow | Row 144
✅ Saved → RBQ | chon len wow | Row 145
✅ Saved → RBQ | chon len wow | Row 146
✅ Saved → RBQ | chon len wow | Row 147
✅ Saved → RBQ | chon len wow | Row 148
✅ Saved → RBQ | chon len wow | Row 149
✅ Saved → RBQ | chon len wow | Row 150
✅ Saved → RBQ | chon len wow | Row 151
✅ Saved → RBQ | chon len wow | Row 152
✅ Saved → RBQ | chon len wow | Row 153
✅ Saved → RBQ | chon len wow | Row 154
✅ Saved → RBQ | chon len wow | Row 155
✅ Saved → RBQ | chon len wow | Row 156
✅ Saved → RBQ | chon len wow | Row 157
✅ Saved → RBQ | chon len wow | Row 158
✅ Saved → RBQ | chon len wow | Row 159
✅ Saved → RBQ | chon len wow | Row 160
✅ Saved → RBQ | chon len wow | Row 161
✅ Saved → RBQ | chon len wow | Row 162
✅ Saved → RBQ | chon len wow | Row 163
✅ Saved → RBQ | chon len wow | Row 164
✅ Saved → RBQ | chon len wow | Row 165
✅ Saved → RBQ | chon len wow | Row 166
✅ Saved → RBQ | chon len wow | Row 167
✅ Saved → RBQ | chon len wow | Row 168
✅ Saved → RBQ | chon len wow | Row 169
✅ Saved → RBQ | chon len wow | Row 170
✅ Saved → RBQ | chon len wow | Row 171
✅ Saved → RBQ | chon len wow | Row 172
✅ Saved → RBQ | chon len wow | Row 173
✅ Saved → RBQ | chon len wow | Row 174
✅ Saved → RBQ | chon len wow | Row 175
✅ Saved → RBQ | chon len wow | Row 176
✅ Saved → RBQ | chon len wow | Row 177
✅ Saved → RBQ | chon len wow | Row 178
✅ Saved → RBQ | chon len wow | Row 179
✅ Saved → RBQ | chon len wow | Row 180
✅ Saved → RBQ | chon len wow | Row 181
✅ Saved → RBQ | chon len wow | Row 182
✅ Saved → RBQ | chon len wow | Row 183
✅ Saved → RBQ | chon len wow | Row 184
✅ Saved → RBQ | chon len wow | Row 185
✅ Saved → RBQ | chon len wow | Row 186
✅ Saved → RBQ | chon len wow | Row 187
✅ Saved → RBQ | chon len wow | Row 188
✅ Saved → RBQ | chon len wow | Row 189
✅ Saved → RBQ | chon len wow | Row 190
✅ Saved → RBQ | chon len wow | Row 191
✅ Saved → RBQ | chon len wow | Row 192
✅ Saved → RBQ | chon len wow | Row 193
✅ Saved → RBQ | chon len wow | Row 194
✅ Saved → RBQ | chon len wow | Row 195
✅ Saved → RBQ | chon len wow | Row 196
✅ Saved → RBQ | chon len wow | Row 197
✅ Saved → RBQ | chon len wow | Row 198
✅ Saved → RBQ | chon len wow | Row 199
✅ Saved → RBQ | chon len wow | Row 200
✅ Saved → RBQ | chon len wow | Row 207
✅ Saved → RBQ | chon len wow | Row 208
✅ Saved → RBQ | chon len wow | Row 209
✅ Saved → RBQ | chon len wow | Row 210
✅ Saved → RBQ | chon len wow | Row 211
✅ Saved → RBQ | chon len wow | Row 212
✅ Saved → RBQ | chon len wow | Row 213
✅ Saved → RBQ | chon len wow | Row 214
✅ Saved → RBQ | chon len wow | Row 215
✅ Saved → RBQ | chon len wow | Row 216
✅ Saved → RBQ | chon len wow | Row 217
✅ Saved → RBQ | chon len wow | Row 218
✅ Saved → RBQ | chon len wow | Row 219
✅ Saved → RBQ | chon len wow | Row 220
✅ Saved → RBQ | chon len wow | Row 221
✅ Saved → RBQ | chon len wow | Row 222
✅ Saved → RBQ | chon len wow | Row 223
✅ Saved → RBQ | chon len wow | Row 224
✅ Saved → RBQ | chon len wow | Row 225
✅ Saved → RBQ | chon len wow | Row 226
✅ Saved → RBQ | chon len wow | Row 227
✅ Saved → RBQ | chon len wow | Row 228
✅ Saved → RBQ | chon len wow | Row 229
✅ Saved → RBQ | chon len wow | Row 230
✅ Saved → RBQ | chon len wow | Row 231
✅ Saved → RBQ | chon len wow | Row 232
✅ Saved → RBQ | chon len wow | Row 233
✅ Saved → RBQ | chon len wow | Row 234
✅ Saved → RBQ | chon len wow | Row 235
✅ Saved → RBQ | chon len wow | Row 236
✅ Saved → RBQ | chon len wow | Row 237
✅ Saved → RBQ | chon len wow | Row 238
✅ Saved → RBQ | chon len wow | Row 239
✅ Saved → RBQ | chon len wow | Row 240
✅ Saved → RBQ | chon len wow | Row 241
✅ Saved → RBQ | chon len wow | Row 242
✅ Saved → RBQ | chon len wow | Row 243
✅ Saved → RBQ | chon len wow | Row 244
✅ Saved → RBQ | chon len wow | Row 245
✅ Saved → RBQ | chon len wow | Row 246
✅ Saved → RBQ | chon len wow | Row 247
✅ Saved → RBQ | chon len wow | Row 248
✅ Saved → RBQ | chon len wow | Row 249
✅ Saved → RBQ | chon len wow | Row 250
✅ Saved → RBQ | chon len wow | Row 251
✅ Saved → RBQ | chon len wow | Row 252
✅ Saved → RBQ | chon len wow | Row 253
✅ Saved → RBQ | chon len wow | Row 254
✅ Saved → RBQ | chon len wow | Row 255
✅ Saved → RBQ | chon len wow | Row 256
✅ Saved → RBQ | chon len wow | Row 257
✅ Saved → RBQ | chon len wow | Row 258
✅ Saved → RBQ | chon len wow | Row 259
✅ Saved → RBQ | chon len wow | Row 260
✅ Saved → RBQ | chon len wow | Row 261
✅ Saved → RBQ | chon len wow | Row 262
✅ Saved → RBQ | chon len wow | Row 263
✅ Saved → RBQ | chon len wow | Row 264
✅ Saved → RBQ | chon len wow | Row 265
✅ Saved → RBQ | chon len wow | Row 266
✅ Saved → RBQ | chon len wow | Row 267
✅ Saved → RBQ | chon len wow | Row 268
✅ Saved → RBQ | chon len wow | Row 269
✅ Saved → RBQ | chon len wow | Row 270
✅ Saved → RBQ | chon len wow | Row 271
✅ Saved → RBQ | chon len wow | Row 272
✅ Saved → RBQ | chon len wow | Row 273
✅ Saved → RBQ | chon len wow | Row 274
✅ Saved → RBQ | chon len wow | Row 275
✅ Saved → RBQ | chon len wow | Row 276
✅ Saved → RBQ | chon len wow | Row 277
✅ Saved → RBQ | chon len wow | Row 278
✅ Saved → RBQ | chon len wow | Row 279
✅ Saved → RBQ | chon len wow | Row 280
✅ Saved → RBQ | chon len wow | Row 281
✅ Saved → RBQ | chon len wow | Row 283
✅ Saved → RBQ | chon len wow | Row 284
✅ Saved → RBQ | chon len wow | Row 285
✅ Saved → RBQ | chon len wow | Row 286
✅ Saved → RBQ | chon len wow | Row 287
✅ Saved → RBQ | chon len wow | Row 288
✅ Saved → RBQ | chon len wow | Row 289
✅ Saved → RBQ | chon len wow | Row 290
✅ Saved → RBQ | chon len wow | Row 291
✅ Saved → RBQ | chon len wow | Row 292
✅ Saved → RBQ | chon len wow | Row 293
✅ Saved → RBQ | chon len wow | Row 294
✅ Saved → RBQ | chon len wow | Row 295
✅ Saved → RBQ | chon len wow | Row 297
✅ Saved → RBQ | chon len wow | Row 298
✅ Saved → RBQ | chon len wow | Row 299
✅ Saved → RBQ | chon len wow | Row 300
✅ Saved → RBQ | chon len wow | Row 301
✅ Saved → RBQ | chon len wow | Row 302
✅ Saved → RBQ | chon len wow | Row 303
✅ Saved → RBQ | chon len wow | Row 304
✅ Saved → RBQ | chon len wow | Row 305
✅ Saved → RBQ | chon len wow | Row 306
✅ Saved → RBQ | chon len wow | Row 307
✅ Saved → RBQ | chon len wow | Row 308
✅ Saved → RBQ | chon len wow | Row 309
✅ Saved → RBQ | chon len wow | Row 310
✅ Saved → RBQ | chon len wow | Row 311
✅ Saved → RBQ | chon len wow | Row 312
✅ Saved → RBQ | chon len wow | Row 313
✅ Saved → RBQ | chon len wow | Row 314
✅ Saved → RBQ | chon len wow | Row 315
✅ Saved → RBQ | chon len wow | Row 316
✅ Saved → RBQ | chon len wow | Row 317
✅ Saved → RBQ | chon len wow | Row 318
✅ Saved → RBQ | chon len wow | Row 319
✅ Saved → RBQ | chon len wow | Row 320
✅ Saved → RBQ | chon len wow | Row 321
✅ Saved → RBQ | chon len wow | Row 322
✅ Saved → RBQ | chon len wow | Row 323
✅ Saved → RBQ | chon len wow | Row 325
✅ Saved → RBQ | chon len wow | Row 326
✅ Saved → RBQ | chon len wow | Row 327
✅ Saved → RBQ | chon len wow | Row 328
✅ Saved → RBQ | chon len wow | Row 329
✅ Saved → RBQ | chon len wow | Row 330
✅ Saved → RBQ | chon len wow | Row 331
✅ Saved → RBQ | chon len wow | Row 332
✅ Saved → RBQ | chon len wow | Row 333
✅ Saved → RBQ | chon len wow | Row 334
✅ Saved → RBQ | chon len wow | Row 335
✅ Saved → RBQ | chon len wow | Row 336
✅ Saved → RBQ | chon len wow | Row 337
✅ Saved → RBQ | chon len wow | Row 338
✅ Saved → RBQ | chon len wow | Row 339
✅ Saved → RBQ | chon len wow | Row 340
✅ Saved → RBQ | chon len wow | Row 341
✅ Saved → RBQ | chon len wow | Row 342
✅ Saved → RBQ | chon len wow | Row 343
✅ Saved → RBQ | chon len wow | Row 345
✅ Saved → RBQ | chon len wow | Row 346
✅ Saved → RBQ | chon len wow | Row 347
✅ Saved → RBQ | chon len wow | Row 349
✅ Saved → RBQ | chon len wow | Row 350
✅ Saved → RBQ | chon len wow | Row 351
✅ Saved → RBQ | chon len wow | Row 352
✅ Saved → RBQ | chon len wow | Row 353
✅ Saved → RBQ | chon len wow | Row 354
✅ Saved → RBQ | chon len wow | Row 355
✅ Saved → RBQ | chon len wow | Row 356
✅ Saved → RBQ | chon len wow | Row 357
✅ Saved → RBQ | chon len wow | Row 358
✅ Saved → RBQ | chon len wow | Row 359
✅ Saved → RBQ | chon len wow | Row 360
✅ Saved → RBQ | chon len wow | Row 361
✅ Saved → RBQ | chon len wow | Row 362
✅ Saved → RBQ | chon len wow | Row 363
✅ Saved → RBQ | chon len wow | Row 364
✅ Saved → RBQ | chon len wow | Row 365
✅ Saved → RBQ | chon len wow | Row 366
✅ Saved → RBQ | chon len wow | Row 367
✅ Saved → RBQ | chon len wow | Row 368
✅ Saved → RBQ | chon len wow | Row 369
✅ Saved → RBQ | chon len wow | Row 370
✅ Saved → RBQ | chon len wow | Row 371
✅ Saved → RBQ | chon len wow | Row 372
✅ Saved → RBQ | chon len wow | Row 373
✅ Saved → RBQ | chon len wow | Row 374
✅ Saved → RBQ | chon len wow | Row 375
✅ Saved → RBQ | chon len wow | Row 376
✅ Saved → RBQ | chon len wow | Row 377
✅ Saved → RBQ | chon len wow | Row 378
✅ Saved → RBQ | chon len wow | Row 379
✅ Saved → RBQ | chon len wow | Row 380
✅ Saved → RBQ | chon len wow | Row 381
✅ Saved → RBQ | chon len wow | Row 382
✅ Saved → RBQ | chon len wow | Row 383
✅ Saved → RBQ | chon len wow | Row 384
✅ Saved → RBQ | chon len wow | Row 385
✅ Saved → RBQ | chon len wow | Row 386
✅ Saved → RBQ | chon len wow | Row 387
✅ Saved → RBQ | chon len wow | Row 388
✅ Saved → RBQ | chon len wow | Row 389
✅ Saved → RBQ | chon len wow | Row 390
✅ Saved → RBQ | chon len wow | Row 391
✅ Saved → RBQ | chon len wow | Row 392
✅ Saved → RBQ | chon len wow | Row 393
✅ Saved → RBQ | chon len wow | Row 394
✅ Saved → RBQ | chon len wow | Row 395
✅ Saved → RBQ | chon len wow | Row 396
✅ Saved → RBQ | chon len wow | Row 397
✅ Saved → RBQ | chon len wow | Row 398
✅ Saved → RBQ | chon len wow | Row 399
✅ Saved → RBQ | chon len wow | Row 400
✅ Saved → RBQ | chon len wow | Row 401
✅ Saved → RBQ | chon len wow | Row 402
✅ Saved → RBQ | chon len wow | Row 403
✅ Saved → RBQ | chon len wow | Row 404
✅ Saved → RBQ | chon len wow | Row 405
✅ Saved → RBQ | chon len wow | Row 406
✅ Saved → RBQ | chon len wow | Row 407
✅ Saved → RBQ | Thai Boxing | Row 0
✅ Saved → RBQ | Thai Boxing | Row 1
✅ Saved → RBQ | Thai Boxing | Row 2
✅ Saved → RBQ | Thai Boxing | Row 3
✅ Saved → RBQ | Thai Boxing | Row 4
✅ Saved → RBQ | Thai Boxing | Row 5
✅ Saved → RBQ | Thai Boxing | Row 6
✅ Saved → RBQ | Thai Boxing | Row 7
✅ Saved → RBQ | Thai Boxing | Row 8
✅ Saved → RBQ | Thai Boxing | Row 9
✅ Saved → RBQ | Thai Boxing | Row 10
✅ Saved → RBQ | Thai Boxing | Row 11
✅ Saved → RBQ | Thai Boxing | Row 12
✅ Saved → RBQ | Thai Boxing | Row 13
✅ Saved → RBQ | Thai Boxing | Row 14
✅ Saved → RBQ | Thai Boxing | Row 15
✅ Saved → RBQ | Thai Boxing | Row 16
✅ Saved → RBQ | Thai Boxing | Row 17
✅ Saved → RBQ | Thai Boxing | Row 18
✅ Saved → RBQ | Thai Boxing | Row 19
✅ Saved → RBQ | Thai Boxing | Row 20
✅ Saved → RBQ | Thai Boxing | Row 21
✅ Saved → RBQ | Thai Boxing | Row 22
✅ Saved → RBQ | Thai Boxing | Row 23
✅ Saved → RBQ | Thai Boxing | Row 24
✅ Saved → RBQ | Thai Boxing | Row 25
✅ Saved → RBQ | Thai Boxing | Row 26
✅ Saved → RBQ | Thai Boxing | Row 27
✅ Saved → RBQ | Thai Boxing | Row 28
✅ Saved → RBQ | Thai Boxing | Row 29
✅ Saved → RBQ | Thai Boxing | Row 30
✅ Saved → RBQ | Thai Boxing | Row 31
✅ Saved → RBQ | Thai Boxing | Row 32
✅ Saved → RBQ | Thai Boxing | Row 33
✅ Saved → RBQ | Thai Boxing | Row 34
✅ Saved → RBQ | Thai Boxing | Row 35
✅ Saved → RBQ | Thai Boxing | Row 36
✅ Saved → RBQ | Thai Boxing | Row 37
✅ Saved → RBQ | Thai Boxing | Row 38
✅ Saved → RBQ | Thai Boxing | Row 39
✅ Saved → RBQ | Thai Boxing | Row 40
✅ Saved → RBQ | Thai Boxing | Row 41
✅ Saved → RBQ | Thai Boxing | Row 42
✅ Saved → RBQ | Thai Boxing | Row 43
✅ Saved → RBQ | Thai Boxing | Row 44
✅ Saved → RBQ | Thai Boxing | Row 45
✅ Saved → RBQ | Thai Boxing | Row 46
✅ Saved → RBQ | Thai Boxing | Row 47
✅ Saved → RBQ | Thai Boxing | Row 48
✅ Saved → RBQ | Thai Boxing | Row 49
✅ Saved → RBQ | Thai Boxing | Row 50
✅ Saved → RBQ | Thai Boxing | Row 52
✅ Saved → RBQ | Thai Boxing | Row 53
✅ Saved → RBQ | Thai Boxing | Row 54
✅ Saved → RBQ | Thai Boxing | Row 55
✅ Saved → RBQ | Thai Boxing | Row 56
✅ Saved → RBQ | Thai Boxing | Row 57
✅ Saved → RBQ | Thai Boxing | Row 58
✅ Saved → RBQ | Thai Boxing | Row 59
✅ Saved → RBQ | Thai Boxing | Row 60
✅ Saved → RBQ | Thai Boxing | Row 61
✅ Saved → RBQ | Thai Boxing | Row 62
✅ Saved → RBQ | Thai Boxing | Row 63
✅ Saved → RBQ | Thai Boxing | Row 64
✅ Saved → RBQ | Thai Boxing | Row 65
✅ Saved → RBQ | Thai Boxing | Row 66
✅ Saved → RBQ | Thai Boxing | Row 67
✅ Saved → RBQ | Thai Boxing | Row 68
✅ Saved → RBQ | Thai Boxing | Row 69
✅ Saved → RBQ | Thai Boxing | Row 70
✅ Saved → RBQ | Thai Boxing | Row 71
✅ Saved → RBQ | Thai Boxing | Row 72
✅ Saved → RBQ | Thai Boxing | Row 73
✅ Saved → RBQ | Thai Boxing | Row 74
✅ Saved → RBQ | Thai Boxing | Row 75
✅ Saved → RBQ | Thai Boxing | Row 76
✅ Saved → RBQ | Thai Boxing | Row 77
✅ Saved → RBQ | Thai Boxing | Row 78
✅ Saved → RBQ | Thai Boxing | Row 79
✅ Saved → RBQ | Thai Boxing | Row 80
✅ Saved → RBQ | Thai Boxing | Row 81
✅ Saved → RBQ | Thai Boxing | Row 82
✅ Saved → RBQ | Thai Boxing | Row 83
✅ Saved → RBQ | Thai Boxing | Row 84
✅ Saved → RBQ | Thai Boxing | Row 85
✅ Saved → RBQ | Thai Boxing | Row 86
✅ Saved → RBQ | Thai Boxing | Row 87
✅ Saved → RBQ | Thai Boxing | Row 88
✅ Saved → RBQ | Thai Boxing | Row 89
✅ Saved → RBQ | Thai Boxing | Row 90
✅ Saved → RBQ | Thai Boxing | Row 91
✅ Saved → RBQ | Thai Boxing | Row 92
✅ Saved → RBQ | Thai Boxing | Row 93
✅ Saved → RBQ | Thai Boxing | Row 95
✅ Saved → RBQ | Thai Boxing | Row 96
✅ Saved → RBQ | Thai Boxing | Row 97
✅ Saved → RBQ | Thai Boxing | Row 98
✅ Saved → RBQ | Thai Boxing | Row 99
✅ Saved → RBQ | Thai Boxing | Row 100
✅ Saved → RBQ | Thai Boxing | Row 101
✅ Saved → RBQ | Thai Boxing | Row 102
✅ Saved → RBQ | Thai Boxing | Row 103
✅ Saved → RBQ | Thai Boxing | Row 104
✅ Saved → RBQ | Thai Boxing | Row 105
✅ Saved → RBQ | Thai Boxing | Row 106
✅ Saved → RBQ | Thai Boxing | Row 107
✅ Saved → RBQ | Thai Boxing | Row 108
✅ Saved → RBQ | Thai Boxing | Row 109
✅ Saved → RBQ | Thai Boxing | Row 110
✅ Saved → RBQ | Thai Boxing | Row 111
✅ Saved → RBQ | Thai Boxing | Row 112
✅ Saved → RBQ | Thai Boxing | Row 113
✅ Saved → RBQ | Thai Boxing | Row 114
✅ Saved → RBQ | Thai Boxing | Row 115
✅ Saved → RBQ | Thai Boxing | Row 116
✅ Saved → RBQ | Thai Boxing | Row 117
✅ Saved → RBQ | Thai Boxing | Row 118
✅ Saved → RBQ | Thai Boxing | Row 119
✅ Saved → RBQ | Thai Boxing | Row 120
✅ Saved → RBQ | Thai Boxing | Row 121
✅ Saved → RBQ | Thai Boxing | Row 122
✅ Saved → RBQ | Thai Boxing | Row 123
✅ Saved → RBQ | Thai Boxing | Row 124
✅ Saved → RBQ | Thai Boxing | Row 125
✅ Saved → RBQ | Thai Boxing | Row 126
✅ Saved → RBQ | Thai Boxing | Row 127
✅ Saved → RBQ | Thai Boxing | Row 128
✅ Saved → RBQ | Thai Boxing | Row 129
✅ Saved → RBQ | Thai Boxing | Row 130
✅ Saved → RBQ | Thai Boxing | Row 131
✅ Saved → RBQ | Thai Boxing | Row 132
✅ Saved → RBQ | Thai Boxing | Row 133
✅ Saved → RBQ | Thai Boxing | Row 134
✅ Saved → RBQ | Thai Boxing | Row 135
✅ Saved → RBQ | Thai Boxing | Row 136
✅ Saved → RBQ | Thai Boxing | Row 137
✅ Saved → RBQ | Thai Boxing | Row 138
✅ Saved → RBQ | Thai Boxing | Row 139
✅ Saved → RBQ | Thai Boxing | Row 140
✅ Saved → RBQ | Thai Boxing | Row 141
✅ Saved → RBQ | Thai Boxing | Row 142
✅ Saved → RBQ | Thai Boxing | Row 143
✅ Saved → RBQ | Thai Boxing | Row 144
✅ Saved → RBQ | Thai Boxing | Row 145
✅ Saved → RBQ | Thai Boxing | Row 146
✅ Saved → RBQ | Thai Boxing | Row 147
✅ Saved → RBQ | Thai Boxing | Row 148
✅ Saved → RBQ | Thai Boxing | Row 149
✅ Saved → RBQ | Thai Boxing | Row 150
✅ Saved → RBQ | Thai Boxing | Row 151
✅ Saved → RBQ | Thai Boxing | Row 152
✅ Saved → RBQ | Thai Boxing | Row 153
✅ Saved → RBQ | Thai Boxing | Row 154
✅ Saved → RBQ | Thai Boxing | Row 155
✅ Saved → RBQ | Thai Boxing | Row 156
✅ Saved → RBQ | Thai Boxing | Row 157
✅ Saved → RBQ | Thai Boxing | Row 158
✅ Saved → RBQ | Thai Boxing | Row 159
✅ Saved → RBQ | Thai Boxing | Row 160
✅ Saved → RBQ | Thai Boxing | Row 161
✅ Saved → RBQ | Thai Boxing | Row 162
✅ Saved → RBQ | Thai Boxing | Row 163
✅ Saved → RBQ | Thai Boxing | Row 164
✅ Saved → RBQ | Thai Boxing | Row 165
✅ Saved → RBQ | Thai Boxing | Row 166
✅ Saved → RBQ | Thai Boxing | Row 167
✅ Saved → RBQ | Thai Boxing | Row 168
✅ Saved → RBQ | Thai Boxing | Row 169
✅ Saved → RBQ | Thai Boxing | Row 170
✅ Saved → RBQ | Thai Boxing | Row 171
✅ Saved → RBQ | Thai Boxing | Row 172
✅ Saved → RBQ | Thai Boxing | Row 173
✅ Saved → RBQ | Thai Boxing | Row 174
✅ Saved → RBQ | Thai Boxing | Row 175
✅ Saved → RBQ | Thai Boxing | Row 176
✅ Saved → RBQ | Thai Boxing | Row 177
✅ Saved → RBQ | Thai Boxing | Row 178
✅ Saved → RBQ | Thai Boxing | Row 179
✅ Saved → RBQ | Thai Boxing | Row 180
✅ Saved → RBQ | Thai Boxing | Row 181
✅ Saved → RBQ | Thai Boxing | Row 182
✅ Saved → RBQ | Thai Boxing | Row 183
✅ Saved → RBQ | Thai Boxing | Row 184
✅ Saved → RBQ | Thai Boxing | Row 185
✅ Saved → RBQ | Thai Boxing | Row 186
✅ Saved → RBQ | Thai Boxing | Row 187
✅ Saved → RBQ | Thai Boxing | Row 188
✅ Saved → RBQ | Thai Boxing | Row 189
✅ Saved → RBQ | Thai Boxing | Row 190
✅ Saved → RBQ | Thai Boxing | Row 191
✅ Saved → RBQ | Thai Boxing | Row 192
✅ Saved → RBQ | Thai Boxing | Row 193
✅ Saved → RBQ | Thai Boxing | Row 194
✅ Saved → RBQ | Thai Boxing | Row 195
✅ Saved → RBQ | Thai Boxing | Row 196
✅ Saved → RBQ | Thai Boxing | Row 197
✅ Saved → RBQ | Thai Boxing | Row 198
✅ Saved → RBQ | Thai Boxing | Row 199
✅ Saved → RBQ | Thai Boxing | Row 200
✅ Saved → RBQ | Thai Boxing | Row 206

✅ COMPLETE!
📄 Live-updating CSV: /DATA/rohan_kirti/country/thailand/RBQ/Results_RBQ.csv
Ended at: 21:28:21
Total Duration: 1:00:31.874387
✅ Successfully created '/DATA/rohan_kirti/country/thailand/RBQ/Results_RBQ.xlsx'
