Started at: 20:28:35
SBQ

📌 Processing: /DATA/rohan_kirti/country/thailand/SBQ/Thailand_SBQ.xlsx
chon wua
✅ Saved → SBQ | chon wua | Row 0
✅ Saved → SBQ | chon wua | Row 1
✅ Saved → SBQ | chon wua | Row 2
✅ Saved → SBQ | chon wua | Row 3
✅ Saved → SBQ | chon wua | Row 4
✅ Saved → SBQ | chon wua | Row 5
✅ Saved → SBQ | chon wua | Row 6
✅ Saved → SBQ | chon wua | Row 7
✅ Saved → SBQ | chon wua | Row 8
✅ Saved → SBQ | chon wua | Row 9
✅ Saved → SBQ | chon wua | Row 10
✅ Saved → SBQ | chon wua | Row 11
✅ Saved → SBQ | chon wua | Row 12
✅ Saved → SBQ | chon wua | Row 13
✅ Saved → SBQ | chon wua | Row 14
✅ Saved → SBQ | chon wua | Row 15
✅ Saved → SBQ | chon wua | Row 16
✅ Saved → SBQ | chon wua | Row 17
✅ Saved → SBQ | chon wua | Row 18
✅ Saved → SBQ | chon wua | Row 19
✅ Saved → SBQ | chon wua | Row 20
✅ Saved → SBQ | chon wua | Row 21
✅ Saved → SBQ | chon wua | Row 22
✅ Saved → SBQ | chon wua | Row 23
✅ Saved → SBQ | chon wua | Row 24
✅ Saved → SBQ | chon wua | Row 25
✅ Saved → SBQ | chon wua | Row 26
✅ Saved → SBQ | chon wua | Row 27
✅ Saved → SBQ | chon wua | Row 28
✅ Saved → SBQ | chon wua | Row 29
✅ Saved → SBQ | chon wua | Row 30
✅ Saved → SBQ | chon wua | Row 31
✅ Saved → SBQ | chon wua | Row 32
✅ Saved → SBQ | chon wua | Row 33
✅ Saved → SBQ | chon wua | Row 34
✅ Saved → SBQ | chon wua | Row 35
✅ Saved → SBQ | chon wua | Row 36
✅ Saved → SBQ | chon wua | Row 37
✅ Saved → SBQ | chon wua | Row 38
✅ Saved → SBQ | chon wua | Row 39
✅ Saved → SBQ | chon wua | Row 40
✅ Saved → SBQ | chon wua | Row 43
✅ Saved → SBQ | chon wua | Row 44
✅ Saved → SBQ | chon wua | Row 45
✅ Saved → SBQ | chon wua | Row 47
✅ Saved → SBQ | chon wua | Row 48
✅ Saved → SBQ | chon wua | Row 49
✅ Saved → SBQ | chon wua | Row 50
✅ Saved → SBQ | chon wua | Row 51
✅ Saved → SBQ | chon wua | Row 52
✅ Saved → SBQ | chon wua | Row 53
✅ Saved → SBQ | chon wua | Row 54
✅ Saved → SBQ | chon wua | Row 55
✅ Saved → SBQ | chon wua | Row 56
✅ Saved → SBQ | chon wua | Row 57
✅ Saved → SBQ | chon wua | Row 58
✅ Saved → SBQ | chon wua | Row 59
✅ Saved → SBQ | chon wua | Row 60
✅ Saved → SBQ | chon wua | Row 61
✅ Saved → SBQ | chon wua | Row 62
✅ Saved → SBQ | chon wua | Row 63
✅ Saved → SBQ | chon wua | Row 64
✅ Saved → SBQ | chon wua | Row 65
✅ Saved → SBQ | chon wua | Row 66
✅ Saved → SBQ | chon wua | Row 67
✅ Saved → SBQ | chon wua | Row 68
✅ Saved → SBQ | chon wua | Row 69
✅ Saved → SBQ | chon wua | Row 71
✅ Saved → SBQ | chon wua | Row 75
✅ Saved → SBQ | chon wua | Row 76
✅ Saved → SBQ | chon wua | Row 78
✅ Saved → SBQ | chon wua | Row 79
✅ Saved → SBQ | chon wua | Row 80
✅ Saved → SBQ | chon wua | Row 81
✅ Saved → SBQ | chon wua | Row 82
✅ Saved → SBQ | chon wua | Row 83
✅ Saved → SBQ | chon wua | Row 84
✅ Saved → SBQ | chon wua | Row 85
✅ Saved → SBQ | chon wua | Row 87
✅ Saved → SBQ | chon wua | Row 88
✅ Saved → SBQ | chon wua | Row 89
✅ Saved → SBQ | chon wua | Row 90
✅ Saved → SBQ | chon wua | Row 91
✅ Saved → SBQ | chon wua | Row 92
✅ Saved → SBQ | chon wua | Row 93
✅ Saved → SBQ | chon wua | Row 94
✅ Saved → SBQ | chon wua | Row 95
✅ Saved → SBQ | chon wua | Row 96
✅ Saved → SBQ | chon wua | Row 97
✅ Saved → SBQ | chon wua | Row 98
✅ Saved → SBQ | chon wua | Row 99
✅ Saved → SBQ | chon wua | Row 100
✅ Saved → SBQ | chon wua | Row 101
✅ Saved → SBQ | chon wua | Row 102
✅ Saved → SBQ | chon wua | Row 103
✅ Saved → SBQ | chon wua | Row 104
✅ Saved → SBQ | chon wua | Row 105
✅ Saved → SBQ | chon wua | Row 106
✅ Saved → SBQ | chon wua | Row 107
✅ Saved → SBQ | chon wua | Row 108
✅ Saved → SBQ | chon wua | Row 109
✅ Saved → SBQ | chon wua | Row 110
✅ Saved → SBQ | chon wua | Row 112
✅ Saved → SBQ | chon wua | Row 113
✅ Saved → SBQ | chon wua | Row 114
✅ Saved → SBQ | chon wua | Row 115
✅ Saved → SBQ | chon wua | Row 116
✅ Saved → SBQ | chon wua | Row 117
✅ Saved → SBQ | chon wua | Row 118
✅ Saved → SBQ | chon wua | Row 119
✅ Saved → SBQ | chon wua | Row 120
✅ Saved → SBQ | chon wua | Row 121
✅ Saved → SBQ | chon wua | Row 122
✅ Saved → SBQ | chon wua | Row 123
✅ Saved → SBQ | chon wua | Row 124
✅ Saved → SBQ | chon wua | Row 125
✅ Saved → SBQ | chon wua | Row 126
✅ Saved → SBQ | chon wua | Row 127
✅ Saved → SBQ | chon wua | Row 128
✅ Saved → SBQ | chon wua | Row 129
✅ Saved → SBQ | chon wua | Row 130
✅ Saved → SBQ | chon wua | Row 131
✅ Saved → SBQ | chon wua | Row 132
✅ Saved → SBQ | chon wua | Row 133
✅ Saved → SBQ | chon wua | Row 134
✅ Saved → SBQ | chon wua | Row 135
✅ Saved → SBQ | chon wua | Row 136
✅ Saved → SBQ | chon wua | Row 137
✅ Saved → SBQ | chon wua | Row 138
✅ Saved → SBQ | chon wua | Row 139
✅ Saved → SBQ | chon wua | Row 140
✅ Saved → SBQ | chon wua | Row 141
✅ Saved → SBQ | chon wua | Row 142
✅ Saved → SBQ | chon wua | Row 143
✅ Saved → SBQ | chon wua | Row 144
✅ Saved → SBQ | chon wua | Row 145
✅ Saved → SBQ | chon wua | Row 146
✅ Saved → SBQ | chon wua | Row 147
✅ Saved → SBQ | chon wua | Row 149
✅ Saved → SBQ | chon wua | Row 150
✅ Saved → SBQ | chon wua | Row 151
✅ Saved → SBQ | chon wua | Row 152
✅ Saved → SBQ | chon wua | Row 153
✅ Saved → SBQ | chon wua | Row 154
✅ Saved → SBQ | chon wua | Row 155
✅ Saved → SBQ | chon wua | Row 156
✅ Saved → SBQ | chon wua | Row 157
✅ Saved → SBQ | chon wua | Row 159
✅ Saved → SBQ | chon wua | Row 160
✅ Saved → SBQ | chon wua | Row 161
✅ Saved → SBQ | chon wua | Row 162
✅ Saved → SBQ | chon wua | Row 163
✅ Saved → SBQ | chon wua | Row 165
✅ Saved → SBQ | chon wua | Row 166
✅ Saved → SBQ | chon wua | Row 167
✅ Saved → SBQ | chon wua | Row 168
✅ Saved → SBQ | chon wua | Row 169
✅ Saved → SBQ | chon wua | Row 171
✅ Saved → SBQ | chon wua | Row 172
✅ Saved → SBQ | chon wua | Row 173
✅ Saved → SBQ | chon wua | Row 174
✅ Saved → SBQ | chon wua | Row 175
✅ Saved → SBQ | chon wua | Row 176
✅ Saved → SBQ | chon wua | Row 177
✅ Saved → SBQ | chon wua | Row 178
✅ Saved → SBQ | chon wua | Row 179
✅ Saved → SBQ | chon wua | Row 180
✅ Saved → SBQ | chon wua | Row 181
✅ Saved → SBQ | chon wua | Row 182
✅ Saved → SBQ | chon wua | Row 183
✅ Saved → SBQ | chon wua | Row 184
✅ Saved → SBQ | chon wua | Row 185
✅ Saved → SBQ | chon wua | Row 187
✅ Saved → SBQ | chon wua | Row 188
✅ Saved → SBQ | chon wua | Row 189
✅ Saved → SBQ | chon wua | Row 190
✅ Saved → SBQ | chon wua | Row 191
✅ Saved → SBQ | chon wua | Row 192
✅ Saved → SBQ | chon wua | Row 193
✅ Saved → SBQ | chon wua | Row 194
✅ Saved → SBQ | chon wua | Row 195
✅ Saved → SBQ | chon wua | Row 196
✅ Saved → SBQ | chon wua | Row 197
✅ Saved → SBQ | chon wua | Row 198
✅ Saved → SBQ | chon wua | Row 207
✅ Saved → SBQ | chon wua | Row 208
✅ Saved → SBQ | chon wua | Row 209
✅ Saved → SBQ | chon wua | Row 210
✅ Saved → SBQ | chon wua | Row 211
✅ Saved → SBQ | chon wua | Row 212
✅ Saved → SBQ | chon wua | Row 213
✅ Saved → SBQ | chon wua | Row 214
✅ Saved → SBQ | chon wua | Row 215
✅ Saved → SBQ | chon wua | Row 216
✅ Saved → SBQ | chon wua | Row 217
✅ Saved → SBQ | chon wua | Row 218
✅ Saved → SBQ | chon wua | Row 219
✅ Saved → SBQ | chon wua | Row 220
✅ Saved → SBQ | chon wua | Row 221
✅ Saved → SBQ | chon wua | Row 222
✅ Saved → SBQ | chon wua | Row 223
✅ Saved → SBQ | chon wua | Row 224
✅ Saved → SBQ | chon wua | Row 225
✅ Saved → SBQ | chon wua | Row 226
✅ Saved → SBQ | chon wua | Row 227
✅ Saved → SBQ | chon wua | Row 229
✅ Saved → SBQ | chon wua | Row 231
✅ Saved → SBQ | chon wua | Row 233
✅ Saved → SBQ | chon wua | Row 234
✅ Saved → SBQ | chon wua | Row 236
✅ Saved → SBQ | chon wua | Row 237
✅ Saved → SBQ | chon wua | Row 238
✅ Saved → SBQ | chon wua | Row 239
✅ Saved → SBQ | chon wua | Row 241
✅ Saved → SBQ | chon wua | Row 242
✅ Saved → SBQ | chon wua | Row 243
✅ Saved → SBQ | chon wua | Row 244
✅ Saved → SBQ | chon wua | Row 245
✅ Saved → SBQ | chon wua | Row 246
✅ Saved → SBQ | chon wua | Row 247
✅ Saved → SBQ | chon wua | Row 248
✅ Saved → SBQ | chon wua | Row 249
✅ Saved → SBQ | chon wua | Row 250
✅ Saved → SBQ | chon wua | Row 251
✅ Saved → SBQ | chon wua | Row 252
✅ Saved → SBQ | chon wua | Row 253
✅ Saved → SBQ | chon wua | Row 255
✅ Saved → SBQ | chon wua | Row 259
✅ Saved → SBQ | chon wua | Row 260
✅ Saved → SBQ | chon wua | Row 261
✅ Saved → SBQ | chon wua | Row 262
✅ Saved → SBQ | chon wua | Row 263
✅ Saved → SBQ | chon wua | Row 264
✅ Saved → SBQ | chon wua | Row 267
✅ Saved → SBQ | chon wua | Row 268
✅ Saved → SBQ | chon wua | Row 269
✅ Saved → SBQ | chon wua | Row 270
✅ Saved → SBQ | chon wua | Row 271
✅ Saved → SBQ | chon wua | Row 272
✅ Saved → SBQ | chon wua | Row 273
✅ Saved → SBQ | chon wua | Row 274
✅ Saved → SBQ | chon wua | Row 275
✅ Saved → SBQ | chon wua | Row 277
✅ Saved → SBQ | chon wua | Row 281
✅ Saved → SBQ | chon wua | Row 283
✅ Saved → SBQ | chon wua | Row 284
✅ Saved → SBQ | chon wua | Row 285
✅ Saved → SBQ | chon wua | Row 286
✅ Saved → SBQ | chon wua | Row 287
✅ Saved → SBQ | chon wua | Row 288
✅ Saved → SBQ | chon wua | Row 289
✅ Saved → SBQ | chon wua | Row 290
✅ Saved → SBQ | chon wua | Row 291
✅ Saved → SBQ | chon wua | Row 292
✅ Saved → SBQ | chon wua | Row 294
✅ Saved → SBQ | chon wua | Row 295
✅ Saved → SBQ | chon wua | Row 296
✅ Saved → SBQ | chon wua | Row 297
✅ Saved → SBQ | chon wua | Row 298
✅ Saved → SBQ | chon wua | Row 299
✅ Saved → SBQ | chon wua | Row 300
✅ Saved → SBQ | chon wua | Row 301
✅ Saved → SBQ | chon wua | Row 302
✅ Saved → SBQ | chon wua | Row 303
✅ Saved → SBQ | chon wua | Row 304
✅ Saved → SBQ | chon wua | Row 305
✅ Saved → SBQ | chon wua | Row 306
✅ Saved → SBQ | chon wua | Row 307
✅ Saved → SBQ | chon wua | Row 308
✅ Saved → SBQ | chon wua | Row 309
✅ Saved → SBQ | chon wua | Row 310
✅ Saved → SBQ | chon wua | Row 311
✅ Saved → SBQ | chon wua | Row 312
✅ Saved → SBQ | chon wua | Row 313
✅ Saved → SBQ | chon wua | Row 314
✅ Saved → SBQ | chon wua | Row 315
✅ Saved → SBQ | chon wua | Row 316
✅ Saved → SBQ | chon wua | Row 317
✅ Saved → SBQ | chon wua | Row 318
✅ Saved → SBQ | chon wua | Row 319
✅ Saved → SBQ | chon wua | Row 321
✅ Saved → SBQ | chon wua | Row 323
✅ Saved → SBQ | chon wua | Row 325
✅ Saved → SBQ | chon wua | Row 326
✅ Saved → SBQ | chon wua | Row 327
✅ Saved → SBQ | chon wua | Row 328
✅ Saved → SBQ | chon wua | Row 329
✅ Saved → SBQ | chon wua | Row 330
✅ Saved → SBQ | chon wua | Row 331
✅ Saved → SBQ | chon wua | Row 332
kaeng ruer
✅ Saved → SBQ | kaeng ruer | Row 0
✅ Saved → SBQ | kaeng ruer | Row 1
✅ Saved → SBQ | kaeng ruer | Row 2
✅ Saved → SBQ | kaeng ruer | Row 3
✅ Saved → SBQ | kaeng ruer | Row 4
✅ Saved → SBQ | kaeng ruer | Row 5
✅ Saved → SBQ | kaeng ruer | Row 6
✅ Saved → SBQ | kaeng ruer | Row 7
✅ Saved → SBQ | kaeng ruer | Row 8
✅ Saved → SBQ | kaeng ruer | Row 9
✅ Saved → SBQ | kaeng ruer | Row 10
✅ Saved → SBQ | kaeng ruer | Row 11
✅ Saved → SBQ | kaeng ruer | Row 12
✅ Saved → SBQ | kaeng ruer | Row 13
✅ Saved → SBQ | kaeng ruer | Row 14
✅ Saved → SBQ | kaeng ruer | Row 15
✅ Saved → SBQ | kaeng ruer | Row 16
✅ Saved → SBQ | kaeng ruer | Row 17
✅ Saved → SBQ | kaeng ruer | Row 18
✅ Saved → SBQ | kaeng ruer | Row 19
✅ Saved → SBQ | kaeng ruer | Row 20
✅ Saved → SBQ | kaeng ruer | Row 21
✅ Saved → SBQ | kaeng ruer | Row 22
✅ Saved → SBQ | kaeng ruer | Row 23
✅ Saved → SBQ | kaeng ruer | Row 24
✅ Saved → SBQ | kaeng ruer | Row 25
✅ Saved → SBQ | kaeng ruer | Row 26
✅ Saved → SBQ | kaeng ruer | Row 27
✅ Saved → SBQ | kaeng ruer | Row 28
✅ Saved → SBQ | kaeng ruer | Row 29
✅ Saved → SBQ | kaeng ruer | Row 30
✅ Saved → SBQ | kaeng ruer | Row 31
✅ Saved → SBQ | kaeng ruer | Row 32
✅ Saved → SBQ | kaeng ruer | Row 33
✅ Saved → SBQ | kaeng ruer | Row 34
✅ Saved → SBQ | kaeng ruer | Row 35
✅ Saved → SBQ | kaeng ruer | Row 36
✅ Saved → SBQ | kaeng ruer | Row 37
✅ Saved → SBQ | kaeng ruer | Row 38
✅ Saved → SBQ | kaeng ruer | Row 39
✅ Saved → SBQ | kaeng ruer | Row 40
✅ Saved → SBQ | kaeng ruer | Row 41
✅ Saved → SBQ | kaeng ruer | Row 42
✅ Saved → SBQ | kaeng ruer | Row 43
✅ Saved → SBQ | kaeng ruer | Row 44
✅ Saved → SBQ | kaeng ruer | Row 45
✅ Saved → SBQ | kaeng ruer | Row 46
✅ Saved → SBQ | kaeng ruer | Row 47
✅ Saved → SBQ | kaeng ruer | Row 48
✅ Saved → SBQ | kaeng ruer | Row 49
✅ Saved → SBQ | kaeng ruer | Row 50
✅ Saved → SBQ | kaeng ruer | Row 51
✅ Saved → SBQ | kaeng ruer | Row 52
✅ Saved → SBQ | kaeng ruer | Row 53
✅ Saved → SBQ | kaeng ruer | Row 54
✅ Saved → SBQ | kaeng ruer | Row 55
✅ Saved → SBQ | kaeng ruer | Row 56
✅ Saved → SBQ | kaeng ruer | Row 57
✅ Saved → SBQ | kaeng ruer | Row 58
✅ Saved → SBQ | kaeng ruer | Row 59
✅ Saved → SBQ | kaeng ruer | Row 60
✅ Saved → SBQ | kaeng ruer | Row 61
✅ Saved → SBQ | kaeng ruer | Row 62
✅ Saved → SBQ | kaeng ruer | Row 63
✅ Saved → SBQ | kaeng ruer | Row 64
✅ Saved → SBQ | kaeng ruer | Row 65
✅ Saved → SBQ | kaeng ruer | Row 66
✅ Saved → SBQ | kaeng ruer | Row 67
✅ Saved → SBQ | kaeng ruer | Row 68
✅ Saved → SBQ | kaeng ruer | Row 69
✅ Saved → SBQ | kaeng ruer | Row 70
✅ Saved → SBQ | kaeng ruer | Row 71
✅ Saved → SBQ | kaeng ruer | Row 72
✅ Saved → SBQ | kaeng ruer | Row 73
✅ Saved → SBQ | kaeng ruer | Row 74
✅ Saved → SBQ | kaeng ruer | Row 75
✅ Saved → SBQ | kaeng ruer | Row 76
✅ Saved → SBQ | kaeng ruer | Row 77
✅ Saved → SBQ | kaeng ruer | Row 78
✅ Saved → SBQ | kaeng ruer | Row 79
✅ Saved → SBQ | kaeng ruer | Row 80
✅ Saved → SBQ | kaeng ruer | Row 81
✅ Saved → SBQ | kaeng ruer | Row 82
✅ Saved → SBQ | kaeng ruer | Row 83
✅ Saved → SBQ | kaeng ruer | Row 84
✅ Saved → SBQ | kaeng ruer | Row 85
✅ Saved → SBQ | kaeng ruer | Row 86
✅ Saved → SBQ | kaeng ruer | Row 87
✅ Saved → SBQ | kaeng ruer | Row 88
✅ Saved → SBQ | kaeng ruer | Row 89
✅ Saved → SBQ | kaeng ruer | Row 90
✅ Saved → SBQ | kaeng ruer | Row 91
✅ Saved → SBQ | kaeng ruer | Row 92
✅ Saved → SBQ | kaeng ruer | Row 93
✅ Saved → SBQ | kaeng ruer | Row 94
✅ Saved → SBQ | kaeng ruer | Row 95
✅ Saved → SBQ | kaeng ruer | Row 96
✅ Saved → SBQ | kaeng ruer | Row 97
✅ Saved → SBQ | kaeng ruer | Row 98
✅ Saved → SBQ | kaeng ruer | Row 99
✅ Saved → SBQ | kaeng ruer | Row 100
✅ Saved → SBQ | kaeng ruer | Row 101
✅ Saved → SBQ | kaeng ruer | Row 102
✅ Saved → SBQ | kaeng ruer | Row 103
✅ Saved → SBQ | kaeng ruer | Row 104
✅ Saved → SBQ | kaeng ruer | Row 105
✅ Saved → SBQ | kaeng ruer | Row 106
✅ Saved → SBQ | kaeng ruer | Row 107
✅ Saved → SBQ | kaeng ruer | Row 108
✅ Saved → SBQ | kaeng ruer | Row 109
✅ Saved → SBQ | kaeng ruer | Row 110
✅ Saved → SBQ | kaeng ruer | Row 112
✅ Saved → SBQ | kaeng ruer | Row 113
✅ Saved → SBQ | kaeng ruer | Row 114
✅ Saved → SBQ | kaeng ruer | Row 115
✅ Saved → SBQ | kaeng ruer | Row 116
✅ Saved → SBQ | kaeng ruer | Row 117
✅ Saved → SBQ | kaeng ruer | Row 118
✅ Saved → SBQ | kaeng ruer | Row 119
✅ Saved → SBQ | kaeng ruer | Row 120
✅ Saved → SBQ | kaeng ruer | Row 121
✅ Saved → SBQ | kaeng ruer | Row 122
✅ Saved → SBQ | kaeng ruer | Row 123
✅ Saved → SBQ | kaeng ruer | Row 124
✅ Saved → SBQ | kaeng ruer | Row 125
✅ Saved → SBQ | kaeng ruer | Row 126
✅ Saved → SBQ | kaeng ruer | Row 127
✅ Saved → SBQ | kaeng ruer | Row 128
✅ Saved → SBQ | kaeng ruer | Row 129
✅ Saved → SBQ | kaeng ruer | Row 131
✅ Saved → SBQ | kaeng ruer | Row 133
✅ Saved → SBQ | kaeng ruer | Row 135
✅ Saved → SBQ | kaeng ruer | Row 136
✅ Saved → SBQ | kaeng ruer | Row 137
✅ Saved → SBQ | kaeng ruer | Row 138
✅ Saved → SBQ | kaeng ruer | Row 139
✅ Saved → SBQ | kaeng ruer | Row 140
✅ Saved → SBQ | kaeng ruer | Row 141
✅ Saved → SBQ | kaeng ruer | Row 142
✅ Saved → SBQ | kaeng ruer | Row 143
✅ Saved → SBQ | kaeng ruer | Row 144
✅ Saved → SBQ | kaeng ruer | Row 145
✅ Saved → SBQ | kaeng ruer | Row 146
✅ Saved → SBQ | kaeng ruer | Row 147
✅ Saved → SBQ | kaeng ruer | Row 149
✅ Saved → SBQ | kaeng ruer | Row 151
✅ Saved → SBQ | kaeng ruer | Row 152
✅ Saved → SBQ | kaeng ruer | Row 153
✅ Saved → SBQ | kaeng ruer | Row 154
✅ Saved → SBQ | kaeng ruer | Row 155
✅ Saved → SBQ | kaeng ruer | Row 156
✅ Saved → SBQ | kaeng ruer | Row 157
✅ Saved → SBQ | kaeng ruer | Row 158
✅ Saved → SBQ | kaeng ruer | Row 159
✅ Saved → SBQ | kaeng ruer | Row 160
✅ Saved → SBQ | kaeng ruer | Row 161
✅ Saved → SBQ | kaeng ruer | Row 162
✅ Saved → SBQ | kaeng ruer | Row 163
✅ Saved → SBQ | kaeng ruer | Row 164
✅ Saved → SBQ | kaeng ruer | Row 165
✅ Saved → SBQ | kaeng ruer | Row 166
✅ Saved → SBQ | kaeng ruer | Row 167
✅ Saved → SBQ | kaeng ruer | Row 168
✅ Saved → SBQ | kaeng ruer | Row 169
✅ Saved → SBQ | kaeng ruer | Row 170
✅ Saved → SBQ | kaeng ruer | Row 171
✅ Saved → SBQ | kaeng ruer | Row 172
✅ Saved → SBQ | kaeng ruer | Row 173
✅ Saved → SBQ | kaeng ruer | Row 174
✅ Saved → SBQ | kaeng ruer | Row 175
✅ Saved → SBQ | kaeng ruer | Row 176
✅ Saved → SBQ | kaeng ruer | Row 177
✅ Saved → SBQ | kaeng ruer | Row 178
✅ Saved → SBQ | kaeng ruer | Row 180
✅ Saved → SBQ | kaeng ruer | Row 181
✅ Saved → SBQ | kaeng ruer | Row 182
✅ Saved → SBQ | kaeng ruer | Row 183
✅ Saved → SBQ | kaeng ruer | Row 184
✅ Saved → SBQ | kaeng ruer | Row 186
✅ Saved → SBQ | kaeng ruer | Row 187
✅ Saved → SBQ | kaeng ruer | Row 188
✅ Saved → SBQ | kaeng ruer | Row 189
✅ Saved → SBQ | kaeng ruer | Row 190
✅ Saved → SBQ | kaeng ruer | Row 191
✅ Saved → SBQ | kaeng ruer | Row 192
✅ Saved → SBQ | kaeng ruer | Row 193
✅ Saved → SBQ | kaeng ruer | Row 194
✅ Saved → SBQ | kaeng ruer | Row 195
✅ Saved → SBQ | kaeng ruer | Row 196
✅ Saved → SBQ | kaeng ruer | Row 207
✅ Saved → SBQ | kaeng ruer | Row 208
✅ Saved → SBQ | kaeng ruer | Row 209
✅ Saved → SBQ | kaeng ruer | Row 210
✅ Saved → SBQ | kaeng ruer | Row 211
✅ Saved → SBQ | kaeng ruer | Row 212
✅ Saved → SBQ | kaeng ruer | Row 213
✅ Saved → SBQ | kaeng ruer | Row 214
✅ Saved → SBQ | kaeng ruer | Row 215
✅ Saved → SBQ | kaeng ruer | Row 217
✅ Saved → SBQ | kaeng ruer | Row 218
✅ Saved → SBQ | kaeng ruer | Row 219
✅ Saved → SBQ | kaeng ruer | Row 227
✅ Saved → SBQ | kaeng ruer | Row 228
✅ Saved → SBQ | kaeng ruer | Row 234
✅ Saved → SBQ | kaeng ruer | Row 258
✅ Saved → SBQ | kaeng ruer | Row 259
✅ Saved → SBQ | kaeng ruer | Row 260
✅ Saved → SBQ | kaeng ruer | Row 261
✅ Saved → SBQ | kaeng ruer | Row 263
✅ Saved → SBQ | kaeng ruer | Row 265
✅ Saved → SBQ | kaeng ruer | Row 267
✅ Saved → SBQ | kaeng ruer | Row 268
✅ Saved → SBQ | kaeng ruer | Row 270
✅ Saved → SBQ | kaeng ruer | Row 276
✅ Saved → SBQ | kaeng ruer | Row 280
✅ Saved → SBQ | kaeng ruer | Row 292
✅ Saved → SBQ | kaeng ruer | Row 296
✅ Saved → SBQ | kaeng ruer | Row 298
✅ Saved → SBQ | kaeng ruer | Row 302
✅ Saved → SBQ | kaeng ruer | Row 311
✅ Saved → SBQ | kaeng ruer | Row 330
✅ Saved → SBQ | kaeng ruer | Row 350
len wow
✅ Saved → SBQ | len wow | Row 0
✅ Saved → SBQ | len wow | Row 1
✅ Saved → SBQ | len wow | Row 2
✅ Saved → SBQ | len wow | Row 3
✅ Saved → SBQ | len wow | Row 4
✅ Saved → SBQ | len wow | Row 5
✅ Saved → SBQ | len wow | Row 6
✅ Saved → SBQ | len wow | Row 7
✅ Saved → SBQ | len wow | Row 8
✅ Saved → SBQ | len wow | Row 9
✅ Saved → SBQ | len wow | Row 10
✅ Saved → SBQ | len wow | Row 11
✅ Saved → SBQ | len wow | Row 12
✅ Saved → SBQ | len wow | Row 13
✅ Saved → SBQ | len wow | Row 14
✅ Saved → SBQ | len wow | Row 15
✅ Saved → SBQ | len wow | Row 16
✅ Saved → SBQ | len wow | Row 17
✅ Saved → SBQ | len wow | Row 18
✅ Saved → SBQ | len wow | Row 19
✅ Saved → SBQ | len wow | Row 20
✅ Saved → SBQ | len wow | Row 21
✅ Saved → SBQ | len wow | Row 22
✅ Saved → SBQ | len wow | Row 23
✅ Saved → SBQ | len wow | Row 24
✅ Saved → SBQ | len wow | Row 25
✅ Saved → SBQ | len wow | Row 26
✅ Saved → SBQ | len wow | Row 27
✅ Saved → SBQ | len wow | Row 28
✅ Saved → SBQ | len wow | Row 29
✅ Saved → SBQ | len wow | Row 30
✅ Saved → SBQ | len wow | Row 31
✅ Saved → SBQ | len wow | Row 32
✅ Saved → SBQ | len wow | Row 33
✅ Saved → SBQ | len wow | Row 34
✅ Saved → SBQ | len wow | Row 35
✅ Saved → SBQ | len wow | Row 36
✅ Saved → SBQ | len wow | Row 37
✅ Saved → SBQ | len wow | Row 38
✅ Saved → SBQ | len wow | Row 39
✅ Saved → SBQ | len wow | Row 40
✅ Saved → SBQ | len wow | Row 41
✅ Saved → SBQ | len wow | Row 42
✅ Saved → SBQ | len wow | Row 43
✅ Saved → SBQ | len wow | Row 44
✅ Saved → SBQ | len wow | Row 45
✅ Saved → SBQ | len wow | Row 46
✅ Saved → SBQ | len wow | Row 47
✅ Saved → SBQ | len wow | Row 48
✅ Saved → SBQ | len wow | Row 49
✅ Saved → SBQ | len wow | Row 50
✅ Saved → SBQ | len wow | Row 51
✅ Saved → SBQ | len wow | Row 52
✅ Saved → SBQ | len wow | Row 53
✅ Saved → SBQ | len wow | Row 54
✅ Saved → SBQ | len wow | Row 55
✅ Saved → SBQ | len wow | Row 56
✅ Saved → SBQ | len wow | Row 57
✅ Saved → SBQ | len wow | Row 58
✅ Saved → SBQ | len wow | Row 59
✅ Saved → SBQ | len wow | Row 60
✅ Saved → SBQ | len wow | Row 61
✅ Saved → SBQ | len wow | Row 62
✅ Saved → SBQ | len wow | Row 63
✅ Saved → SBQ | len wow | Row 64
✅ Saved → SBQ | len wow | Row 65
✅ Saved → SBQ | len wow | Row 66
✅ Saved → SBQ | len wow | Row 67
✅ Saved → SBQ | len wow | Row 68
✅ Saved → SBQ | len wow | Row 69
✅ Saved → SBQ | len wow | Row 70
✅ Saved → SBQ | len wow | Row 71
✅ Saved → SBQ | len wow | Row 72
✅ Saved → SBQ | len wow | Row 73
✅ Saved → SBQ | len wow | Row 74
✅ Saved → SBQ | len wow | Row 75
✅ Saved → SBQ | len wow | Row 76
✅ Saved → SBQ | len wow | Row 77
✅ Saved → SBQ | len wow | Row 78
✅ Saved → SBQ | len wow | Row 79
✅ Saved → SBQ | len wow | Row 80
✅ Saved → SBQ | len wow | Row 81
✅ Saved → SBQ | len wow | Row 82
✅ Saved → SBQ | len wow | Row 83
✅ Saved → SBQ | len wow | Row 84
✅ Saved → SBQ | len wow | Row 85
✅ Saved → SBQ | len wow | Row 86
✅ Saved → SBQ | len wow | Row 87
✅ Saved → SBQ | len wow | Row 88
✅ Saved → SBQ | len wow | Row 89
✅ Saved → SBQ | len wow | Row 90
✅ Saved → SBQ | len wow | Row 91
✅ Saved → SBQ | len wow | Row 92
✅ Saved → SBQ | len wow | Row 93
✅ Saved → SBQ | len wow | Row 94
✅ Saved → SBQ | len wow | Row 95
✅ Saved → SBQ | len wow | Row 96
✅ Saved → SBQ | len wow | Row 97
✅ Saved → SBQ | len wow | Row 98
✅ Saved → SBQ | len wow | Row 99
✅ Saved → SBQ | len wow | Row 100
✅ Saved → SBQ | len wow | Row 101
✅ Saved → SBQ | len wow | Row 102
✅ Saved → SBQ | len wow | Row 103
✅ Saved → SBQ | len wow | Row 104
✅ Saved → SBQ | len wow | Row 105
✅ Saved → SBQ | len wow | Row 106
✅ Saved → SBQ | len wow | Row 107
✅ Saved → SBQ | len wow | Row 108
✅ Saved → SBQ | len wow | Row 109
✅ Saved → SBQ | len wow | Row 110
✅ Saved → SBQ | len wow | Row 111
✅ Saved → SBQ | len wow | Row 112
✅ Saved → SBQ | len wow | Row 113
✅ Saved → SBQ | len wow | Row 114
✅ Saved → SBQ | len wow | Row 115
✅ Saved → SBQ | len wow | Row 116
✅ Saved → SBQ | len wow | Row 117
✅ Saved → SBQ | len wow | Row 118
✅ Saved → SBQ | len wow | Row 119
✅ Saved → SBQ | len wow | Row 121
✅ Saved → SBQ | len wow | Row 122
✅ Saved → SBQ | len wow | Row 123
✅ Saved → SBQ | len wow | Row 124
✅ Saved → SBQ | len wow | Row 125
✅ Saved → SBQ | len wow | Row 126
✅ Saved → SBQ | len wow | Row 127
✅ Saved → SBQ | len wow | Row 128
✅ Saved → SBQ | len wow | Row 129
✅ Saved → SBQ | len wow | Row 130
✅ Saved → SBQ | len wow | Row 131
✅ Saved → SBQ | len wow | Row 132
✅ Saved → SBQ | len wow | Row 133
✅ Saved → SBQ | len wow | Row 134
✅ Saved → SBQ | len wow | Row 135
✅ Saved → SBQ | len wow | Row 136
✅ Saved → SBQ | len wow | Row 137
✅ Saved → SBQ | len wow | Row 138
✅ Saved → SBQ | len wow | Row 139
✅ Saved → SBQ | len wow | Row 140
✅ Saved → SBQ | len wow | Row 141
✅ Saved → SBQ | len wow | Row 142
✅ Saved → SBQ | len wow | Row 143
✅ Saved → SBQ | len wow | Row 144
✅ Saved → SBQ | len wow | Row 146
✅ Saved → SBQ | len wow | Row 147
✅ Saved → SBQ | len wow | Row 150
✅ Saved → SBQ | len wow | Row 151
✅ Saved → SBQ | len wow | Row 152
✅ Saved → SBQ | len wow | Row 153
✅ Saved → SBQ | len wow | Row 154
✅ Saved → SBQ | len wow | Row 155
✅ Saved → SBQ | len wow | Row 156
✅ Saved → SBQ | len wow | Row 157
✅ Saved → SBQ | len wow | Row 159
✅ Saved → SBQ | len wow | Row 160
✅ Saved → SBQ | len wow | Row 161
✅ Saved → SBQ | len wow | Row 163
✅ Saved → SBQ | len wow | Row 164
✅ Saved → SBQ | len wow | Row 165
✅ Saved → SBQ | len wow | Row 166
✅ Saved → SBQ | len wow | Row 168
✅ Saved → SBQ | len wow | Row 170
✅ Saved → SBQ | len wow | Row 171
✅ Saved → SBQ | len wow | Row 172
✅ Saved → SBQ | len wow | Row 173
✅ Saved → SBQ | len wow | Row 174
✅ Saved → SBQ | len wow | Row 175
✅ Saved → SBQ | len wow | Row 176
✅ Saved → SBQ | len wow | Row 177
✅ Saved → SBQ | len wow | Row 178
✅ Saved → SBQ | len wow | Row 180
✅ Saved → SBQ | len wow | Row 181
✅ Saved → SBQ | len wow | Row 182
✅ Saved → SBQ | len wow | Row 183
✅ Saved → SBQ | len wow | Row 184
✅ Saved → SBQ | len wow | Row 185
✅ Saved → SBQ | len wow | Row 187
✅ Saved → SBQ | len wow | Row 188
✅ Saved → SBQ | len wow | Row 189
✅ Saved → SBQ | len wow | Row 190
✅ Saved → SBQ | len wow | Row 191
✅ Saved → SBQ | len wow | Row 192
✅ Saved → SBQ | len wow | Row 194
✅ Saved → SBQ | len wow | Row 195
✅ Saved → SBQ | len wow | Row 196
✅ Saved → SBQ | len wow | Row 197
✅ Saved → SBQ | len wow | Row 198
✅ Saved → SBQ | len wow | Row 199
✅ Saved → SBQ | len wow | Row 207
✅ Saved → SBQ | len wow | Row 208
✅ Saved → SBQ | len wow | Row 209
✅ Saved → SBQ | len wow | Row 211
✅ Saved → SBQ | len wow | Row 212
✅ Saved → SBQ | len wow | Row 214
✅ Saved → SBQ | len wow | Row 220
✅ Saved → SBQ | len wow | Row 221
✅ Saved → SBQ | len wow | Row 224
✅ Saved → SBQ | len wow | Row 227
✅ Saved → SBQ | len wow | Row 228
✅ Saved → SBQ | len wow | Row 229
✅ Saved → SBQ | len wow | Row 232
✅ Saved → SBQ | len wow | Row 235
✅ Saved → SBQ | len wow | Row 239
✅ Saved → SBQ | len wow | Row 249
✅ Saved → SBQ | len wow | Row 260
✅ Saved → SBQ | len wow | Row 264
✅ Saved → SBQ | len wow | Row 335
✅ Saved → SBQ | len wow | Row 348
sepak takraw
thai boxing
✅ Saved → SBQ | thai boxing | Row 0
✅ Saved → SBQ | thai boxing | Row 1
✅ Saved → SBQ | thai boxing | Row 2
✅ Saved → SBQ | thai boxing | Row 3
✅ Saved → SBQ | thai boxing | Row 4
✅ Saved → SBQ | thai boxing | Row 5
✅ Saved → SBQ | thai boxing | Row 6
✅ Saved → SBQ | thai boxing | Row 7
✅ Saved → SBQ | thai boxing | Row 8
✅ Saved → SBQ | thai boxing | Row 9
✅ Saved → SBQ | thai boxing | Row 10
✅ Saved → SBQ | thai boxing | Row 11
✅ Saved → SBQ | thai boxing | Row 12
✅ Saved → SBQ | thai boxing | Row 13
✅ Saved → SBQ | thai boxing | Row 14
✅ Saved → SBQ | thai boxing | Row 15
✅ Saved → SBQ | thai boxing | Row 16
✅ Saved → SBQ | thai boxing | Row 17
✅ Saved → SBQ | thai boxing | Row 18
✅ Saved → SBQ | thai boxing | Row 19
✅ Saved → SBQ | thai boxing | Row 20
✅ Saved → SBQ | thai boxing | Row 21
✅ Saved → SBQ | thai boxing | Row 22
✅ Saved → SBQ | thai boxing | Row 23
✅ Saved → SBQ | thai boxing | Row 24
✅ Saved → SBQ | thai boxing | Row 25
✅ Saved → SBQ | thai boxing | Row 26
✅ Saved → SBQ | thai boxing | Row 27
✅ Saved → SBQ | thai boxing | Row 28
✅ Saved → SBQ | thai boxing | Row 29
✅ Saved → SBQ | thai boxing | Row 30
✅ Saved → SBQ | thai boxing | Row 31
✅ Saved → SBQ | thai boxing | Row 32
✅ Saved → SBQ | thai boxing | Row 33
✅ Saved → SBQ | thai boxing | Row 34
✅ Saved → SBQ | thai boxing | Row 35
✅ Saved → SBQ | thai boxing | Row 36
✅ Saved → SBQ | thai boxing | Row 37
✅ Saved → SBQ | thai boxing | Row 39
✅ Saved → SBQ | thai boxing | Row 40
✅ Saved → SBQ | thai boxing | Row 41
✅ Saved → SBQ | thai boxing | Row 42
✅ Saved → SBQ | thai boxing | Row 43
✅ Saved → SBQ | thai boxing | Row 44
✅ Saved → SBQ | thai boxing | Row 45
✅ Saved → SBQ | thai boxing | Row 46
✅ Saved → SBQ | thai boxing | Row 47
✅ Saved → SBQ | thai boxing | Row 48
✅ Saved → SBQ | thai boxing | Row 49
✅ Saved → SBQ | thai boxing | Row 50
✅ Saved → SBQ | thai boxing | Row 51
✅ Saved → SBQ | thai boxing | Row 52
✅ Saved → SBQ | thai boxing | Row 53
✅ Saved → SBQ | thai boxing | Row 54
✅ Saved → SBQ | thai boxing | Row 55
✅ Saved → SBQ | thai boxing | Row 56
✅ Saved → SBQ | thai boxing | Row 57
✅ Saved → SBQ | thai boxing | Row 58
✅ Saved → SBQ | thai boxing | Row 59
✅ Saved → SBQ | thai boxing | Row 60
✅ Saved → SBQ | thai boxing | Row 61
✅ Saved → SBQ | thai boxing | Row 62
✅ Saved → SBQ | thai boxing | Row 63
✅ Saved → SBQ | thai boxing | Row 64
✅ Saved → SBQ | thai boxing | Row 65
✅ Saved → SBQ | thai boxing | Row 66
✅ Saved → SBQ | thai boxing | Row 67
✅ Saved → SBQ | thai boxing | Row 68
✅ Saved → SBQ | thai boxing | Row 69
✅ Saved → SBQ | thai boxing | Row 70
✅ Saved → SBQ | thai boxing | Row 71
✅ Saved → SBQ | thai boxing | Row 72
✅ Saved → SBQ | thai boxing | Row 73
✅ Saved → SBQ | thai boxing | Row 74
✅ Saved → SBQ | thai boxing | Row 75
✅ Saved → SBQ | thai boxing | Row 76
✅ Saved → SBQ | thai boxing | Row 77
✅ Saved → SBQ | thai boxing | Row 78
✅ Saved → SBQ | thai boxing | Row 79
✅ Saved → SBQ | thai boxing | Row 80
✅ Saved → SBQ | thai boxing | Row 81
✅ Saved → SBQ | thai boxing | Row 82
✅ Saved → SBQ | thai boxing | Row 83
✅ Saved → SBQ | thai boxing | Row 84
✅ Saved → SBQ | thai boxing | Row 85
✅ Saved → SBQ | thai boxing | Row 86
✅ Saved → SBQ | thai boxing | Row 87
✅ Saved → SBQ | thai boxing | Row 88
✅ Saved → SBQ | thai boxing | Row 89
✅ Saved → SBQ | thai boxing | Row 90
✅ Saved → SBQ | thai boxing | Row 91
✅ Saved → SBQ | thai boxing | Row 92
✅ Saved → SBQ | thai boxing | Row 93
✅ Saved → SBQ | thai boxing | Row 94
✅ Saved → SBQ | thai boxing | Row 95
✅ Saved → SBQ | thai boxing | Row 96
✅ Saved → SBQ | thai boxing | Row 97
✅ Saved → SBQ | thai boxing | Row 98
✅ Saved → SBQ | thai boxing | Row 99
✅ Saved → SBQ | thai boxing | Row 100
✅ Saved → SBQ | thai boxing | Row 101
✅ Saved → SBQ | thai boxing | Row 102
✅ Saved → SBQ | thai boxing | Row 103
✅ Saved → SBQ | thai boxing | Row 104
✅ Saved → SBQ | thai boxing | Row 105
✅ Saved → SBQ | thai boxing | Row 106
✅ Saved → SBQ | thai boxing | Row 107
✅ Saved → SBQ | thai boxing | Row 108
✅ Saved → SBQ | thai boxing | Row 109
✅ Saved → SBQ | thai boxing | Row 110
✅ Saved → SBQ | thai boxing | Row 111
✅ Saved → SBQ | thai boxing | Row 112
✅ Saved → SBQ | thai boxing | Row 113
✅ Saved → SBQ | thai boxing | Row 114
✅ Saved → SBQ | thai boxing | Row 115
✅ Saved → SBQ | thai boxing | Row 116
✅ Saved → SBQ | thai boxing | Row 117
✅ Saved → SBQ | thai boxing | Row 118
✅ Saved → SBQ | thai boxing | Row 119
✅ Saved → SBQ | thai boxing | Row 120
✅ Saved → SBQ | thai boxing | Row 121
✅ Saved → SBQ | thai boxing | Row 122
✅ Saved → SBQ | thai boxing | Row 123
✅ Saved → SBQ | thai boxing | Row 124
✅ Saved → SBQ | thai boxing | Row 125
✅ Saved → SBQ | thai boxing | Row 126
✅ Saved → SBQ | thai boxing | Row 127
✅ Saved → SBQ | thai boxing | Row 128
✅ Saved → SBQ | thai boxing | Row 129
✅ Saved → SBQ | thai boxing | Row 130
✅ Saved → SBQ | thai boxing | Row 131
✅ Saved → SBQ | thai boxing | Row 132
✅ Saved → SBQ | thai boxing | Row 137
✅ Saved → SBQ | thai boxing | Row 138
✅ Saved → SBQ | thai boxing | Row 140
✅ Saved → SBQ | thai boxing | Row 141
✅ Saved → SBQ | thai boxing | Row 142
✅ Saved → SBQ | thai boxing | Row 143
✅ Saved → SBQ | thai boxing | Row 146
✅ Saved → SBQ | thai boxing | Row 147
✅ Saved → SBQ | thai boxing | Row 148
✅ Saved → SBQ | thai boxing | Row 149
✅ Saved → SBQ | thai boxing | Row 150
✅ Saved → SBQ | thai boxing | Row 151
✅ Saved → SBQ | thai boxing | Row 152
✅ Saved → SBQ | thai boxing | Row 153
✅ Saved → SBQ | thai boxing | Row 155
✅ Saved → SBQ | thai boxing | Row 156
✅ Saved → SBQ | thai boxing | Row 158
✅ Saved → SBQ | thai boxing | Row 159
✅ Saved → SBQ | thai boxing | Row 160
✅ Saved → SBQ | thai boxing | Row 161
✅ Saved → SBQ | thai boxing | Row 162
✅ Saved → SBQ | thai boxing | Row 163
✅ Saved → SBQ | thai boxing | Row 164
✅ Saved → SBQ | thai boxing | Row 165
✅ Saved → SBQ | thai boxing | Row 166
✅ Saved → SBQ | thai boxing | Row 168
✅ Saved → SBQ | thai boxing | Row 169
✅ Saved → SBQ | thai boxing | Row 170
✅ Saved → SBQ | thai boxing | Row 171
✅ Saved → SBQ | thai boxing | Row 172
✅ Saved → SBQ | thai boxing | Row 173
✅ Saved → SBQ | thai boxing | Row 175
✅ Saved → SBQ | thai boxing | Row 176
✅ Saved → SBQ | thai boxing | Row 178
✅ Saved → SBQ | thai boxing | Row 179
✅ Saved → SBQ | thai boxing | Row 180
✅ Saved → SBQ | thai boxing | Row 181
✅ Saved → SBQ | thai boxing | Row 182
✅ Saved → SBQ | thai boxing | Row 183
✅ Saved → SBQ | thai boxing | Row 184
✅ Saved → SBQ | thai boxing | Row 185
✅ Saved → SBQ | thai boxing | Row 186
✅ Saved → SBQ | thai boxing | Row 187
✅ Saved → SBQ | thai boxing | Row 188
✅ Saved → SBQ | thai boxing | Row 189
✅ Saved → SBQ | thai boxing | Row 190
✅ Saved → SBQ | thai boxing | Row 191
✅ Saved → SBQ | thai boxing | Row 192
✅ Saved → SBQ | thai boxing | Row 193
✅ Saved → SBQ | thai boxing | Row 194
✅ Saved → SBQ | thai boxing | Row 195
✅ Saved → SBQ | thai boxing | Row 196
✅ Saved → SBQ | thai boxing | Row 197
✅ Saved → SBQ | thai boxing | Row 198
✅ Saved → SBQ | thai boxing | Row 199
✅ Saved → SBQ | thai boxing | Row 207
✅ Saved → SBQ | thai boxing | Row 208
✅ Saved → SBQ | thai boxing | Row 209
✅ Saved → SBQ | thai boxing | Row 216
✅ Saved → SBQ | thai boxing | Row 217
✅ Saved → SBQ | thai boxing | Row 227

✅ COMPLETE!
📄 Live-updating CSV: /DATA/rohan_kirti/country/thailand/SBQ/Results_SBQ.csv
Ended at: 21:11:35
Total Duration: 0:42:59.984833
✅ Successfully created '/DATA/rohan_kirti/country/thailand/SBQ/Results_SBQ.xlsx'
