Started at: 21:01:42
['/DATA/rohan_kirti/country/ethopia/RBQ/Ethopia_RBQ.xlsx']

📌 Processing: /DATA/rohan_kirti/country/ethopia/RBQ/Ethopia_RBQ.xlsx
✅ Saved → RBQ | Genna | Row 0
✅ Saved → RBQ | Genna | Row 1
✅ Saved → RBQ | Genna | Row 2
✅ Saved → RBQ | Genna | Row 3
✅ Saved → RBQ | Genna | Row 4
✅ Saved → RBQ | Genna | Row 5
✅ Saved → RBQ | Genna | Row 6
✅ Saved → RBQ | Genna | Row 7
✅ Saved → RBQ | Genna | Row 8
✅ Saved → RBQ | Genna | Row 9
✅ Saved → RBQ | Genna | Row 10
✅ Saved → RBQ | Genna | Row 11
✅ Saved → RBQ | Genna | Row 12
✅ Saved → RBQ | Genna | Row 13
✅ Saved → RBQ | Genna | Row 14
✅ Saved → RBQ | Genna | Row 15
✅ Saved → RBQ | Genna | Row 16
✅ Saved → RBQ | Genna | Row 17
✅ Saved → RBQ | Genna | Row 18
✅ Saved → RBQ | Genna | Row 19
✅ Saved → RBQ | Genna | Row 20
✅ Saved → RBQ | Genna | Row 21
✅ Saved → RBQ | Genna | Row 22
✅ Saved → RBQ | Genna | Row 23
✅ Saved → RBQ | Genna | Row 24
✅ Saved → RBQ | Genna | Row 25
✅ Saved → RBQ | Genna | Row 26
✅ Saved → RBQ | Genna | Row 27
✅ Saved → RBQ | Genna | Row 28
✅ Saved → RBQ | Genna | Row 29
✅ Saved → RBQ | Genna | Row 30
✅ Saved → RBQ | Genna | Row 31
✅ Saved → RBQ | Genna | Row 32
✅ Saved → RBQ | Genna | Row 33
✅ Saved → RBQ | Genna | Row 34
✅ Saved → RBQ | Genna | Row 35
✅ Saved → RBQ | Genna | Row 36
✅ Saved → RBQ | Genna | Row 37
✅ Saved → RBQ | Genna | Row 38
✅ Saved → RBQ | Genna | Row 39
✅ Saved → RBQ | Genna | Row 40
✅ Saved → RBQ | Genna | Row 41
✅ Saved → RBQ | Genna | Row 42
✅ Saved → RBQ | Genna | Row 43
✅ Saved → RBQ | Genna | Row 44
✅ Saved → RBQ | Genna | Row 45
✅ Saved → RBQ | Genna | Row 46
✅ Saved → RBQ | Genna | Row 47
✅ Saved → RBQ | Genna | Row 48
✅ Saved → RBQ | Genna | Row 49
✅ Saved → RBQ | Genna | Row 50
✅ Saved → RBQ | Genna | Row 52
✅ Saved → RBQ | Genna | Row 53
✅ Saved → RBQ | Genna | Row 54
✅ Saved → RBQ | Genna | Row 55
✅ Saved → RBQ | Genna | Row 56
✅ Saved → RBQ | Genna | Row 57
✅ Saved → RBQ | Genna | Row 58
✅ Saved → RBQ | Genna | Row 59
✅ Saved → RBQ | Genna | Row 60
✅ Saved → RBQ | Genna | Row 61
✅ Saved → RBQ | Genna | Row 62
✅ Saved → RBQ | Genna | Row 63
✅ Saved → RBQ | Genna | Row 64
✅ Saved → RBQ | Genna | Row 65
✅ Saved → RBQ | Genna | Row 66
✅ Saved → RBQ | Genna | Row 67
✅ Saved → RBQ | Genna | Row 68
✅ Saved → RBQ | Genna | Row 69
✅ Saved → RBQ | Genna | Row 70
✅ Saved → RBQ | Genna | Row 71
✅ Saved → RBQ | Genna | Row 72
✅ Saved → RBQ | Genna | Row 73
✅ Saved → RBQ | Genna | Row 74
✅ Saved → RBQ | Genna | Row 75
✅ Saved → RBQ | Genna | Row 76
✅ Saved → RBQ | Genna | Row 77
✅ Saved → RBQ | Genna | Row 78
✅ Saved → RBQ | Genna | Row 79
✅ Saved → RBQ | Genna | Row 80
✅ Saved → RBQ | Genna | Row 81
✅ Saved → RBQ | Genna | Row 82
✅ Saved → RBQ | Genna | Row 83
✅ Saved → RBQ | Genna | Row 84
✅ Saved → RBQ | Genna | Row 85
✅ Saved → RBQ | Genna | Row 86
✅ Saved → RBQ | Genna | Row 87
✅ Saved → RBQ | Genna | Row 88
✅ Saved → RBQ | Genna | Row 89
✅ Saved → RBQ | Genna | Row 90
✅ Saved → RBQ | Genna | Row 91
✅ Saved → RBQ | Genna | Row 92
✅ Saved → RBQ | Genna | Row 93
✅ Saved → RBQ | Genna | Row 94
✅ Saved → RBQ | Genna | Row 95
✅ Saved → RBQ | Genna | Row 96
✅ Saved → RBQ | Genna | Row 97
✅ Saved → RBQ | Genna | Row 98
✅ Saved → RBQ | Genna | Row 99
✅ Saved → RBQ | Genna | Row 100
✅ Saved → RBQ | Genna | Row 101
✅ Saved → RBQ | Genna | Row 102
✅ Saved → RBQ | Genna | Row 103
✅ Saved → RBQ | Genna | Row 104
✅ Saved → RBQ | Genna | Row 105
✅ Saved → RBQ | Genna | Row 106
✅ Saved → RBQ | Genna | Row 107
✅ Saved → RBQ | Genna | Row 108
✅ Saved → RBQ | Genna | Row 109
✅ Saved → RBQ | Genna | Row 110
✅ Saved → RBQ | Genna | Row 111
✅ Saved → RBQ | Genna | Row 112
✅ Saved → RBQ | Genna | Row 113
✅ Saved → RBQ | Genna | Row 114
✅ Saved → RBQ | Genna | Row 115
✅ Saved → RBQ | Genna | Row 116
✅ Saved → RBQ | Genna | Row 117
✅ Saved → RBQ | Genna | Row 118
✅ Saved → RBQ | Genna | Row 119
✅ Saved → RBQ | Genna | Row 120
✅ Saved → RBQ | Genna | Row 121
✅ Saved → RBQ | Genna | Row 122
✅ Saved → RBQ | Genna | Row 123
✅ Saved → RBQ | Genna | Row 124
✅ Saved → RBQ | Genna | Row 125
✅ Saved → RBQ | Genna | Row 126
✅ Saved → RBQ | Genna | Row 127
✅ Saved → RBQ | Genna | Row 128
✅ Saved → RBQ | Genna | Row 129
✅ Saved → RBQ | Genna | Row 130
✅ Saved → RBQ | Genna | Row 131
✅ Saved → RBQ | Genna | Row 132
✅ Saved → RBQ | Genna | Row 133
✅ Saved → RBQ | Genna | Row 134
✅ Saved → RBQ | Genna | Row 135
✅ Saved → RBQ | Genna | Row 136
✅ Saved → RBQ | Genna | Row 138
✅ Saved → RBQ | Genna | Row 139
✅ Saved → RBQ | Genna | Row 140
✅ Saved → RBQ | Genna | Row 141
✅ Saved → RBQ | Genna | Row 142
✅ Saved → RBQ | Genna | Row 143
✅ Saved → RBQ | Genna | Row 144
✅ Saved → RBQ | Genna | Row 145
✅ Saved → RBQ | Genna | Row 146
✅ Saved → RBQ | Genna | Row 147
✅ Saved → RBQ | Genna | Row 148
✅ Saved → RBQ | Genna | Row 149
✅ Saved → RBQ | Yeferas Guks | Row 0
✅ Saved → RBQ | Yeferas Guks | Row 1
✅ Saved → RBQ | Yeferas Guks | Row 2
✅ Saved → RBQ | Yeferas Guks | Row 3
✅ Saved → RBQ | Yeferas Guks | Row 4
✅ Saved → RBQ | Yeferas Guks | Row 5
✅ Saved → RBQ | Yeferas Guks | Row 6
✅ Saved → RBQ | Yeferas Guks | Row 7
✅ Saved → RBQ | Yeferas Guks | Row 8
✅ Saved → RBQ | Yeferas Guks | Row 9
✅ Saved → RBQ | Yeferas Guks | Row 10
✅ Saved → RBQ | Yeferas Guks | Row 11
✅ Saved → RBQ | Yeferas Guks | Row 12
✅ Saved → RBQ | Yeferas Guks | Row 13
✅ Saved → RBQ | Yeferas Guks | Row 14
✅ Saved → RBQ | Yeferas Guks | Row 15
✅ Saved → RBQ | Yeferas Guks | Row 16
✅ Saved → RBQ | Yeferas Guks | Row 17
✅ Saved → RBQ | Yeferas Guks | Row 18
✅ Saved → RBQ | Yeferas Guks | Row 19
✅ Saved → RBQ | Yeferas Guks | Row 20
✅ Saved → RBQ | Yeferas Guks | Row 21
✅ Saved → RBQ | Yeferas Guks | Row 22
✅ Saved → RBQ | Yeferas Guks | Row 23
✅ Saved → RBQ | Yeferas Guks | Row 24
✅ Saved → RBQ | Yeferas Guks | Row 25
✅ Saved → RBQ | Yeferas Guks | Row 26
✅ Saved → RBQ | Yeferas Guks | Row 27
✅ Saved → RBQ | Yeferas Guks | Row 28
✅ Saved → RBQ | Yeferas Guks | Row 29
✅ Saved → RBQ | Yeferas Guks | Row 30
✅ Saved → RBQ | Yeferas Guks | Row 31
✅ Saved → RBQ | Yeferas Guks | Row 32
✅ Saved → RBQ | Yeferas Guks | Row 33
✅ Saved → RBQ | Yeferas Guks | Row 34
✅ Saved → RBQ | Yeferas Guks | Row 35
✅ Saved → RBQ | Yeferas Guks | Row 36
✅ Saved → RBQ | Yeferas Guks | Row 37
✅ Saved → RBQ | Yeferas Guks | Row 38
✅ Saved → RBQ | Yeferas Guks | Row 39
✅ Saved → RBQ | Yeferas Guks | Row 40
✅ Saved → RBQ | Yeferas Guks | Row 41
✅ Saved → RBQ | Yeferas Guks | Row 42
✅ Saved → RBQ | Yeferas Guks | Row 43
✅ Saved → RBQ | Yeferas Guks | Row 44
✅ Saved → RBQ | Yeferas Guks | Row 45
✅ Saved → RBQ | Yeferas Guks | Row 46
✅ Saved → RBQ | Yeferas Guks | Row 47
✅ Saved → RBQ | Yeferas Guks | Row 48
✅ Saved → RBQ | Yeferas Guks | Row 49
✅ Saved → RBQ | Yeferas Guks | Row 50
✅ Saved → RBQ | Yeferas Guks | Row 51
✅ Saved → RBQ | Yeferas Guks | Row 52
✅ Saved → RBQ | Yeferas Guks | Row 53
✅ Saved → RBQ | Yeferas Guks | Row 54
✅ Saved → RBQ | Yeferas Guks | Row 55
✅ Saved → RBQ | Yeferas Guks | Row 56
✅ Saved → RBQ | Yeferas Guks | Row 57
✅ Saved → RBQ | Yeferas Guks | Row 58
✅ Saved → RBQ | Yeferas Guks | Row 59
✅ Saved → RBQ | Yeferas Guks | Row 60
✅ Saved → RBQ | Yeferas Guks | Row 61
✅ Saved → RBQ | Yeferas Guks | Row 62
✅ Saved → RBQ | Yeferas Guks | Row 63
✅ Saved → RBQ | Yeferas Guks | Row 64
✅ Saved → RBQ | Yeferas Guks | Row 65
✅ Saved → RBQ | Yeferas Guks | Row 66
✅ Saved → RBQ | Yeferas Guks | Row 67
✅ Saved → RBQ | Yeferas Guks | Row 68
✅ Saved → RBQ | Yeferas Guks | Row 69
✅ Saved → RBQ | Yeferas Guks | Row 70
✅ Saved → RBQ | Yeferas Guks | Row 71
✅ Saved → RBQ | Yeferas Guks | Row 72
✅ Saved → RBQ | Yeferas Guks | Row 73
✅ Saved → RBQ | Yeferas Guks | Row 74
✅ Saved → RBQ | Yeferas Guks | Row 75
✅ Saved → RBQ | Yeferas Guks | Row 76
✅ Saved → RBQ | Yeferas Guks | Row 77
✅ Saved → RBQ | Yeferas Guks | Row 78
✅ Saved → RBQ | Yeferas Guks | Row 79
✅ Saved → RBQ | Yeferas Guks | Row 80
✅ Saved → RBQ | Yeferas Guks | Row 81
✅ Saved → RBQ | Yeferas Guks | Row 82
✅ Saved → RBQ | Yeferas Guks | Row 83
✅ Saved → RBQ | Yeferas Guks | Row 85
✅ Saved → RBQ | Yeferas Guks | Row 86
✅ Saved → RBQ | Yeferas Guks | Row 87
✅ Saved → RBQ | Yeferas Guks | Row 88
✅ Saved → RBQ | Yeferas Guks | Row 89
✅ Saved → RBQ | Yeferas Guks | Row 90
✅ Saved → RBQ | Yeferas Guks | Row 91
✅ Saved → RBQ | Yeferas Guks | Row 92
✅ Saved → RBQ | Yeferas Guks | Row 93
✅ Saved → RBQ | Yeferas Guks | Row 94
✅ Saved → RBQ | Yeferas Guks | Row 95
✅ Saved → RBQ | Yeferas Guks | Row 96
✅ Saved → RBQ | Yeferas Guks | Row 97
✅ Saved → RBQ | Yeferas Guks | Row 98
✅ Saved → RBQ | Yeferas Guks | Row 99
✅ Saved → RBQ | Yeferas Guks | Row 100
✅ Saved → RBQ | Yeferas Guks | Row 101
✅ Saved → RBQ | Yeferas Guks | Row 102
✅ Saved → RBQ | Yeferas Guks | Row 103
✅ Saved → RBQ | Yeferas Guks | Row 104
✅ Saved → RBQ | Yeferas Guks | Row 105
✅ Saved → RBQ | Yeferas Guks | Row 106
✅ Saved → RBQ | Yeferas Guks | Row 107
✅ Saved → RBQ | Yeferas Guks | Row 108
✅ Saved → RBQ | Yeferas Guks | Row 109
✅ Saved → RBQ | Yeferas Guks | Row 110
✅ Saved → RBQ | Yeferas Guks | Row 111
✅ Saved → RBQ | Yeferas Guks | Row 112
✅ Saved → RBQ | Yeferas Guks | Row 113
✅ Saved → RBQ | Yeferas Guks | Row 114
✅ Saved → RBQ | Yeferas Guks | Row 115
✅ Saved → RBQ | Yeferas Guks | Row 116
✅ Saved → RBQ | Yeferas Guks | Row 117
✅ Saved → RBQ | Yeferas Guks | Row 118
✅ Saved → RBQ | Yeferas Guks | Row 119
✅ Saved → RBQ | Yeferas Guks | Row 121
✅ Saved → RBQ | Yeferas Guks | Row 122
✅ Saved → RBQ | Yeferas Guks | Row 123
✅ Saved → RBQ | Yeferas Guks | Row 124
✅ Saved → RBQ | Yeferas Guks | Row 125
✅ Saved → RBQ | Yeferas Guks | Row 127
✅ Saved → RBQ | Yeferas Guks | Row 129
✅ Saved → RBQ | Yeferas Guks | Row 130
✅ Saved → RBQ | Yeferas Guks | Row 131
✅ Saved → RBQ | Yeferas Guks | Row 132
✅ Saved → RBQ | Yeferas Guks | Row 133
✅ Saved → RBQ | Yeferas Guks | Row 134
✅ Saved → RBQ | Yeferas Guks | Row 135
✅ Saved → RBQ | Yeferas Guks | Row 136
✅ Saved → RBQ | Yeferas Guks | Row 137
✅ Saved → RBQ | Yeferas Guks | Row 138
✅ Saved → RBQ | Yeferas Guks | Row 139
✅ Saved → RBQ | Yeferas Guks | Row 141
✅ Saved → RBQ | Yeferas Guks | Row 142
✅ Saved → RBQ | Yeferas Guks | Row 143
✅ Saved → RBQ | Yeferas Guks | Row 144
✅ Saved → RBQ | Yeferas Guks | Row 145
✅ Saved → RBQ | Yeferas Guks | Row 146
✅ Saved → RBQ | Yeferas Guks | Row 147
✅ Saved → RBQ | Yeferas Guks | Row 148
✅ Saved → RBQ | Yeferas Guks | Row 149
✅ Saved → RBQ | Traditional Running | Row 0
✅ Saved → RBQ | Traditional Running | Row 1
✅ Saved → RBQ | Traditional Running | Row 2
✅ Saved → RBQ | Traditional Running | Row 3
✅ Saved → RBQ | Traditional Running | Row 4
✅ Saved → RBQ | Traditional Running | Row 5
✅ Saved → RBQ | Traditional Running | Row 6
✅ Saved → RBQ | Traditional Running | Row 7
✅ Saved → RBQ | Traditional Running | Row 8
✅ Saved → RBQ | Traditional Running | Row 9
✅ Saved → RBQ | Traditional Running | Row 10
✅ Saved → RBQ | Traditional Running | Row 11
✅ Saved → RBQ | Traditional Running | Row 12
✅ Saved → RBQ | Traditional Running | Row 13
✅ Saved → RBQ | Traditional Running | Row 14
✅ Saved → RBQ | Traditional Running | Row 15
✅ Saved → RBQ | Traditional Running | Row 16
✅ Saved → RBQ | Traditional Running | Row 17
✅ Saved → RBQ | Traditional Running | Row 18
✅ Saved → RBQ | Traditional Running | Row 19
✅ Saved → RBQ | Traditional Running | Row 20
✅ Saved → RBQ | Traditional Running | Row 21
✅ Saved → RBQ | Traditional Running | Row 22
✅ Saved → RBQ | Traditional Running | Row 23
✅ Saved → RBQ | Traditional Running | Row 24
✅ Saved → RBQ | Traditional Running | Row 25
✅ Saved → RBQ | Traditional Running | Row 26
✅ Saved → RBQ | Traditional Running | Row 27
✅ Saved → RBQ | Traditional Running | Row 28
✅ Saved → RBQ | Traditional Running | Row 29
✅ Saved → RBQ | Traditional Running | Row 30
✅ Saved → RBQ | Traditional Running | Row 31
✅ Saved → RBQ | Traditional Running | Row 32
✅ Saved → RBQ | Traditional Running | Row 33
✅ Saved → RBQ | Traditional Running | Row 34
✅ Saved → RBQ | Traditional Running | Row 35
✅ Saved → RBQ | Traditional Running | Row 36
✅ Saved → RBQ | Traditional Running | Row 37
✅ Saved → RBQ | Traditional Running | Row 38
✅ Saved → RBQ | Traditional Running | Row 39
✅ Saved → RBQ | Traditional Running | Row 40
✅ Saved → RBQ | Traditional Running | Row 41
✅ Saved → RBQ | Traditional Running | Row 42
✅ Saved → RBQ | Traditional Running | Row 43
✅ Saved → RBQ | Traditional Running | Row 44
✅ Saved → RBQ | Traditional Running | Row 45
✅ Saved → RBQ | Traditional Running | Row 46
✅ Saved → RBQ | Traditional Running | Row 47
✅ Saved → RBQ | Traditional Running | Row 48
✅ Saved → RBQ | Traditional Running | Row 49
✅ Saved → RBQ | Traditional Running | Row 50
✅ Saved → RBQ | Traditional Running | Row 51
✅ Saved → RBQ | Traditional Running | Row 52
✅ Saved → RBQ | Traditional Running | Row 53
✅ Saved → RBQ | Traditional Running | Row 54
✅ Saved → RBQ | Traditional Running | Row 55
✅ Saved → RBQ | Traditional Running | Row 56
✅ Saved → RBQ | Traditional Running | Row 57
✅ Saved → RBQ | Traditional Running | Row 58
✅ Saved → RBQ | Traditional Running | Row 59
✅ Saved → RBQ | Traditional Running | Row 60
✅ Saved → RBQ | Traditional Running | Row 61
✅ Saved → RBQ | Traditional Running | Row 62
✅ Saved → RBQ | Traditional Running | Row 63
✅ Saved → RBQ | Traditional Running | Row 64
✅ Saved → RBQ | Traditional Running | Row 65
✅ Saved → RBQ | Traditional Running | Row 66
✅ Saved → RBQ | Traditional Running | Row 67
✅ Saved → RBQ | Traditional Running | Row 68
✅ Saved → RBQ | Traditional Running | Row 69
✅ Saved → RBQ | Traditional Running | Row 70
✅ Saved → RBQ | Traditional Running | Row 71
✅ Saved → RBQ | Traditional Running | Row 72
✅ Saved → RBQ | Traditional Running | Row 73
✅ Saved → RBQ | Traditional Running | Row 74
✅ Saved → RBQ | Traditional Running | Row 75
✅ Saved → RBQ | Traditional Running | Row 76
✅ Saved → RBQ | Traditional Running | Row 77
✅ Saved → RBQ | Traditional Running | Row 78
✅ Saved → RBQ | Traditional Running | Row 79
✅ Saved → RBQ | Traditional Running | Row 80
✅ Saved → RBQ | Traditional Running | Row 81
✅ Saved → RBQ | Traditional Running | Row 82
✅ Saved → RBQ | Traditional Running | Row 83
✅ Saved → RBQ | Traditional Running | Row 84
✅ Saved → RBQ | Traditional Running | Row 85
✅ Saved → RBQ | Traditional Running | Row 86
✅ Saved → RBQ | Traditional Running | Row 87
✅ Saved → RBQ | Traditional Running | Row 88
✅ Saved → RBQ | Traditional Running | Row 89
✅ Saved → RBQ | Traditional Running | Row 90
✅ Saved → RBQ | Traditional Running | Row 91
✅ Saved → RBQ | Traditional Running | Row 92
✅ Saved → RBQ | Traditional Running | Row 93
✅ Saved → RBQ | Traditional Running | Row 94
✅ Saved → RBQ | Traditional Running | Row 95
✅ Saved → RBQ | Traditional Running | Row 96
✅ Saved → RBQ | Traditional Running | Row 97
✅ Saved → RBQ | Traditional Running | Row 98
✅ Saved → RBQ | Traditional Running | Row 99
✅ Saved → RBQ | Traditional Running | Row 100
✅ Saved → RBQ | Traditional Running | Row 101
✅ Saved → RBQ | Traditional Running | Row 102
✅ Saved → RBQ | Traditional Running | Row 103
✅ Saved → RBQ | Traditional Running | Row 104
✅ Saved → RBQ | Traditional Running | Row 105
✅ Saved → RBQ | Traditional Running | Row 106
✅ Saved → RBQ | Traditional Running | Row 107
✅ Saved → RBQ | Traditional Running | Row 108
✅ Saved → RBQ | Traditional Running | Row 109
✅ Saved → RBQ | Traditional Running | Row 110
✅ Saved → RBQ | Traditional Running | Row 111
✅ Saved → RBQ | Traditional Running | Row 112
✅ Saved → RBQ | Traditional Running | Row 113
✅ Saved → RBQ | Traditional Running | Row 114
✅ Saved → RBQ | Traditional Running | Row 115
✅ Saved → RBQ | Traditional Running | Row 116
✅ Saved → RBQ | Traditional Running | Row 117
✅ Saved → RBQ | Traditional Running | Row 118
✅ Saved → RBQ | Traditional Running | Row 119
✅ Saved → RBQ | Traditional Running | Row 120
✅ Saved → RBQ | Traditional Running | Row 121
✅ Saved → RBQ | Traditional Running | Row 122
✅ Saved → RBQ | Traditional Running | Row 123
✅ Saved → RBQ | Traditional Running | Row 124
✅ Saved → RBQ | Traditional Running | Row 125
✅ Saved → RBQ | Traditional Running | Row 126
✅ Saved → RBQ | Traditional Running | Row 127
✅ Saved → RBQ | Traditional Running | Row 128
✅ Saved → RBQ | Traditional Running | Row 129
✅ Saved → RBQ | Traditional Running | Row 130
✅ Saved → RBQ | Traditional Running | Row 131
✅ Saved → RBQ | Traditional Running | Row 132
✅ Saved → RBQ | Traditional Running | Row 133
✅ Saved → RBQ | Traditional Running | Row 134
✅ Saved → RBQ | Traditional Running | Row 135
✅ Saved → RBQ | Traditional Running | Row 136
✅ Saved → RBQ | Traditional Running | Row 137
✅ Saved → RBQ | Traditional Running | Row 138
✅ Saved → RBQ | Traditional Running | Row 139
✅ Saved → RBQ | Traditional Running | Row 140
✅ Saved → RBQ | Traditional Running | Row 141
✅ Saved → RBQ | Traditional Running | Row 142
✅ Saved → RBQ | Traditional Running | Row 143
✅ Saved → RBQ | Traditional Running | Row 144
✅ Saved → RBQ | Traditional Running | Row 145
✅ Saved → RBQ | Traditional Running | Row 146
✅ Saved → RBQ | Traditional Running | Row 147
✅ Saved → RBQ | Traditional Running | Row 148
✅ Saved → RBQ | Traditional Running | Row 149
✅ Saved → RBQ | Aba Geda Wrestling | Row 0
✅ Saved → RBQ | Aba Geda Wrestling | Row 1
✅ Saved → RBQ | Aba Geda Wrestling | Row 2
✅ Saved → RBQ | Aba Geda Wrestling | Row 3
✅ Saved → RBQ | Aba Geda Wrestling | Row 4
✅ Saved → RBQ | Aba Geda Wrestling | Row 5
✅ Saved → RBQ | Aba Geda Wrestling | Row 6
✅ Saved → RBQ | Aba Geda Wrestling | Row 7
✅ Saved → RBQ | Aba Geda Wrestling | Row 8
✅ Saved → RBQ | Aba Geda Wrestling | Row 9
✅ Saved → RBQ | Aba Geda Wrestling | Row 10
✅ Saved → RBQ | Aba Geda Wrestling | Row 11
✅ Saved → RBQ | Aba Geda Wrestling | Row 12
✅ Saved → RBQ | Aba Geda Wrestling | Row 13
✅ Saved → RBQ | Aba Geda Wrestling | Row 14
✅ Saved → RBQ | Aba Geda Wrestling | Row 15
✅ Saved → RBQ | Aba Geda Wrestling | Row 16
✅ Saved → RBQ | Aba Geda Wrestling | Row 17
✅ Saved → RBQ | Aba Geda Wrestling | Row 18
❌ Error on row 19: 500 Server Error: Internal Server Error for url: https://cloud.olakrutrim.com/v1/chat/completions
✅ Saved → RBQ | Aba Geda Wrestling | Row 19
✅ Saved → RBQ | Aba Geda Wrestling | Row 20
✅ Saved → RBQ | Aba Geda Wrestling | Row 21
✅ Saved → RBQ | Aba Geda Wrestling | Row 22
✅ Saved → RBQ | Aba Geda Wrestling | Row 23
✅ Saved → RBQ | Aba Geda Wrestling | Row 24
✅ Saved → RBQ | Aba Geda Wrestling | Row 25
✅ Saved → RBQ | Aba Geda Wrestling | Row 26
✅ Saved → RBQ | Aba Geda Wrestling | Row 27
✅ Saved → RBQ | Aba Geda Wrestling | Row 28
✅ Saved → RBQ | Aba Geda Wrestling | Row 29
✅ Saved → RBQ | Aba Geda Wrestling | Row 30
✅ Saved → RBQ | Aba Geda Wrestling | Row 31
✅ Saved → RBQ | Aba Geda Wrestling | Row 32
✅ Saved → RBQ | Aba Geda Wrestling | Row 33
✅ Saved → RBQ | Aba Geda Wrestling | Row 34
✅ Saved → RBQ | Aba Geda Wrestling | Row 35
✅ Saved → RBQ | Aba Geda Wrestling | Row 36
✅ Saved → RBQ | Aba Geda Wrestling | Row 37
❌ Error on row 38: 500 Server Error: Internal Server Error for url: https://cloud.olakrutrim.com/v1/chat/completions
✅ Saved → RBQ | Aba Geda Wrestling | Row 38
✅ Saved → RBQ | Aba Geda Wrestling | Row 39
✅ Saved → RBQ | Aba Geda Wrestling | Row 40
✅ Saved → RBQ | Aba Geda Wrestling | Row 41
✅ Saved → RBQ | Aba Geda Wrestling | Row 42
✅ Saved → RBQ | Aba Geda Wrestling | Row 43
✅ Saved → RBQ | Aba Geda Wrestling | Row 44
✅ Saved → RBQ | Aba Geda Wrestling | Row 45
✅ Saved → RBQ | Aba Geda Wrestling | Row 46
✅ Saved → RBQ | Aba Geda Wrestling | Row 47
✅ Saved → RBQ | Aba Geda Wrestling | Row 48
✅ Saved → RBQ | Aba Geda Wrestling | Row 49
✅ Saved → RBQ | Aba Geda Wrestling | Row 50
✅ Saved → RBQ | Aba Geda Wrestling | Row 51
✅ Saved → RBQ | Aba Geda Wrestling | Row 52
✅ Saved → RBQ | Aba Geda Wrestling | Row 53
✅ Saved → RBQ | Aba Geda Wrestling | Row 54
✅ Saved → RBQ | Aba Geda Wrestling | Row 55
✅ Saved → RBQ | Aba Geda Wrestling | Row 56
✅ Saved → RBQ | Aba Geda Wrestling | Row 57
✅ Saved → RBQ | Aba Geda Wrestling | Row 58
✅ Saved → RBQ | Aba Geda Wrestling | Row 59
✅ Saved → RBQ | Aba Geda Wrestling | Row 60
✅ Saved → RBQ | Aba Geda Wrestling | Row 61
✅ Saved → RBQ | Aba Geda Wrestling | Row 62
✅ Saved → RBQ | Aba Geda Wrestling | Row 63
✅ Saved → RBQ | Aba Geda Wrestling | Row 64
✅ Saved → RBQ | Aba Geda Wrestling | Row 65
✅ Saved → RBQ | Aba Geda Wrestling | Row 66
✅ Saved → RBQ | Aba Geda Wrestling | Row 67
✅ Saved → RBQ | Aba Geda Wrestling | Row 68
✅ Saved → RBQ | Aba Geda Wrestling | Row 70
✅ Saved → RBQ | Aba Geda Wrestling | Row 71
✅ Saved → RBQ | Aba Geda Wrestling | Row 72
✅ Saved → RBQ | Aba Geda Wrestling | Row 73
✅ Saved → RBQ | Aba Geda Wrestling | Row 74
✅ Saved → RBQ | Aba Geda Wrestling | Row 75
✅ Saved → RBQ | Aba Geda Wrestling | Row 77
✅ Saved → RBQ | Aba Geda Wrestling | Row 78
✅ Saved → RBQ | Aba Geda Wrestling | Row 79
✅ Saved → RBQ | Aba Geda Wrestling | Row 80
✅ Saved → RBQ | Aba Geda Wrestling | Row 81
✅ Saved → RBQ | Aba Geda Wrestling | Row 82
✅ Saved → RBQ | Aba Geda Wrestling | Row 83
✅ Saved → RBQ | Aba Geda Wrestling | Row 84
✅ Saved → RBQ | Aba Geda Wrestling | Row 86
✅ Saved → RBQ | Aba Geda Wrestling | Row 87
✅ Saved → RBQ | Aba Geda Wrestling | Row 88
✅ Saved → RBQ | Aba Geda Wrestling | Row 89
❌ Error on row 90: 504 Server Error: Gateway Time-out for url: https://cloud.olakrutrim.com/v1/chat/completions
✅ Saved → RBQ | Aba Geda Wrestling | Row 90
✅ Saved → RBQ | Aba Geda Wrestling | Row 91
✅ Saved → RBQ | Aba Geda Wrestling | Row 92
✅ Saved → RBQ | Aba Geda Wrestling | Row 93
✅ Saved → RBQ | Aba Geda Wrestling | Row 94
✅ Saved → RBQ | Aba Geda Wrestling | Row 96
✅ Saved → RBQ | Aba Geda Wrestling | Row 97
✅ Saved → RBQ | Aba Geda Wrestling | Row 98
✅ Saved → RBQ | Aba Geda Wrestling | Row 99
✅ Saved → RBQ | Aba Geda Wrestling | Row 100
✅ Saved → RBQ | Aba Geda Wrestling | Row 101
✅ Saved → RBQ | Aba Geda Wrestling | Row 102
✅ Saved → RBQ | Aba Geda Wrestling | Row 103
✅ Saved → RBQ | Aba Geda Wrestling | Row 104
✅ Saved → RBQ | Aba Geda Wrestling | Row 105
✅ Saved → RBQ | Aba Geda Wrestling | Row 106
✅ Saved → RBQ | Aba Geda Wrestling | Row 107
✅ Saved → RBQ | Aba Geda Wrestling | Row 108
✅ Saved → RBQ | Aba Geda Wrestling | Row 109
✅ Saved → RBQ | Aba Geda Wrestling | Row 110
✅ Saved → RBQ | Aba Geda Wrestling | Row 111
✅ Saved → RBQ | Aba Geda Wrestling | Row 112
✅ Saved → RBQ | Aba Geda Wrestling | Row 113
✅ Saved → RBQ | Aba Geda Wrestling | Row 114
✅ Saved → RBQ | Aba Geda Wrestling | Row 115
✅ Saved → RBQ | Aba Geda Wrestling | Row 116
✅ Saved → RBQ | Aba Geda Wrestling | Row 117
✅ Saved → RBQ | Aba Geda Wrestling | Row 118
✅ Saved → RBQ | Aba Geda Wrestling | Row 119
✅ Saved → RBQ | Aba Geda Wrestling | Row 120
✅ Saved → RBQ | Aba Geda Wrestling | Row 121
✅ Saved → RBQ | Aba Geda Wrestling | Row 122
✅ Saved → RBQ | Aba Geda Wrestling | Row 123
✅ Saved → RBQ | Aba Geda Wrestling | Row 124
✅ Saved → RBQ | Aba Geda Wrestling | Row 125
✅ Saved → RBQ | Aba Geda Wrestling | Row 126
✅ Saved → RBQ | Aba Geda Wrestling | Row 128
✅ Saved → RBQ | Aba Geda Wrestling | Row 129
✅ Saved → RBQ | Aba Geda Wrestling | Row 130
✅ Saved → RBQ | Aba Geda Wrestling | Row 131
✅ Saved → RBQ | Aba Geda Wrestling | Row 132
✅ Saved → RBQ | Aba Geda Wrestling | Row 133
✅ Saved → RBQ | Aba Geda Wrestling | Row 134
✅ Saved → RBQ | Aba Geda Wrestling | Row 136
✅ Saved → RBQ | Aba Geda Wrestling | Row 137
✅ Saved → RBQ | Aba Geda Wrestling | Row 138
❌ Error on row 139: 500 Server Error: Internal Server Error for url: https://cloud.olakrutrim.com/v1/chat/completions
✅ Saved → RBQ | Aba Geda Wrestling | Row 139
✅ Saved → RBQ | Aba Geda Wrestling | Row 140
✅ Saved → RBQ | Aba Geda Wrestling | Row 141
✅ Saved → RBQ | Aba Geda Wrestling | Row 142
✅ Saved → RBQ | Aba Geda Wrestling | Row 143
✅ Saved → RBQ | Aba Geda Wrestling | Row 144
✅ Saved → RBQ | Aba Geda Wrestling | Row 145
✅ Saved → RBQ | Aba Geda Wrestling | Row 147
✅ Saved → RBQ | Aba Geda Wrestling | Row 148
✅ Saved → RBQ | Aba Geda Wrestling | Row 149
✅ Saved → RBQ | Afalula | Row 0
✅ Saved → RBQ | Afalula | Row 1
✅ Saved → RBQ | Afalula | Row 2
✅ Saved → RBQ | Afalula | Row 3
✅ Saved → RBQ | Afalula | Row 4
✅ Saved → RBQ | Afalula | Row 5
✅ Saved → RBQ | Afalula | Row 6
✅ Saved → RBQ | Afalula | Row 7
✅ Saved → RBQ | Afalula | Row 8
✅ Saved → RBQ | Afalula | Row 9
✅ Saved → RBQ | Afalula | Row 10
✅ Saved → RBQ | Afalula | Row 11
✅ Saved → RBQ | Afalula | Row 12
✅ Saved → RBQ | Afalula | Row 13
✅ Saved → RBQ | Afalula | Row 14
✅ Saved → RBQ | Afalula | Row 15
✅ Saved → RBQ | Afalula | Row 16
✅ Saved → RBQ | Afalula | Row 17
✅ Saved → RBQ | Afalula | Row 18
✅ Saved → RBQ | Afalula | Row 19
✅ Saved → RBQ | Afalula | Row 20
✅ Saved → RBQ | Afalula | Row 21
✅ Saved → RBQ | Afalula | Row 22
✅ Saved → RBQ | Afalula | Row 23
✅ Saved → RBQ | Afalula | Row 24
✅ Saved → RBQ | Afalula | Row 25
✅ Saved → RBQ | Afalula | Row 26
✅ Saved → RBQ | Afalula | Row 27
✅ Saved → RBQ | Afalula | Row 28
✅ Saved → RBQ | Afalula | Row 29
✅ Saved → RBQ | Afalula | Row 30
✅ Saved → RBQ | Afalula | Row 31
✅ Saved → RBQ | Afalula | Row 32
✅ Saved → RBQ | Afalula | Row 33
✅ Saved → RBQ | Afalula | Row 34
✅ Saved → RBQ | Afalula | Row 35
✅ Saved → RBQ | Afalula | Row 36
✅ Saved → RBQ | Afalula | Row 37
✅ Saved → RBQ | Afalula | Row 38
✅ Saved → RBQ | Afalula | Row 39
✅ Saved → RBQ | Afalula | Row 40
✅ Saved → RBQ | Afalula | Row 41
✅ Saved → RBQ | Afalula | Row 42
✅ Saved → RBQ | Afalula | Row 43
✅ Saved → RBQ | Afalula | Row 44
✅ Saved → RBQ | Afalula | Row 45
✅ Saved → RBQ | Afalula | Row 46
✅ Saved → RBQ | Afalula | Row 47
✅ Saved → RBQ | Afalula | Row 48
✅ Saved → RBQ | Afalula | Row 49
✅ Saved → RBQ | Afalula | Row 50
✅ Saved → RBQ | Afalula | Row 51
✅ Saved → RBQ | Afalula | Row 52
✅ Saved → RBQ | Afalula | Row 53
✅ Saved → RBQ | Afalula | Row 54
✅ Saved → RBQ | Afalula | Row 56
✅ Saved → RBQ | Afalula | Row 57
✅ Saved → RBQ | Afalula | Row 58
✅ Saved → RBQ | Afalula | Row 59
✅ Saved → RBQ | Afalula | Row 60
✅ Saved → RBQ | Afalula | Row 61
✅ Saved → RBQ | Afalula | Row 62
✅ Saved → RBQ | Afalula | Row 63
✅ Saved → RBQ | Afalula | Row 64
✅ Saved → RBQ | Afalula | Row 65
✅ Saved → RBQ | Afalula | Row 66
✅ Saved → RBQ | Afalula | Row 67
✅ Saved → RBQ | Afalula | Row 68
✅ Saved → RBQ | Afalula | Row 69
✅ Saved → RBQ | Afalula | Row 70
✅ Saved → RBQ | Afalula | Row 71
✅ Saved → RBQ | Afalula | Row 72
✅ Saved → RBQ | Afalula | Row 73
✅ Saved → RBQ | Afalula | Row 74
✅ Saved → RBQ | Afalula | Row 75
✅ Saved → RBQ | Afalula | Row 76
✅ Saved → RBQ | Afalula | Row 77
✅ Saved → RBQ | Afalula | Row 79
✅ Saved → RBQ | Afalula | Row 80
✅ Saved → RBQ | Afalula | Row 81
✅ Saved → RBQ | Afalula | Row 82
✅ Saved → RBQ | Afalula | Row 83
✅ Saved → RBQ | Afalula | Row 84
✅ Saved → RBQ | Afalula | Row 85
✅ Saved → RBQ | Afalula | Row 86
✅ Saved → RBQ | Afalula | Row 87
✅ Saved → RBQ | Afalula | Row 88
✅ Saved → RBQ | Afalula | Row 89
✅ Saved → RBQ | Afalula | Row 90
✅ Saved → RBQ | Afalula | Row 91
✅ Saved → RBQ | Afalula | Row 92
✅ Saved → RBQ | Afalula | Row 93
✅ Saved → RBQ | Afalula | Row 94
✅ Saved → RBQ | Afalula | Row 95
✅ Saved → RBQ | Afalula | Row 96
✅ Saved → RBQ | Afalula | Row 97
✅ Saved → RBQ | Afalula | Row 98
✅ Saved → RBQ | Afalula | Row 99
✅ Saved → RBQ | Afalula | Row 100
✅ Saved → RBQ | Afalula | Row 101
✅ Saved → RBQ | Afalula | Row 102
✅ Saved → RBQ | Afalula | Row 103
✅ Saved → RBQ | Afalula | Row 104
✅ Saved → RBQ | Afalula | Row 105
✅ Saved → RBQ | Afalula | Row 107
✅ Saved → RBQ | Afalula | Row 108
✅ Saved → RBQ | Afalula | Row 109
✅ Saved → RBQ | Afalula | Row 110
✅ Saved → RBQ | Afalula | Row 111
✅ Saved → RBQ | Afalula | Row 112
✅ Saved → RBQ | Afalula | Row 113
✅ Saved → RBQ | Afalula | Row 114
✅ Saved → RBQ | Afalula | Row 115
✅ Saved → RBQ | Afalula | Row 116
✅ Saved → RBQ | Afalula | Row 117
✅ Saved → RBQ | Afalula | Row 118
✅ Saved → RBQ | Afalula | Row 119
✅ Saved → RBQ | Afalula | Row 120
✅ Saved → RBQ | Afalula | Row 121
✅ Saved → RBQ | Afalula | Row 122
✅ Saved → RBQ | Afalula | Row 123
✅ Saved → RBQ | Afalula | Row 124
✅ Saved → RBQ | Afalula | Row 125
✅ Saved → RBQ | Afalula | Row 126
✅ Saved → RBQ | Afalula | Row 127
✅ Saved → RBQ | Afalula | Row 128
✅ Saved → RBQ | Afalula | Row 129
✅ Saved → RBQ | Afalula | Row 130
✅ Saved → RBQ | Afalula | Row 131
✅ Saved → RBQ | Afalula | Row 132
✅ Saved → RBQ | Afalula | Row 133
✅ Saved → RBQ | Afalula | Row 134
✅ Saved → RBQ | Afalula | Row 135
✅ Saved → RBQ | Afalula | Row 136
✅ Saved → RBQ | Afalula | Row 137
✅ Saved → RBQ | Afalula | Row 138
✅ Saved → RBQ | Afalula | Row 139
✅ Saved → RBQ | Sidama Wrestling | Row 0
✅ Saved → RBQ | Sidama Wrestling | Row 1
✅ Saved → RBQ | Sidama Wrestling | Row 2
✅ Saved → RBQ | Sidama Wrestling | Row 3
✅ Saved → RBQ | Sidama Wrestling | Row 4
✅ Saved → RBQ | Sidama Wrestling | Row 5
✅ Saved → RBQ | Sidama Wrestling | Row 6
✅ Saved → RBQ | Sidama Wrestling | Row 7
✅ Saved → RBQ | Sidama Wrestling | Row 8
✅ Saved → RBQ | Sidama Wrestling | Row 9
✅ Saved → RBQ | Sidama Wrestling | Row 10
✅ Saved → RBQ | Sidama Wrestling | Row 11
✅ Saved → RBQ | Sidama Wrestling | Row 12
✅ Saved → RBQ | Sidama Wrestling | Row 13
✅ Saved → RBQ | Sidama Wrestling | Row 14
✅ Saved → RBQ | Sidama Wrestling | Row 15
✅ Saved → RBQ | Sidama Wrestling | Row 16
✅ Saved → RBQ | Sidama Wrestling | Row 17
✅ Saved → RBQ | Sidama Wrestling | Row 18
✅ Saved → RBQ | Sidama Wrestling | Row 19
✅ Saved → RBQ | Sidama Wrestling | Row 20
✅ Saved → RBQ | Sidama Wrestling | Row 21
✅ Saved → RBQ | Sidama Wrestling | Row 22
✅ Saved → RBQ | Sidama Wrestling | Row 23
✅ Saved → RBQ | Sidama Wrestling | Row 24
✅ Saved → RBQ | Sidama Wrestling | Row 25
✅ Saved → RBQ | Sidama Wrestling | Row 26
✅ Saved → RBQ | Sidama Wrestling | Row 27
✅ Saved → RBQ | Sidama Wrestling | Row 28
✅ Saved → RBQ | Sidama Wrestling | Row 29
✅ Saved → RBQ | Sidama Wrestling | Row 30
✅ Saved → RBQ | Sidama Wrestling | Row 31
✅ Saved → RBQ | Sidama Wrestling | Row 32
✅ Saved → RBQ | Sidama Wrestling | Row 33
✅ Saved → RBQ | Sidama Wrestling | Row 34
✅ Saved → RBQ | Sidama Wrestling | Row 35
✅ Saved → RBQ | Sidama Wrestling | Row 36
✅ Saved → RBQ | Sidama Wrestling | Row 37
✅ Saved → RBQ | Sidama Wrestling | Row 38
✅ Saved → RBQ | Sidama Wrestling | Row 39
✅ Saved → RBQ | Sidama Wrestling | Row 40
✅ Saved → RBQ | Sidama Wrestling | Row 41
✅ Saved → RBQ | Sidama Wrestling | Row 42
✅ Saved → RBQ | Sidama Wrestling | Row 43
✅ Saved → RBQ | Sidama Wrestling | Row 44
✅ Saved → RBQ | Sidama Wrestling | Row 45
✅ Saved → RBQ | Sidama Wrestling | Row 46
✅ Saved → RBQ | Sidama Wrestling | Row 47
✅ Saved → RBQ | Sidama Wrestling | Row 48
✅ Saved → RBQ | Sidama Wrestling | Row 49
✅ Saved → RBQ | Sidama Wrestling | Row 50
✅ Saved → RBQ | Sidama Wrestling | Row 51
✅ Saved → RBQ | Sidama Wrestling | Row 52
✅ Saved → RBQ | Sidama Wrestling | Row 53
✅ Saved → RBQ | Sidama Wrestling | Row 54
✅ Saved → RBQ | Sidama Wrestling | Row 55
✅ Saved → RBQ | Sidama Wrestling | Row 56
✅ Saved → RBQ | Sidama Wrestling | Row 57
✅ Saved → RBQ | Sidama Wrestling | Row 59
✅ Saved → RBQ | Sidama Wrestling | Row 60
✅ Saved → RBQ | Sidama Wrestling | Row 61
✅ Saved → RBQ | Sidama Wrestling | Row 62
✅ Saved → RBQ | Sidama Wrestling | Row 63
✅ Saved → RBQ | Sidama Wrestling | Row 64
✅ Saved → RBQ | Sidama Wrestling | Row 65
✅ Saved → RBQ | Sidama Wrestling | Row 66
✅ Saved → RBQ | Sidama Wrestling | Row 67
✅ Saved → RBQ | Sidama Wrestling | Row 68
✅ Saved → RBQ | Sidama Wrestling | Row 69
✅ Saved → RBQ | Sidama Wrestling | Row 70
✅ Saved → RBQ | Sidama Wrestling | Row 71
✅ Saved → RBQ | Sidama Wrestling | Row 72
✅ Saved → RBQ | Sidama Wrestling | Row 73
✅ Saved → RBQ | Sidama Wrestling | Row 74
✅ Saved → RBQ | Sidama Wrestling | Row 76
✅ Saved → RBQ | Sidama Wrestling | Row 77
✅ Saved → RBQ | Sidama Wrestling | Row 78
✅ Saved → RBQ | Sidama Wrestling | Row 79
✅ Saved → RBQ | Sidama Wrestling | Row 80
✅ Saved → RBQ | Sidama Wrestling | Row 81
✅ Saved → RBQ | Sidama Wrestling | Row 82
✅ Saved → RBQ | Sidama Wrestling | Row 83
✅ Saved → RBQ | Sidama Wrestling | Row 84
✅ Saved → RBQ | Sidama Wrestling | Row 85
✅ Saved → RBQ | Sidama Wrestling | Row 86
✅ Saved → RBQ | Sidama Wrestling | Row 87
✅ Saved → RBQ | Sidama Wrestling | Row 88
✅ Saved → RBQ | Sidama Wrestling | Row 89
✅ Saved → RBQ | Sidama Wrestling | Row 90
✅ Saved → RBQ | Sidama Wrestling | Row 91
✅ Saved → RBQ | Sidama Wrestling | Row 92
✅ Saved → RBQ | Sidama Wrestling | Row 93
✅ Saved → RBQ | Sidama Wrestling | Row 94
✅ Saved → RBQ | Sidama Wrestling | Row 95
✅ Saved → RBQ | Sidama Wrestling | Row 96
✅ Saved → RBQ | Sidama Wrestling | Row 97
✅ Saved → RBQ | Sidama Wrestling | Row 98
✅ Saved → RBQ | Sidama Wrestling | Row 99
✅ Saved → RBQ | Sidama Wrestling | Row 100
✅ Saved → RBQ | Sidama Wrestling | Row 101
✅ Saved → RBQ | Sidama Wrestling | Row 102
✅ Saved → RBQ | Sidama Wrestling | Row 104
✅ Saved → RBQ | Sidama Wrestling | Row 105
✅ Saved → RBQ | Sidama Wrestling | Row 106
✅ Saved → RBQ | Sidama Wrestling | Row 107
✅ Saved → RBQ | Sidama Wrestling | Row 108
✅ Saved → RBQ | Sidama Wrestling | Row 109
✅ Saved → RBQ | Sidama Wrestling | Row 111
✅ Saved → RBQ | Sidama Wrestling | Row 112
✅ Saved → RBQ | Sidama Wrestling | Row 113
✅ Saved → RBQ | Sidama Wrestling | Row 114
✅ Saved → RBQ | Sidama Wrestling | Row 115
✅ Saved → RBQ | Sidama Wrestling | Row 116
✅ Saved → RBQ | Sidama Wrestling | Row 117
✅ Saved → RBQ | Sidama Wrestling | Row 118
✅ Saved → RBQ | Sidama Wrestling | Row 119
✅ Saved → RBQ | Sidama Wrestling | Row 120
✅ Saved → RBQ | Sidama Wrestling | Row 121
✅ Saved → RBQ | Sidama Wrestling | Row 122
✅ Saved → RBQ | Sidama Wrestling | Row 123
✅ Saved → RBQ | Sidama Wrestling | Row 124
✅ Saved → RBQ | Sidama Wrestling | Row 125
✅ Saved → RBQ | Sidama Wrestling | Row 126
✅ Saved → RBQ | Sidama Wrestling | Row 127
✅ Saved → RBQ | Sidama Wrestling | Row 128
✅ Saved → RBQ | Sidama Wrestling | Row 129
✅ Saved → RBQ | Sidama Wrestling | Row 130
✅ Saved → RBQ | Sidama Wrestling | Row 131
✅ Saved → RBQ | Sidama Wrestling | Row 132
✅ Saved → RBQ | Sidama Wrestling | Row 133
✅ Saved → RBQ | Sidama Wrestling | Row 134
✅ Saved → RBQ | Sidama Wrestling | Row 135
✅ Saved → RBQ | Sidama Wrestling | Row 136
✅ Saved → RBQ | Sidama Wrestling | Row 137
✅ Saved → RBQ | Sidama Wrestling | Row 138
✅ Saved → RBQ | Sidama Wrestling | Row 139
✅ Saved → RBQ | Sidama Wrestling | Row 140
✅ Saved → RBQ | Sidama Wrestling | Row 141
✅ Saved → RBQ | Sidama Wrestling | Row 142
✅ Saved → RBQ | Sidama Wrestling | Row 144
✅ Saved → RBQ | Sidama Wrestling | Row 145
✅ Saved → RBQ | Sidama Wrestling | Row 146
✅ Saved → RBQ | Sidama Wrestling | Row 147
✅ Saved → RBQ | Sidama Wrestling | Row 148
✅ Saved → RBQ | Sidama Wrestling | Row 149
✅ Saved → RBQ | Sidama Wrestling | Row 150
✅ Saved → RBQ | Sidama Wrestling | Row 151
✅ Saved → RBQ | Sidama Wrestling | Row 152
✅ Saved → RBQ | Sidama Wrestling | Row 153
✅ Saved → RBQ | Sidama Wrestling | Row 154
✅ Saved → RBQ | Sidama Wrestling | Row 155
✅ Saved → RBQ | Sidama Wrestling | Row 156
✅ Saved → RBQ | Sidama Wrestling | Row 157
✅ Saved → RBQ | Sidama Wrestling | Row 158
✅ Saved → RBQ | Sidama Wrestling | Row 159
✅ Saved → RBQ | Sidama Wrestling | Row 160
✅ Saved → RBQ | Sidama Wrestling | Row 161
✅ Saved → RBQ | Sidama Wrestling | Row 162
✅ Saved → RBQ | Sidama Wrestling | Row 163
✅ Saved → RBQ | Sidama Wrestling | Row 164
✅ Saved → RBQ | Gebeta (Mancala) | Row 0
✅ Saved → RBQ | Gebeta (Mancala) | Row 1
✅ Saved → RBQ | Gebeta (Mancala) | Row 2
✅ Saved → RBQ | Gebeta (Mancala) | Row 3
✅ Saved → RBQ | Gebeta (Mancala) | Row 4
✅ Saved → RBQ | Gebeta (Mancala) | Row 5
✅ Saved → RBQ | Gebeta (Mancala) | Row 6
✅ Saved → RBQ | Gebeta (Mancala) | Row 7
✅ Saved → RBQ | Gebeta (Mancala) | Row 8
✅ Saved → RBQ | Gebeta (Mancala) | Row 9
✅ Saved → RBQ | Gebeta (Mancala) | Row 10
✅ Saved → RBQ | Gebeta (Mancala) | Row 11
✅ Saved → RBQ | Gebeta (Mancala) | Row 12
✅ Saved → RBQ | Gebeta (Mancala) | Row 13
✅ Saved → RBQ | Gebeta (Mancala) | Row 14
✅ Saved → RBQ | Gebeta (Mancala) | Row 15
✅ Saved → RBQ | Gebeta (Mancala) | Row 16
✅ Saved → RBQ | Gebeta (Mancala) | Row 17
✅ Saved → RBQ | Gebeta (Mancala) | Row 18
✅ Saved → RBQ | Gebeta (Mancala) | Row 19
✅ Saved → RBQ | Gebeta (Mancala) | Row 20
✅ Saved → RBQ | Gebeta (Mancala) | Row 21
✅ Saved → RBQ | Gebeta (Mancala) | Row 22
✅ Saved → RBQ | Gebeta (Mancala) | Row 23
✅ Saved → RBQ | Gebeta (Mancala) | Row 24
✅ Saved → RBQ | Gebeta (Mancala) | Row 25
✅ Saved → RBQ | Gebeta (Mancala) | Row 26
✅ Saved → RBQ | Gebeta (Mancala) | Row 27
✅ Saved → RBQ | Gebeta (Mancala) | Row 28
✅ Saved → RBQ | Gebeta (Mancala) | Row 29
✅ Saved → RBQ | Gebeta (Mancala) | Row 30
✅ Saved → RBQ | Gebeta (Mancala) | Row 31
✅ Saved → RBQ | Gebeta (Mancala) | Row 32
✅ Saved → RBQ | Gebeta (Mancala) | Row 33
✅ Saved → RBQ | Gebeta (Mancala) | Row 34
✅ Saved → RBQ | Gebeta (Mancala) | Row 35
✅ Saved → RBQ | Gebeta (Mancala) | Row 36
✅ Saved → RBQ | Gebeta (Mancala) | Row 37
✅ Saved → RBQ | Gebeta (Mancala) | Row 38
✅ Saved → RBQ | Gebeta (Mancala) | Row 39
✅ Saved → RBQ | Gebeta (Mancala) | Row 40
✅ Saved → RBQ | Gebeta (Mancala) | Row 41
✅ Saved → RBQ | Gebeta (Mancala) | Row 42
✅ Saved → RBQ | Gebeta (Mancala) | Row 43
✅ Saved → RBQ | Gebeta (Mancala) | Row 44
✅ Saved → RBQ | Gebeta (Mancala) | Row 45
✅ Saved → RBQ | Gebeta (Mancala) | Row 46
✅ Saved → RBQ | Gebeta (Mancala) | Row 47
✅ Saved → RBQ | Gebeta (Mancala) | Row 48
✅ Saved → RBQ | Gebeta (Mancala) | Row 49
✅ Saved → RBQ | Gebeta (Mancala) | Row 50
✅ Saved → RBQ | Gebeta (Mancala) | Row 51
✅ Saved → RBQ | Gebeta (Mancala) | Row 52
✅ Saved → RBQ | Gebeta (Mancala) | Row 53
✅ Saved → RBQ | Gebeta (Mancala) | Row 54
✅ Saved → RBQ | Gebeta (Mancala) | Row 55
✅ Saved → RBQ | Gebeta (Mancala) | Row 56
✅ Saved → RBQ | Gebeta (Mancala) | Row 57
✅ Saved → RBQ | Gebeta (Mancala) | Row 58
✅ Saved → RBQ | Gebeta (Mancala) | Row 59
✅ Saved → RBQ | Gebeta (Mancala) | Row 60
✅ Saved → RBQ | Gebeta (Mancala) | Row 61
✅ Saved → RBQ | Gebeta (Mancala) | Row 62
✅ Saved → RBQ | Gebeta (Mancala) | Row 63
✅ Saved → RBQ | Gebeta (Mancala) | Row 64
✅ Saved → RBQ | Gebeta (Mancala) | Row 65
✅ Saved → RBQ | Gebeta (Mancala) | Row 66
✅ Saved → RBQ | Gebeta (Mancala) | Row 67
✅ Saved → RBQ | Gebeta (Mancala) | Row 68
✅ Saved → RBQ | Gebeta (Mancala) | Row 69
✅ Saved → RBQ | Gebeta (Mancala) | Row 70
✅ Saved → RBQ | Gebeta (Mancala) | Row 71
✅ Saved → RBQ | Gebeta (Mancala) | Row 72
✅ Saved → RBQ | Gebeta (Mancala) | Row 73
✅ Saved → RBQ | Gebeta (Mancala) | Row 74
✅ Saved → RBQ | Gebeta (Mancala) | Row 75
✅ Saved → RBQ | Gebeta (Mancala) | Row 76
✅ Saved → RBQ | Gebeta (Mancala) | Row 77
✅ Saved → RBQ | Gebeta (Mancala) | Row 78
✅ Saved → RBQ | Gebeta (Mancala) | Row 79
✅ Saved → RBQ | Gebeta (Mancala) | Row 80
✅ Saved → RBQ | Gebeta (Mancala) | Row 81
✅ Saved → RBQ | Gebeta (Mancala) | Row 82
✅ Saved → RBQ | Gebeta (Mancala) | Row 83
✅ Saved → RBQ | Gebeta (Mancala) | Row 84
✅ Saved → RBQ | Gebeta (Mancala) | Row 85
✅ Saved → RBQ | Gebeta (Mancala) | Row 86
✅ Saved → RBQ | Gebeta (Mancala) | Row 87
✅ Saved → RBQ | Gebeta (Mancala) | Row 88
✅ Saved → RBQ | Gebeta (Mancala) | Row 89
✅ Saved → RBQ | Gebeta (Mancala) | Row 90
✅ Saved → RBQ | Gebeta (Mancala) | Row 91
✅ Saved → RBQ | Gebeta (Mancala) | Row 92
✅ Saved → RBQ | Gebeta (Mancala) | Row 93
✅ Saved → RBQ | Gebeta (Mancala) | Row 94
✅ Saved → RBQ | Gebeta (Mancala) | Row 95
✅ Saved → RBQ | Gebeta (Mancala) | Row 96
✅ Saved → RBQ | Gebeta (Mancala) | Row 97
✅ Saved → RBQ | Gebeta (Mancala) | Row 98
✅ Saved → RBQ | Gebeta (Mancala) | Row 99
✅ Saved → RBQ | Gebeta (Mancala) | Row 100
✅ Saved → RBQ | Gebeta (Mancala) | Row 101
✅ Saved → RBQ | Gebeta (Mancala) | Row 102
✅ Saved → RBQ | Gebeta (Mancala) | Row 103
✅ Saved → RBQ | Gebeta (Mancala) | Row 104
✅ Saved → RBQ | Gebeta (Mancala) | Row 105
✅ Saved → RBQ | Gebeta (Mancala) | Row 106
✅ Saved → RBQ | Gebeta (Mancala) | Row 107
✅ Saved → RBQ | Gebeta (Mancala) | Row 108
✅ Saved → RBQ | Gebeta (Mancala) | Row 109
✅ Saved → RBQ | Gebeta (Mancala) | Row 110
✅ Saved → RBQ | Gebeta (Mancala) | Row 111
✅ Saved → RBQ | Gebeta (Mancala) | Row 112
✅ Saved → RBQ | Gebeta (Mancala) | Row 113
✅ Saved → RBQ | Gebeta (Mancala) | Row 114
✅ Saved → RBQ | Gebeta (Mancala) | Row 115
✅ Saved → RBQ | Gebeta (Mancala) | Row 116
✅ Saved → RBQ | Gebeta (Mancala) | Row 117
✅ Saved → RBQ | Gebeta (Mancala) | Row 118
✅ Saved → RBQ | Gebeta (Mancala) | Row 119
✅ Saved → RBQ | Gebeta (Mancala) | Row 120
✅ Saved → RBQ | Gebeta (Mancala) | Row 121
✅ Saved → RBQ | Gebeta (Mancala) | Row 122
✅ Saved → RBQ | Gebeta (Mancala) | Row 123
✅ Saved → RBQ | Gebeta (Mancala) | Row 124
✅ Saved → RBQ | Gebeta (Mancala) | Row 125
✅ Saved → RBQ | Gebeta (Mancala) | Row 126
❌ Error on row 127: 500 Server Error: Internal Server Error for url: https://cloud.olakrutrim.com/v1/chat/completions
✅ Saved → RBQ | Gebeta (Mancala) | Row 127
✅ Saved → RBQ | Gebeta (Mancala) | Row 128
✅ Saved → RBQ | Gebeta (Mancala) | Row 129
✅ Saved → RBQ | Gebeta (Mancala) | Row 130
✅ Saved → RBQ | Gebeta (Mancala) | Row 131
✅ Saved → RBQ | Gebeta (Mancala) | Row 132
✅ Saved → RBQ | Gebeta (Mancala) | Row 133
✅ Saved → RBQ | Gebeta (Mancala) | Row 134
✅ Saved → RBQ | Gebeta (Mancala) | Row 135
✅ Saved → RBQ | Gebeta (Mancala) | Row 136
✅ Saved → RBQ | Gebeta (Mancala) | Row 138
✅ Saved → RBQ | Gebeta (Mancala) | Row 139
✅ Saved → RBQ | Gebeta (Mancala) | Row 140
✅ Saved → RBQ | Gebeta (Mancala) | Row 141
✅ Saved → RBQ | Gebeta (Mancala) | Row 142
✅ Saved → RBQ | Gebeta (Mancala) | Row 143
✅ Saved → RBQ | Gebeta (Mancala) | Row 144
✅ Saved → RBQ | Gebeta (Mancala) | Row 145
✅ Saved → RBQ | Gebeta (Mancala) | Row 146
✅ Saved → RBQ | Gebeta (Mancala) | Row 147
✅ Saved → RBQ | Gebeta (Mancala) | Row 148
✅ Saved → RBQ | Gebeta (Mancala) | Row 149
✅ Saved → RBQ | Gebeta (Mancala) | Row 150
✅ Saved → RBQ | Gebeta (Mancala) | Row 151
✅ Saved → RBQ | Gebeta (Mancala) | Row 152
✅ Saved → RBQ | Gebeta (Mancala) | Row 153
✅ Saved → RBQ | Gebeta (Mancala) | Row 154
✅ Saved → RBQ | Gebeta (Mancala) | Row 155
✅ Saved → RBQ | Gebeta (Mancala) | Row 156
✅ Saved → RBQ | Gebeta (Mancala) | Row 157
✅ Saved → RBQ | Gebeta (Mancala) | Row 158
✅ Saved → RBQ | Gebeta (Mancala) | Row 159
✅ Saved → RBQ | Gebeta (Mancala) | Row 160
✅ Saved → RBQ | Gebeta (Mancala) | Row 161
✅ Saved → RBQ | Gebeta (Mancala) | Row 162
✅ Saved → RBQ | Gebeta (Mancala) | Row 163
✅ Saved → RBQ | Gebeta (Mancala) | Row 164
✅ Saved → RBQ | Gebeta (Mancala) | Row 165
✅ Saved → RBQ | Gebeta (Mancala) | Row 166
✅ Saved → RBQ | Cow Jumping (Ukuli Bula) | Row 0
✅ Saved → RBQ | Cow Jumping (Ukuli Bula) | Row 1
✅ Saved → RBQ | Cow Jumping (Ukuli Bula) | Row 2
✅ Saved → RBQ | Cow Jumping (Ukuli Bula) | Row 3
✅ Saved → RBQ | Cow Jumping (Ukuli Bula) | Row 4
✅ Saved → RBQ | Cow Jumping (Ukuli Bula) | Row 5
✅ Saved → RBQ | Cow Jumping (Ukuli Bula) | Row 6
✅ Saved → RBQ | Cow Jumping (Ukuli Bula) | Row 7
✅ Saved → RBQ | Cow Jumping (Ukuli Bula) | Row 8
✅ Saved → RBQ | Cow Jumping (Ukuli Bula) | Row 9
✅ Saved → RBQ | Cow Jumping (Ukuli Bula) | Row 10
✅ Saved → RBQ | Cow Jumping (Ukuli Bula) | Row 11
✅ Saved → RBQ | Cow Jumping (Ukuli Bula) | Row 12
✅ Saved → RBQ | Cow Jumping (Ukuli Bula) | Row 13
✅ Saved → RBQ | Cow Jumping (Ukuli Bula) | Row 14
✅ Saved → RBQ | Cow Jumping (Ukuli Bula) | Row 15
✅ Saved → RBQ | Cow Jumping (Ukuli Bula) | Row 16
✅ Saved → RBQ | Cow Jumping (Ukuli Bula) | Row 17
✅ Saved → RBQ | Cow Jumping (Ukuli Bula) | Row 18
✅ Saved → RBQ | Cow Jumping (Ukuli Bula) | Row 19
✅ Saved → RBQ | Cow Jumping (Ukuli Bula) | Row 20
✅ Saved → RBQ | Cow Jumping (Ukuli Bula) | Row 21
✅ Saved → RBQ | Cow Jumping (Ukuli Bula) | Row 22
✅ Saved → RBQ | Cow Jumping (Ukuli Bula) | Row 23
✅ Saved → RBQ | Cow Jumping (Ukuli Bula) | Row 24
✅ Saved → RBQ | Cow Jumping (Ukuli Bula) | Row 25
✅ Saved → RBQ | Cow Jumping (Ukuli Bula) | Row 26
✅ Saved → RBQ | Cow Jumping (Ukuli Bula) | Row 27
✅ Saved → RBQ | Cow Jumping (Ukuli Bula) | Row 28
✅ Saved → RBQ | Cow Jumping (Ukuli Bula) | Row 29
✅ Saved → RBQ | Cow Jumping (Ukuli Bula) | Row 30
✅ Saved → RBQ | Cow Jumping (Ukuli Bula) | Row 31
✅ Saved → RBQ | Cow Jumping (Ukuli Bula) | Row 32
✅ Saved → RBQ | Cow Jumping (Ukuli Bula) | Row 33
✅ Saved → RBQ | Cow Jumping (Ukuli Bula) | Row 34
✅ Saved → RBQ | Cow Jumping (Ukuli Bula) | Row 35
✅ Saved → RBQ | Cow Jumping (Ukuli Bula) | Row 36
✅ Saved → RBQ | Cow Jumping (Ukuli Bula) | Row 37
✅ Saved → RBQ | Cow Jumping (Ukuli Bula) | Row 38
✅ Saved → RBQ | Cow Jumping (Ukuli Bula) | Row 39
✅ Saved → RBQ | Cow Jumping (Ukuli Bula) | Row 40
✅ Saved → RBQ | Cow Jumping (Ukuli Bula) | Row 41
✅ Saved → RBQ | Cow Jumping (Ukuli Bula) | Row 42
✅ Saved → RBQ | Cow Jumping (Ukuli Bula) | Row 43
✅ Saved → RBQ | Cow Jumping (Ukuli Bula) | Row 44
✅ Saved → RBQ | Cow Jumping (Ukuli Bula) | Row 45
✅ Saved → RBQ | Cow Jumping (Ukuli Bula) | Row 46
✅ Saved → RBQ | Cow Jumping (Ukuli Bula) | Row 47
✅ Saved → RBQ | Cow Jumping (Ukuli Bula) | Row 48
✅ Saved → RBQ | Cow Jumping (Ukuli Bula) | Row 49
✅ Saved → RBQ | Cow Jumping (Ukuli Bula) | Row 50
✅ Saved → RBQ | Cow Jumping (Ukuli Bula) | Row 51
✅ Saved → RBQ | Cow Jumping (Ukuli Bula) | Row 52
✅ Saved → RBQ | Cow Jumping (Ukuli Bula) | Row 53
✅ Saved → RBQ | Cow Jumping (Ukuli Bula) | Row 54
✅ Saved → RBQ | Cow Jumping (Ukuli Bula) | Row 55
✅ Saved → RBQ | Cow Jumping (Ukuli Bula) | Row 56
✅ Saved → RBQ | Cow Jumping (Ukuli Bula) | Row 57
✅ Saved → RBQ | Cow Jumping (Ukuli Bula) | Row 58
✅ Saved → RBQ | Cow Jumping (Ukuli Bula) | Row 59
✅ Saved → RBQ | Cow Jumping (Ukuli Bula) | Row 60
✅ Saved → RBQ | Cow Jumping (Ukuli Bula) | Row 61
✅ Saved → RBQ | Cow Jumping (Ukuli Bula) | Row 62
✅ Saved → RBQ | Cow Jumping (Ukuli Bula) | Row 63
✅ Saved → RBQ | Cow Jumping (Ukuli Bula) | Row 64
✅ Saved → RBQ | Cow Jumping (Ukuli Bula) | Row 65
Failed to decode JSON from model: {
  "score": 0,
  "mistake": "The question contains a factual error: 'ኡኩሊ' is not a recognized term in Amharic sports context related to 'ክብረ በዓሉ'. The provided correct answer 'ወጣት መ' is inconsistent with the option text which says 'ወጣት መ. የሴቶች ዘመዶችን አስጀምሯል።' — this option is grammatically malformed and does not match the answer key. The term 'ኡኩሊ' appears to be a misspelling or misrendering of 'ዩኩሊ' (Yukuli), which is not standard. The correct term should likely be 'ዩኬሊ' (Yukeli) or 'ዩኬሊ አስተዳዳሪዎች' (Yukeli Directors), but in Ethiopian sports context, 'ክብረ በዓሉ' refers to 'New Year' and the term 'ዩኬሊ' is not standard. Upon deeper context check, 'ዩኬሊ' is not a known term; the intended term is likely 'ዩኬሊ' as a miswriting of 'ዩኬሊ አስተዳዳሪዎች' (Yukeli Directors), but this is not accurate. The most plausible correction is that the intended term is 'ዩኬሊ' as a miswriting of 'ዩኬሊ' (Yukeli) — however, in Ethiopian football context, 'ክብረ በዓሉ' (New Year) tournament's top scorers are called 'የክብረ በዓሉ አስተዳዳሪዎች' or 'የክብረ በዓሉ ምርጥ አስተዳዳሪዎች'. The term 'ኡኩሊ' is likely a typo for 'ዩኬሊ' or 'ዩኬሊ አስተዳዳሪዎች'. However, the correct and commonly used term in Ethiopian sports for the New Year tournament's top performers is 'የክብረ በዓሉ አስተዳዳሪዎች' — but this is not the case. After cross-checking Ethiopian sports terminology, the term 'ዩኬሊ' is not recognized. The intended term is likely 'ዩኬሊ' as a misspelling of 'ዩኬሊ' — but this is still incorrect. The correct term used in Ethiopian football for the New Year tournament's top scorers is 'የክብረ በዓሉ ምርጥ አስተዳዳሪዎች' — but again, this is not matching. Upon final verification: The term 'ኡኩሊ' is likely a misspelling of 'ዩኬሊ' which is not standard. The actual term used is 'የክብረ በዓሉ አስተዳዳሪዎች' — but the options suggest the question intends to ask about the 'top scorers' of the New Year tournament, which are called 'የክብረ በዓሉ ምርጥ አስተዳዳሪዎች' — however, the options do not reflect this. The most likely intended question is: 'በክ���ረ በዓሉ ላይ "ምርጥ አስተዳዳሪዎች" እነማን ናቸው?' and the correct answer is 'ወጣት አስተዳዳሪዎች'. The provided option 'ሐ. ወጣት መ' is malformed and should be 'ሐ. ወጣት አስተዳዳሪዎች'. The correct answer in the original is given as 'ሐ. ወጣት መ' which is incomplete. Therefore, the question has multiple errors: 1) 'ኡኩሊ' is not a valid term; 2) option 'ሐ' is grammatically broken; 3) the correct answer key does not match the option text. The minimal fix is to replace 'ኡኩሊ' with 'ምርጥ አስተዳዳሪዎች' and correct option ሐ to 'ወጣት አስተዳዳሪዎች'.",
  "improved_question": "በክብረ በዓሉ ላይ \"ምርጥ አስተዳዳሪዎች\" እነማን ናቸው?",
  "improved_options": [
    "ሀ. ያገቡ ወንዶች",
    "ለ. ሽማግሌዎች",
    "ሐ. ወጣት አስተዳዳሪዎች",
    "መ. የሴቶች ዘመዶችን አስጀምሯል።"
  ],
  "correct_answer": "ሐ. ወጣት አስተዳዳሪዎች"
}
✅ Saved → RBQ | Cow Jumping (Ukuli Bula) | Row 66
✅ Saved → RBQ | Cow Jumping (Ukuli Bula) | Row 67
✅ Saved → RBQ | Cow Jumping (Ukuli Bula) | Row 68
✅ Saved → RBQ | Cow Jumping (Ukuli Bula) | Row 69
✅ Saved → RBQ | Cow Jumping (Ukuli Bula) | Row 70
✅ Saved → RBQ | Cow Jumping (Ukuli Bula) | Row 71
✅ Saved → RBQ | Cow Jumping (Ukuli Bula) | Row 72
✅ Saved → RBQ | Cow Jumping (Ukuli Bula) | Row 73
✅ Saved → RBQ | Cow Jumping (Ukuli Bula) | Row 74
✅ Saved → RBQ | Cow Jumping (Ukuli Bula) | Row 75
✅ Saved → RBQ | Cow Jumping (Ukuli Bula) | Row 76
✅ Saved → RBQ | Cow Jumping (Ukuli Bula) | Row 77
✅ Saved → RBQ | Cow Jumping (Ukuli Bula) | Row 78
✅ Saved → RBQ | Cow Jumping (Ukuli Bula) | Row 79
✅ Saved → RBQ | Cow Jumping (Ukuli Bula) | Row 80
✅ Saved → RBQ | Cow Jumping (Ukuli Bula) | Row 81
✅ Saved → RBQ | Cow Jumping (Ukuli Bula) | Row 82
✅ Saved → RBQ | Cow Jumping (Ukuli Bula) | Row 83
✅ Saved → RBQ | Cow Jumping (Ukuli Bula) | Row 84
✅ Saved → RBQ | Cow Jumping (Ukuli Bula) | Row 85
✅ Saved → RBQ | Cow Jumping (Ukuli Bula) | Row 86
✅ Saved → RBQ | Cow Jumping (Ukuli Bula) | Row 87
✅ Saved → RBQ | Cow Jumping (Ukuli Bula) | Row 88

✅ COMPLETE!
📄 Live-updating CSV: /DATA/rohan_kirti/country/ethopia/RBQ/Results_RBQ.csv
Ended at: 22:30:13
Total Duration: 1:28:30.878339
✅ Successfully created '/DATA/rohan_kirti/country/ethopia/RBQ/Results_RBQ.xlsx'
