Started at: 09:41:34
['/DATA/rohan_kirti/country/china/RBQ/China_RBQ.xlsx']

📌 Processing: /DATA/rohan_kirti/country/china/RBQ/China_RBQ.xlsx
✅ Saved → RBQ | cuju | Row 0
✅ Saved → RBQ | cuju | Row 1
✅ Saved → RBQ | cuju | Row 2
✅ Saved → RBQ | cuju | Row 3
✅ Saved → RBQ | cuju | Row 4
✅ Saved → RBQ | cuju | Row 5
✅ Saved → RBQ | cuju | Row 6
✅ Saved → RBQ | cuju | Row 7
✅ Saved → RBQ | cuju | Row 8
✅ Saved → RBQ | cuju | Row 9
✅ Saved → RBQ | cuju | Row 10
✅ Saved → RBQ | cuju | Row 11
✅ Saved → RBQ | cuju | Row 12
✅ Saved → RBQ | cuju | Row 13
✅ Saved → RBQ | cuju | Row 14
✅ Saved → RBQ | cuju | Row 15
✅ Saved → RBQ | cuju | Row 16
✅ Saved → RBQ | cuju | Row 17
✅ Saved → RBQ | cuju | Row 18
✅ Saved → RBQ | cuju | Row 19
✅ Saved → RBQ | cuju | Row 20
✅ Saved → RBQ | cuju | Row 21
✅ Saved → RBQ | cuju | Row 22
✅ Saved → RBQ | cuju | Row 23
✅ Saved → RBQ | cuju | Row 24
✅ Saved → RBQ | cuju | Row 25
✅ Saved → RBQ | cuju | Row 26
✅ Saved → RBQ | cuju | Row 27
✅ Saved → RBQ | cuju | Row 28
✅ Saved → RBQ | cuju | Row 29
✅ Saved → RBQ | cuju | Row 30
✅ Saved → RBQ | cuju | Row 31
✅ Saved → RBQ | cuju | Row 32
✅ Saved → RBQ | cuju | Row 33
✅ Saved → RBQ | cuju | Row 34
✅ Saved → RBQ | cuju | Row 35
✅ Saved → RBQ | cuju | Row 36
✅ Saved → RBQ | cuju | Row 37
✅ Saved → RBQ | cuju | Row 38
✅ Saved → RBQ | cuju | Row 39
✅ Saved → RBQ | cuju | Row 40
✅ Saved → RBQ | cuju | Row 41
✅ Saved → RBQ | cuju | Row 42
✅ Saved → RBQ | cuju | Row 43
✅ Saved → RBQ | cuju | Row 44
✅ Saved → RBQ | cuju | Row 45
✅ Saved → RBQ | cuju | Row 46
✅ Saved → RBQ | cuju | Row 47
✅ Saved → RBQ | cuju | Row 48
✅ Saved → RBQ | cuju | Row 49
✅ Saved → RBQ | cuju | Row 50
✅ Saved → RBQ | cuju | Row 52
✅ Saved → RBQ | cuju | Row 53
✅ Saved → RBQ | cuju | Row 54
✅ Saved → RBQ | cuju | Row 55
✅ Saved → RBQ | cuju | Row 56
✅ Saved → RBQ | cuju | Row 57
✅ Saved → RBQ | cuju | Row 60
✅ Saved → RBQ | cuju | Row 61
✅ Saved → RBQ | cuju | Row 62
✅ Saved → RBQ | cuju | Row 63
✅ Saved → RBQ | cuju | Row 64
✅ Saved → RBQ | cuju | Row 65
✅ Saved → RBQ | cuju | Row 66
✅ Saved → RBQ | cuju | Row 67
✅ Saved → RBQ | cuju | Row 68
✅ Saved → RBQ | cuju | Row 69
✅ Saved → RBQ | cuju | Row 70
✅ Saved → RBQ | cuju | Row 71
✅ Saved → RBQ | cuju | Row 72
✅ Saved → RBQ | cuju | Row 73
✅ Saved → RBQ | cuju | Row 74
✅ Saved → RBQ | cuju | Row 75
✅ Saved → RBQ | cuju | Row 76
✅ Saved → RBQ | cuju | Row 77
✅ Saved → RBQ | cuju | Row 78
✅ Saved → RBQ | cuju | Row 79
✅ Saved → RBQ | cuju | Row 80
✅ Saved → RBQ | cuju | Row 81
✅ Saved → RBQ | cuju | Row 82
✅ Saved → RBQ | cuju | Row 83
✅ Saved → RBQ | cuju | Row 84
✅ Saved → RBQ | cuju | Row 85
✅ Saved → RBQ | cuju | Row 86
✅ Saved → RBQ | cuju | Row 87
✅ Saved → RBQ | cuju | Row 88
✅ Saved → RBQ | cuju | Row 89
✅ Saved → RBQ | cuju | Row 90
✅ Saved → RBQ | cuju | Row 91
✅ Saved → RBQ | cuju | Row 92
✅ Saved → RBQ | cuju | Row 93
✅ Saved → RBQ | cuju | Row 94
✅ Saved → RBQ | cuju | Row 95
✅ Saved → RBQ | cuju | Row 96
✅ Saved → RBQ | cuju | Row 97
✅ Saved → RBQ | cuju | Row 98
✅ Saved → RBQ | cuju | Row 99
✅ Saved → RBQ | cuju | Row 100
✅ Saved → RBQ | cuju | Row 101
✅ Saved → RBQ | cuju | Row 102
✅ Saved → RBQ | cuju | Row 103
✅ Saved → RBQ | cuju | Row 104
✅ Saved → RBQ | cuju | Row 105
✅ Saved → RBQ | cuju | Row 106
✅ Saved → RBQ | cuju | Row 107
✅ Saved → RBQ | cuju | Row 108
✅ Saved → RBQ | cuju | Row 109
✅ Saved → RBQ | cuju | Row 110
✅ Saved → RBQ | cuju | Row 111
✅ Saved → RBQ | cuju | Row 112
✅ Saved → RBQ | cuju | Row 113
✅ Saved → RBQ | cuju | Row 114
✅ Saved → RBQ | cuju | Row 115
✅ Saved → RBQ | cuju | Row 116
✅ Saved → RBQ | cuju | Row 117
✅ Saved → RBQ | cuju | Row 118
✅ Saved → RBQ | cuju | Row 119
✅ Saved → RBQ | cuju | Row 120
✅ Saved → RBQ | cuju | Row 121
✅ Saved → RBQ | cuju | Row 122
✅ Saved → RBQ | cuju | Row 123
✅ Saved → RBQ | cuju | Row 124
✅ Saved → RBQ | cuju | Row 125
✅ Saved → RBQ | cuju | Row 126
✅ Saved → RBQ | cuju | Row 127
✅ Saved → RBQ | cuju | Row 128
✅ Saved → RBQ | cuju | Row 129
✅ Saved → RBQ | cuju | Row 130
✅ Saved → RBQ | cuju | Row 131
✅ Saved → RBQ | cuju | Row 132
✅ Saved → RBQ | cuju | Row 133
✅ Saved → RBQ | cuju | Row 134
✅ Saved → RBQ | cuju | Row 135
✅ Saved → RBQ | cuju | Row 137
✅ Saved → RBQ | cuju | Row 138
✅ Saved → RBQ | cuju | Row 139
✅ Saved → RBQ | cuju | Row 140
✅ Saved → RBQ | cuju | Row 141
✅ Saved → RBQ | cuju | Row 143
✅ Saved → RBQ | cuju | Row 144
✅ Saved → RBQ | cuju | Row 145
✅ Saved → RBQ | dragon boat racing | Row 0
✅ Saved → RBQ | dragon boat racing | Row 1
✅ Saved → RBQ | dragon boat racing | Row 2
✅ Saved → RBQ | dragon boat racing | Row 3
✅ Saved → RBQ | dragon boat racing | Row 4
✅ Saved → RBQ | dragon boat racing | Row 5
✅ Saved → RBQ | dragon boat racing | Row 6
✅ Saved → RBQ | dragon boat racing | Row 7
✅ Saved → RBQ | dragon boat racing | Row 8
✅ Saved → RBQ | dragon boat racing | Row 9
✅ Saved → RBQ | dragon boat racing | Row 10
✅ Saved → RBQ | dragon boat racing | Row 11
✅ Saved → RBQ | dragon boat racing | Row 12
✅ Saved → RBQ | dragon boat racing | Row 13
✅ Saved → RBQ | dragon boat racing | Row 14
✅ Saved → RBQ | dragon boat racing | Row 15
✅ Saved → RBQ | dragon boat racing | Row 16
✅ Saved → RBQ | dragon boat racing | Row 17
✅ Saved → RBQ | dragon boat racing | Row 18
✅ Saved → RBQ | dragon boat racing | Row 19
✅ Saved → RBQ | dragon boat racing | Row 20
✅ Saved → RBQ | dragon boat racing | Row 21
✅ Saved → RBQ | dragon boat racing | Row 22
✅ Saved → RBQ | dragon boat racing | Row 23
✅ Saved → RBQ | dragon boat racing | Row 24
✅ Saved → RBQ | dragon boat racing | Row 25
✅ Saved → RBQ | dragon boat racing | Row 26
✅ Saved → RBQ | dragon boat racing | Row 27
✅ Saved → RBQ | dragon boat racing | Row 29
✅ Saved → RBQ | dragon boat racing | Row 30
✅ Saved → RBQ | dragon boat racing | Row 31
✅ Saved → RBQ | dragon boat racing | Row 32
✅ Saved → RBQ | dragon boat racing | Row 33
✅ Saved → RBQ | dragon boat racing | Row 34
✅ Saved → RBQ | dragon boat racing | Row 35
✅ Saved → RBQ | dragon boat racing | Row 36
✅ Saved → RBQ | dragon boat racing | Row 37
✅ Saved → RBQ | dragon boat racing | Row 38
✅ Saved → RBQ | dragon boat racing | Row 39
✅ Saved → RBQ | dragon boat racing | Row 40
✅ Saved → RBQ | dragon boat racing | Row 42
✅ Saved → RBQ | dragon boat racing | Row 43
✅ Saved → RBQ | dragon boat racing | Row 44
✅ Saved → RBQ | dragon boat racing | Row 45
✅ Saved → RBQ | dragon boat racing | Row 46
✅ Saved → RBQ | dragon boat racing | Row 47
✅ Saved → RBQ | dragon boat racing | Row 48
✅ Saved → RBQ | dragon boat racing | Row 49
✅ Saved → RBQ | dragon boat racing | Row 50
✅ Saved → RBQ | dragon boat racing | Row 51
✅ Saved → RBQ | dragon boat racing | Row 52
✅ Saved → RBQ | dragon boat racing | Row 53
✅ Saved → RBQ | dragon boat racing | Row 54
✅ Saved → RBQ | dragon boat racing | Row 55
✅ Saved → RBQ | dragon boat racing | Row 56
✅ Saved → RBQ | dragon boat racing | Row 57
✅ Saved → RBQ | dragon boat racing | Row 58
✅ Saved → RBQ | dragon boat racing | Row 59
✅ Saved → RBQ | dragon boat racing | Row 60
✅ Saved → RBQ | dragon boat racing | Row 61
✅ Saved → RBQ | dragon boat racing | Row 62
✅ Saved → RBQ | dragon boat racing | Row 63
✅ Saved → RBQ | dragon boat racing | Row 64
✅ Saved → RBQ | dragon boat racing | Row 65
✅ Saved → RBQ | dragon boat racing | Row 66
✅ Saved → RBQ | dragon boat racing | Row 67
✅ Saved → RBQ | dragon boat racing | Row 68
✅ Saved → RBQ | dragon boat racing | Row 69
✅ Saved → RBQ | dragon boat racing | Row 70
✅ Saved → RBQ | dragon boat racing | Row 71
✅ Saved → RBQ | dragon boat racing | Row 72
✅ Saved → RBQ | dragon boat racing | Row 73
✅ Saved → RBQ | dragon boat racing | Row 74
✅ Saved → RBQ | dragon boat racing | Row 75
✅ Saved → RBQ | dragon boat racing | Row 76
✅ Saved → RBQ | dragon boat racing | Row 77
✅ Saved → RBQ | dragon boat racing | Row 78
✅ Saved → RBQ | dragon boat racing | Row 79
✅ Saved → RBQ | dragon boat racing | Row 80
✅ Saved → RBQ | dragon boat racing | Row 81
✅ Saved → RBQ | dragon boat racing | Row 82
✅ Saved → RBQ | dragon boat racing | Row 83
✅ Saved → RBQ | dragon boat racing | Row 84
✅ Saved → RBQ | dragon boat racing | Row 85
✅ Saved → RBQ | dragon boat racing | Row 86
✅ Saved → RBQ | dragon boat racing | Row 87
✅ Saved → RBQ | dragon boat racing | Row 88
✅ Saved → RBQ | dragon boat racing | Row 89
✅ Saved → RBQ | dragon boat racing | Row 90
✅ Saved → RBQ | dragon boat racing | Row 91
✅ Saved → RBQ | dragon boat racing | Row 92
✅ Saved → RBQ | dragon boat racing | Row 93
✅ Saved → RBQ | dragon boat racing | Row 94
✅ Saved → RBQ | dragon boat racing | Row 95
✅ Saved → RBQ | dragon boat racing | Row 96
✅ Saved → RBQ | dragon boat racing | Row 97
✅ Saved → RBQ | dragon boat racing | Row 98
✅ Saved → RBQ | dragon boat racing | Row 99
✅ Saved → RBQ | dragon boat racing | Row 100
✅ Saved → RBQ | dragon boat racing | Row 101
✅ Saved → RBQ | dragon boat racing | Row 102
✅ Saved → RBQ | dragon boat racing | Row 103
✅ Saved → RBQ | dragon boat racing | Row 104
✅ Saved → RBQ | dragon boat racing | Row 105
✅ Saved → RBQ | dragon boat racing | Row 106
✅ Saved → RBQ | dragon boat racing | Row 107
✅ Saved → RBQ | dragon boat racing | Row 108
✅ Saved → RBQ | dragon boat racing | Row 109
✅ Saved → RBQ | dragon boat racing | Row 110
✅ Saved → RBQ | dragon boat racing | Row 111
✅ Saved → RBQ | dragon boat racing | Row 112
✅ Saved → RBQ | dragon boat racing | Row 113
✅ Saved → RBQ | dragon boat racing | Row 114
✅ Saved → RBQ | dragon boat racing | Row 115
✅ Saved → RBQ | dragon boat racing | Row 116
✅ Saved → RBQ | dragon boat racing | Row 117
✅ Saved → RBQ | dragon boat racing | Row 118
✅ Saved → RBQ | dragon boat racing | Row 119
✅ Saved → RBQ | dragon boat racing | Row 120
✅ Saved → RBQ | dragon boat racing | Row 121
✅ Saved → RBQ | dragon boat racing | Row 122
✅ Saved → RBQ | dragon boat racing | Row 123
✅ Saved → RBQ | dragon boat racing | Row 124
✅ Saved → RBQ | dragon boat racing | Row 125
✅ Saved → RBQ | dragon boat racing | Row 126
✅ Saved → RBQ | dragon boat racing | Row 127
✅ Saved → RBQ | dragon boat racing | Row 128
✅ Saved → RBQ | dragon boat racing | Row 129
✅ Saved → RBQ | dragon boat racing | Row 130
✅ Saved → RBQ | dragon boat racing | Row 131
✅ Saved → RBQ | dragon boat racing | Row 134
✅ Saved → RBQ | dragon boat racing | Row 135
✅ Saved → RBQ | dragon boat racing | Row 136
✅ Saved → RBQ | dragon boat racing | Row 137
✅ Saved → RBQ | dragon boat racing | Row 138
✅ Saved → RBQ | dragon boat racing | Row 139
✅ Saved → RBQ | dragon boat racing | Row 140
✅ Saved → RBQ | dragon boat racing | Row 141
✅ Saved → RBQ | go | Row 0
✅ Saved → RBQ | go | Row 1
✅ Saved → RBQ | go | Row 2
✅ Saved → RBQ | go | Row 3
✅ Saved → RBQ | go | Row 4
✅ Saved → RBQ | go | Row 5
✅ Saved → RBQ | go | Row 6
✅ Saved → RBQ | go | Row 7
✅ Saved → RBQ | go | Row 8
✅ Saved → RBQ | go | Row 9
✅ Saved → RBQ | go | Row 10
✅ Saved → RBQ | go | Row 11
✅ Saved → RBQ | go | Row 12
✅ Saved → RBQ | go | Row 13
✅ Saved → RBQ | go | Row 14
✅ Saved → RBQ | go | Row 15
✅ Saved → RBQ | go | Row 16
✅ Saved → RBQ | go | Row 17
✅ Saved → RBQ | go | Row 18
✅ Saved → RBQ | go | Row 19
✅ Saved → RBQ | go | Row 20
✅ Saved → RBQ | go | Row 21
✅ Saved → RBQ | go | Row 22
✅ Saved → RBQ | go | Row 23
✅ Saved → RBQ | go | Row 24
✅ Saved → RBQ | go | Row 25
✅ Saved → RBQ | go | Row 26
✅ Saved → RBQ | go | Row 27
✅ Saved → RBQ | go | Row 28
✅ Saved → RBQ | go | Row 29
✅ Saved → RBQ | go | Row 30
✅ Saved → RBQ | go | Row 31
✅ Saved → RBQ | go | Row 32
✅ Saved → RBQ | go | Row 33
✅ Saved → RBQ | go | Row 34
✅ Saved → RBQ | go | Row 35
✅ Saved → RBQ | go | Row 36
✅ Saved → RBQ | go | Row 37
✅ Saved → RBQ | go | Row 38
✅ Saved → RBQ | go | Row 39
✅ Saved → RBQ | go | Row 40
✅ Saved → RBQ | go | Row 41
✅ Saved → RBQ | go | Row 42
✅ Saved → RBQ | go | Row 43
✅ Saved → RBQ | go | Row 44
✅ Saved → RBQ | go | Row 45
✅ Saved → RBQ | go | Row 46
✅ Saved → RBQ | go | Row 47
✅ Saved → RBQ | go | Row 49
✅ Saved → RBQ | go | Row 50
✅ Saved → RBQ | go | Row 51
✅ Saved → RBQ | go | Row 52
✅ Saved → RBQ | go | Row 53
✅ Saved → RBQ | go | Row 54
✅ Saved → RBQ | go | Row 55
✅ Saved → RBQ | go | Row 56
✅ Saved → RBQ | go | Row 57
✅ Saved → RBQ | go | Row 58
✅ Saved → RBQ | go | Row 59
✅ Saved → RBQ | go | Row 60
✅ Saved → RBQ | go | Row 61
✅ Saved → RBQ | go | Row 62
✅ Saved → RBQ | go | Row 63
✅ Saved → RBQ | go | Row 64
✅ Saved → RBQ | go | Row 65
✅ Saved → RBQ | go | Row 66
✅ Saved → RBQ | go | Row 67
✅ Saved → RBQ | go | Row 68
✅ Saved → RBQ | go | Row 69
✅ Saved → RBQ | go | Row 70
✅ Saved → RBQ | go | Row 71
✅ Saved → RBQ | go | Row 72
✅ Saved → RBQ | go | Row 73
✅ Saved → RBQ | go | Row 74
✅ Saved → RBQ | go | Row 75
✅ Saved → RBQ | go | Row 76
✅ Saved → RBQ | go | Row 77
✅ Saved → RBQ | go | Row 78
✅ Saved → RBQ | go | Row 79
✅ Saved → RBQ | go | Row 80
✅ Saved → RBQ | go | Row 81
✅ Saved → RBQ | go | Row 82
✅ Saved → RBQ | go | Row 83
✅ Saved → RBQ | go | Row 84
✅ Saved → RBQ | go | Row 85
✅ Saved → RBQ | go | Row 86
✅ Saved → RBQ | go | Row 87
✅ Saved → RBQ | go | Row 88
✅ Saved → RBQ | go | Row 89
✅ Saved → RBQ | go | Row 90
✅ Saved → RBQ | go | Row 91
✅ Saved → RBQ | go | Row 92
✅ Saved → RBQ | go | Row 93
✅ Saved → RBQ | go | Row 94
✅ Saved → RBQ | go | Row 95
✅ Saved → RBQ | go | Row 96
✅ Saved → RBQ | go | Row 97
✅ Saved → RBQ | go | Row 98
✅ Saved → RBQ | go | Row 99
✅ Saved → RBQ | go | Row 100
✅ Saved → RBQ | go | Row 101
✅ Saved → RBQ | go | Row 102
✅ Saved → RBQ | go | Row 103
✅ Saved → RBQ | go | Row 104
✅ Saved → RBQ | go | Row 105
✅ Saved → RBQ | go | Row 106
✅ Saved → RBQ | go | Row 107
✅ Saved → RBQ | go | Row 108
✅ Saved → RBQ | go | Row 109
✅ Saved → RBQ | go | Row 110
✅ Saved → RBQ | go | Row 111
✅ Saved → RBQ | go | Row 112
✅ Saved → RBQ | go | Row 113
✅ Saved → RBQ | go | Row 114
✅ Saved → RBQ | go | Row 115
✅ Saved → RBQ | go | Row 116
✅ Saved → RBQ | go | Row 117
✅ Saved → RBQ | go | Row 118
✅ Saved → RBQ | go | Row 119
✅ Saved → RBQ | go | Row 120
✅ Saved → RBQ | go | Row 121
✅ Saved → RBQ | go | Row 122
✅ Saved → RBQ | go | Row 123
✅ Saved → RBQ | go | Row 124
✅ Saved → RBQ | go | Row 125
✅ Saved → RBQ | go | Row 126
✅ Saved → RBQ | go | Row 127
✅ Saved → RBQ | go | Row 128
✅ Saved → RBQ | go | Row 129
✅ Saved → RBQ | go | Row 130
✅ Saved → RBQ | go | Row 131
✅ Saved → RBQ | go | Row 132
✅ Saved → RBQ | go | Row 133
✅ Saved → RBQ | go | Row 134
✅ Saved → RBQ | go | Row 135
✅ Saved → RBQ | go | Row 136
✅ Saved → RBQ | go | Row 137
✅ Saved → RBQ | go | Row 138
✅ Saved → RBQ | go | Row 139
✅ Saved → RBQ | go | Row 140
✅ Saved → RBQ | jianzi | Row 0
✅ Saved → RBQ | jianzi | Row 1
✅ Saved → RBQ | jianzi | Row 2
✅ Saved → RBQ | jianzi | Row 3
✅ Saved → RBQ | jianzi | Row 4
✅ Saved → RBQ | jianzi | Row 5
✅ Saved → RBQ | jianzi | Row 6
✅ Saved → RBQ | jianzi | Row 7
✅ Saved → RBQ | jianzi | Row 8
✅ Saved → RBQ | jianzi | Row 9
✅ Saved → RBQ | jianzi | Row 10
✅ Saved → RBQ | jianzi | Row 11
✅ Saved → RBQ | jianzi | Row 12
✅ Saved → RBQ | jianzi | Row 13
✅ Saved → RBQ | jianzi | Row 14
✅ Saved → RBQ | jianzi | Row 15
✅ Saved → RBQ | jianzi | Row 16
✅ Saved → RBQ | jianzi | Row 17
✅ Saved → RBQ | jianzi | Row 18
✅ Saved → RBQ | jianzi | Row 19
✅ Saved → RBQ | jianzi | Row 20
✅ Saved → RBQ | jianzi | Row 21
✅ Saved → RBQ | jianzi | Row 22
✅ Saved → RBQ | jianzi | Row 23
✅ Saved → RBQ | jianzi | Row 24
✅ Saved → RBQ | jianzi | Row 25
✅ Saved → RBQ | jianzi | Row 26
✅ Saved → RBQ | jianzi | Row 27
✅ Saved → RBQ | jianzi | Row 28
✅ Saved → RBQ | jianzi | Row 29
✅ Saved → RBQ | jianzi | Row 30
✅ Saved → RBQ | jianzi | Row 31
✅ Saved → RBQ | jianzi | Row 32
✅ Saved → RBQ | jianzi | Row 33
✅ Saved → RBQ | jianzi | Row 34
✅ Saved → RBQ | jianzi | Row 35
✅ Saved → RBQ | jianzi | Row 36
✅ Saved → RBQ | jianzi | Row 37
✅ Saved → RBQ | jianzi | Row 38
✅ Saved → RBQ | jianzi | Row 39
✅ Saved → RBQ | jianzi | Row 40
✅ Saved → RBQ | jianzi | Row 41
✅ Saved → RBQ | jianzi | Row 42
✅ Saved → RBQ | jianzi | Row 43
✅ Saved → RBQ | jianzi | Row 44
✅ Saved → RBQ | jianzi | Row 45
✅ Saved → RBQ | jianzi | Row 46
✅ Saved → RBQ | jianzi | Row 47
✅ Saved → RBQ | jianzi | Row 48
✅ Saved → RBQ | jianzi | Row 49
✅ Saved → RBQ | jianzi | Row 50
✅ Saved → RBQ | jianzi | Row 51
✅ Saved → RBQ | jianzi | Row 52
✅ Saved → RBQ | jianzi | Row 53
✅ Saved → RBQ | jianzi | Row 54
✅ Saved → RBQ | jianzi | Row 55
✅ Saved → RBQ | jianzi | Row 56
✅ Saved → RBQ | jianzi | Row 57
✅ Saved → RBQ | jianzi | Row 59
✅ Saved → RBQ | jianzi | Row 60
✅ Saved → RBQ | jianzi | Row 61
✅ Saved → RBQ | jianzi | Row 62
✅ Saved → RBQ | jianzi | Row 63
✅ Saved → RBQ | jianzi | Row 64
✅ Saved → RBQ | jianzi | Row 65
✅ Saved → RBQ | jianzi | Row 66
✅ Saved → RBQ | jianzi | Row 67
✅ Saved → RBQ | jianzi | Row 69
✅ Saved → RBQ | jianzi | Row 70
✅ Saved → RBQ | jianzi | Row 71
✅ Saved → RBQ | jianzi | Row 72
✅ Saved → RBQ | jianzi | Row 73
✅ Saved → RBQ | jianzi | Row 74
✅ Saved → RBQ | jianzi | Row 75
✅ Saved → RBQ | jianzi | Row 76
✅ Saved → RBQ | jianzi | Row 77
✅ Saved → RBQ | jianzi | Row 78
✅ Saved → RBQ | jianzi | Row 79
✅ Saved → RBQ | jianzi | Row 80
✅ Saved → RBQ | jianzi | Row 81
✅ Saved → RBQ | jianzi | Row 82
✅ Saved → RBQ | jianzi | Row 83
✅ Saved → RBQ | jianzi | Row 84
✅ Saved → RBQ | jianzi | Row 85
✅ Saved → RBQ | jianzi | Row 86
✅ Saved → RBQ | jianzi | Row 87
✅ Saved → RBQ | jianzi | Row 88
✅ Saved → RBQ | jianzi | Row 89
✅ Saved → RBQ | jianzi | Row 90
✅ Saved → RBQ | jianzi | Row 91
✅ Saved → RBQ | jianzi | Row 92
✅ Saved → RBQ | jianzi | Row 93
✅ Saved → RBQ | jianzi | Row 94
✅ Saved → RBQ | jianzi | Row 95
✅ Saved → RBQ | jianzi | Row 96
✅ Saved → RBQ | jianzi | Row 97
✅ Saved → RBQ | jianzi | Row 98
✅ Saved → RBQ | jianzi | Row 99
✅ Saved → RBQ | jianzi | Row 100
✅ Saved → RBQ | jianzi | Row 101
✅ Saved → RBQ | jianzi | Row 102
✅ Saved → RBQ | jianzi | Row 103
✅ Saved → RBQ | jianzi | Row 104
✅ Saved → RBQ | jianzi | Row 105
✅ Saved → RBQ | jianzi | Row 106
✅ Saved → RBQ | jianzi | Row 107
✅ Saved → RBQ | jianzi | Row 108
✅ Saved → RBQ | jianzi | Row 109
✅ Saved → RBQ | jianzi | Row 110
✅ Saved → RBQ | jianzi | Row 111
✅ Saved → RBQ | jianzi | Row 112
✅ Saved → RBQ | jianzi | Row 113
✅ Saved → RBQ | jianzi | Row 114
✅ Saved → RBQ | jianzi | Row 115
✅ Saved → RBQ | jianzi | Row 116
✅ Saved → RBQ | jianzi | Row 117
✅ Saved → RBQ | jianzi | Row 118
✅ Saved → RBQ | jianzi | Row 119
✅ Saved → RBQ | jianzi | Row 120
✅ Saved → RBQ | jianzi | Row 121
✅ Saved → RBQ | jianzi | Row 122
✅ Saved → RBQ | jianzi | Row 123
✅ Saved → RBQ | jianzi | Row 124
✅ Saved → RBQ | jianzi | Row 125
✅ Saved → RBQ | jianzi | Row 126
✅ Saved → RBQ | jianzi | Row 127
✅ Saved → RBQ | jianzi | Row 128
✅ Saved → RBQ | jianzi | Row 129
✅ Saved → RBQ | jianzi | Row 130
✅ Saved → RBQ | jianzi | Row 131
✅ Saved → RBQ | jianzi | Row 132
✅ Saved → RBQ | jianzi | Row 133
✅ Saved → RBQ | jianzi | Row 134
✅ Saved → RBQ | jianzi | Row 135
✅ Saved → RBQ | kung fu | Row 0
✅ Saved → RBQ | kung fu | Row 1
✅ Saved → RBQ | kung fu | Row 2
✅ Saved → RBQ | kung fu | Row 3
✅ Saved → RBQ | kung fu | Row 4
✅ Saved → RBQ | kung fu | Row 5
✅ Saved → RBQ | kung fu | Row 6
✅ Saved → RBQ | kung fu | Row 7
✅ Saved → RBQ | kung fu | Row 8
✅ Saved → RBQ | kung fu | Row 9
✅ Saved → RBQ | kung fu | Row 10
✅ Saved → RBQ | kung fu | Row 11
✅ Saved → RBQ | kung fu | Row 12
✅ Saved → RBQ | kung fu | Row 13
✅ Saved → RBQ | kung fu | Row 14
✅ Saved → RBQ | kung fu | Row 15
✅ Saved → RBQ | kung fu | Row 16
✅ Saved → RBQ | kung fu | Row 17
✅ Saved → RBQ | kung fu | Row 18
✅ Saved → RBQ | kung fu | Row 19
✅ Saved → RBQ | kung fu | Row 20
✅ Saved → RBQ | kung fu | Row 21
✅ Saved → RBQ | kung fu | Row 22
✅ Saved → RBQ | kung fu | Row 23
✅ Saved → RBQ | kung fu | Row 24
✅ Saved → RBQ | kung fu | Row 25
✅ Saved → RBQ | kung fu | Row 26
✅ Saved → RBQ | kung fu | Row 27
✅ Saved → RBQ | kung fu | Row 28
✅ Saved → RBQ | kung fu | Row 29
✅ Saved → RBQ | kung fu | Row 30
✅ Saved → RBQ | kung fu | Row 31
✅ Saved → RBQ | kung fu | Row 32
✅ Saved → RBQ | kung fu | Row 33
✅ Saved → RBQ | kung fu | Row 34
✅ Saved → RBQ | kung fu | Row 35
✅ Saved → RBQ | kung fu | Row 36
✅ Saved → RBQ | kung fu | Row 37
✅ Saved → RBQ | kung fu | Row 38
✅ Saved → RBQ | kung fu | Row 39
✅ Saved → RBQ | kung fu | Row 40
✅ Saved → RBQ | kung fu | Row 41
✅ Saved → RBQ | kung fu | Row 42
✅ Saved → RBQ | kung fu | Row 43
✅ Saved → RBQ | kung fu | Row 44
✅ Saved → RBQ | kung fu | Row 45
✅ Saved → RBQ | kung fu | Row 46
✅ Saved → RBQ | kung fu | Row 47
✅ Saved → RBQ | kung fu | Row 48
✅ Saved → RBQ | kung fu | Row 49
✅ Saved → RBQ | kung fu | Row 50
✅ Saved → RBQ | kung fu | Row 51
✅ Saved → RBQ | kung fu | Row 52
✅ Saved → RBQ | kung fu | Row 53
✅ Saved → RBQ | kung fu | Row 54
✅ Saved → RBQ | kung fu | Row 55
✅ Saved → RBQ | kung fu | Row 56
✅ Saved → RBQ | kung fu | Row 57
✅ Saved → RBQ | kung fu | Row 58
✅ Saved → RBQ | kung fu | Row 59
✅ Saved → RBQ | kung fu | Row 60
✅ Saved → RBQ | kung fu | Row 61
✅ Saved → RBQ | kung fu | Row 62
✅ Saved → RBQ | kung fu | Row 63
✅ Saved → RBQ | kung fu | Row 64
✅ Saved → RBQ | kung fu | Row 65
✅ Saved → RBQ | kung fu | Row 66
✅ Saved → RBQ | kung fu | Row 67
✅ Saved → RBQ | kung fu | Row 68
✅ Saved → RBQ | kung fu | Row 69
✅ Saved → RBQ | kung fu | Row 70
✅ Saved → RBQ | kung fu | Row 71
✅ Saved → RBQ | kung fu | Row 72
✅ Saved → RBQ | kung fu | Row 73
✅ Saved → RBQ | kung fu | Row 74
✅ Saved → RBQ | kung fu | Row 75
✅ Saved → RBQ | kung fu | Row 76
✅ Saved → RBQ | kung fu | Row 77
✅ Saved → RBQ | kung fu | Row 78
✅ Saved → RBQ | kung fu | Row 79
✅ Saved → RBQ | kung fu | Row 80
✅ Saved → RBQ | kung fu | Row 81
✅ Saved → RBQ | kung fu | Row 82
✅ Saved → RBQ | kung fu | Row 83
✅ Saved → RBQ | kung fu | Row 84
✅ Saved → RBQ | kung fu | Row 85
✅ Saved → RBQ | kung fu | Row 86
✅ Saved → RBQ | kung fu | Row 87
✅ Saved → RBQ | kung fu | Row 88
✅ Saved → RBQ | kung fu | Row 89
✅ Saved → RBQ | kung fu | Row 90
✅ Saved → RBQ | kung fu | Row 91
✅ Saved → RBQ | kung fu | Row 92
✅ Saved → RBQ | kung fu | Row 93
✅ Saved → RBQ | kung fu | Row 94
✅ Saved → RBQ | kung fu | Row 95
✅ Saved → RBQ | kung fu | Row 96
✅ Saved → RBQ | kung fu | Row 97
✅ Saved → RBQ | kung fu | Row 98
✅ Saved → RBQ | kung fu | Row 99
✅ Saved → RBQ | kung fu | Row 100
✅ Saved → RBQ | kung fu | Row 101
✅ Saved → RBQ | kung fu | Row 102
✅ Saved → RBQ | kung fu | Row 103
✅ Saved → RBQ | kung fu | Row 104
✅ Saved → RBQ | kung fu | Row 105
✅ Saved → RBQ | kung fu | Row 106
✅ Saved → RBQ | kung fu | Row 107
✅ Saved → RBQ | kung fu | Row 108
✅ Saved → RBQ | kung fu | Row 109
✅ Saved → RBQ | kung fu | Row 110
✅ Saved → RBQ | kung fu | Row 111
✅ Saved → RBQ | kung fu | Row 112
✅ Saved → RBQ | kung fu | Row 113
✅ Saved → RBQ | kung fu | Row 114
✅ Saved → RBQ | kung fu | Row 115
✅ Saved → RBQ | kung fu | Row 116
✅ Saved → RBQ | kung fu | Row 117
✅ Saved → RBQ | kung fu | Row 118
✅ Saved → RBQ | kung fu | Row 119
✅ Saved → RBQ | kung fu | Row 120
✅ Saved → RBQ | kung fu | Row 121
✅ Saved → RBQ | kung fu | Row 122
✅ Saved → RBQ | kung fu | Row 123
✅ Saved → RBQ | kung fu | Row 124
✅ Saved → RBQ | kung fu | Row 125
✅ Saved → RBQ | kung fu | Row 126
✅ Saved → RBQ | kung fu | Row 127
✅ Saved → RBQ | kung fu | Row 128
✅ Saved → RBQ | kung fu | Row 129
✅ Saved → RBQ | kung fu | Row 130
✅ Saved → RBQ | kung fu | Row 131
✅ Saved → RBQ | kung fu | Row 132
✅ Saved → RBQ | kung fu | Row 133
✅ Saved → RBQ | kung fu | Row 134
✅ Saved → RBQ | kung fu | Row 135
✅ Saved → RBQ | kung fu | Row 136
✅ Saved → RBQ | kung fu | Row 137
✅ Saved → RBQ | kung fu | Row 138
✅ Saved → RBQ | kung fu | Row 139
✅ Saved → RBQ | tai chi | Row 0
✅ Saved → RBQ | tai chi | Row 1
✅ Saved → RBQ | tai chi | Row 2
✅ Saved → RBQ | tai chi | Row 3
✅ Saved → RBQ | tai chi | Row 4
✅ Saved → RBQ | tai chi | Row 5
✅ Saved → RBQ | tai chi | Row 6
✅ Saved → RBQ | tai chi | Row 7
✅ Saved → RBQ | tai chi | Row 8
✅ Saved → RBQ | tai chi | Row 9
✅ Saved → RBQ | tai chi | Row 10
✅ Saved → RBQ | tai chi | Row 11
✅ Saved → RBQ | tai chi | Row 12
✅ Saved → RBQ | tai chi | Row 13
✅ Saved → RBQ | tai chi | Row 14
✅ Saved → RBQ | tai chi | Row 15
✅ Saved → RBQ | tai chi | Row 16
✅ Saved → RBQ | tai chi | Row 17
✅ Saved → RBQ | tai chi | Row 18
✅ Saved → RBQ | tai chi | Row 19
✅ Saved → RBQ | tai chi | Row 20
✅ Saved → RBQ | tai chi | Row 21
✅ Saved → RBQ | tai chi | Row 22
✅ Saved → RBQ | tai chi | Row 23
✅ Saved → RBQ | tai chi | Row 24
✅ Saved → RBQ | tai chi | Row 25
✅ Saved → RBQ | tai chi | Row 26
✅ Saved → RBQ | tai chi | Row 27
✅ Saved → RBQ | tai chi | Row 28
✅ Saved → RBQ | tai chi | Row 29
✅ Saved → RBQ | tai chi | Row 30
✅ Saved → RBQ | tai chi | Row 31
✅ Saved → RBQ | tai chi | Row 32
✅ Saved → RBQ | tai chi | Row 33
✅ Saved → RBQ | tai chi | Row 34
✅ Saved → RBQ | tai chi | Row 35
✅ Saved → RBQ | tai chi | Row 36
✅ Saved → RBQ | tai chi | Row 37
✅ Saved → RBQ | tai chi | Row 38
✅ Saved → RBQ | tai chi | Row 39
✅ Saved → RBQ | tai chi | Row 40
✅ Saved → RBQ | tai chi | Row 41
✅ Saved → RBQ | tai chi | Row 42
✅ Saved → RBQ | tai chi | Row 43
✅ Saved → RBQ | tai chi | Row 44
✅ Saved → RBQ | tai chi | Row 45
✅ Saved → RBQ | tai chi | Row 46
✅ Saved → RBQ | tai chi | Row 47
✅ Saved → RBQ | tai chi | Row 48
✅ Saved → RBQ | tai chi | Row 49
✅ Saved → RBQ | tai chi | Row 50
✅ Saved → RBQ | tai chi | Row 51
✅ Saved → RBQ | tai chi | Row 52
✅ Saved → RBQ | tai chi | Row 53
✅ Saved → RBQ | tai chi | Row 54
✅ Saved → RBQ | tai chi | Row 55
✅ Saved → RBQ | tai chi | Row 56
✅ Saved → RBQ | tai chi | Row 57
✅ Saved → RBQ | tai chi | Row 58
✅ Saved → RBQ | tai chi | Row 59
✅ Saved → RBQ | tai chi | Row 60
✅ Saved → RBQ | tai chi | Row 61
✅ Saved → RBQ | tai chi | Row 62
✅ Saved → RBQ | tai chi | Row 63
✅ Saved → RBQ | tai chi | Row 64
✅ Saved → RBQ | tai chi | Row 65
✅ Saved → RBQ | tai chi | Row 66
✅ Saved → RBQ | tai chi | Row 67
✅ Saved → RBQ | tai chi | Row 68
✅ Saved → RBQ | tai chi | Row 69
✅ Saved → RBQ | tai chi | Row 70
✅ Saved → RBQ | tai chi | Row 71
✅ Saved → RBQ | tai chi | Row 72
✅ Saved → RBQ | tai chi | Row 73
✅ Saved → RBQ | tai chi | Row 74
✅ Saved → RBQ | tai chi | Row 75
✅ Saved → RBQ | tai chi | Row 76
✅ Saved → RBQ | tai chi | Row 77
✅ Saved → RBQ | tai chi | Row 78
✅ Saved → RBQ | tai chi | Row 80
✅ Saved → RBQ | tai chi | Row 81
✅ Saved → RBQ | tai chi | Row 82
✅ Saved → RBQ | tai chi | Row 83
✅ Saved → RBQ | tai chi | Row 84
✅ Saved → RBQ | tai chi | Row 85
✅ Saved → RBQ | tai chi | Row 86
✅ Saved → RBQ | tai chi | Row 87
✅ Saved → RBQ | tai chi | Row 88
✅ Saved → RBQ | tai chi | Row 89
✅ Saved → RBQ | tai chi | Row 90
✅ Saved → RBQ | tai chi | Row 91
✅ Saved → RBQ | tai chi | Row 92
✅ Saved → RBQ | tai chi | Row 94
✅ Saved → RBQ | tai chi | Row 95
✅ Saved → RBQ | tai chi | Row 96
✅ Saved → RBQ | tai chi | Row 97
✅ Saved → RBQ | tai chi | Row 98
✅ Saved → RBQ | tai chi | Row 99
✅ Saved → RBQ | tai chi | Row 100
✅ Saved → RBQ | tai chi | Row 101
✅ Saved → RBQ | tai chi | Row 102
✅ Saved → RBQ | tai chi | Row 103
✅ Saved → RBQ | tai chi | Row 104
✅ Saved → RBQ | tai chi | Row 105
✅ Saved → RBQ | tai chi | Row 106
✅ Saved → RBQ | tai chi | Row 107
✅ Saved → RBQ | tai chi | Row 108
✅ Saved → RBQ | tai chi | Row 109
✅ Saved → RBQ | tai chi | Row 110
✅ Saved → RBQ | tai chi | Row 111
✅ Saved → RBQ | tai chi | Row 112
✅ Saved → RBQ | tai chi | Row 113
✅ Saved → RBQ | tai chi | Row 114
✅ Saved → RBQ | tai chi | Row 115
✅ Saved → RBQ | tai chi | Row 116
✅ Saved → RBQ | tai chi | Row 117
✅ Saved → RBQ | tai chi | Row 118
✅ Saved → RBQ | tai chi | Row 119
✅ Saved → RBQ | tai chi | Row 120
✅ Saved → RBQ | tai chi | Row 121
✅ Saved → RBQ | tai chi | Row 122
✅ Saved → RBQ | tai chi | Row 123
✅ Saved → RBQ | tai chi | Row 124
✅ Saved → RBQ | tai chi | Row 125
✅ Saved → RBQ | tai chi | Row 126
✅ Saved → RBQ | tai chi | Row 127
✅ Saved → RBQ | tai chi | Row 128
✅ Saved → RBQ | tai chi | Row 129
✅ Saved → RBQ | tai chi | Row 130
✅ Saved → RBQ | tai chi | Row 131
✅ Saved → RBQ | tai chi | Row 132
✅ Saved → RBQ | tai chi | Row 133
✅ Saved → RBQ | tai chi | Row 134
✅ Saved → RBQ | tai chi | Row 135
✅ Saved → RBQ | tai chi | Row 136
✅ Saved → RBQ | tai chi | Row 137
✅ Saved → RBQ | tai chi | Row 138
✅ Saved → RBQ | tai chi | Row 139
✅ Saved → RBQ | tai chi | Row 140
✅ Saved → RBQ | tai chi | Row 141
✅ Saved → RBQ | tai chi | Row 142
✅ Saved → RBQ | tai chi | Row 143
✅ Saved → RBQ | tai chi | Row 144
✅ Saved → RBQ | tai chi | Row 145
✅ Saved → RBQ | tai chi | Row 146
✅ Saved → RBQ | tai chi | Row 147
✅ Saved → RBQ | tai chi | Row 148
✅ Saved → RBQ | tai chi | Row 149

✅ COMPLETE!
📄 Live-updating CSV: /DATA/rohan_kirti/country/china/RBQ/Results_RBQ.csv
Ended at: 10:18:13
Total Duration: 0:36:38.931549
✅ Successfully created '/DATA/rohan_kirti/country/china/RBQ/Results_RBQ.xlsx'
