Started at: 00:21:34
['C:\\Users\\nilad\\Documents\\country-dataset\\sudan\\IBQ\\IBQ_Sudan.xlsx']

-> Processing: C:\Users\nilad\Documents\country-dataset\sudan\IBQ\IBQ_Sudan.xlsx
[SAVED] -> IBQ | Horse_Racing | Row 0
[SAVED] -> IBQ | Horse_Racing | Row 1
[SAVED] -> IBQ | Horse_Racing | Row 2
[SAVED] -> IBQ | Horse_Racing | Row 3
[SAVED] -> IBQ | Horse_Racing | Row 4
[SAVED] -> IBQ | Horse_Racing | Row 5
[SAVED] -> IBQ | Horse_Racing | Row 6
[SAVED] -> IBQ | Horse_Racing | Row 7
[SAVED] -> IBQ | Horse_Racing | Row 8
[SAVED] -> IBQ | Horse_Racing | Row 9
[SAVED] -> IBQ | Horse_Racing | Row 10
[SAVED] -> IBQ | Horse_Racing | Row 11
[SAVED] -> IBQ | Horse_Racing | Row 12
[SAVED] -> IBQ | Horse_Racing | Row 13
[SAVED] -> IBQ | Horse_Racing | Row 14
[SAVED] -> IBQ | Horse_Racing | Row 15
[SAVED] -> IBQ | Horse_Racing | Row 16
[SAVED] -> IBQ | Horse_Racing | Row 17
[SAVED] -> IBQ | Horse_Racing | Row 18
[SAVED] -> IBQ | Horse_Racing | Row 19
[SAVED] -> IBQ | Horse_Racing | Row 20
[SAVED] -> IBQ | Horse_Racing | Row 21
[SAVED] -> IBQ | Horse_Racing | Row 22
[SAVED] -> IBQ | Horse_Racing | Row 23
[SAVED] -> IBQ | Horse_Racing | Row 24
[SAVED] -> IBQ | Horse_Racing | Row 25
[SAVED] -> IBQ | Horse_Racing | Row 26
[SAVED] -> IBQ | Horse_Racing | Row 27
[SAVED] -> IBQ | Horse_Racing | Row 28
[SAVED] -> IBQ | Horse_Racing | Row 29
[SAVED] -> IBQ | Horse_Racing | Row 30
[SAVED] -> IBQ | Horse_Racing | Row 31
[SAVED] -> IBQ | Horse_Racing | Row 32
[SAVED] -> IBQ | Horse_Racing | Row 33
[SAVED] -> IBQ | Horse_Racing | Row 34
[SAVED] -> IBQ | Horse_Racing | Row 35
[SAVED] -> IBQ | Horse_Racing | Row 36
[SAVED] -> IBQ | Horse_Racing | Row 37
[SAVED] -> IBQ | Horse_Racing | Row 38
[SAVED] -> IBQ | Horse_Racing | Row 39
[SAVED] -> IBQ | Horse_Racing | Row 40
[SAVED] -> IBQ | Horse_Racing | Row 41
[SAVED] -> IBQ | Horse_Racing | Row 42
[SAVED] -> IBQ | Horse_Racing | Row 43
[SAVED] -> IBQ | Horse_Racing | Row 44
[SAVED] -> IBQ | Horse_Racing | Row 45
[SAVED] -> IBQ | Horse_Racing | Row 46
[SAVED] -> IBQ | Horse_Racing | Row 47
[SAVED] -> IBQ | Horse_Racing | Row 48
[SAVED] -> IBQ | Horse_Racing | Row 49
[SAVED] -> IBQ | Horse_Racing | Row 50
[SAVED] -> IBQ | Horse_Racing | Row 51
[SAVED] -> IBQ | Horse_Racing | Row 52
[SAVED] -> IBQ | Horse_Racing | Row 53
[SAVED] -> IBQ | Horse_Racing | Row 54
[SAVED] -> IBQ | Horse_Racing | Row 55
[SAVED] -> IBQ | Horse_Racing | Row 56
[SAVED] -> IBQ | Horse_Racing | Row 57
[SAVED] -> IBQ | Horse_Racing | Row 58
[SAVED] -> IBQ | Horse_Racing | Row 59
[SAVED] -> IBQ | Horse_Racing | Row 60
[SAVED] -> IBQ | Horse_Racing | Row 61
[SAVED] -> IBQ | Horse_Racing | Row 62
[SAVED] -> IBQ | Horse_Racing | Row 63
[SAVED] -> IBQ | Horse_Racing | Row 64
[SAVED] -> IBQ | Horse_Racing | Row 65
[SAVED] -> IBQ | Horse_Racing | Row 66
[SAVED] -> IBQ | Horse_Racing | Row 67
[SAVED] -> IBQ | Horse_Racing | Row 68
[SAVED] -> IBQ | Horse_Racing | Row 69
[SAVED] -> IBQ | Horse_Racing | Row 70
[SAVED] -> IBQ | Horse_Racing | Row 71
[SAVED] -> IBQ | Horse_Racing | Row 72
[SAVED] -> IBQ | Horse_Racing | Row 73
[SAVED] -> IBQ | Horse_Racing | Row 74
[SAVED] -> IBQ | Horse_Racing | Row 75
[SAVED] -> IBQ | Horse_Racing | Row 76
[SAVED] -> IBQ | Horse_Racing | Row 77
[SAVED] -> IBQ | Horse_Racing | Row 78
[SAVED] -> IBQ | Horse_Racing | Row 79
[SAVED] -> IBQ | Horse_Racing | Row 80
[SAVED] -> IBQ | Horse_Racing | Row 81
[SAVED] -> IBQ | Horse_Racing | Row 82
[SAVED] -> IBQ | Horse_Racing | Row 83
[SAVED] -> IBQ | Horse_Racing | Row 84
[SAVED] -> IBQ | Horse_Racing | Row 85
[SAVED] -> IBQ | Horse_Racing | Row 86
[SAVED] -> IBQ | Horse_Racing | Row 87
[SAVED] -> IBQ | Horse_Racing | Row 88
[SAVED] -> IBQ | Horse_Racing | Row 89
[SAVED] -> IBQ | Horse_Racing | Row 90
[SAVED] -> IBQ | Horse_Racing | Row 91
[SAVED] -> IBQ | Horse_Racing | Row 92
[SAVED] -> IBQ | Horse_Racing | Row 93
[SAVED] -> IBQ | Horse_Racing | Row 94
[SAVED] -> IBQ | Horse_Racing | Row 95
[SAVED] -> IBQ | Horse_Racing | Row 96
[SAVED] -> IBQ | Horse_Racing | Row 97
[SAVED] -> IBQ | Horse_Racing | Row 98
[SAVED] -> IBQ | Horse_Racing | Row 99
[SAVED] -> IBQ | Horse_Racing | Row 100
[SAVED] -> IBQ | Horse_Racing | Row 101
[SAVED] -> IBQ | Horse_Racing | Row 102
[SAVED] -> IBQ | Horse_Racing | Row 103
[SAVED] -> IBQ | Horse_Racing | Row 104
[SAVED] -> IBQ | Horse_Racing | Row 105
[SAVED] -> IBQ | Horse_Racing | Row 106
[SAVED] -> IBQ | Horse_Racing | Row 107
[SAVED] -> IBQ | Horse_Racing | Row 108
[SAVED] -> IBQ | Horse_Racing | Row 109
[SAVED] -> IBQ | Horse_Racing | Row 110
[SAVED] -> IBQ | Horse_Racing | Row 111
[SAVED] -> IBQ | Horse_Racing | Row 112
[SAVED] -> IBQ | Horse_Racing | Row 113
[SAVED] -> IBQ | Horse_Racing | Row 114
[SAVED] -> IBQ | Horse_Racing | Row 115
[SAVED] -> IBQ | Horse_Racing | Row 116
[SAVED] -> IBQ | Horse_Racing | Row 117
[SAVED] -> IBQ | Horse_Racing | Row 118
[SAVED] -> IBQ | Horse_Racing | Row 119
[SAVED] -> IBQ | Horse_Racing | Row 120
[SAVED] -> IBQ | Horse_Racing | Row 121
[SAVED] -> IBQ | Horse_Racing | Row 122
[SAVED] -> IBQ | Horse_Racing | Row 123
[SAVED] -> IBQ | Horse_Racing | Row 124
[SAVED] -> IBQ | Horse_Racing | Row 125
[SAVED] -> IBQ | Horse_Racing | Row 126
[SAVED] -> IBQ | Horse_Racing | Row 127
[SAVED] -> IBQ | Horse_Racing | Row 128
[SAVED] -> IBQ | Horse_Racing | Row 129
[SAVED] -> IBQ | Horse_Racing | Row 130
[SAVED] -> IBQ | Horse_Racing | Row 131
[SAVED] -> IBQ | Horse_Racing | Row 132
[SAVED] -> IBQ | Horse_Racing | Row 133
[SAVED] -> IBQ | Horse_Racing | Row 134
[SAVED] -> IBQ | Horse_Racing | Row 135
[SAVED] -> IBQ | Horse_Racing | Row 136
[SAVED] -> IBQ | Horse_Racing | Row 137
[SAVED] -> IBQ | Horse_Racing | Row 138
[SAVED] -> IBQ | Horse_Racing | Row 139
[SAVED] -> IBQ | Horse_Racing | Row 141
[SAVED] -> IBQ | Horse_Racing | Row 142
[SAVED] -> IBQ | Horse_Racing | Row 143
[SAVED] -> IBQ | Horse_Racing | Row 144
[SAVED] -> IBQ | Horse_Racing | Row 145
[SAVED] -> IBQ | Horse_Racing | Row 146
[SAVED] -> IBQ | Horse_Racing | Row 147
[SAVED] -> IBQ | Horse_Racing | Row 148
[SAVED] -> IBQ | Horse_Racing | Row 149
[SAVED] -> IBQ | Horse_Racing | Row 150
[SAVED] -> IBQ | Horse_Racing | Row 151
[SAVED] -> IBQ | Horse_Racing | Row 152
[SAVED] -> IBQ | Horse_Racing | Row 153
[SAVED] -> IBQ | Horse_Racing | Row 154
[SAVED] -> IBQ | Horse_Racing | Row 155
[SAVED] -> IBQ | Horse_Racing | Row 156
[SAVED] -> IBQ | Horse_Racing | Row 157
[SAVED] -> IBQ | Horse_Racing | Row 158
[SAVED] -> IBQ | Horse_Racing | Row 160
[SAVED] -> IBQ | Horse_Racing | Row 161
[SAVED] -> IBQ | Horse_Racing | Row 162
[SAVED] -> IBQ | Horse_Racing | Row 163
[SAVED] -> IBQ | Horse_Racing | Row 164
[SAVED] -> IBQ | Horse_Racing | Row 165
[SAVED] -> IBQ | Horse_Racing | Row 166
[SAVED] -> IBQ | Horse_Racing | Row 167
[SAVED] -> IBQ | Horse_Racing | Row 168
[SAVED] -> IBQ | Horse_Racing | Row 169
[SAVED] -> IBQ | Horse_Racing | Row 170
[SAVED] -> IBQ | Horse_Racing | Row 171
[SAVED] -> IBQ | Horse_Racing | Row 172
[SAVED] -> IBQ | Horse_Racing | Row 173
[SAVED] -> IBQ | Horse_Racing | Row 174
[SAVED] -> IBQ | Horse_Racing | Row 175
[SAVED] -> IBQ | Horse_Racing | Row 176
[SAVED] -> IBQ | Horse_Racing | Row 177
[SAVED] -> IBQ | Horse_Racing | Row 178
[SAVED] -> IBQ | Horse_Racing | Row 179
[SAVED] -> IBQ | Horse_Racing | Row 180
[SAVED] -> IBQ | Horse_Racing | Row 181
[SAVED] -> IBQ | Horse_Racing | Row 182
[SAVED] -> IBQ | Horse_Racing | Row 183
[SAVED] -> IBQ | Horse_Racing | Row 184
[SAVED] -> IBQ | Horse_Racing | Row 185
[SAVED] -> IBQ | Horse_Racing | Row 186
[SAVED] -> IBQ | Horse_Racing | Row 187
[SAVED] -> IBQ | Horse_Racing | Row 188
[SAVED] -> IBQ | Horse_Racing | Row 189
[SAVED] -> IBQ | Horse_Racing | Row 190
[SAVED] -> IBQ | Horse_Racing | Row 191
[SAVED] -> IBQ | Horse_Racing | Row 192
[SAVED] -> IBQ | Horse_Racing | Row 194
[SAVED] -> IBQ | Horse_Racing | Row 195
[SAVED] -> IBQ | Horse_Racing | Row 196
[SAVED] -> IBQ | Horse_Racing | Row 197
[SAVED] -> IBQ | Horse_Racing | Row 198
[SAVED] -> IBQ | Horse_Racing | Row 199
[SAVED] -> IBQ | Horse_Racing | Row 200
[SAVED] -> IBQ | Horse_Racing | Row 201
[SAVED] -> IBQ | Horse_Racing | Row 202
[SAVED] -> IBQ | Horse_Racing | Row 203
[SAVED] -> IBQ | Horse_Racing | Row 204
[SAVED] -> IBQ | Horse_Racing | Row 205
[SAVED] -> IBQ | Horse_Racing | Row 206
[SAVED] -> IBQ | Horse_Racing | Row 207
[SAVED] -> IBQ | Horse_Racing | Row 208
[SAVED] -> IBQ | Horse_Racing | Row 209
[SAVED] -> IBQ | Horse_Racing | Row 210
[SAVED] -> IBQ | Horse_Racing | Row 211
[SAVED] -> IBQ | Horse_Racing | Row 212
[SAVED] -> IBQ | Horse_Racing | Row 213
[SAVED] -> IBQ | Horse_Racing | Row 214
[SAVED] -> IBQ | Horse_Racing | Row 215
[SAVED] -> IBQ | Horse_Racing | Row 216
[SAVED] -> IBQ | Horse_Racing | Row 217
[SAVED] -> IBQ | Horse_Racing | Row 218
[SAVED] -> IBQ | Horse_Racing | Row 219
[SAVED] -> IBQ | Nuba_Wrestling | Row 0
[SAVED] -> IBQ | Nuba_Wrestling | Row 1
[SAVED] -> IBQ | Nuba_Wrestling | Row 2
[SAVED] -> IBQ | Nuba_Wrestling | Row 3
[SAVED] -> IBQ | Nuba_Wrestling | Row 4
[SAVED] -> IBQ | Nuba_Wrestling | Row 5
[SAVED] -> IBQ | Nuba_Wrestling | Row 6
[SAVED] -> IBQ | Nuba_Wrestling | Row 7
[SAVED] -> IBQ | Nuba_Wrestling | Row 8
[SAVED] -> IBQ | Nuba_Wrestling | Row 9
[SAVED] -> IBQ | Nuba_Wrestling | Row 10
[SAVED] -> IBQ | Nuba_Wrestling | Row 11
[SAVED] -> IBQ | Nuba_Wrestling | Row 12
[SAVED] -> IBQ | Nuba_Wrestling | Row 13
[SAVED] -> IBQ | Nuba_Wrestling | Row 14
[SAVED] -> IBQ | Nuba_Wrestling | Row 15
[SAVED] -> IBQ | Nuba_Wrestling | Row 16
[SAVED] -> IBQ | Nuba_Wrestling | Row 17
[SAVED] -> IBQ | Nuba_Wrestling | Row 18
[SAVED] -> IBQ | Nuba_Wrestling | Row 19
[SAVED] -> IBQ | Nuba_Wrestling | Row 20
[SAVED] -> IBQ | Nuba_Wrestling | Row 21
[SAVED] -> IBQ | Nuba_Wrestling | Row 22
[SAVED] -> IBQ | Nuba_Wrestling | Row 23
[SAVED] -> IBQ | Nuba_Wrestling | Row 24
[SAVED] -> IBQ | Nuba_Wrestling | Row 25
[SAVED] -> IBQ | Nuba_Wrestling | Row 26
[SAVED] -> IBQ | Nuba_Wrestling | Row 27
[SAVED] -> IBQ | Nuba_Wrestling | Row 28
[SAVED] -> IBQ | Nuba_Wrestling | Row 29
[SAVED] -> IBQ | Nuba_Wrestling | Row 30
[SAVED] -> IBQ | Nuba_Wrestling | Row 31
[SAVED] -> IBQ | Nuba_Wrestling | Row 32
[SAVED] -> IBQ | Nuba_Wrestling | Row 33
[SAVED] -> IBQ | Nuba_Wrestling | Row 34
[SAVED] -> IBQ | Nuba_Wrestling | Row 35
[SAVED] -> IBQ | Nuba_Wrestling | Row 36
[SAVED] -> IBQ | Nuba_Wrestling | Row 37
[SAVED] -> IBQ | Nuba_Wrestling | Row 38
[SAVED] -> IBQ | Nuba_Wrestling | Row 39
[SAVED] -> IBQ | Nuba_Wrestling | Row 40
[SAVED] -> IBQ | Nuba_Wrestling | Row 41
[SAVED] -> IBQ | Nuba_Wrestling | Row 42
[SAVED] -> IBQ | Nuba_Wrestling | Row 43
[SAVED] -> IBQ | Nuba_Wrestling | Row 44
[SAVED] -> IBQ | Nuba_Wrestling | Row 45
[SAVED] -> IBQ | Nuba_Wrestling | Row 46
[SAVED] -> IBQ | Nuba_Wrestling | Row 47
[SAVED] -> IBQ | Nuba_Wrestling | Row 48
[SAVED] -> IBQ | Nuba_Wrestling | Row 49
[SAVED] -> IBQ | Nuba_Wrestling | Row 50
[SAVED] -> IBQ | Nuba_Wrestling | Row 51
[SAVED] -> IBQ | Nuba_Wrestling | Row 52
[SAVED] -> IBQ | Nuba_Wrestling | Row 53
[SAVED] -> IBQ | Nuba_Wrestling | Row 54
[SAVED] -> IBQ | Nuba_Wrestling | Row 55
[SAVED] -> IBQ | Nuba_Wrestling | Row 56
[SAVED] -> IBQ | Nuba_Wrestling | Row 57
[SAVED] -> IBQ | Nuba_Wrestling | Row 58
[SAVED] -> IBQ | Nuba_Wrestling | Row 59
[SAVED] -> IBQ | Nuba_Wrestling | Row 60
[SAVED] -> IBQ | Nuba_Wrestling | Row 61
[SAVED] -> IBQ | Nuba_Wrestling | Row 62
[SAVED] -> IBQ | Nuba_Wrestling | Row 63
[SAVED] -> IBQ | Nuba_Wrestling | Row 64
[SAVED] -> IBQ | Nuba_Wrestling | Row 65
[SAVED] -> IBQ | Nuba_Wrestling | Row 66
[SAVED] -> IBQ | Nuba_Wrestling | Row 67
[SAVED] -> IBQ | Nuba_Wrestling | Row 68
[SAVED] -> IBQ | Nuba_Wrestling | Row 69
[SAVED] -> IBQ | Nuba_Wrestling | Row 70
[SAVED] -> IBQ | Nuba_Wrestling | Row 71
[SAVED] -> IBQ | Nuba_Wrestling | Row 72
[SAVED] -> IBQ | Nuba_Wrestling | Row 73
[SAVED] -> IBQ | Nuba_Wrestling | Row 74
[SAVED] -> IBQ | Nuba_Wrestling | Row 75
[SAVED] -> IBQ | Nuba_Wrestling | Row 76
[SAVED] -> IBQ | Nuba_Wrestling | Row 77
[SAVED] -> IBQ | Nuba_Wrestling | Row 78
[SAVED] -> IBQ | Nuba_Wrestling | Row 80
[SAVED] -> IBQ | Nuba_Wrestling | Row 81
[SAVED] -> IBQ | Nuba_Wrestling | Row 82
[SAVED] -> IBQ | Nuba_Wrestling | Row 83
[SAVED] -> IBQ | Nuba_Wrestling | Row 84
[SAVED] -> IBQ | Nuba_Wrestling | Row 85
[SAVED] -> IBQ | Nuba_Wrestling | Row 86
[SAVED] -> IBQ | Nuba_Wrestling | Row 87
[SAVED] -> IBQ | Nuba_Wrestling | Row 88
[SAVED] -> IBQ | Nuba_Wrestling | Row 89
[SAVED] -> IBQ | Nuba_Wrestling | Row 90
[SAVED] -> IBQ | Nuba_Wrestling | Row 91
[SAVED] -> IBQ | Nuba_Wrestling | Row 92
[SAVED] -> IBQ | Nuba_Wrestling | Row 93
[SAVED] -> IBQ | Nuba_Wrestling | Row 94
[SAVED] -> IBQ | Nuba_Wrestling | Row 95
[SAVED] -> IBQ | Nuba_Wrestling | Row 96
[SAVED] -> IBQ | Nuba_Wrestling | Row 97
[SAVED] -> IBQ | Nuba_Wrestling | Row 98
[SAVED] -> IBQ | Nuba_Wrestling | Row 99
[SAVED] -> IBQ | Nuba_Wrestling | Row 100
[SAVED] -> IBQ | Nuba_Wrestling | Row 101
[SAVED] -> IBQ | Nuba_Wrestling | Row 102
[SAVED] -> IBQ | Nuba_Wrestling | Row 103
[SAVED] -> IBQ | Nuba_Wrestling | Row 104
[SAVED] -> IBQ | Nuba_Wrestling | Row 105
[SAVED] -> IBQ | Nuba_Wrestling | Row 106
[SAVED] -> IBQ | Nuba_Wrestling | Row 107
[SAVED] -> IBQ | Nuba_Wrestling | Row 108
[SAVED] -> IBQ | Nuba_Wrestling | Row 109
[SAVED] -> IBQ | Nuba_Wrestling | Row 110
[SAVED] -> IBQ | Nuba_Wrestling | Row 111
[SAVED] -> IBQ | Nuba_Wrestling | Row 112
[SAVED] -> IBQ | Nuba_Wrestling | Row 113
[SAVED] -> IBQ | Nuba_Wrestling | Row 114
[SAVED] -> IBQ | Nuba_Wrestling | Row 115
[SAVED] -> IBQ | Nuba_Wrestling | Row 116
[SAVED] -> IBQ | Nuba_Wrestling | Row 117
[SAVED] -> IBQ | Nuba_Wrestling | Row 118
[SAVED] -> IBQ | Nuba_Wrestling | Row 119
[SAVED] -> IBQ | Nuba_Wrestling | Row 120
[SAVED] -> IBQ | Nuba_Wrestling | Row 121
[SAVED] -> IBQ | Nuba_Wrestling | Row 122
[SAVED] -> IBQ | Nuba_Wrestling | Row 123
[SAVED] -> IBQ | Nuba_Wrestling | Row 124
[SAVED] -> IBQ | Nuba_Wrestling | Row 125
[SAVED] -> IBQ | Nuba_Wrestling | Row 126
[SAVED] -> IBQ | Nuba_Wrestling | Row 127
[SAVED] -> IBQ | Nuba_Wrestling | Row 128
[SAVED] -> IBQ | Nuba_Wrestling | Row 130
[SAVED] -> IBQ | Nuba_Wrestling | Row 131
[SAVED] -> IBQ | Nuba_Wrestling | Row 132
[SAVED] -> IBQ | Nuba_Wrestling | Row 133
[SAVED] -> IBQ | Nuba_Wrestling | Row 134
[SAVED] -> IBQ | Nuba_Wrestling | Row 135
[SAVED] -> IBQ | Nuba_Wrestling | Row 136
[SAVED] -> IBQ | Nuba_Wrestling | Row 137
[SAVED] -> IBQ | Nuba_Wrestling | Row 138
[SAVED] -> IBQ | Nuba_Wrestling | Row 139
[SAVED] -> IBQ | Nuba_Wrestling | Row 140
[SAVED] -> IBQ | Nuba_Wrestling | Row 141
[SAVED] -> IBQ | Nuba_Wrestling | Row 142
[SAVED] -> IBQ | Nuba_Wrestling | Row 143
[SAVED] -> IBQ | Nuba_Wrestling | Row 144
[SAVED] -> IBQ | Nuba_Wrestling | Row 145
[SAVED] -> IBQ | Nuba_Wrestling | Row 146
[SAVED] -> IBQ | Nuba_Wrestling | Row 147
[SAVED] -> IBQ | Nuba_Wrestling | Row 148
[SAVED] -> IBQ | Nuba_Wrestling | Row 149
[SAVED] -> IBQ | Nuba_Wrestling | Row 150
[SAVED] -> IBQ | Nuba_Wrestling | Row 151
[SAVED] -> IBQ | Nuba_Wrestling | Row 152
[SAVED] -> IBQ | Nuba_Wrestling | Row 153
[SAVED] -> IBQ | Nuba_Wrestling | Row 154
[SAVED] -> IBQ | Nuba_Wrestling | Row 155
[SAVED] -> IBQ | Nuba_Wrestling | Row 156
[SAVED] -> IBQ | Nuba_Wrestling | Row 157
[SAVED] -> IBQ | Nuba_Wrestling | Row 158
[SAVED] -> IBQ | Nuba_Wrestling | Row 159
[SAVED] -> IBQ | Nuba_Wrestling | Row 160
[SAVED] -> IBQ | Nuba_Wrestling | Row 161
[SAVED] -> IBQ | Nuba_Wrestling | Row 162
[SAVED] -> IBQ | Nuba_Wrestling | Row 163
[SAVED] -> IBQ | Nuba_Wrestling | Row 164
[SAVED] -> IBQ | Nuba_Wrestling | Row 165
[SAVED] -> IBQ | Nuba_Wrestling | Row 166
[SAVED] -> IBQ | Nuba_Wrestling | Row 167
[SAVED] -> IBQ | Nuba_Wrestling | Row 168
[SAVED] -> IBQ | Nuba_Wrestling | Row 169
[SAVED] -> IBQ | Nuba_Wrestling | Row 170
[SAVED] -> IBQ | Nuba_Wrestling | Row 171
[SAVED] -> IBQ | Nuba_Wrestling | Row 172
[SAVED] -> IBQ | Nuba_Wrestling | Row 173
[SAVED] -> IBQ | Nuba_Wrestling | Row 174
[SAVED] -> IBQ | Nuba_Wrestling | Row 176
[SAVED] -> IBQ | Nuba_Wrestling | Row 177
[SAVED] -> IBQ | Nuba_Wrestling | Row 178
[SAVED] -> IBQ | Nuba_Wrestling | Row 179
[SAVED] -> IBQ | Nuba_Wrestling | Row 180
[SAVED] -> IBQ | Nuba_Wrestling | Row 181
[SAVED] -> IBQ | Nuba_Wrestling | Row 182
[SAVED] -> IBQ | Nuba_Wrestling | Row 183
[SAVED] -> IBQ | Nuba_Wrestling | Row 184
[SAVED] -> IBQ | Nuba_Wrestling | Row 185
[SAVED] -> IBQ | Nuba_Wrestling | Row 186
[SAVED] -> IBQ | Nuba_Wrestling | Row 187
[SAVED] -> IBQ | Nuba_Wrestling | Row 188
[SAVED] -> IBQ | Nuba_Wrestling | Row 189
[SAVED] -> IBQ | Nuba_Wrestling | Row 191
[SAVED] -> IBQ | Nuba_Wrestling | Row 192
[SAVED] -> IBQ | Nuba_Wrestling | Row 193
[SAVED] -> IBQ | Nuba_Wrestling | Row 194
[SAVED] -> IBQ | Nuba_Wrestling | Row 195
[SAVED] -> IBQ | Nuba_Wrestling | Row 196
[SAVED] -> IBQ | Nuba_Wrestling | Row 197
[SAVED] -> IBQ | Nuba_Wrestling | Row 198
[SAVED] -> IBQ | Nuba_Wrestling | Row 199
[SAVED] -> IBQ | Nuba_Wrestling | Row 200
[SAVED] -> IBQ | Nuba_Wrestling | Row 201
[SAVED] -> IBQ | Nuba_Wrestling | Row 202
[SAVED] -> IBQ | Nuba_Wrestling | Row 203
[SAVED] -> IBQ | Nuba_Wrestling | Row 204
[SAVED] -> IBQ | Nuba_Wrestling | Row 205
[SAVED] -> IBQ | Nuba_Wrestling | Row 207
[SAVED] -> IBQ | Nuba_Wrestling | Row 208
[SAVED] -> IBQ | Nuba_Wrestling | Row 209
[SAVED] -> IBQ | Nuba_Wrestling | Row 210
[SAVED] -> IBQ | Nuba_Wrestling | Row 211
[SAVED] -> IBQ | Nuba_Wrestling | Row 212
[SAVED] -> IBQ | Nuba_Wrestling | Row 213
[SAVED] -> IBQ | Nuba_Wrestling | Row 214
[SAVED] -> IBQ | Nuba_Wrestling | Row 215
[SAVED] -> IBQ | Nuba_Wrestling | Row 216
[SAVED] -> IBQ | Nuba_Wrestling | Row 217
[SAVED] -> IBQ | Nuba_Wrestling | Row 218
[SAVED] -> IBQ | Nuba_Wrestling | Row 219
[SAVED] -> IBQ | Nuba_Wrestling | Row 220
[SAVED] -> IBQ | Nuba_Wrestling | Row 221
[SAVED] -> IBQ | Nuba_Wrestling | Row 222
[SAVED] -> IBQ | Nuba_Wrestling | Row 223
[SAVED] -> IBQ | Nuba_Wrestling | Row 224
[SAVED] -> IBQ | Nuba_Wrestling | Row 225
[SAVED] -> IBQ | Nuba_Wrestling | Row 226
[SAVED] -> IBQ | Nuba_Wrestling | Row 228
[SAVED] -> IBQ | Nuba_Wrestling | Row 229
[SAVED] -> IBQ | Nuba_Wrestling | Row 230
[SAVED] -> IBQ | Nuba_Wrestling | Row 231
[SAVED] -> IBQ | Nuba_Wrestling | Row 232
[SAVED] -> IBQ | Nuba_Wrestling | Row 233
[SAVED] -> IBQ | Nuba_Wrestling | Row 234
[SAVED] -> IBQ | Nuba_Wrestling | Row 235
[SAVED] -> IBQ | Nuba_Wrestling | Row 236
[SAVED] -> IBQ | Nuba_Wrestling | Row 237
[SAVED] -> IBQ | Nuba_Wrestling | Row 238
[SAVED] -> IBQ | Nuba_Wrestling | Row 240
[SAVED] -> IBQ | Nuba_Wrestling | Row 241
[SAVED] -> IBQ | Nuba_Wrestling | Row 242
[SAVED] -> IBQ | Nuba_Wrestling | Row 243
[SAVED] -> IBQ | Nuba_Wrestling | Row 244
[SAVED] -> IBQ | Nuba_Wrestling | Row 245
[SAVED] -> IBQ | Nuba_Wrestling | Row 246
[SAVED] -> IBQ | Nuba_Wrestling | Row 247
[SAVED] -> IBQ | Nuba_Wrestling | Row 248
[SAVED] -> IBQ | Nuba_Wrestling | Row 249
[SAVED] -> IBQ | Nuba_Wrestling | Row 250
[SAVED] -> IBQ | Nuba_Wrestling | Row 251
[SAVED] -> IBQ | Nuba_Wrestling | Row 252
[SAVED] -> IBQ | Nuba_Wrestling | Row 253
[SAVED] -> IBQ | Nuba_Wrestling | Row 254
[SAVED] -> IBQ | Nuba_Wrestling | Row 255
[SAVED] -> IBQ | Nuba_Wrestling | Row 256
[SAVED] -> IBQ | Nuba_Wrestling | Row 257
[SAVED] -> IBQ | Nuba_Wrestling | Row 258
[SAVED] -> IBQ | Nuba_Wrestling | Row 264
[SAVED] -> IBQ | Nuba_Wrestling | Row 265
[SAVED] -> IBQ | Nuba_Wrestling | Row 269
[SAVED] -> IBQ | Nuba_Wrestling | Row 270
[SAVED] -> IBQ | Nuba_Wrestling | Row 271
[SAVED] -> IBQ | Nuba_Wrestling | Row 272
[SAVED] -> IBQ | Nuba_Wrestling | Row 273
[SAVED] -> IBQ | Nuba_Wrestling | Row 274
[SAVED] -> IBQ | Nuba_Wrestling | Row 275
[SAVED] -> IBQ | Nuba_Wrestling | Row 276
[SAVED] -> IBQ | Nuba_Wrestling | Row 277
[SAVED] -> IBQ | Nuba_Wrestling | Row 278
[SAVED] -> IBQ | Nuba_Wrestling | Row 279
[SAVED] -> IBQ | Nuba_Wrestling | Row 280
[SAVED] -> IBQ | Nuba_Wrestling | Row 281
[SAVED] -> IBQ | Nuba_Wrestling | Row 282
[SAVED] -> IBQ | Nuba_Wrestling | Row 283
[SAVED] -> IBQ | Nuba_Wrestling | Row 284
[SAVED] -> IBQ | Nuba_Wrestling | Row 285
[SAVED] -> IBQ | Nuba_Wrestling | Row 286
[SAVED] -> IBQ | Nuba_Wrestling | Row 287
[SAVED] -> IBQ | Nuba_Wrestling | Row 288
[SAVED] -> IBQ | Nuba_Wrestling | Row 289
[SAVED] -> IBQ | Nuba_Wrestling | Row 290
[SAVED] -> IBQ | Nuba_Wrestling | Row 291
[SAVED] -> IBQ | Nuba_Wrestling | Row 292
[SAVED] -> IBQ | Nuba_Wrestling | Row 293
[SAVED] -> IBQ | Nuba_Wrestling | Row 294
[SAVED] -> IBQ | Nuba_Wrestling | Row 295
[SAVED] -> IBQ | Nuba_Wrestling | Row 297
[SAVED] -> IBQ | Nuba_Wrestling | Row 298
[SAVED] -> IBQ | Nuba_Wrestling | Row 299
[SAVED] -> IBQ | Nubian_Stick_Fighting | Row 0
[SAVED] -> IBQ | Nubian_Stick_Fighting | Row 1
[SAVED] -> IBQ | Nubian_Stick_Fighting | Row 2
[SAVED] -> IBQ | Nubian_Stick_Fighting | Row 3
[SAVED] -> IBQ | Nubian_Stick_Fighting | Row 4
[SAVED] -> IBQ | Nubian_Stick_Fighting | Row 5
[SAVED] -> IBQ | Nubian_Stick_Fighting | Row 6
[SAVED] -> IBQ | Nubian_Stick_Fighting | Row 7
[SAVED] -> IBQ | Nubian_Stick_Fighting | Row 8
[SAVED] -> IBQ | Nubian_Stick_Fighting | Row 9
[SAVED] -> IBQ | Nubian_Stick_Fighting | Row 10
[SAVED] -> IBQ | Nubian_Stick_Fighting | Row 11
[SAVED] -> IBQ | Nubian_Stick_Fighting | Row 12
[SAVED] -> IBQ | Nubian_Stick_Fighting | Row 13
[SAVED] -> IBQ | Nubian_Stick_Fighting | Row 14
[SAVED] -> IBQ | Nubian_Stick_Fighting | Row 15
[SAVED] -> IBQ | Nubian_Stick_Fighting | Row 16
[SAVED] -> IBQ | Nubian_Stick_Fighting | Row 17
[SAVED] -> IBQ | Nubian_Stick_Fighting | Row 18
[SAVED] -> IBQ | Nubian_Stick_Fighting | Row 19
[SAVED] -> IBQ | Nubian_Stick_Fighting | Row 20
[SAVED] -> IBQ | Nubian_Stick_Fighting | Row 21
[SAVED] -> IBQ | Nubian_Stick_Fighting | Row 22
[SAVED] -> IBQ | Nubian_Stick_Fighting | Row 23
[SAVED] -> IBQ | Nubian_Stick_Fighting | Row 24
[SAVED] -> IBQ | Nubian_Stick_Fighting | Row 25
[SAVED] -> IBQ | Nubian_Stick_Fighting | Row 26
[SAVED] -> IBQ | Nubian_Stick_Fighting | Row 27
[SAVED] -> IBQ | Nubian_Stick_Fighting | Row 28
[SAVED] -> IBQ | Nubian_Stick_Fighting | Row 29
[SAVED] -> IBQ | Nubian_Stick_Fighting | Row 30
[SAVED] -> IBQ | Nubian_Stick_Fighting | Row 31
[SAVED] -> IBQ | Nubian_Stick_Fighting | Row 32
[SAVED] -> IBQ | Nubian_Stick_Fighting | Row 33
[SAVED] -> IBQ | Nubian_Stick_Fighting | Row 34
[SAVED] -> IBQ | Nubian_Stick_Fighting | Row 35
[SAVED] -> IBQ | Nubian_Stick_Fighting | Row 36
[SAVED] -> IBQ | Nubian_Stick_Fighting | Row 37
[SAVED] -> IBQ | Nubian_Stick_Fighting | Row 38
[SAVED] -> IBQ | Nubian_Stick_Fighting | Row 39
[SAVED] -> IBQ | Nubian_Stick_Fighting | Row 40
[SAVED] -> IBQ | Nubian_Stick_Fighting | Row 41
[SAVED] -> IBQ | Nubian_Stick_Fighting | Row 42
[SAVED] -> IBQ | Nubian_Stick_Fighting | Row 43
[SAVED] -> IBQ | Nubian_Stick_Fighting | Row 44
[SAVED] -> IBQ | Nubian_Stick_Fighting | Row 45
[SAVED] -> IBQ | Nubian_Stick_Fighting | Row 46
[SAVED] -> IBQ | Nubian_Stick_Fighting | Row 47
[SAVED] -> IBQ | Nubian_Stick_Fighting | Row 48
[SAVED] -> IBQ | Nubian_Stick_Fighting | Row 49
[SAVED] -> IBQ | Nubian_Stick_Fighting | Row 50
[SAVED] -> IBQ | Nubian_Stick_Fighting | Row 51
[SAVED] -> IBQ | Nubian_Stick_Fighting | Row 52
[SAVED] -> IBQ | Nubian_Stick_Fighting | Row 53
[SAVED] -> IBQ | Nubian_Stick_Fighting | Row 54
[SAVED] -> IBQ | Nubian_Stick_Fighting | Row 55
[SAVED] -> IBQ | Nubian_Stick_Fighting | Row 56
[SAVED] -> IBQ | Nubian_Stick_Fighting | Row 57
[SAVED] -> IBQ | Nubian_Stick_Fighting | Row 58
[SAVED] -> IBQ | Nubian_Stick_Fighting | Row 59
[SAVED] -> IBQ | Nubian_Stick_Fighting | Row 60
[SAVED] -> IBQ | Nubian_Stick_Fighting | Row 61
[SAVED] -> IBQ | Nubian_Stick_Fighting | Row 62
[SAVED] -> IBQ | Nubian_Stick_Fighting | Row 63
[SAVED] -> IBQ | Nubian_Stick_Fighting | Row 64
[SAVED] -> IBQ | Nubian_Stick_Fighting | Row 65
[SAVED] -> IBQ | Nubian_Stick_Fighting | Row 66
[SAVED] -> IBQ | Nubian_Stick_Fighting | Row 68
[SAVED] -> IBQ | Nubian_Stick_Fighting | Row 69
[SAVED] -> IBQ | Nubian_Stick_Fighting | Row 70
[SAVED] -> IBQ | Nubian_Stick_Fighting | Row 71
[SAVED] -> IBQ | Nubian_Stick_Fighting | Row 72
[SAVED] -> IBQ | Nubian_Stick_Fighting | Row 73
[SAVED] -> IBQ | Nubian_Stick_Fighting | Row 74
[SAVED] -> IBQ | Nubian_Stick_Fighting | Row 75
[SAVED] -> IBQ | Nubian_Stick_Fighting | Row 76
[SAVED] -> IBQ | Nubian_Stick_Fighting | Row 77
[SAVED] -> IBQ | Nubian_Stick_Fighting | Row 78
[SAVED] -> IBQ | Nubian_Stick_Fighting | Row 79
[SAVED] -> IBQ | Nubian_Stick_Fighting | Row 80
[SAVED] -> IBQ | Nubian_Stick_Fighting | Row 82
[SAVED] -> IBQ | Nubian_Stick_Fighting | Row 83
[SAVED] -> IBQ | Nubian_Stick_Fighting | Row 84
[SAVED] -> IBQ | Nubian_Stick_Fighting | Row 85
[SAVED] -> IBQ | Nubian_Stick_Fighting | Row 86
[SAVED] -> IBQ | Nubian_Stick_Fighting | Row 87
[SAVED] -> IBQ | Nubian_Stick_Fighting | Row 88
[SAVED] -> IBQ | Nubian_Stick_Fighting | Row 89
[SAVED] -> IBQ | Nubian_Stick_Fighting | Row 90
[SAVED] -> IBQ | Nubian_Stick_Fighting | Row 91
[SAVED] -> IBQ | Nubian_Stick_Fighting | Row 92
[SAVED] -> IBQ | Nubian_Stick_Fighting | Row 93
[SAVED] -> IBQ | Nubian_Stick_Fighting | Row 94
[SAVED] -> IBQ | Nubian_Stick_Fighting | Row 95
[SAVED] -> IBQ | Nubian_Stick_Fighting | Row 96
[SAVED] -> IBQ | Nubian_Stick_Fighting | Row 97
[SAVED] -> IBQ | Nubian_Stick_Fighting | Row 98
[SAVED] -> IBQ | Nubian_Stick_Fighting | Row 99
[SAVED] -> IBQ | Nubian_Stick_Fighting | Row 100
[SAVED] -> IBQ | Nubian_Stick_Fighting | Row 101
[SAVED] -> IBQ | Nubian_Stick_Fighting | Row 102
[SAVED] -> IBQ | Nubian_Stick_Fighting | Row 103
[SAVED] -> IBQ | Nubian_Stick_Fighting | Row 104
[SAVED] -> IBQ | Nubian_Stick_Fighting | Row 105
[SAVED] -> IBQ | Nubian_Stick_Fighting | Row 106
[SAVED] -> IBQ | Nubian_Stick_Fighting | Row 107
[SAVED] -> IBQ | Nubian_Stick_Fighting | Row 108
[SAVED] -> IBQ | Nubian_Stick_Fighting | Row 110
[SAVED] -> IBQ | Nubian_Stick_Fighting | Row 111
[SAVED] -> IBQ | Nubian_Stick_Fighting | Row 112
[SAVED] -> IBQ | Nubian_Stick_Fighting | Row 113
[SAVED] -> IBQ | Nubian_Stick_Fighting | Row 114
[SAVED] -> IBQ | Nubian_Stick_Fighting | Row 115
[SAVED] -> IBQ | Nubian_Stick_Fighting | Row 116
[SAVED] -> IBQ | Nubian_Stick_Fighting | Row 117
[SAVED] -> IBQ | Nubian_Stick_Fighting | Row 118
[SAVED] -> IBQ | Nubian_Stick_Fighting | Row 119
[SAVED] -> IBQ | Nubian_Stick_Fighting | Row 120
[SAVED] -> IBQ | Nubian_Stick_Fighting | Row 121
[SAVED] -> IBQ | Nubian_Stick_Fighting | Row 122
[SAVED] -> IBQ | Nubian_Stick_Fighting | Row 123
[SAVED] -> IBQ | Nubian_Stick_Fighting | Row 124
[SAVED] -> IBQ | Nubian_Stick_Fighting | Row 125
[SAVED] -> IBQ | Nubian_Stick_Fighting | Row 126
[SAVED] -> IBQ | Nubian_Stick_Fighting | Row 127
[SAVED] -> IBQ | Nubian_Stick_Fighting | Row 128
[SAVED] -> IBQ | Nubian_Stick_Fighting | Row 129
[SAVED] -> IBQ | Nubian_Stick_Fighting | Row 130
[SAVED] -> IBQ | Nubian_Stick_Fighting | Row 131
[SAVED] -> IBQ | Nubian_Stick_Fighting | Row 132
[SAVED] -> IBQ | Nubian_Stick_Fighting | Row 133
[SAVED] -> IBQ | Nubian_Stick_Fighting | Row 134
[SAVED] -> IBQ | Nubian_Stick_Fighting | Row 135
[SAVED] -> IBQ | Nubian_Stick_Fighting | Row 137
[SAVED] -> IBQ | Nubian_Stick_Fighting | Row 138
[SAVED] -> IBQ | Nubian_Stick_Fighting | Row 139
[SAVED] -> IBQ | Nubian_Stick_Fighting | Row 150
[SAVED] -> IBQ | Nubian_Stick_Fighting | Row 151
[SAVED] -> IBQ | Nubian_Stick_Fighting | Row 152
[SAVED] -> IBQ | Nubian_Stick_Fighting | Row 153
[SAVED] -> IBQ | Nubian_Stick_Fighting | Row 154
[SAVED] -> IBQ | Nubian_Stick_Fighting | Row 155
[SAVED] -> IBQ | Nubian_Stick_Fighting | Row 157
[SAVED] -> IBQ | Nubian_Stick_Fighting | Row 158
[SAVED] -> IBQ | Nubian_Stick_Fighting | Row 159
[SAVED] -> IBQ | Nubian_Stick_Fighting | Row 160
[SAVED] -> IBQ | Nubian_Stick_Fighting | Row 161
[SAVED] -> IBQ | Nubian_Stick_Fighting | Row 162
[SAVED] -> IBQ | Nubian_Stick_Fighting | Row 163
[SAVED] -> IBQ | Nubian_Stick_Fighting | Row 164
[SAVED] -> IBQ | Nubian_Stick_Fighting | Row 165
[SAVED] -> IBQ | Nubian_Stick_Fighting | Row 166
[SAVED] -> IBQ | Nubian_Stick_Fighting | Row 167
[SAVED] -> IBQ | Nubian_Stick_Fighting | Row 168
[SAVED] -> IBQ | Nubian_Stick_Fighting | Row 169
[SAVED] -> IBQ | Nubian_Stick_Fighting | Row 170
[SAVED] -> IBQ | Nubian_Stick_Fighting | Row 171
[SAVED] -> IBQ | Nubian_Stick_Fighting | Row 172
[SAVED] -> IBQ | Nubian_Stick_Fighting | Row 173
[SAVED] -> IBQ | Nubian_Stick_Fighting | Row 174
[SAVED] -> IBQ | Nubian_Stick_Fighting | Row 175
[SAVED] -> IBQ | Nubian_Stick_Fighting | Row 176
[SAVED] -> IBQ | Nubian_Stick_Fighting | Row 177
[SAVED] -> IBQ | Nubian_Stick_Fighting | Row 178
[SAVED] -> IBQ | Nubian_Stick_Fighting | Row 179
[SAVED] -> IBQ | Nubian_Stick_Fighting | Row 180
[SAVED] -> IBQ | Nubian_Stick_Fighting | Row 181
[SAVED] -> IBQ | Nubian_Stick_Fighting | Row 182
[SAVED] -> IBQ | Nubian_Stick_Fighting | Row 183
[SAVED] -> IBQ | Nubian_Stick_Fighting | Row 184
[SAVED] -> IBQ | Nubian_Stick_Fighting | Row 185
[SAVED] -> IBQ | Nubian_Stick_Fighting | Row 186
[SAVED] -> IBQ | Nubian_Stick_Fighting | Row 187
[SAVED] -> IBQ | Nubian_Stick_Fighting | Row 188
[SAVED] -> IBQ | Nubian_Stick_Fighting | Row 189
[SAVED] -> IBQ | Nubian_Stick_Fighting | Row 190
[SAVED] -> IBQ | Nubian_Stick_Fighting | Row 191
[SAVED] -> IBQ | Nubian_Stick_Fighting | Row 192
[SAVED] -> IBQ | Nubian_Stick_Fighting | Row 193
[SAVED] -> IBQ | Nubian_Stick_Fighting | Row 194
[SAVED] -> IBQ | Nubian_Stick_Fighting | Row 195
[SAVED] -> IBQ | Nubian_Stick_Fighting | Row 196
[SAVED] -> IBQ | Nubian_Stick_Fighting | Row 197
[SAVED] -> IBQ | Nubian_Stick_Fighting | Row 198
[SAVED] -> IBQ | Nubian_Stick_Fighting | Row 199
[SAVED] -> IBQ | Nubian_Stick_Fighting | Row 200
[SAVED] -> IBQ | Nubian_Stick_Fighting | Row 201
[SAVED] -> IBQ | Nubian_Stick_Fighting | Row 202
[SAVED] -> IBQ | Nubian_Stick_Fighting | Row 203
[SAVED] -> IBQ | Nubian_Stick_Fighting | Row 204
[SAVED] -> IBQ | Nubian_Stick_Fighting | Row 205
[SAVED] -> IBQ | Nubian_Stick_Fighting | Row 206
[SAVED] -> IBQ | Nubian_Stick_Fighting | Row 207
[SAVED] -> IBQ | Nubian_Stick_Fighting | Row 208
[SAVED] -> IBQ | Nubian_Stick_Fighting | Row 209
[SAVED] -> IBQ | Nubian_Stick_Fighting | Row 210
[SAVED] -> IBQ | Nubian_Stick_Fighting | Row 211
[SAVED] -> IBQ | Nubian_Stick_Fighting | Row 212
[SAVED] -> IBQ | Nubian_Stick_Fighting | Row 213
[SAVED] -> IBQ | Nubian_Stick_Fighting | Row 214
[SAVED] -> IBQ | Nubian_Stick_Fighting | Row 215
[SAVED] -> IBQ | Nubian_Stick_Fighting | Row 216
[SAVED] -> IBQ | Nubian_Stick_Fighting | Row 217
[SAVED] -> IBQ | Nubian_Stick_Fighting | Row 218
[SAVED] -> IBQ | Nubian_Stick_Fighting | Row 219
[SAVED] -> IBQ | Nubian_Stick_Fighting | Row 220
[SAVED] -> IBQ | Nubian_Stick_Fighting | Row 221
[SAVED] -> IBQ | Nubian_Stick_Fighting | Row 222
[SAVED] -> IBQ | Nubian_Stick_Fighting | Row 223
[SAVED] -> IBQ | Nubian_Stick_Fighting | Row 224
[SAVED] -> IBQ | Nubian_Stick_Fighting | Row 225
[SAVED] -> IBQ | Nubian_Stick_Fighting | Row 226
[SAVED] -> IBQ | Nubian_Stick_Fighting | Row 227
[SAVED] -> IBQ | Nubian_Stick_Fighting | Row 228
[SAVED] -> IBQ | Nubian_Stick_Fighting | Row 229
[SAVED] -> IBQ | Nubian_Stick_Fighting | Row 230
[SAVED] -> IBQ | Nubian_Stick_Fighting | Row 231
[SAVED] -> IBQ | Nubian_Stick_Fighting | Row 232
[SAVED] -> IBQ | Nubian_Stick_Fighting | Row 233
[SAVED] -> IBQ | Nubian_Stick_Fighting | Row 234
[SAVED] -> IBQ | Nubian_Stick_Fighting | Row 235
[SAVED] -> IBQ | Nubian_Stick_Fighting | Row 236
[SAVED] -> IBQ | Nubian_Stick_Fighting | Row 237
[SAVED] -> IBQ | Nubian_Stick_Fighting | Row 238
[SAVED] -> IBQ | Nubian_Stick_Fighting | Row 239
[SAVED] -> IBQ | Nubian_Stick_Fighting | Row 240
[SAVED] -> IBQ | Nubian_Stick_Fighting | Row 241
[SAVED] -> IBQ | Nubian_Stick_Fighting | Row 242
[SAVED] -> IBQ | Nubian_Stick_Fighting | Row 243
[SAVED] -> IBQ | Nubian_Stick_Fighting | Row 245
[SAVED] -> IBQ | Nubian_Stick_Fighting | Row 246
[SAVED] -> IBQ | Nubian_Stick_Fighting | Row 247
[SAVED] -> IBQ | Nubian_Stick_Fighting | Row 248
[SAVED] -> IBQ | Nubian_Stick_Fighting | Row 249

[COMPLETE]!
Live-updating CSV: Results_IBQ.csv
Ended at: 00:55:41
Total Duration: 0:34:06.559575
[SUCCESS] Successfully created 'Results_IBQ.xlsx'
