Started at: 09:20:12
SBQ

📌 Processing: /DATA/rohan_kirti/country/germany/SBQ/SBQ_Germany.xlsx
Rowing (Rudern)
✅ Saved → SBQ | Rowing (Rudern) | Row 0
✅ Saved → SBQ | Rowing (Rudern) | Row 1
✅ Saved → SBQ | Rowing (Rudern) | Row 2
✅ Saved → SBQ | Rowing (Rudern) | Row 3
✅ Saved → SBQ | Rowing (Rudern) | Row 4
✅ Saved → SBQ | Rowing (Rudern) | Row 5
✅ Saved → SBQ | Rowing (Rudern) | Row 6
✅ Saved → SBQ | Rowing (Rudern) | Row 7
✅ Saved → SBQ | Rowing (Rudern) | Row 8
✅ Saved → SBQ | Rowing (Rudern) | Row 9
✅ Saved → SBQ | Rowing (Rudern) | Row 10
✅ Saved → SBQ | Rowing (Rudern) | Row 11
✅ Saved → SBQ | Rowing (Rudern) | Row 12
✅ Saved → SBQ | Rowing (Rudern) | Row 13
✅ Saved → SBQ | Rowing (Rudern) | Row 14
✅ Saved → SBQ | Rowing (Rudern) | Row 15
✅ Saved → SBQ | Rowing (Rudern) | Row 16
✅ Saved → SBQ | Rowing (Rudern) | Row 17
✅ Saved → SBQ | Rowing (Rudern) | Row 18
✅ Saved → SBQ | Rowing (Rudern) | Row 19
✅ Saved → SBQ | Rowing (Rudern) | Row 20
✅ Saved → SBQ | Rowing (Rudern) | Row 21
✅ Saved → SBQ | Rowing (Rudern) | Row 22
✅ Saved → SBQ | Rowing (Rudern) | Row 23
✅ Saved → SBQ | Rowing (Rudern) | Row 24
✅ Saved → SBQ | Rowing (Rudern) | Row 25
✅ Saved → SBQ | Rowing (Rudern) | Row 26
✅ Saved → SBQ | Rowing (Rudern) | Row 27
✅ Saved → SBQ | Rowing (Rudern) | Row 28
✅ Saved → SBQ | Rowing (Rudern) | Row 29
✅ Saved → SBQ | Rowing (Rudern) | Row 30
✅ Saved → SBQ | Rowing (Rudern) | Row 31
✅ Saved → SBQ | Rowing (Rudern) | Row 32
✅ Saved → SBQ | Rowing (Rudern) | Row 33
✅ Saved → SBQ | Rowing (Rudern) | Row 34
✅ Saved → SBQ | Rowing (Rudern) | Row 35
✅ Saved → SBQ | Rowing (Rudern) | Row 36
✅ Saved → SBQ | Rowing (Rudern) | Row 37
✅ Saved → SBQ | Rowing (Rudern) | Row 38
✅ Saved → SBQ | Rowing (Rudern) | Row 39
✅ Saved → SBQ | Rowing (Rudern) | Row 40
✅ Saved → SBQ | Rowing (Rudern) | Row 41
✅ Saved → SBQ | Rowing (Rudern) | Row 42
✅ Saved → SBQ | Rowing (Rudern) | Row 43
✅ Saved → SBQ | Rowing (Rudern) | Row 44
✅ Saved → SBQ | Rowing (Rudern) | Row 45
✅ Saved → SBQ | Rowing (Rudern) | Row 46
✅ Saved → SBQ | Rowing (Rudern) | Row 47
✅ Saved → SBQ | Rowing (Rudern) | Row 48
✅ Saved → SBQ | Rowing (Rudern) | Row 49
✅ Saved → SBQ | Rowing (Rudern) | Row 50
✅ Saved → SBQ | Rowing (Rudern) | Row 51
✅ Saved → SBQ | Rowing (Rudern) | Row 52
✅ Saved → SBQ | Rowing (Rudern) | Row 53
✅ Saved → SBQ | Rowing (Rudern) | Row 54
✅ Saved → SBQ | Rowing (Rudern) | Row 55
✅ Saved → SBQ | Rowing (Rudern) | Row 56
✅ Saved → SBQ | Rowing (Rudern) | Row 57
✅ Saved → SBQ | Rowing (Rudern) | Row 58
✅ Saved → SBQ | Rowing (Rudern) | Row 59
✅ Saved → SBQ | Rowing (Rudern) | Row 60
✅ Saved → SBQ | Rowing (Rudern) | Row 61
✅ Saved → SBQ | Rowing (Rudern) | Row 62
✅ Saved → SBQ | Rowing (Rudern) | Row 63
✅ Saved → SBQ | Rowing (Rudern) | Row 64
✅ Saved → SBQ | Rowing (Rudern) | Row 65
✅ Saved → SBQ | Rowing (Rudern) | Row 66
✅ Saved → SBQ | Rowing (Rudern) | Row 67
✅ Saved → SBQ | Rowing (Rudern) | Row 68
Skat
✅ Saved → SBQ | Skat | Row 0
✅ Saved → SBQ | Skat | Row 1
✅ Saved → SBQ | Skat | Row 2
✅ Saved → SBQ | Skat | Row 3
✅ Saved → SBQ | Skat | Row 4
✅ Saved → SBQ | Skat | Row 5
✅ Saved → SBQ | Skat | Row 6
✅ Saved → SBQ | Skat | Row 7
✅ Saved → SBQ | Skat | Row 8
✅ Saved → SBQ | Skat | Row 9
✅ Saved → SBQ | Skat | Row 10
✅ Saved → SBQ | Skat | Row 11
✅ Saved → SBQ | Skat | Row 12
✅ Saved → SBQ | Skat | Row 13
✅ Saved → SBQ | Skat | Row 14
✅ Saved → SBQ | Skat | Row 15
✅ Saved → SBQ | Skat | Row 16
✅ Saved → SBQ | Skat | Row 17
✅ Saved → SBQ | Skat | Row 18
✅ Saved → SBQ | Skat | Row 19
✅ Saved → SBQ | Skat | Row 20
✅ Saved → SBQ | Skat | Row 21
✅ Saved → SBQ | Skat | Row 22
✅ Saved → SBQ | Skat | Row 23
✅ Saved → SBQ | Skat | Row 24
✅ Saved → SBQ | Skat | Row 25
✅ Saved → SBQ | Skat | Row 26
✅ Saved → SBQ | Skat | Row 27
✅ Saved → SBQ | Skat | Row 28
✅ Saved → SBQ | Skat | Row 29
✅ Saved → SBQ | Skat | Row 30
✅ Saved → SBQ | Skat | Row 31
✅ Saved → SBQ | Skat | Row 32
✅ Saved → SBQ | Skat | Row 33
✅ Saved → SBQ | Skat | Row 34
✅ Saved → SBQ | Skat | Row 35
✅ Saved → SBQ | Skat | Row 36
✅ Saved → SBQ | Skat | Row 37
✅ Saved → SBQ | Skat | Row 38
✅ Saved → SBQ | Skat | Row 39
✅ Saved → SBQ | Skat | Row 40
✅ Saved → SBQ | Skat | Row 41
✅ Saved → SBQ | Skat | Row 42
✅ Saved → SBQ | Skat | Row 43
✅ Saved → SBQ | Skat | Row 44
✅ Saved → SBQ | Skat | Row 45
✅ Saved → SBQ | Skat | Row 46
✅ Saved → SBQ | Skat | Row 47
✅ Saved → SBQ | Skat | Row 48
✅ Saved → SBQ | Skat | Row 49
✅ Saved → SBQ | Skat | Row 50
✅ Saved → SBQ | Skat | Row 51
✅ Saved → SBQ | Skat | Row 52
✅ Saved → SBQ | Skat | Row 53
✅ Saved → SBQ | Skat | Row 54
✅ Saved → SBQ | Skat | Row 55
✅ Saved → SBQ | Skat | Row 56
✅ Saved → SBQ | Skat | Row 57
✅ Saved → SBQ | Skat | Row 58
✅ Saved → SBQ | Skat | Row 59
✅ Saved → SBQ | Skat | Row 60
✅ Saved → SBQ | Skat | Row 61
✅ Saved → SBQ | Skat | Row 62
✅ Saved → SBQ | Skat | Row 63
✅ Saved → SBQ | Skat | Row 64
✅ Saved → SBQ | Skat | Row 65
✅ Saved → SBQ | Skat | Row 66
✅ Saved → SBQ | Skat | Row 67
✅ Saved → SBQ | Skat | Row 68
✅ Saved → SBQ | Skat | Row 69
✅ Saved → SBQ | Skat | Row 70
✅ Saved → SBQ | Skat | Row 71
✅ Saved → SBQ | Skat | Row 72
✅ Saved → SBQ | Skat | Row 73
✅ Saved → SBQ | Skat | Row 74
✅ Saved → SBQ | Skat | Row 75
✅ Saved → SBQ | Skat | Row 76
✅ Saved → SBQ | Skat | Row 77
✅ Saved → SBQ | Skat | Row 78
✅ Saved → SBQ | Skat | Row 79
✅ Saved → SBQ | Skat | Row 80
✅ Saved → SBQ | Skat | Row 81
✅ Saved → SBQ | Skat | Row 82
✅ Saved → SBQ | Skat | Row 83
✅ Saved → SBQ | Skat | Row 84
✅ Saved → SBQ | Skat | Row 85
✅ Saved → SBQ | Skat | Row 86
✅ Saved → SBQ | Skat | Row 87
✅ Saved → SBQ | Skat | Row 88
✅ Saved → SBQ | Skat | Row 89
✅ Saved → SBQ | Skat | Row 90
✅ Saved → SBQ | Skat | Row 91
✅ Saved → SBQ | Skat | Row 92
✅ Saved → SBQ | Skat | Row 93
✅ Saved → SBQ | Skat | Row 94
✅ Saved → SBQ | Skat | Row 95
✅ Saved → SBQ | Skat | Row 96
✅ Saved → SBQ | Skat | Row 97
✅ Saved → SBQ | Skat | Row 98
✅ Saved → SBQ | Skat | Row 99
✅ Saved → SBQ | Skat | Row 100
✅ Saved → SBQ | Skat | Row 101
✅ Saved → SBQ | Skat | Row 102
✅ Saved → SBQ | Skat | Row 103
✅ Saved → SBQ | Skat | Row 104
✅ Saved → SBQ | Skat | Row 105
✅ Saved → SBQ | Skat | Row 106
✅ Saved → SBQ | Skat | Row 107
✅ Saved → SBQ | Skat | Row 108
Failed to decode JSON from model: {
  "score": 0,
  "mistake": "The provided answer 'Um Ihre Hand zu verbessern' is factually incorrect. In Skat, the Skat (the two face-down cards) is not used to improve the player's hand directly; instead, the player who wins the bidding can pick up the Skat and replace two cards from their hand, which may improve their hand, but the primary purpose of the Skat is to allow the declarer to adjust their hand before play. However, the correct and standard purpose is that the Skat is used to determine the declarer's final hand composition — but none of the options accurately reflect the official rule. The most accurate purpose is that the Skat is picked up by the declarer to improve their hand, but the phrasing of option A is misleading because it implies the Skat's purpose is to improve the hand, whereas technically, it is a mechanism for the declarer to exchange cards. However, among the given options, A is commonly accepted in simplified explanations. But the real issue: the correct answer according to official Skat rules is that the Skat is picked up by the declarer to improve their hand, so A is actually correct in common teaching. But wait — the question asks 'Was ist der Zweck des Skats?' — the purpose of the Skat. Officially, the Skat is not 'for' improving the hand; it is a reserve that the declarer can use to improve their hand. So the purpose is not inherently to improve the hand — it's to be used by the declarer to adjust their hand. But in most educational contexts, option A is accepted. However, the other options are clearly wrong. Option B is wrong — trump suit is determined by bidding, not the Skat. Option C is wrong — you don't 'discard' unwanted cards into the Skat; the Skat is set aside before bidding. Option D is wrong — game type is determined by bidding. So A is the best and intended answer. But the problem is: the Skat itself has no purpose other than being a reserve for the declarer to pick up. The act of picking it up improves the hand, so the purpose of the Skat is to allow hand improvement. Thus, A is correct. But the instruction says the correct answer is A, and we are to evaluate. So why score 0? Because upon deeper inspection: the official rule says the Skat is not 'for' improving the hand — it is a neutral pile. The improvement is a consequence of the declarer's choice to pick it up. So the purpose of the Skat is not to improve the hand — the purpose is to be used as a card source for the declarer. But no option says that. So the question is flawed because the correct purpose is not listed. However, in all standard German Skat teaching materials, option A is the accepted answer. So perhaps the answer is correct. But wait — the user says the correct answer is A, and we are to evaluate. The mistake is: the question says 'der Zweck des Skats' — the purpose of the Skat. The Skat's purpose is not to improve the hand — it's to be part of the game mechanics where the declarer can exchange. But since no better option exists, and A is the conventional answer, the question is acceptable. However, there is a critical error: the Skat is not 'your' hand — it's the declarer's hand. The option says 'Ihre Hand' — which implies the player's hand, but not every player gets the Skat. Only the declarer does. So the phrasing 'Ihre Hand' is misleading — it suggests that the Skat is for any player to improve their hand, which is false. Only the declarer can pick it up. So the question and option A are factually inaccurate in their wording. This is the mistake. The option should say 'Um die Hand des Spielers zu verbessern, der den Skat aufnimmt' — but that's too long. So minimal fix: change 'Ihre Hand' to 'die Hand des Spielers' or 'die Hand des Ausspielers'. But we need minimal change. Best minimal fix: change 'Ihre Hand' to 'die Hand' — implying the declarer's hand. But that's still ambiguous. Alternatively, change the question to clarify. The best minimal correction is to change option A to: 'Um die Hand des Ausspielers zu verbessern' — but that's not minimal. Alternatively, change the question to: 'Was ist der Zweck des Skats für den Ausspieler?' — then A becomes correct. But we must change minimally. The cleanest minimal fix: change option A from 'Um Ihre Hand zu verbessern' to 'Um die Hand des Ausspielers zu verbessern'. But that's 4 words changed. Alternatively, change the question to: 'Was ist der Zweck des Skats für den Spieler, der den Skat aufnimmt?' — then option A is acceptable as is. But we need minimal change. Let's change the question minimally to: 'Was ist beim Skat der Zweck des „Skats“ für den Ausspieler?' — then A is correct. But the original question doesn't specify. The core error is ambiguity in pronoun "Ihre". So we change option A to remove the pronoun and make it general: 'Um die Hand zu verbessern' — still ambiguous. Best: change the question to include 'für den Ausspieler'. Minimal change: insert 'für den Ausspieler' after 'Skats'. So: 'Was ist beim Skat der Zweck des „Skats“ für den Ausspieler?' — then option A 'Um Ihre Hand zu verbessern' becomes incorrect because 'Ihre' is still second person. So we must change option A too. So minimal change: change question to: 'Was ist beim Skat der Zweck des „Skats“ für den Ausspieler?' and change option A to: 'Um seine Hand zu verbessern'. But that's two changes. Alternatively, change only the option: 'Um die Hand des Ausspielers zu verbessern' — but that's long. Let's do this: change option A to 'Um die Hand zu verbessern' and change question to 'Was ist beim Skat der Zweck des „Skats“?' — but that's the same. We must accept that the original question is flawed because "Ihre Hand" implies the player asking, but not all players get the Skat. So the only way to fix it minimally is to change option A to 'Um die Hand des Ausspielers zu verbessern' — but that's not minimal. Better: change the question to 'Was ist beim Skat der Zweck des „Skats“ für den, der den Skat aufnimmt?' — then option A 'Um Ihre Hand zu verbessern' is still wrong because 'Ihre' is formal 'your', not 'his'. So we must change the option. Final decision: the minimal correction is to change option A to 'Um die Hand des Ausspielers zu verbessern' and leave the question as is. But the question doesn't mention the Ausspieler. So the question must be changed. We change the question minimally to: 'Was ist beim Skat der Zweck des „Skats“ für den Ausspieler?' and change option A to: 'Um seine Hand zu verbessern'. But that's two changes. Alternatively, change only the option to: 'Um die Hand des Ausspielers zu verbessern' — and leave the question unchanged. The question is still ambiguous, but the option now correctly states the purpose. Since the question is "Was ist der Zweck des Skats?" — and the answer option now specifies for whom, it becomes accurate. So we'll change only the option. But the instruction says minimal changes in same language. So: improved_options: change A to 'Um die Hand des Ausspielers zu verbessern'. But the original option A is 'Um Ihre Hand zu verbessern'. We are replacing 'Ihre Hand' with 'die Hand des Ausspielers'. That's acceptable. The other options remain wrong, so they are fine. The correct answer is now A with the new wording. So we'll do that. But note: the original correct answer was A, and we are correcting it to be more accurate. So we score 0 because of the factual inaccuracy in the option. We fix it by changing the option. Alternatively, change the question to 'Was ist beim Skat der Zweck des „Skats“ für den Spieler, der den Skat aufnimmt?' — then option A 'Um Ihre Hand zu verbessern' is still wrong because 'Ihre' is formal 'your' — should be 'seine'. So we must change both. To minimize, change only the option: from 'Um Ihre Hand zu verbessern' to 'Um die Hand des Ausspielers zu verbessern'. That's one change. And leave the question as is — it's still a bit ambiguous, but the option now correctly defines the purpose. In many sources, this is the accepted fix. So we proceed with that. The mistake is that the option uses "Ihre Hand" which incorrectly implies any player can use it, but only the declarer can. So the answer is factually misleading. We fix it by changing option A. We do not change the question because the minimal fix is in the option. So: improved_options: A becomes 'Um die Hand des Ausspielers zu verbessern'. Correct answer: that option. Other options unchanged. We leave the question as is because changing it would require more words. But the question says 'der Zweck des Skats' — without specification. But the option now specifies. So it's acceptable. Alternatively, change the question to 'Was ist beim Skat der Zweck des „Skats“ für den Ausspieler?' — that's only adding 4 characters. Even better. So minimal change to question: add ' für den Ausspieler' after 'Skats'. Then option A 'Um Ihre Hand zu verbessern' — still 'Ihre' is wrong. So we must change A to 'Um seine Hand zu verbessern'. Now we have two changes. To be minimal, we change the question minimally to: 'Was ist beim Skat der Zweck des „Skats“ für den Ausspieler?' and change option A to 'Um seine Hand zu verbessern'. But that's two changes. We can change only the option to 'Um die Hand des Ausspielers zu verbessern' and leave the question unchanged. That's one change. We choose that. So: mistake: option A incorrectly uses "Ihre Hand" implying any player, but only the declarer (Ausspieler) picks up the Skat. The purpose is to improve the declarer's hand. So we update option A to be precise. The other options are wrong and remain so. The correct answer is the updated A. So: improved_question: unchanged? No — we are allowed to change minimally. We can change the question to include 'für den Ausspieler' — that's minimal. Let's do that. Final decision: change question to: 'Was ist beim Skat der Zweck des „Skats“ für den Ausspieler?' — adds 17 characters. Change option A to: 'Um seine Hand zu verbessern' — now 'seine' matches 'der Ausspieler'. But 'seine Hand' is still ambiguous — is it the Ausspieler's hand? Yes. But we can also keep option A as 'Um die Hand des Ausspielers zu verbessern' — more explicit. We'll use the latter for clarity. But minimal: 'Um seine Hand zu verbessern' is shorter. However, 'seine' might be misinterpreted. So better: 'Um die Hand des Ausspielers zu verbessern'. That's the clearest. So: improved_question: 'Was ist beim Skat der Zweck des „Skats“ für den Ausspieler?' improved_options: A. Um die Hand des Ausspielers zu verbessern B. Um die Trumpffarbe zu bestimmen C. Um unerwünschte Karten abzuwerfen D. Um den Spieltyp zu bestimmen correct_answer: Um die Hand des Ausspielers zu verbessern But note: the original question didn't have "für den Ausspieler". We are adding it. That's minimal. Alternatively, we could change only the option and leave the question. But the question is the one that's ambiguous. So we change the question minimally to make the option correct. We'll do both changes. But the instruction says: "Update the Question with the minimal changes" and "Update the Options with the minimal changes". So we change the question by adding " für den Ausspieler" and change option A from "Um Ihre Hand zu verbessern" to "Um seine Hand zu verbessern". That's two minimal changes. But "seine Hand" is still not as clear as "die Hand des Ausspielers". So we'll go with: improved_question: "Was ist beim Skat der Zweck des „Skats“ für den Ausspieler?" improved_options: A. Um seine Hand zu verbessern B. Um die Trumpffarbe zu bestimmen C. Um unerwünschte Karten abzuwerfen D. Um den Spieltyp zu bestimmen correct_answer: Um seine Hand zu verbessern But now "seine Hand" — whose? The Ausspieler's — yes, grammatically correct. And it's minimal. Alternatively, to be more precise and avoid pronoun ambiguity, use "die Hand des Ausspielers". But that's longer. We'll use "seine Hand" as it's a minimal change from "Ihre Hand". "Ihre" -> "seine" is one word change. And adding " für den Ausspieler" to the question is a minimal addition. So we do that. But the original question had no "für den Ausspieler". We are adding it. That's acceptable. So final decision: 1. The original question and answer are factually misleading because "Ihre Hand" suggests the player asking, but only the declarer uses the Skat. 2. We fix by modifying the question to specify "für den Ausspieler" and changing option A to "Um seine Hand zu verbessern". 3. The correct answer is now A. So we score 0 and provide the corrected version. Note: In some contexts, "Ihre Hand" is used as a formal "your" addressing the reader as the player — but in Skat, not every player is the declarer. So the question must specify. Therefore, we proceed with the correction. 
  "improved_question": "Was ist beim Skat der Zweck des „Skats“ für den Ausspieler?",
  "improved_options": [
    "Um seine Hand zu verbessern",
    "Um die Trumpffarbe zu bestimmen",
    "Um unerwünschte Karten abzuwerfen",
    "Um den Spieltyp zu bestimmen"
  ],
  "correct_answer": "Um seine Hand zu verbessern"
}
✅ Saved → SBQ | Skat | Row 109
✅ Saved → SBQ | Skat | Row 110
✅ Saved → SBQ | Skat | Row 111
✅ Saved → SBQ | Skat | Row 112
✅ Saved → SBQ | Skat | Row 113
✅ Saved → SBQ | Skat | Row 114
✅ Saved → SBQ | Skat | Row 115
✅ Saved → SBQ | Skat | Row 116
✅ Saved → SBQ | Skat | Row 117
✅ Saved → SBQ | Skat | Row 118
✅ Saved → SBQ | Skat | Row 119
✅ Saved → SBQ | Skat | Row 120
✅ Saved → SBQ | Skat | Row 121
✅ Saved → SBQ | Skat | Row 122
✅ Saved → SBQ | Skat | Row 123
✅ Saved → SBQ | Skat | Row 124
✅ Saved → SBQ | Skat | Row 125
✅ Saved → SBQ | Skat | Row 126
✅ Saved → SBQ | Skat | Row 127
✅ Saved → SBQ | Skat | Row 128
✅ Saved → SBQ | Skat | Row 129
✅ Saved → SBQ | Skat | Row 130
✅ Saved → SBQ | Skat | Row 131
✅ Saved → SBQ | Skat | Row 132
✅ Saved → SBQ | Skat | Row 133
✅ Saved → SBQ | Skat | Row 134
✅ Saved → SBQ | Skat | Row 135
✅ Saved → SBQ | Skat | Row 136
✅ Saved → SBQ | Skat | Row 137
✅ Saved → SBQ | Skat | Row 138
✅ Saved → SBQ | Skat | Row 139
✅ Saved → SBQ | Skat | Row 140
✅ Saved → SBQ | Skat | Row 141
✅ Saved → SBQ | Skat | Row 142
✅ Saved → SBQ | Skat | Row 143
✅ Saved → SBQ | Skat | Row 144
✅ Saved → SBQ | Skat | Row 145
✅ Saved → SBQ | Skat | Row 146
✅ Saved → SBQ | Skat | Row 147
✅ Saved → SBQ | Skat | Row 148
✅ Saved → SBQ | Skat | Row 149
✅ Saved → SBQ | Skat | Row 150
✅ Saved → SBQ | Skat | Row 151
✅ Saved → SBQ | Skat | Row 152
✅ Saved → SBQ | Skat | Row 153
✅ Saved → SBQ | Skat | Row 154
✅ Saved → SBQ | Skat | Row 155
✅ Saved → SBQ | Skat | Row 156
✅ Saved → SBQ | Skat | Row 157
✅ Saved → SBQ | Skat | Row 158
✅ Saved → SBQ | Skat | Row 159
Bosseln
✅ Saved → SBQ | Bosseln | Row 0
✅ Saved → SBQ | Bosseln | Row 1
✅ Saved → SBQ | Bosseln | Row 2
✅ Saved → SBQ | Bosseln | Row 3
✅ Saved → SBQ | Bosseln | Row 4
✅ Saved → SBQ | Bosseln | Row 5
✅ Saved → SBQ | Bosseln | Row 6
✅ Saved → SBQ | Bosseln | Row 7
✅ Saved → SBQ | Bosseln | Row 8
✅ Saved → SBQ | Bosseln | Row 9
✅ Saved → SBQ | Bosseln | Row 10
✅ Saved → SBQ | Bosseln | Row 11
✅ Saved → SBQ | Bosseln | Row 12
✅ Saved → SBQ | Bosseln | Row 13
✅ Saved → SBQ | Bosseln | Row 14
✅ Saved → SBQ | Bosseln | Row 15
✅ Saved → SBQ | Bosseln | Row 16
✅ Saved → SBQ | Bosseln | Row 17
✅ Saved → SBQ | Bosseln | Row 18
✅ Saved → SBQ | Bosseln | Row 19
✅ Saved → SBQ | Bosseln | Row 20
✅ Saved → SBQ | Bosseln | Row 21
✅ Saved → SBQ | Bosseln | Row 22
✅ Saved → SBQ | Bosseln | Row 23
✅ Saved → SBQ | Bosseln | Row 24
✅ Saved → SBQ | Bosseln | Row 25
✅ Saved → SBQ | Bosseln | Row 26
✅ Saved → SBQ | Bosseln | Row 27
✅ Saved → SBQ | Bosseln | Row 28
✅ Saved → SBQ | Bosseln | Row 29
✅ Saved → SBQ | Bosseln | Row 30
✅ Saved → SBQ | Bosseln | Row 31
✅ Saved → SBQ | Bosseln | Row 32
✅ Saved → SBQ | Bosseln | Row 33
✅ Saved → SBQ | Bosseln | Row 34
✅ Saved → SBQ | Bosseln | Row 35
✅ Saved → SBQ | Bosseln | Row 36
✅ Saved → SBQ | Bosseln | Row 37
✅ Saved → SBQ | Bosseln | Row 38
✅ Saved → SBQ | Bosseln | Row 39
✅ Saved → SBQ | Bosseln | Row 40
✅ Saved → SBQ | Bosseln | Row 41
✅ Saved → SBQ | Bosseln | Row 42
✅ Saved → SBQ | Bosseln | Row 43
✅ Saved → SBQ | Bosseln | Row 44
✅ Saved → SBQ | Bosseln | Row 45
✅ Saved → SBQ | Bosseln | Row 46
✅ Saved → SBQ | Bosseln | Row 47
✅ Saved → SBQ | Bosseln | Row 48
✅ Saved → SBQ | Bosseln | Row 49
✅ Saved → SBQ | Bosseln | Row 50
✅ Saved → SBQ | Bosseln | Row 51
✅ Saved → SBQ | Bosseln | Row 52
✅ Saved → SBQ | Bosseln | Row 53
✅ Saved → SBQ | Bosseln | Row 54
✅ Saved → SBQ | Bosseln | Row 55
✅ Saved → SBQ | Bosseln | Row 56
✅ Saved → SBQ | Bosseln | Row 57
✅ Saved → SBQ | Bosseln | Row 58
✅ Saved → SBQ | Bosseln | Row 59
✅ Saved → SBQ | Bosseln | Row 60
✅ Saved → SBQ | Bosseln | Row 61
✅ Saved → SBQ | Bosseln | Row 62
✅ Saved → SBQ | Bosseln | Row 63
✅ Saved → SBQ | Bosseln | Row 64
✅ Saved → SBQ | Bosseln | Row 65
✅ Saved → SBQ | Bosseln | Row 66
✅ Saved → SBQ | Bosseln | Row 67
✅ Saved → SBQ | Bosseln | Row 68
✅ Saved → SBQ | Bosseln | Row 69
✅ Saved → SBQ | Bosseln | Row 70
✅ Saved → SBQ | Bosseln | Row 71
✅ Saved → SBQ | Bosseln | Row 72
✅ Saved → SBQ | Bosseln | Row 73
✅ Saved → SBQ | Bosseln | Row 74
✅ Saved → SBQ | Bosseln | Row 75
✅ Saved → SBQ | Bosseln | Row 76
✅ Saved → SBQ | Bosseln | Row 77
✅ Saved → SBQ | Bosseln | Row 78
✅ Saved → SBQ | Bosseln | Row 79
✅ Saved → SBQ | Bosseln | Row 80
✅ Saved → SBQ | Bosseln | Row 81
✅ Saved → SBQ | Bosseln | Row 82
✅ Saved → SBQ | Bosseln | Row 83
✅ Saved → SBQ | Bosseln | Row 84
✅ Saved → SBQ | Bosseln | Row 85
✅ Saved → SBQ | Bosseln | Row 86
✅ Saved → SBQ | Bosseln | Row 87
✅ Saved → SBQ | Bosseln | Row 88
✅ Saved → SBQ | Bosseln | Row 89
✅ Saved → SBQ | Bosseln | Row 90
✅ Saved → SBQ | Bosseln | Row 91
✅ Saved → SBQ | Bosseln | Row 92
✅ Saved → SBQ | Bosseln | Row 93
✅ Saved → SBQ | Bosseln | Row 94
✅ Saved → SBQ | Bosseln | Row 95
✅ Saved → SBQ | Bosseln | Row 96
✅ Saved → SBQ | Bosseln | Row 97
✅ Saved → SBQ | Bosseln | Row 98
✅ Saved → SBQ | Bosseln | Row 99
✅ Saved → SBQ | Bosseln | Row 100
✅ Saved → SBQ | Bosseln | Row 101
✅ Saved → SBQ | Bosseln | Row 102
✅ Saved → SBQ | Bosseln | Row 103
✅ Saved → SBQ | Bosseln | Row 104
✅ Saved → SBQ | Bosseln | Row 105
✅ Saved → SBQ | Bosseln | Row 106
✅ Saved → SBQ | Bosseln | Row 107
✅ Saved → SBQ | Bosseln | Row 108
✅ Saved → SBQ | Bosseln | Row 109
✅ Saved → SBQ | Bosseln | Row 110
✅ Saved → SBQ | Bosseln | Row 111
✅ Saved → SBQ | Bosseln | Row 112
✅ Saved → SBQ | Bosseln | Row 113
✅ Saved → SBQ | Bosseln | Row 114
✅ Saved → SBQ | Bosseln | Row 115
✅ Saved → SBQ | Bosseln | Row 116
✅ Saved → SBQ | Bosseln | Row 117
✅ Saved → SBQ | Bosseln | Row 118
✅ Saved → SBQ | Bosseln | Row 119
✅ Saved → SBQ | Bosseln | Row 120
✅ Saved → SBQ | Bosseln | Row 121
✅ Saved → SBQ | Bosseln | Row 122
✅ Saved → SBQ | Bosseln | Row 123
✅ Saved → SBQ | Bosseln | Row 124
✅ Saved → SBQ | Bosseln | Row 125
✅ Saved → SBQ | Bosseln | Row 126
✅ Saved → SBQ | Bosseln | Row 127
✅ Saved → SBQ | Bosseln | Row 128
✅ Saved → SBQ | Bosseln | Row 129
✅ Saved → SBQ | Bosseln | Row 130
✅ Saved → SBQ | Bosseln | Row 131
✅ Saved → SBQ | Bosseln | Row 132
✅ Saved → SBQ | Bosseln | Row 133
✅ Saved → SBQ | Bosseln | Row 134
✅ Saved → SBQ | Bosseln | Row 135
✅ Saved → SBQ | Bosseln | Row 136
✅ Saved → SBQ | Bosseln | Row 137
✅ Saved → SBQ | Bosseln | Row 138
✅ Saved → SBQ | Bosseln | Row 139
✅ Saved → SBQ | Bosseln | Row 140
✅ Saved → SBQ | Bosseln | Row 141
✅ Saved → SBQ | Bosseln | Row 142
✅ Saved → SBQ | Bosseln | Row 143
✅ Saved → SBQ | Bosseln | Row 144
✅ Saved → SBQ | Bosseln | Row 145
✅ Saved → SBQ | Bosseln | Row 146
✅ Saved → SBQ | Bosseln | Row 147
✅ Saved → SBQ | Bosseln | Row 148
✅ Saved → SBQ | Bosseln | Row 149
✅ Saved → SBQ | Bosseln | Row 150
✅ Saved → SBQ | Bosseln | Row 151
✅ Saved → SBQ | Bosseln | Row 152
✅ Saved → SBQ | Bosseln | Row 153
✅ Saved → SBQ | Bosseln | Row 154
✅ Saved → SBQ | Bosseln | Row 155
✅ Saved → SBQ | Bosseln | Row 156
✅ Saved → SBQ | Bosseln | Row 157
✅ Saved → SBQ | Bosseln | Row 158
✅ Saved → SBQ | Bosseln | Row 159
✅ Saved → SBQ | Bosseln | Row 160
✅ Saved → SBQ | Bosseln | Row 161
✅ Saved → SBQ | Bosseln | Row 162
✅ Saved → SBQ | Bosseln | Row 163
✅ Saved → SBQ | Bosseln | Row 164
✅ Saved → SBQ | Bosseln | Row 165
✅ Saved → SBQ | Bosseln | Row 166
Radball (Cycle Ball)
✅ Saved → SBQ | Radball (Cycle Ball) | Row 0
✅ Saved → SBQ | Radball (Cycle Ball) | Row 1
✅ Saved → SBQ | Radball (Cycle Ball) | Row 2
✅ Saved → SBQ | Radball (Cycle Ball) | Row 3
✅ Saved → SBQ | Radball (Cycle Ball) | Row 4
✅ Saved → SBQ | Radball (Cycle Ball) | Row 5
✅ Saved → SBQ | Radball (Cycle Ball) | Row 6
✅ Saved → SBQ | Radball (Cycle Ball) | Row 7
✅ Saved → SBQ | Radball (Cycle Ball) | Row 8
✅ Saved → SBQ | Radball (Cycle Ball) | Row 9
✅ Saved → SBQ | Radball (Cycle Ball) | Row 10
✅ Saved → SBQ | Radball (Cycle Ball) | Row 11
✅ Saved → SBQ | Radball (Cycle Ball) | Row 12
✅ Saved → SBQ | Radball (Cycle Ball) | Row 13
✅ Saved → SBQ | Radball (Cycle Ball) | Row 14
✅ Saved → SBQ | Radball (Cycle Ball) | Row 15
✅ Saved → SBQ | Radball (Cycle Ball) | Row 16
✅ Saved → SBQ | Radball (Cycle Ball) | Row 17
✅ Saved → SBQ | Radball (Cycle Ball) | Row 18
✅ Saved → SBQ | Radball (Cycle Ball) | Row 19
✅ Saved → SBQ | Radball (Cycle Ball) | Row 20
✅ Saved → SBQ | Radball (Cycle Ball) | Row 21
✅ Saved → SBQ | Radball (Cycle Ball) | Row 22
✅ Saved → SBQ | Radball (Cycle Ball) | Row 23
✅ Saved → SBQ | Radball (Cycle Ball) | Row 24
✅ Saved → SBQ | Radball (Cycle Ball) | Row 25
✅ Saved → SBQ | Radball (Cycle Ball) | Row 26
✅ Saved → SBQ | Radball (Cycle Ball) | Row 27
✅ Saved → SBQ | Radball (Cycle Ball) | Row 28
✅ Saved → SBQ | Radball (Cycle Ball) | Row 29
✅ Saved → SBQ | Radball (Cycle Ball) | Row 30
✅ Saved → SBQ | Radball (Cycle Ball) | Row 31
✅ Saved → SBQ | Radball (Cycle Ball) | Row 32
✅ Saved → SBQ | Radball (Cycle Ball) | Row 33
✅ Saved → SBQ | Radball (Cycle Ball) | Row 34
✅ Saved → SBQ | Radball (Cycle Ball) | Row 35
✅ Saved → SBQ | Radball (Cycle Ball) | Row 36
✅ Saved → SBQ | Radball (Cycle Ball) | Row 37
✅ Saved → SBQ | Radball (Cycle Ball) | Row 38
✅ Saved → SBQ | Radball (Cycle Ball) | Row 39
✅ Saved → SBQ | Radball (Cycle Ball) | Row 40
✅ Saved → SBQ | Radball (Cycle Ball) | Row 41
✅ Saved → SBQ | Radball (Cycle Ball) | Row 42
✅ Saved → SBQ | Radball (Cycle Ball) | Row 43
✅ Saved → SBQ | Radball (Cycle Ball) | Row 44
✅ Saved → SBQ | Radball (Cycle Ball) | Row 45
✅ Saved → SBQ | Radball (Cycle Ball) | Row 46
✅ Saved → SBQ | Radball (Cycle Ball) | Row 47
✅ Saved → SBQ | Radball (Cycle Ball) | Row 48
✅ Saved → SBQ | Radball (Cycle Ball) | Row 49
✅ Saved → SBQ | Radball (Cycle Ball) | Row 50
✅ Saved → SBQ | Radball (Cycle Ball) | Row 51
✅ Saved → SBQ | Radball (Cycle Ball) | Row 52
✅ Saved → SBQ | Radball (Cycle Ball) | Row 53
✅ Saved → SBQ | Radball (Cycle Ball) | Row 54
✅ Saved → SBQ | Radball (Cycle Ball) | Row 55
✅ Saved → SBQ | Radball (Cycle Ball) | Row 56
✅ Saved → SBQ | Radball (Cycle Ball) | Row 57
✅ Saved → SBQ | Radball (Cycle Ball) | Row 58
✅ Saved → SBQ | Radball (Cycle Ball) | Row 59
✅ Saved → SBQ | Radball (Cycle Ball) | Row 60
✅ Saved → SBQ | Radball (Cycle Ball) | Row 61
✅ Saved → SBQ | Radball (Cycle Ball) | Row 62
✅ Saved → SBQ | Radball (Cycle Ball) | Row 63
✅ Saved → SBQ | Radball (Cycle Ball) | Row 64
✅ Saved → SBQ | Radball (Cycle Ball) | Row 65
✅ Saved → SBQ | Radball (Cycle Ball) | Row 66
✅ Saved → SBQ | Radball (Cycle Ball) | Row 67
✅ Saved → SBQ | Radball (Cycle Ball) | Row 68
✅ Saved → SBQ | Radball (Cycle Ball) | Row 69
✅ Saved → SBQ | Radball (Cycle Ball) | Row 70
✅ Saved → SBQ | Radball (Cycle Ball) | Row 71
✅ Saved → SBQ | Radball (Cycle Ball) | Row 72
✅ Saved → SBQ | Radball (Cycle Ball) | Row 73
✅ Saved → SBQ | Radball (Cycle Ball) | Row 74
✅ Saved → SBQ | Radball (Cycle Ball) | Row 75
✅ Saved → SBQ | Radball (Cycle Ball) | Row 76
✅ Saved → SBQ | Radball (Cycle Ball) | Row 77
✅ Saved → SBQ | Radball (Cycle Ball) | Row 78
✅ Saved → SBQ | Radball (Cycle Ball) | Row 79
✅ Saved → SBQ | Radball (Cycle Ball) | Row 80
✅ Saved → SBQ | Radball (Cycle Ball) | Row 81
✅ Saved → SBQ | Radball (Cycle Ball) | Row 82
✅ Saved → SBQ | Radball (Cycle Ball) | Row 83
✅ Saved → SBQ | Radball (Cycle Ball) | Row 84
✅ Saved → SBQ | Radball (Cycle Ball) | Row 85
✅ Saved → SBQ | Radball (Cycle Ball) | Row 86
✅ Saved → SBQ | Radball (Cycle Ball) | Row 87
✅ Saved → SBQ | Radball (Cycle Ball) | Row 88
✅ Saved → SBQ | Radball (Cycle Ball) | Row 89
✅ Saved → SBQ | Radball (Cycle Ball) | Row 90
✅ Saved → SBQ | Radball (Cycle Ball) | Row 91
✅ Saved → SBQ | Radball (Cycle Ball) | Row 92
✅ Saved → SBQ | Radball (Cycle Ball) | Row 93
✅ Saved → SBQ | Radball (Cycle Ball) | Row 94
✅ Saved → SBQ | Radball (Cycle Ball) | Row 95
✅ Saved → SBQ | Radball (Cycle Ball) | Row 96
✅ Saved → SBQ | Radball (Cycle Ball) | Row 97
✅ Saved → SBQ | Radball (Cycle Ball) | Row 98
✅ Saved → SBQ | Radball (Cycle Ball) | Row 99
✅ Saved → SBQ | Radball (Cycle Ball) | Row 100
✅ Saved → SBQ | Radball (Cycle Ball) | Row 101
✅ Saved → SBQ | Radball (Cycle Ball) | Row 102
✅ Saved → SBQ | Radball (Cycle Ball) | Row 103
✅ Saved → SBQ | Radball (Cycle Ball) | Row 104
✅ Saved → SBQ | Radball (Cycle Ball) | Row 105
✅ Saved → SBQ | Radball (Cycle Ball) | Row 106
✅ Saved → SBQ | Radball (Cycle Ball) | Row 107
✅ Saved → SBQ | Radball (Cycle Ball) | Row 108
✅ Saved → SBQ | Radball (Cycle Ball) | Row 109
✅ Saved → SBQ | Radball (Cycle Ball) | Row 110
✅ Saved → SBQ | Radball (Cycle Ball) | Row 111
✅ Saved → SBQ | Radball (Cycle Ball) | Row 112
✅ Saved → SBQ | Radball (Cycle Ball) | Row 113
✅ Saved → SBQ | Radball (Cycle Ball) | Row 114
✅ Saved → SBQ | Radball (Cycle Ball) | Row 115
✅ Saved → SBQ | Radball (Cycle Ball) | Row 116
✅ Saved → SBQ | Radball (Cycle Ball) | Row 117
✅ Saved → SBQ | Radball (Cycle Ball) | Row 118
✅ Saved → SBQ | Radball (Cycle Ball) | Row 119
✅ Saved → SBQ | Radball (Cycle Ball) | Row 120
✅ Saved → SBQ | Radball (Cycle Ball) | Row 121
✅ Saved → SBQ | Radball (Cycle Ball) | Row 122
✅ Saved → SBQ | Radball (Cycle Ball) | Row 123
✅ Saved → SBQ | Radball (Cycle Ball) | Row 124
✅ Saved → SBQ | Radball (Cycle Ball) | Row 125
✅ Saved → SBQ | Radball (Cycle Ball) | Row 126
✅ Saved → SBQ | Radball (Cycle Ball) | Row 127
✅ Saved → SBQ | Radball (Cycle Ball) | Row 128
✅ Saved → SBQ | Radball (Cycle Ball) | Row 129
✅ Saved → SBQ | Radball (Cycle Ball) | Row 130
✅ Saved → SBQ | Radball (Cycle Ball) | Row 131
✅ Saved → SBQ | Radball (Cycle Ball) | Row 132
✅ Saved → SBQ | Radball (Cycle Ball) | Row 133
✅ Saved → SBQ | Radball (Cycle Ball) | Row 134
✅ Saved → SBQ | Radball (Cycle Ball) | Row 135
✅ Saved → SBQ | Radball (Cycle Ball) | Row 136
✅ Saved → SBQ | Radball (Cycle Ball) | Row 137
✅ Saved → SBQ | Radball (Cycle Ball) | Row 138
✅ Saved → SBQ | Radball (Cycle Ball) | Row 139
✅ Saved → SBQ | Radball (Cycle Ball) | Row 140
✅ Saved → SBQ | Radball (Cycle Ball) | Row 141
✅ Saved → SBQ | Radball (Cycle Ball) | Row 142
✅ Saved → SBQ | Radball (Cycle Ball) | Row 143
✅ Saved → SBQ | Radball (Cycle Ball) | Row 144
✅ Saved → SBQ | Radball (Cycle Ball) | Row 145
✅ Saved → SBQ | Radball (Cycle Ball) | Row 146
Klootschießen
✅ Saved → SBQ | Klootschießen | Row 0
✅ Saved → SBQ | Klootschießen | Row 1
✅ Saved → SBQ | Klootschießen | Row 2
✅ Saved → SBQ | Klootschießen | Row 3
✅ Saved → SBQ | Klootschießen | Row 4
✅ Saved → SBQ | Klootschießen | Row 5
✅ Saved → SBQ | Klootschießen | Row 6
✅ Saved → SBQ | Klootschießen | Row 7
✅ Saved → SBQ | Klootschießen | Row 8
✅ Saved → SBQ | Klootschießen | Row 9
✅ Saved → SBQ | Klootschießen | Row 10
✅ Saved → SBQ | Klootschießen | Row 11
✅ Saved → SBQ | Klootschießen | Row 12
✅ Saved → SBQ | Klootschießen | Row 13
✅ Saved → SBQ | Klootschießen | Row 14
✅ Saved → SBQ | Klootschießen | Row 15
✅ Saved → SBQ | Klootschießen | Row 16
✅ Saved → SBQ | Klootschießen | Row 17
✅ Saved → SBQ | Klootschießen | Row 18
✅ Saved → SBQ | Klootschießen | Row 19
✅ Saved → SBQ | Klootschießen | Row 20
✅ Saved → SBQ | Klootschießen | Row 21
✅ Saved → SBQ | Klootschießen | Row 22
✅ Saved → SBQ | Klootschießen | Row 23
✅ Saved → SBQ | Klootschießen | Row 24
✅ Saved → SBQ | Klootschießen | Row 25
✅ Saved → SBQ | Klootschießen | Row 26
✅ Saved → SBQ | Klootschießen | Row 27
✅ Saved → SBQ | Klootschießen | Row 28
✅ Saved → SBQ | Klootschießen | Row 29
✅ Saved → SBQ | Klootschießen | Row 30
✅ Saved → SBQ | Klootschießen | Row 31
✅ Saved → SBQ | Klootschießen | Row 32
✅ Saved → SBQ | Klootschießen | Row 33
✅ Saved → SBQ | Klootschießen | Row 34
✅ Saved → SBQ | Klootschießen | Row 35
✅ Saved → SBQ | Klootschießen | Row 36
✅ Saved → SBQ | Klootschießen | Row 37
✅ Saved → SBQ | Klootschießen | Row 38
✅ Saved → SBQ | Klootschießen | Row 39
✅ Saved → SBQ | Klootschießen | Row 40
✅ Saved → SBQ | Klootschießen | Row 41
✅ Saved → SBQ | Klootschießen | Row 42
✅ Saved → SBQ | Klootschießen | Row 43
✅ Saved → SBQ | Klootschießen | Row 44
✅ Saved → SBQ | Klootschießen | Row 45
✅ Saved → SBQ | Klootschießen | Row 46
✅ Saved → SBQ | Klootschießen | Row 47
✅ Saved → SBQ | Klootschießen | Row 48
✅ Saved → SBQ | Klootschießen | Row 49
✅ Saved → SBQ | Klootschießen | Row 50
✅ Saved → SBQ | Klootschießen | Row 51
✅ Saved → SBQ | Klootschießen | Row 52
✅ Saved → SBQ | Klootschießen | Row 53
✅ Saved → SBQ | Klootschießen | Row 54
✅ Saved → SBQ | Klootschießen | Row 55
✅ Saved → SBQ | Klootschießen | Row 56
✅ Saved → SBQ | Klootschießen | Row 58
✅ Saved → SBQ | Klootschießen | Row 59
✅ Saved → SBQ | Klootschießen | Row 60
✅ Saved → SBQ | Klootschießen | Row 61
✅ Saved → SBQ | Klootschießen | Row 62
✅ Saved → SBQ | Klootschießen | Row 63
✅ Saved → SBQ | Klootschießen | Row 64
✅ Saved → SBQ | Klootschießen | Row 65
✅ Saved → SBQ | Klootschießen | Row 66
✅ Saved → SBQ | Klootschießen | Row 67
✅ Saved → SBQ | Klootschießen | Row 68
✅ Saved → SBQ | Klootschießen | Row 69
✅ Saved → SBQ | Klootschießen | Row 70
✅ Saved → SBQ | Klootschießen | Row 71
✅ Saved → SBQ | Klootschießen | Row 72
✅ Saved → SBQ | Klootschießen | Row 73
✅ Saved → SBQ | Klootschießen | Row 74
✅ Saved → SBQ | Klootschießen | Row 75
✅ Saved → SBQ | Klootschießen | Row 76
✅ Saved → SBQ | Klootschießen | Row 77
✅ Saved → SBQ | Klootschießen | Row 78
✅ Saved → SBQ | Klootschießen | Row 79
✅ Saved → SBQ | Klootschießen | Row 80
✅ Saved → SBQ | Klootschießen | Row 81
✅ Saved → SBQ | Klootschießen | Row 82
✅ Saved → SBQ | Klootschießen | Row 83
✅ Saved → SBQ | Klootschießen | Row 84
✅ Saved → SBQ | Klootschießen | Row 85
✅ Saved → SBQ | Klootschießen | Row 86
✅ Saved → SBQ | Klootschießen | Row 87
✅ Saved → SBQ | Klootschießen | Row 88
✅ Saved → SBQ | Klootschießen | Row 89
✅ Saved → SBQ | Klootschießen | Row 90
✅ Saved → SBQ | Klootschießen | Row 91
✅ Saved → SBQ | Klootschießen | Row 92
✅ Saved → SBQ | Klootschießen | Row 93
✅ Saved → SBQ | Klootschießen | Row 94
✅ Saved → SBQ | Klootschießen | Row 95
✅ Saved → SBQ | Klootschießen | Row 96
✅ Saved → SBQ | Klootschießen | Row 97
✅ Saved → SBQ | Klootschießen | Row 98
✅ Saved → SBQ | Klootschießen | Row 99
✅ Saved → SBQ | Klootschießen | Row 100
✅ Saved → SBQ | Klootschießen | Row 101
✅ Saved → SBQ | Klootschießen | Row 102
✅ Saved → SBQ | Klootschießen | Row 103
✅ Saved → SBQ | Klootschießen | Row 104
✅ Saved → SBQ | Klootschießen | Row 105
✅ Saved → SBQ | Klootschießen | Row 106
✅ Saved → SBQ | Klootschießen | Row 107
✅ Saved → SBQ | Klootschießen | Row 108
✅ Saved → SBQ | Klootschießen | Row 109
✅ Saved → SBQ | Klootschießen | Row 110
✅ Saved → SBQ | Klootschießen | Row 111
✅ Saved → SBQ | Klootschießen | Row 112
✅ Saved → SBQ | Klootschießen | Row 113
✅ Saved → SBQ | Klootschießen | Row 114
✅ Saved → SBQ | Klootschießen | Row 115
✅ Saved → SBQ | Klootschießen | Row 116
✅ Saved → SBQ | Klootschießen | Row 117
✅ Saved → SBQ | Klootschießen | Row 118
✅ Saved → SBQ | Klootschießen | Row 119
✅ Saved → SBQ | Klootschießen | Row 120
✅ Saved → SBQ | Klootschießen | Row 121
✅ Saved → SBQ | Klootschießen | Row 122
✅ Saved → SBQ | Klootschießen | Row 123
✅ Saved → SBQ | Klootschießen | Row 124
✅ Saved → SBQ | Klootschießen | Row 125
✅ Saved → SBQ | Klootschießen | Row 126
✅ Saved → SBQ | Klootschießen | Row 127
✅ Saved → SBQ | Klootschießen | Row 128
✅ Saved → SBQ | Klootschießen | Row 129
✅ Saved → SBQ | Klootschießen | Row 130
✅ Saved → SBQ | Klootschießen | Row 131
✅ Saved → SBQ | Klootschießen | Row 132
✅ Saved → SBQ | Klootschießen | Row 133
✅ Saved → SBQ | Klootschießen | Row 134
✅ Saved → SBQ | Klootschießen | Row 135
✅ Saved → SBQ | Klootschießen | Row 136
✅ Saved → SBQ | Klootschießen | Row 137
✅ Saved → SBQ | Klootschießen | Row 138
✅ Saved → SBQ | Klootschießen | Row 139
✅ Saved → SBQ | Klootschießen | Row 140
✅ Saved → SBQ | Klootschießen | Row 141
✅ Saved → SBQ | Klootschießen | Row 142
✅ Saved → SBQ | Klootschießen | Row 143
✅ Saved → SBQ | Klootschießen | Row 144
✅ Saved → SBQ | Klootschießen | Row 145
✅ Saved → SBQ | Klootschießen | Row 146
✅ Saved → SBQ | Klootschießen | Row 147
✅ Saved → SBQ | Klootschießen | Row 148
✅ Saved → SBQ | Klootschießen | Row 149
✅ Saved → SBQ | Klootschießen | Row 150
✅ Saved → SBQ | Klootschießen | Row 151
✅ Saved → SBQ | Klootschießen | Row 152
✅ Saved → SBQ | Klootschießen | Row 153
✅ Saved → SBQ | Klootschießen | Row 154
✅ Saved → SBQ | Klootschießen | Row 155
✅ Saved → SBQ | Klootschießen | Row 156
✅ Saved → SBQ | Klootschießen | Row 157
✅ Saved → SBQ | Klootschießen | Row 158
✅ Saved → SBQ | Klootschießen | Row 159
✅ Saved → SBQ | Klootschießen | Row 160
✅ Saved → SBQ | Klootschießen | Row 161
✅ Saved → SBQ | Klootschießen | Row 162
✅ Saved → SBQ | Klootschießen | Row 163
✅ Saved → SBQ | Klootschießen | Row 164
Quoits (Ringspiel)

✅ COMPLETE!
📄 Live-updating CSV: /DATA/rohan_kirti/country/germany/SBQ/Results_SBQ.csv
Ended at: 10:00:54
Total Duration: 0:40:42.016341
✅ Successfully created '/DATA/rohan_kirti/country/germany/SBQ/Results_SBQ.xlsx'
