Started at: 09:50:59

📌 Processing: /DATA/rohan_kirti/country/sudan/HBQ/Sudan_HBQ.xlsx
✅ Saved → HBQ | Cow_Fighting | Row 0
✅ Saved → HBQ | Cow_Fighting | Row 1
✅ Saved → HBQ | Cow_Fighting | Row 2
✅ Saved → HBQ | Cow_Fighting | Row 3
✅ Saved → HBQ | Cow_Fighting | Row 4
✅ Saved → HBQ | Cow_Fighting | Row 5
✅ Saved → HBQ | Cow_Fighting | Row 6
✅ Saved → HBQ | Cow_Fighting | Row 7
✅ Saved → HBQ | Cow_Fighting | Row 8
✅ Saved → HBQ | Cow_Fighting | Row 9
✅ Saved → HBQ | Cow_Fighting | Row 10
✅ Saved → HBQ | Cow_Fighting | Row 11
✅ Saved → HBQ | Cow_Fighting | Row 12
✅ Saved → HBQ | Cow_Fighting | Row 13
✅ Saved → HBQ | Cow_Fighting | Row 14
✅ Saved → HBQ | Cow_Fighting | Row 15
✅ Saved → HBQ | Cow_Fighting | Row 16
✅ Saved → HBQ | Cow_Fighting | Row 17
✅ Saved → HBQ | Cow_Fighting | Row 18
✅ Saved → HBQ | Cow_Fighting | Row 19
✅ Saved → HBQ | Cow_Fighting | Row 20
✅ Saved → HBQ | Cow_Fighting | Row 21
✅ Saved → HBQ | Cow_Fighting | Row 22
✅ Saved → HBQ | Cow_Fighting | Row 23
✅ Saved → HBQ | Cow_Fighting | Row 24
✅ Saved → HBQ | Cow_Fighting | Row 25
✅ Saved → HBQ | Cow_Fighting | Row 26
✅ Saved → HBQ | Cow_Fighting | Row 27
✅ Saved → HBQ | Cow_Fighting | Row 28
✅ Saved → HBQ | Cow_Fighting | Row 29
✅ Saved → HBQ | Cow_Fighting | Row 30
✅ Saved → HBQ | Cow_Fighting | Row 31
✅ Saved → HBQ | Cow_Fighting | Row 32
✅ Saved → HBQ | Cow_Fighting | Row 33
✅ Saved → HBQ | Cow_Fighting | Row 34
✅ Saved → HBQ | Cow_Fighting | Row 35
✅ Saved → HBQ | Cow_Fighting | Row 36
✅ Saved → HBQ | Cow_Fighting | Row 37
✅ Saved → HBQ | Cow_Fighting | Row 38
✅ Saved → HBQ | Cow_Fighting | Row 39
✅ Saved → HBQ | Cow_Fighting | Row 40
✅ Saved → HBQ | Cow_Fighting | Row 41
✅ Saved → HBQ | Cow_Fighting | Row 42
✅ Saved → HBQ | Cow_Fighting | Row 43
✅ Saved → HBQ | Cow_Fighting | Row 44
✅ Saved → HBQ | Cow_Fighting | Row 45
✅ Saved → HBQ | Cow_Fighting | Row 46
✅ Saved → HBQ | Cow_Fighting | Row 47
✅ Saved → HBQ | Cow_Fighting | Row 48
✅ Saved → HBQ | Cow_Fighting | Row 49
✅ Saved → HBQ | Cow_Fighting | Row 50
✅ Saved → HBQ | Cow_Fighting | Row 51
✅ Saved → HBQ | Cow_Fighting | Row 52
✅ Saved → HBQ | Cow_Fighting | Row 53
✅ Saved → HBQ | Cow_Fighting | Row 54
✅ Saved → HBQ | Cow_Fighting | Row 55
✅ Saved → HBQ | Cow_Fighting | Row 56
✅ Saved → HBQ | Cow_Fighting | Row 57
✅ Saved → HBQ | Cow_Fighting | Row 58
✅ Saved → HBQ | Cow_Fighting | Row 59
✅ Saved → HBQ | Cow_Fighting | Row 60
✅ Saved → HBQ | Cow_Fighting | Row 61
✅ Saved → HBQ | Cow_Fighting | Row 62
✅ Saved → HBQ | Cow_Fighting | Row 63
✅ Saved → HBQ | Cow_Fighting | Row 64
✅ Saved → HBQ | Cow_Fighting | Row 65
✅ Saved → HBQ | Cow_Fighting | Row 66
✅ Saved → HBQ | Cow_Fighting | Row 67
✅ Saved → HBQ | Cow_Fighting | Row 68
✅ Saved → HBQ | Cow_Fighting | Row 69
✅ Saved → HBQ | Cow_Fighting | Row 70
✅ Saved → HBQ | Cow_Fighting | Row 71
✅ Saved → HBQ | Cow_Fighting | Row 72
✅ Saved → HBQ | Cow_Fighting | Row 73
✅ Saved → HBQ | Cow_Fighting | Row 74
✅ Saved → HBQ | Cow_Fighting | Row 75
✅ Saved → HBQ | Cow_Fighting | Row 76
✅ Saved → HBQ | Cow_Fighting | Row 77
✅ Saved → HBQ | Cow_Fighting | Row 78
✅ Saved → HBQ | Cow_Fighting | Row 79
✅ Saved → HBQ | Cow_Fighting | Row 80
✅ Saved → HBQ | Cow_Fighting | Row 81
✅ Saved → HBQ | Cow_Fighting | Row 82
✅ Saved → HBQ | Cow_Fighting | Row 83
✅ Saved → HBQ | Cow_Fighting | Row 84
✅ Saved → HBQ | Cow_Fighting | Row 85
✅ Saved → HBQ | Cow_Fighting | Row 86
✅ Saved → HBQ | Cow_Fighting | Row 87
✅ Saved → HBQ | Cow_Fighting | Row 88
✅ Saved → HBQ | Cow_Fighting | Row 89
✅ Saved → HBQ | Cow_Fighting | Row 90
✅ Saved → HBQ | Cow_Fighting | Row 91
✅ Saved → HBQ | Cow_Fighting | Row 92
✅ Saved → HBQ | Cow_Fighting | Row 93
✅ Saved → HBQ | Cow_Fighting | Row 94
✅ Saved → HBQ | Cow_Fighting | Row 95
✅ Saved → HBQ | Cow_Fighting | Row 96
✅ Saved → HBQ | Cow_Fighting | Row 97
✅ Saved → HBQ | Cow_Fighting | Row 98
✅ Saved → HBQ | Cow_Fighting | Row 99
✅ Saved → HBQ | Cow_Fighting | Row 100
✅ Saved → HBQ | Cow_Fighting | Row 101
✅ Saved → HBQ | Cow_Fighting | Row 102
✅ Saved → HBQ | Cow_Fighting | Row 103
✅ Saved → HBQ | Cow_Fighting | Row 104
✅ Saved → HBQ | Cow_Fighting | Row 105
✅ Saved → HBQ | Cow_Fighting | Row 106
✅ Saved → HBQ | Cow_Fighting | Row 107
✅ Saved → HBQ | Cow_Fighting | Row 108
✅ Saved → HBQ | Cow_Fighting | Row 109
✅ Saved → HBQ | Cow_Fighting | Row 110
✅ Saved → HBQ | Cow_Fighting | Row 111
✅ Saved → HBQ | Cow_Fighting | Row 112
✅ Saved → HBQ | Cow_Fighting | Row 113
✅ Saved → HBQ | Cow_Fighting | Row 114
✅ Saved → HBQ | Cow_Fighting | Row 115
✅ Saved → HBQ | Cow_Fighting | Row 116
✅ Saved → HBQ | Cow_Fighting | Row 117
✅ Saved → HBQ | Cow_Fighting | Row 118
✅ Saved → HBQ | Cow_Fighting | Row 119
✅ Saved → HBQ | Cow_Fighting | Row 120
✅ Saved → HBQ | Cow_Fighting | Row 121
✅ Saved → HBQ | Cow_Fighting | Row 122
✅ Saved → HBQ | Cow_Fighting | Row 123
✅ Saved → HBQ | Cow_Fighting | Row 124
✅ Saved → HBQ | Cow_Fighting | Row 125
✅ Saved → HBQ | Cow_Fighting | Row 126
✅ Saved → HBQ | Cow_Fighting | Row 127
✅ Saved → HBQ | Cow_Fighting | Row 128
✅ Saved → HBQ | Cow_Fighting | Row 129
✅ Saved → HBQ | Cow_Fighting | Row 130
✅ Saved → HBQ | Cow_Fighting | Row 131
✅ Saved → HBQ | Cow_Fighting | Row 132
✅ Saved → HBQ | Cow_Fighting | Row 133
✅ Saved → HBQ | Cow_Fighting | Row 134
✅ Saved → HBQ | Cow_Fighting | Row 135
✅ Saved → HBQ | Cow_Fighting | Row 136
✅ Saved → HBQ | Cow_Fighting | Row 137
✅ Saved → HBQ | Cow_Fighting | Row 138
✅ Saved → HBQ | Cow_Fighting | Row 139
✅ Saved → HBQ | Cow_Fighting | Row 140
✅ Saved → HBQ | Cow_Fighting | Row 141
✅ Saved → HBQ | Cow_Fighting | Row 142
✅ Saved → HBQ | Cow_Fighting | Row 143
✅ Saved → HBQ | Horse_Racing | Row 0
✅ Saved → HBQ | Horse_Racing | Row 1
✅ Saved → HBQ | Horse_Racing | Row 2
✅ Saved → HBQ | Horse_Racing | Row 3
✅ Saved → HBQ | Horse_Racing | Row 4
✅ Saved → HBQ | Horse_Racing | Row 5
✅ Saved → HBQ | Horse_Racing | Row 6
✅ Saved → HBQ | Horse_Racing | Row 7
✅ Saved → HBQ | Horse_Racing | Row 8
✅ Saved → HBQ | Horse_Racing | Row 9
✅ Saved → HBQ | Horse_Racing | Row 10
✅ Saved → HBQ | Horse_Racing | Row 11
✅ Saved → HBQ | Horse_Racing | Row 12
✅ Saved → HBQ | Horse_Racing | Row 13
✅ Saved → HBQ | Horse_Racing | Row 14
✅ Saved → HBQ | Horse_Racing | Row 15
✅ Saved → HBQ | Horse_Racing | Row 16
✅ Saved → HBQ | Horse_Racing | Row 17
✅ Saved → HBQ | Horse_Racing | Row 18
✅ Saved → HBQ | Horse_Racing | Row 19
✅ Saved → HBQ | Horse_Racing | Row 20
✅ Saved → HBQ | Horse_Racing | Row 21
✅ Saved → HBQ | Horse_Racing | Row 22
✅ Saved → HBQ | Horse_Racing | Row 23
✅ Saved → HBQ | Horse_Racing | Row 24
✅ Saved → HBQ | Horse_Racing | Row 25
✅ Saved → HBQ | Horse_Racing | Row 26
✅ Saved → HBQ | Horse_Racing | Row 27
✅ Saved → HBQ | Horse_Racing | Row 28
✅ Saved → HBQ | Horse_Racing | Row 29
✅ Saved → HBQ | Horse_Racing | Row 30
✅ Saved → HBQ | Horse_Racing | Row 31
✅ Saved → HBQ | Horse_Racing | Row 32
✅ Saved → HBQ | Horse_Racing | Row 33
✅ Saved → HBQ | Horse_Racing | Row 34
✅ Saved → HBQ | Horse_Racing | Row 35
✅ Saved → HBQ | Horse_Racing | Row 36
✅ Saved → HBQ | Horse_Racing | Row 37
✅ Saved → HBQ | Horse_Racing | Row 38
✅ Saved → HBQ | Horse_Racing | Row 39
✅ Saved → HBQ | Horse_Racing | Row 40
✅ Saved → HBQ | Horse_Racing | Row 41
✅ Saved → HBQ | Horse_Racing | Row 42
✅ Saved → HBQ | Horse_Racing | Row 43
✅ Saved → HBQ | Horse_Racing | Row 44
✅ Saved → HBQ | Horse_Racing | Row 45
✅ Saved → HBQ | Horse_Racing | Row 46
✅ Saved → HBQ | Horse_Racing | Row 47
✅ Saved → HBQ | Horse_Racing | Row 48
✅ Saved → HBQ | Horse_Racing | Row 49
✅ Saved → HBQ | Horse_Racing | Row 50
✅ Saved → HBQ | Horse_Racing | Row 51
✅ Saved → HBQ | Horse_Racing | Row 52
✅ Saved → HBQ | Horse_Racing | Row 53
✅ Saved → HBQ | Horse_Racing | Row 54
✅ Saved → HBQ | Horse_Racing | Row 55
✅ Saved → HBQ | Horse_Racing | Row 56
✅ Saved → HBQ | Horse_Racing | Row 57
✅ Saved → HBQ | Horse_Racing | Row 58
✅ Saved → HBQ | Horse_Racing | Row 59
✅ Saved → HBQ | Horse_Racing | Row 60
✅ Saved → HBQ | Horse_Racing | Row 61
✅ Saved → HBQ | Horse_Racing | Row 62
✅ Saved → HBQ | Horse_Racing | Row 63
✅ Saved → HBQ | Horse_Racing | Row 64
✅ Saved → HBQ | Horse_Racing | Row 65
✅ Saved → HBQ | Horse_Racing | Row 66
✅ Saved → HBQ | Horse_Racing | Row 67
✅ Saved → HBQ | Horse_Racing | Row 68
✅ Saved → HBQ | Horse_Racing | Row 69
✅ Saved → HBQ | Horse_Racing | Row 70
✅ Saved → HBQ | Horse_Racing | Row 71
✅ Saved → HBQ | Horse_Racing | Row 72
✅ Saved → HBQ | Horse_Racing | Row 73
✅ Saved → HBQ | Horse_Racing | Row 74
✅ Saved → HBQ | Horse_Racing | Row 75
✅ Saved → HBQ | Horse_Racing | Row 76
✅ Saved → HBQ | Horse_Racing | Row 77
✅ Saved → HBQ | Horse_Racing | Row 78
✅ Saved → HBQ | Horse_Racing | Row 79
✅ Saved → HBQ | Horse_Racing | Row 80
✅ Saved → HBQ | Horse_Racing | Row 81
✅ Saved → HBQ | Horse_Racing | Row 82
✅ Saved → HBQ | Horse_Racing | Row 83
✅ Saved → HBQ | Horse_Racing | Row 84
✅ Saved → HBQ | Horse_Racing | Row 85
✅ Saved → HBQ | Horse_Racing | Row 86
✅ Saved → HBQ | Horse_Racing | Row 87
✅ Saved → HBQ | Horse_Racing | Row 88
✅ Saved → HBQ | Horse_Racing | Row 89
✅ Saved → HBQ | Horse_Racing | Row 90
✅ Saved → HBQ | Horse_Racing | Row 91
✅ Saved → HBQ | Horse_Racing | Row 92
✅ Saved → HBQ | Horse_Racing | Row 93
✅ Saved → HBQ | Horse_Racing | Row 94
✅ Saved → HBQ | Horse_Racing | Row 95
✅ Saved → HBQ | Horse_Racing | Row 96
✅ Saved → HBQ | Horse_Racing | Row 97
✅ Saved → HBQ | Horse_Racing | Row 98
✅ Saved → HBQ | Horse_Racing | Row 99
✅ Saved → HBQ | Horse_Racing | Row 100
✅ Saved → HBQ | Horse_Racing | Row 101
✅ Saved → HBQ | Horse_Racing | Row 102
✅ Saved → HBQ | Horse_Racing | Row 103
✅ Saved → HBQ | Horse_Racing | Row 104
✅ Saved → HBQ | Horse_Racing | Row 105
✅ Saved → HBQ | Horse_Racing | Row 106
✅ Saved → HBQ | Horse_Racing | Row 107
✅ Saved → HBQ | Horse_Racing | Row 108
✅ Saved → HBQ | Horse_Racing | Row 109
✅ Saved → HBQ | Horse_Racing | Row 110
✅ Saved → HBQ | Horse_Racing | Row 111
✅ Saved → HBQ | Horse_Racing | Row 112
✅ Saved → HBQ | Horse_Racing | Row 113
✅ Saved → HBQ | Horse_Racing | Row 114
✅ Saved → HBQ | Horse_Racing | Row 115
✅ Saved → HBQ | Horse_Racing | Row 116
✅ Saved → HBQ | Horse_Racing | Row 117
✅ Saved → HBQ | Horse_Racing | Row 118
✅ Saved → HBQ | Horse_Racing | Row 119
✅ Saved → HBQ | Horse_Racing | Row 120
✅ Saved → HBQ | Horse_Racing | Row 121
✅ Saved → HBQ | Horse_Racing | Row 122
✅ Saved → HBQ | Horse_Racing | Row 123
✅ Saved → HBQ | Horse_Racing | Row 124
✅ Saved → HBQ | Horse_Racing | Row 125
✅ Saved → HBQ | Horse_Racing | Row 126
✅ Saved → HBQ | Horse_Racing | Row 127
✅ Saved → HBQ | Horse_Racing | Row 128
✅ Saved → HBQ | Horse_Racing | Row 129
✅ Saved → HBQ | Horse_Racing | Row 130
✅ Saved → HBQ | Horse_Racing | Row 131
✅ Saved → HBQ | Horse_Racing | Row 132
✅ Saved → HBQ | Horse_Racing | Row 133
✅ Saved → HBQ | Horse_Racing | Row 134
✅ Saved → HBQ | Horse_Racing | Row 135
✅ Saved → HBQ | Horse_Racing | Row 136
✅ Saved → HBQ | Horse_Racing | Row 137
✅ Saved → HBQ | Horse_Racing | Row 138
✅ Saved → HBQ | Horse_Racing | Row 139
✅ Saved → HBQ | Horse_Racing | Row 140
✅ Saved → HBQ | Horse_Racing | Row 141
✅ Saved → HBQ | Horse_Racing | Row 142
✅ Saved → HBQ | Horse_Racing | Row 143
✅ Saved → HBQ | Nubian_Stick_Fighting | Row 0
✅ Saved → HBQ | Nubian_Stick_Fighting | Row 1
✅ Saved → HBQ | Nubian_Stick_Fighting | Row 2
✅ Saved → HBQ | Nubian_Stick_Fighting | Row 3
✅ Saved → HBQ | Nubian_Stick_Fighting | Row 4
✅ Saved → HBQ | Nubian_Stick_Fighting | Row 5
✅ Saved → HBQ | Nubian_Stick_Fighting | Row 6
✅ Saved → HBQ | Nubian_Stick_Fighting | Row 7
✅ Saved → HBQ | Nubian_Stick_Fighting | Row 8
✅ Saved → HBQ | Nubian_Stick_Fighting | Row 9
✅ Saved → HBQ | Nubian_Stick_Fighting | Row 10
✅ Saved → HBQ | Nubian_Stick_Fighting | Row 11
✅ Saved → HBQ | Nubian_Stick_Fighting | Row 12
✅ Saved → HBQ | Nubian_Stick_Fighting | Row 13
✅ Saved → HBQ | Nubian_Stick_Fighting | Row 14
✅ Saved → HBQ | Nubian_Stick_Fighting | Row 15
✅ Saved → HBQ | Nubian_Stick_Fighting | Row 16
✅ Saved → HBQ | Nubian_Stick_Fighting | Row 17
✅ Saved → HBQ | Nubian_Stick_Fighting | Row 18
✅ Saved → HBQ | Nubian_Stick_Fighting | Row 19
✅ Saved → HBQ | Nubian_Stick_Fighting | Row 20
✅ Saved → HBQ | Nubian_Stick_Fighting | Row 21
✅ Saved → HBQ | Nubian_Stick_Fighting | Row 22
✅ Saved → HBQ | Nubian_Stick_Fighting | Row 23
✅ Saved → HBQ | Nubian_Stick_Fighting | Row 24
✅ Saved → HBQ | Nubian_Stick_Fighting | Row 25
✅ Saved → HBQ | Nubian_Stick_Fighting | Row 26
✅ Saved → HBQ | Nubian_Stick_Fighting | Row 27
✅ Saved → HBQ | Nubian_Stick_Fighting | Row 28
✅ Saved → HBQ | Nubian_Stick_Fighting | Row 29
✅ Saved → HBQ | Nubian_Stick_Fighting | Row 30
✅ Saved → HBQ | Nubian_Stick_Fighting | Row 31
✅ Saved → HBQ | Nubian_Stick_Fighting | Row 32
✅ Saved → HBQ | Nubian_Stick_Fighting | Row 33
✅ Saved → HBQ | Nubian_Stick_Fighting | Row 34
✅ Saved → HBQ | Nubian_Stick_Fighting | Row 35
✅ Saved → HBQ | Nubian_Stick_Fighting | Row 36
✅ Saved → HBQ | Nubian_Stick_Fighting | Row 37
✅ Saved → HBQ | Nubian_Stick_Fighting | Row 38
✅ Saved → HBQ | Nubian_Stick_Fighting | Row 39
✅ Saved → HBQ | Nubian_Stick_Fighting | Row 40
✅ Saved → HBQ | Nubian_Stick_Fighting | Row 41
✅ Saved → HBQ | Nubian_Stick_Fighting | Row 42
✅ Saved → HBQ | Nubian_Stick_Fighting | Row 43
✅ Saved → HBQ | Nubian_Stick_Fighting | Row 44
✅ Saved → HBQ | Nubian_Stick_Fighting | Row 45
✅ Saved → HBQ | Nubian_Stick_Fighting | Row 46
✅ Saved → HBQ | Nubian_Stick_Fighting | Row 47
✅ Saved → HBQ | Nubian_Stick_Fighting | Row 48
✅ Saved → HBQ | Nubian_Stick_Fighting | Row 49
✅ Saved → HBQ | Nubian_Stick_Fighting | Row 50
✅ Saved → HBQ | Nubian_Stick_Fighting | Row 51
✅ Saved → HBQ | Nubian_Stick_Fighting | Row 52
✅ Saved → HBQ | Nubian_Stick_Fighting | Row 53
✅ Saved → HBQ | Nubian_Stick_Fighting | Row 54
✅ Saved → HBQ | Nubian_Stick_Fighting | Row 55
✅ Saved → HBQ | Nubian_Stick_Fighting | Row 56
✅ Saved → HBQ | Nubian_Stick_Fighting | Row 57
✅ Saved → HBQ | Nubian_Stick_Fighting | Row 58
✅ Saved → HBQ | Nubian_Stick_Fighting | Row 59
✅ Saved → HBQ | Nubian_Stick_Fighting | Row 60
✅ Saved → HBQ | Nubian_Stick_Fighting | Row 61
✅ Saved → HBQ | Nubian_Stick_Fighting | Row 62
✅ Saved → HBQ | Nubian_Stick_Fighting | Row 63
✅ Saved → HBQ | Nubian_Stick_Fighting | Row 64
✅ Saved → HBQ | Nubian_Stick_Fighting | Row 65
✅ Saved → HBQ | Nubian_Stick_Fighting | Row 66
✅ Saved → HBQ | Nubian_Stick_Fighting | Row 67
✅ Saved → HBQ | Nubian_Stick_Fighting | Row 68
✅ Saved → HBQ | Nubian_Stick_Fighting | Row 69
✅ Saved → HBQ | Nubian_Stick_Fighting | Row 70
✅ Saved → HBQ | Nubian_Stick_Fighting | Row 71
✅ Saved → HBQ | Nubian_Stick_Fighting | Row 72
✅ Saved → HBQ | Nubian_Stick_Fighting | Row 73
✅ Saved → HBQ | Nubian_Stick_Fighting | Row 74
✅ Saved → HBQ | Nubian_Stick_Fighting | Row 75
✅ Saved → HBQ | Nubian_Stick_Fighting | Row 76
✅ Saved → HBQ | Nubian_Stick_Fighting | Row 77
✅ Saved → HBQ | Nubian_Stick_Fighting | Row 78
✅ Saved → HBQ | Nubian_Stick_Fighting | Row 79
✅ Saved → HBQ | Nubian_Stick_Fighting | Row 80
✅ Saved → HBQ | Nubian_Stick_Fighting | Row 81
✅ Saved → HBQ | Nubian_Stick_Fighting | Row 82
✅ Saved → HBQ | Nubian_Stick_Fighting | Row 83
✅ Saved → HBQ | Nubian_Stick_Fighting | Row 84
✅ Saved → HBQ | Nubian_Stick_Fighting | Row 85
✅ Saved → HBQ | Nubian_Stick_Fighting | Row 86
✅ Saved → HBQ | Nubian_Stick_Fighting | Row 87
✅ Saved → HBQ | Nubian_Stick_Fighting | Row 88
✅ Saved → HBQ | Nubian_Stick_Fighting | Row 89
✅ Saved → HBQ | Nubian_Stick_Fighting | Row 90
✅ Saved → HBQ | Nubian_Stick_Fighting | Row 91
✅ Saved → HBQ | Nubian_Stick_Fighting | Row 92
✅ Saved → HBQ | Nubian_Stick_Fighting | Row 93
✅ Saved → HBQ | Nubian_Stick_Fighting | Row 94
✅ Saved → HBQ | Nubian_Stick_Fighting | Row 95
✅ Saved → HBQ | Nubian_Stick_Fighting | Row 96
✅ Saved → HBQ | Nubian_Stick_Fighting | Row 97
✅ Saved → HBQ | Nubian_Stick_Fighting | Row 98
✅ Saved → HBQ | Nubian_Stick_Fighting | Row 99
✅ Saved → HBQ | Nubian_Stick_Fighting | Row 100
✅ Saved → HBQ | Nubian_Stick_Fighting | Row 101
✅ Saved → HBQ | Nubian_Stick_Fighting | Row 102
✅ Saved → HBQ | Nubian_Stick_Fighting | Row 103
✅ Saved → HBQ | Nubian_Stick_Fighting | Row 104
✅ Saved → HBQ | Nubian_Stick_Fighting | Row 105
✅ Saved → HBQ | Nubian_Stick_Fighting | Row 106
✅ Saved → HBQ | Nubian_Stick_Fighting | Row 107
✅ Saved → HBQ | Nubian_Stick_Fighting | Row 108
✅ Saved → HBQ | Nubian_Stick_Fighting | Row 109
✅ Saved → HBQ | Nubian_Stick_Fighting | Row 110
✅ Saved → HBQ | Nubian_Stick_Fighting | Row 111
✅ Saved → HBQ | Nubian_Stick_Fighting | Row 112
✅ Saved → HBQ | Nubian_Stick_Fighting | Row 113
✅ Saved → HBQ | Nubian_Stick_Fighting | Row 114
✅ Saved → HBQ | Nubian_Stick_Fighting | Row 115
✅ Saved → HBQ | Nubian_Stick_Fighting | Row 116
✅ Saved → HBQ | Nubian_Stick_Fighting | Row 117
✅ Saved → HBQ | Nubian_Stick_Fighting | Row 118
✅ Saved → HBQ | Nubian_Stick_Fighting | Row 119
✅ Saved → HBQ | Nubian_Stick_Fighting | Row 120
✅ Saved → HBQ | Nubian_Stick_Fighting | Row 121
✅ Saved → HBQ | Nubian_Stick_Fighting | Row 122
✅ Saved → HBQ | Nubian_Stick_Fighting | Row 123
✅ Saved → HBQ | Nubian_Stick_Fighting | Row 124
✅ Saved → HBQ | Nubian_Stick_Fighting | Row 125
✅ Saved → HBQ | Nubian_Stick_Fighting | Row 126
✅ Saved → HBQ | Nubian_Stick_Fighting | Row 127
✅ Saved → HBQ | Nubian_Stick_Fighting | Row 128
✅ Saved → HBQ | Nubian_Stick_Fighting | Row 129
✅ Saved → HBQ | Nubian_Stick_Fighting | Row 130
✅ Saved → HBQ | Nubian_Stick_Fighting | Row 131
✅ Saved → HBQ | Nubian_Stick_Fighting | Row 132
✅ Saved → HBQ | Nubian_Stick_Fighting | Row 133
✅ Saved → HBQ | Nubian_Stick_Fighting | Row 134
✅ Saved → HBQ | Nubian_Stick_Fighting | Row 135
✅ Saved → HBQ | Nubian_Stick_Fighting | Row 136
✅ Saved → HBQ | Nubian_Stick_Fighting | Row 137
✅ Saved → HBQ | Nubian_Stick_Fighting | Row 138
✅ Saved → HBQ | Nubian_Stick_Fighting | Row 139
✅ Saved → HBQ | Nubian_Stick_Fighting | Row 140
✅ Saved → HBQ | Nubian_Stick_Fighting | Row 141
✅ Saved → HBQ | Nubian_Stick_Fighting | Row 142

✅ COMPLETE!
📄 Live-updating CSV: /DATA/rohan_kirti/country/sudan/HBQ/Results_HBQ.csv
Ended at: 10:13:50
Total Duration: 0:22:51.600751
✅ Successfully created '/DATA/rohan_kirti/country/sudan/HBQ/Results_HBQ.xlsx'
