Started at: 21:02:55
SBQ

📌 Processing: /DATA/rohan_kirti/country/ethopia/SBQ/Ethopia_SBQ.xlsx
Genna
✅ Saved → SBQ | Genna | Row 0
✅ Saved → SBQ | Genna | Row 1
✅ Saved → SBQ | Genna | Row 2
✅ Saved → SBQ | Genna | Row 3
✅ Saved → SBQ | Genna | Row 4
✅ Saved → SBQ | Genna | Row 5
✅ Saved → SBQ | Genna | Row 6
✅ Saved → SBQ | Genna | Row 7
✅ Saved → SBQ | Genna | Row 8
✅ Saved → SBQ | Genna | Row 9
✅ Saved → SBQ | Genna | Row 10
✅ Saved → SBQ | Genna | Row 11
✅ Saved → SBQ | Genna | Row 12
✅ Saved → SBQ | Genna | Row 13
✅ Saved → SBQ | Genna | Row 14
✅ Saved → SBQ | Genna | Row 15
✅ Saved → SBQ | Genna | Row 16
✅ Saved → SBQ | Genna | Row 17
✅ Saved → SBQ | Genna | Row 18
✅ Saved → SBQ | Genna | Row 19
✅ Saved → SBQ | Genna | Row 20
✅ Saved → SBQ | Genna | Row 21
✅ Saved → SBQ | Genna | Row 22
✅ Saved → SBQ | Genna | Row 23
✅ Saved → SBQ | Genna | Row 24
✅ Saved → SBQ | Genna | Row 25
✅ Saved → SBQ | Genna | Row 26
✅ Saved → SBQ | Genna | Row 27
✅ Saved → SBQ | Genna | Row 28
✅ Saved → SBQ | Genna | Row 29
✅ Saved → SBQ | Genna | Row 30
✅ Saved → SBQ | Genna | Row 31
✅ Saved → SBQ | Genna | Row 32
✅ Saved → SBQ | Genna | Row 33
✅ Saved → SBQ | Genna | Row 34
✅ Saved → SBQ | Genna | Row 35
✅ Saved → SBQ | Genna | Row 36
✅ Saved → SBQ | Genna | Row 37
✅ Saved → SBQ | Genna | Row 38
✅ Saved → SBQ | Genna | Row 39
✅ Saved → SBQ | Genna | Row 40
✅ Saved → SBQ | Genna | Row 41
✅ Saved → SBQ | Genna | Row 42
✅ Saved → SBQ | Genna | Row 43
✅ Saved → SBQ | Genna | Row 44
✅ Saved → SBQ | Genna | Row 45
✅ Saved → SBQ | Genna | Row 46
✅ Saved → SBQ | Genna | Row 47
✅ Saved → SBQ | Genna | Row 48
✅ Saved → SBQ | Genna | Row 49
✅ Saved → SBQ | Genna | Row 50
✅ Saved → SBQ | Genna | Row 51
✅ Saved → SBQ | Genna | Row 52
✅ Saved → SBQ | Genna | Row 53
✅ Saved → SBQ | Genna | Row 54
✅ Saved → SBQ | Genna | Row 55
✅ Saved → SBQ | Genna | Row 56
✅ Saved → SBQ | Genna | Row 57
✅ Saved → SBQ | Genna | Row 58
✅ Saved → SBQ | Genna | Row 59
✅ Saved → SBQ | Genna | Row 60
✅ Saved → SBQ | Genna | Row 61
✅ Saved → SBQ | Genna | Row 62
✅ Saved → SBQ | Genna | Row 63
✅ Saved → SBQ | Genna | Row 64
✅ Saved → SBQ | Genna | Row 65
✅ Saved → SBQ | Genna | Row 66
✅ Saved → SBQ | Genna | Row 67
✅ Saved → SBQ | Genna | Row 68
✅ Saved → SBQ | Genna | Row 69
✅ Saved → SBQ | Genna | Row 70
✅ Saved → SBQ | Genna | Row 71
✅ Saved → SBQ | Genna | Row 72
✅ Saved → SBQ | Genna | Row 73
✅ Saved → SBQ | Genna | Row 74
✅ Saved → SBQ | Genna | Row 75
✅ Saved → SBQ | Genna | Row 76
✅ Saved → SBQ | Genna | Row 77
✅ Saved → SBQ | Genna | Row 78
✅ Saved → SBQ | Genna | Row 79
✅ Saved → SBQ | Genna | Row 80
✅ Saved → SBQ | Genna | Row 81
✅ Saved → SBQ | Genna | Row 82
✅ Saved → SBQ | Genna | Row 83
✅ Saved → SBQ | Genna | Row 84
✅ Saved → SBQ | Genna | Row 85
✅ Saved → SBQ | Genna | Row 86
✅ Saved → SBQ | Genna | Row 87
✅ Saved → SBQ | Genna | Row 88
✅ Saved → SBQ | Genna | Row 89
✅ Saved → SBQ | Genna | Row 90
✅ Saved → SBQ | Genna | Row 91
✅ Saved → SBQ | Genna | Row 92
✅ Saved → SBQ | Genna | Row 93
✅ Saved → SBQ | Genna | Row 94
✅ Saved → SBQ | Genna | Row 95
✅ Saved → SBQ | Genna | Row 96
✅ Saved → SBQ | Genna | Row 97
✅ Saved → SBQ | Genna | Row 98
✅ Saved → SBQ | Genna | Row 99
✅ Saved → SBQ | Genna | Row 100
✅ Saved → SBQ | Genna | Row 101
✅ Saved → SBQ | Genna | Row 102
✅ Saved → SBQ | Genna | Row 103
✅ Saved → SBQ | Genna | Row 104
✅ Saved → SBQ | Genna | Row 105
✅ Saved → SBQ | Genna | Row 106
✅ Saved → SBQ | Genna | Row 107
✅ Saved → SBQ | Genna | Row 108
✅ Saved → SBQ | Genna | Row 109
✅ Saved → SBQ | Genna | Row 110
✅ Saved → SBQ | Genna | Row 111
✅ Saved → SBQ | Genna | Row 112
✅ Saved → SBQ | Genna | Row 113
✅ Saved → SBQ | Genna | Row 114
✅ Saved → SBQ | Genna | Row 115
✅ Saved → SBQ | Genna | Row 116
✅ Saved → SBQ | Genna | Row 117
✅ Saved → SBQ | Genna | Row 118
✅ Saved → SBQ | Genna | Row 119
✅ Saved → SBQ | Genna | Row 120
✅ Saved → SBQ | Genna | Row 121
✅ Saved → SBQ | Genna | Row 122
✅ Saved → SBQ | Genna | Row 123
✅ Saved → SBQ | Genna | Row 124
✅ Saved → SBQ | Genna | Row 125
✅ Saved → SBQ | Genna | Row 126
✅ Saved → SBQ | Genna | Row 127
✅ Saved → SBQ | Genna | Row 128
✅ Saved → SBQ | Genna | Row 129
✅ Saved → SBQ | Genna | Row 130
✅ Saved → SBQ | Genna | Row 131
✅ Saved → SBQ | Genna | Row 132
✅ Saved → SBQ | Genna | Row 133
✅ Saved → SBQ | Genna | Row 134
✅ Saved → SBQ | Genna | Row 135
✅ Saved → SBQ | Genna | Row 136
✅ Saved → SBQ | Genna | Row 137
✅ Saved → SBQ | Genna | Row 138
✅ Saved → SBQ | Genna | Row 139
✅ Saved → SBQ | Genna | Row 140
✅ Saved → SBQ | Genna | Row 141
✅ Saved → SBQ | Genna | Row 142
✅ Saved → SBQ | Genna | Row 143
✅ Saved → SBQ | Genna | Row 144
✅ Saved → SBQ | Genna | Row 145
✅ Saved → SBQ | Genna | Row 146
✅ Saved → SBQ | Genna | Row 147
✅ Saved → SBQ | Genna | Row 148
Yeferas Guks
✅ Saved → SBQ | Yeferas Guks | Row 0
✅ Saved → SBQ | Yeferas Guks | Row 1
✅ Saved → SBQ | Yeferas Guks | Row 2
✅ Saved → SBQ | Yeferas Guks | Row 3
✅ Saved → SBQ | Yeferas Guks | Row 4
✅ Saved → SBQ | Yeferas Guks | Row 5
✅ Saved → SBQ | Yeferas Guks | Row 6
✅ Saved → SBQ | Yeferas Guks | Row 7
✅ Saved → SBQ | Yeferas Guks | Row 8
✅ Saved → SBQ | Yeferas Guks | Row 9
✅ Saved → SBQ | Yeferas Guks | Row 10
✅ Saved → SBQ | Yeferas Guks | Row 11
✅ Saved → SBQ | Yeferas Guks | Row 12
✅ Saved → SBQ | Yeferas Guks | Row 13
✅ Saved → SBQ | Yeferas Guks | Row 14
✅ Saved → SBQ | Yeferas Guks | Row 15
✅ Saved → SBQ | Yeferas Guks | Row 16
✅ Saved → SBQ | Yeferas Guks | Row 17
✅ Saved → SBQ | Yeferas Guks | Row 18
✅ Saved → SBQ | Yeferas Guks | Row 19
✅ Saved → SBQ | Yeferas Guks | Row 20
✅ Saved → SBQ | Yeferas Guks | Row 21
✅ Saved → SBQ | Yeferas Guks | Row 22
✅ Saved → SBQ | Yeferas Guks | Row 23
✅ Saved → SBQ | Yeferas Guks | Row 24
✅ Saved → SBQ | Yeferas Guks | Row 25
✅ Saved → SBQ | Yeferas Guks | Row 26
✅ Saved → SBQ | Yeferas Guks | Row 27
✅ Saved → SBQ | Yeferas Guks | Row 28
✅ Saved → SBQ | Yeferas Guks | Row 29
✅ Saved → SBQ | Yeferas Guks | Row 30
✅ Saved → SBQ | Yeferas Guks | Row 31
✅ Saved → SBQ | Yeferas Guks | Row 32
✅ Saved → SBQ | Yeferas Guks | Row 33
✅ Saved → SBQ | Yeferas Guks | Row 34
✅ Saved → SBQ | Yeferas Guks | Row 35
✅ Saved → SBQ | Yeferas Guks | Row 36
✅ Saved → SBQ | Yeferas Guks | Row 37
✅ Saved → SBQ | Yeferas Guks | Row 38
✅ Saved → SBQ | Yeferas Guks | Row 39
✅ Saved → SBQ | Yeferas Guks | Row 40
✅ Saved → SBQ | Yeferas Guks | Row 41
✅ Saved → SBQ | Yeferas Guks | Row 42
✅ Saved → SBQ | Yeferas Guks | Row 43
✅ Saved → SBQ | Yeferas Guks | Row 44
✅ Saved → SBQ | Yeferas Guks | Row 45
✅ Saved → SBQ | Yeferas Guks | Row 46
✅ Saved → SBQ | Yeferas Guks | Row 47
✅ Saved → SBQ | Yeferas Guks | Row 48
✅ Saved → SBQ | Yeferas Guks | Row 49
✅ Saved → SBQ | Yeferas Guks | Row 50
✅ Saved → SBQ | Yeferas Guks | Row 51
✅ Saved → SBQ | Yeferas Guks | Row 52
✅ Saved → SBQ | Yeferas Guks | Row 53
✅ Saved → SBQ | Yeferas Guks | Row 54
✅ Saved → SBQ | Yeferas Guks | Row 55
✅ Saved → SBQ | Yeferas Guks | Row 56
✅ Saved → SBQ | Yeferas Guks | Row 57
✅ Saved → SBQ | Yeferas Guks | Row 58
✅ Saved → SBQ | Yeferas Guks | Row 59
✅ Saved → SBQ | Yeferas Guks | Row 60
✅ Saved → SBQ | Yeferas Guks | Row 61
✅ Saved → SBQ | Yeferas Guks | Row 62
✅ Saved → SBQ | Yeferas Guks | Row 63
✅ Saved → SBQ | Yeferas Guks | Row 64
✅ Saved → SBQ | Yeferas Guks | Row 65
✅ Saved → SBQ | Yeferas Guks | Row 66
✅ Saved → SBQ | Yeferas Guks | Row 67
✅ Saved → SBQ | Yeferas Guks | Row 68
✅ Saved → SBQ | Yeferas Guks | Row 69
✅ Saved → SBQ | Yeferas Guks | Row 71
✅ Saved → SBQ | Yeferas Guks | Row 72
✅ Saved → SBQ | Yeferas Guks | Row 73
✅ Saved → SBQ | Yeferas Guks | Row 74
✅ Saved → SBQ | Yeferas Guks | Row 75
✅ Saved → SBQ | Yeferas Guks | Row 76
✅ Saved → SBQ | Yeferas Guks | Row 77
✅ Saved → SBQ | Yeferas Guks | Row 78
✅ Saved → SBQ | Yeferas Guks | Row 79
✅ Saved → SBQ | Yeferas Guks | Row 80
✅ Saved → SBQ | Yeferas Guks | Row 81
✅ Saved → SBQ | Yeferas Guks | Row 82
✅ Saved → SBQ | Yeferas Guks | Row 83
✅ Saved → SBQ | Yeferas Guks | Row 84
✅ Saved → SBQ | Yeferas Guks | Row 85
✅ Saved → SBQ | Yeferas Guks | Row 87
✅ Saved → SBQ | Yeferas Guks | Row 88
✅ Saved → SBQ | Yeferas Guks | Row 89
✅ Saved → SBQ | Yeferas Guks | Row 90
✅ Saved → SBQ | Yeferas Guks | Row 91
✅ Saved → SBQ | Yeferas Guks | Row 92
✅ Saved → SBQ | Yeferas Guks | Row 93
✅ Saved → SBQ | Yeferas Guks | Row 94
✅ Saved → SBQ | Yeferas Guks | Row 95
✅ Saved → SBQ | Yeferas Guks | Row 96
✅ Saved → SBQ | Yeferas Guks | Row 97
✅ Saved → SBQ | Yeferas Guks | Row 98
✅ Saved → SBQ | Yeferas Guks | Row 99
✅ Saved → SBQ | Yeferas Guks | Row 100
✅ Saved → SBQ | Yeferas Guks | Row 101
✅ Saved → SBQ | Yeferas Guks | Row 102
✅ Saved → SBQ | Yeferas Guks | Row 103
✅ Saved → SBQ | Yeferas Guks | Row 104
✅ Saved → SBQ | Yeferas Guks | Row 105
✅ Saved → SBQ | Yeferas Guks | Row 106
✅ Saved → SBQ | Yeferas Guks | Row 107
✅ Saved → SBQ | Yeferas Guks | Row 108
✅ Saved → SBQ | Yeferas Guks | Row 109
✅ Saved → SBQ | Yeferas Guks | Row 110
✅ Saved → SBQ | Yeferas Guks | Row 111
✅ Saved → SBQ | Yeferas Guks | Row 112
✅ Saved → SBQ | Yeferas Guks | Row 113
✅ Saved → SBQ | Yeferas Guks | Row 114
✅ Saved → SBQ | Yeferas Guks | Row 115
✅ Saved → SBQ | Yeferas Guks | Row 116
✅ Saved → SBQ | Yeferas Guks | Row 117
✅ Saved → SBQ | Yeferas Guks | Row 118
✅ Saved → SBQ | Yeferas Guks | Row 119
✅ Saved → SBQ | Yeferas Guks | Row 120
✅ Saved → SBQ | Yeferas Guks | Row 121
✅ Saved → SBQ | Yeferas Guks | Row 122
✅ Saved → SBQ | Yeferas Guks | Row 123
✅ Saved → SBQ | Yeferas Guks | Row 124
✅ Saved → SBQ | Yeferas Guks | Row 125
✅ Saved → SBQ | Yeferas Guks | Row 127
✅ Saved → SBQ | Yeferas Guks | Row 128
✅ Saved → SBQ | Yeferas Guks | Row 129
✅ Saved → SBQ | Yeferas Guks | Row 130
✅ Saved → SBQ | Yeferas Guks | Row 131
✅ Saved → SBQ | Yeferas Guks | Row 132
✅ Saved → SBQ | Yeferas Guks | Row 133
✅ Saved → SBQ | Yeferas Guks | Row 134
✅ Saved → SBQ | Yeferas Guks | Row 135
✅ Saved → SBQ | Yeferas Guks | Row 136
✅ Saved → SBQ | Yeferas Guks | Row 137
✅ Saved → SBQ | Yeferas Guks | Row 138
✅ Saved → SBQ | Yeferas Guks | Row 139
✅ Saved → SBQ | Yeferas Guks | Row 140
✅ Saved → SBQ | Yeferas Guks | Row 141
✅ Saved → SBQ | Yeferas Guks | Row 142
✅ Saved → SBQ | Yeferas Guks | Row 143
✅ Saved → SBQ | Yeferas Guks | Row 144
✅ Saved → SBQ | Yeferas Guks | Row 145
✅ Saved → SBQ | Yeferas Guks | Row 146
✅ Saved → SBQ | Yeferas Guks | Row 147
✅ Saved → SBQ | Yeferas Guks | Row 148
✅ Saved → SBQ | Yeferas Guks | Row 149
✅ Saved → SBQ | Yeferas Guks | Row 150
✅ Saved → SBQ | Yeferas Guks | Row 151
✅ Saved → SBQ | Yeferas Guks | Row 152
✅ Saved → SBQ | Yeferas Guks | Row 154
✅ Saved → SBQ | Yeferas Guks | Row 156
✅ Saved → SBQ | Yeferas Guks | Row 157
✅ Saved → SBQ | Yeferas Guks | Row 158
✅ Saved → SBQ | Yeferas Guks | Row 159
✅ Saved → SBQ | Yeferas Guks | Row 160
✅ Saved → SBQ | Yeferas Guks | Row 161
✅ Saved → SBQ | Yeferas Guks | Row 163
✅ Saved → SBQ | Yeferas Guks | Row 164
✅ Saved → SBQ | Yeferas Guks | Row 165
✅ Saved → SBQ | Yeferas Guks | Row 166
✅ Saved → SBQ | Yeferas Guks | Row 167
✅ Saved → SBQ | Yeferas Guks | Row 168
✅ Saved → SBQ | Yeferas Guks | Row 169
Traditional Running
✅ Saved → SBQ | Traditional Running | Row 0
✅ Saved → SBQ | Traditional Running | Row 1
✅ Saved → SBQ | Traditional Running | Row 2
✅ Saved → SBQ | Traditional Running | Row 3
✅ Saved → SBQ | Traditional Running | Row 4
✅ Saved → SBQ | Traditional Running | Row 5
✅ Saved → SBQ | Traditional Running | Row 6
✅ Saved → SBQ | Traditional Running | Row 7
✅ Saved → SBQ | Traditional Running | Row 8
✅ Saved → SBQ | Traditional Running | Row 9
✅ Saved → SBQ | Traditional Running | Row 10
✅ Saved → SBQ | Traditional Running | Row 11
✅ Saved → SBQ | Traditional Running | Row 12
✅ Saved → SBQ | Traditional Running | Row 13
✅ Saved → SBQ | Traditional Running | Row 14
✅ Saved → SBQ | Traditional Running | Row 15
✅ Saved → SBQ | Traditional Running | Row 16
✅ Saved → SBQ | Traditional Running | Row 17
✅ Saved → SBQ | Traditional Running | Row 18
✅ Saved → SBQ | Traditional Running | Row 19
✅ Saved → SBQ | Traditional Running | Row 20
✅ Saved → SBQ | Traditional Running | Row 21
✅ Saved → SBQ | Traditional Running | Row 22
✅ Saved → SBQ | Traditional Running | Row 23
✅ Saved → SBQ | Traditional Running | Row 24
✅ Saved → SBQ | Traditional Running | Row 25
✅ Saved → SBQ | Traditional Running | Row 26
✅ Saved → SBQ | Traditional Running | Row 27
✅ Saved → SBQ | Traditional Running | Row 28
✅ Saved → SBQ | Traditional Running | Row 29
✅ Saved → SBQ | Traditional Running | Row 30
✅ Saved → SBQ | Traditional Running | Row 31
✅ Saved → SBQ | Traditional Running | Row 32
✅ Saved → SBQ | Traditional Running | Row 33
✅ Saved → SBQ | Traditional Running | Row 34
✅ Saved → SBQ | Traditional Running | Row 35
✅ Saved → SBQ | Traditional Running | Row 36
✅ Saved → SBQ | Traditional Running | Row 37
✅ Saved → SBQ | Traditional Running | Row 38
✅ Saved → SBQ | Traditional Running | Row 39
✅ Saved → SBQ | Traditional Running | Row 40
✅ Saved → SBQ | Traditional Running | Row 41
✅ Saved → SBQ | Traditional Running | Row 42
✅ Saved → SBQ | Traditional Running | Row 43
✅ Saved → SBQ | Traditional Running | Row 44
✅ Saved → SBQ | Traditional Running | Row 45
✅ Saved → SBQ | Traditional Running | Row 46
✅ Saved → SBQ | Traditional Running | Row 47
✅ Saved → SBQ | Traditional Running | Row 48
✅ Saved → SBQ | Traditional Running | Row 49
✅ Saved → SBQ | Traditional Running | Row 50
✅ Saved → SBQ | Traditional Running | Row 51
✅ Saved → SBQ | Traditional Running | Row 52
✅ Saved → SBQ | Traditional Running | Row 53
✅ Saved → SBQ | Traditional Running | Row 54
✅ Saved → SBQ | Traditional Running | Row 55
✅ Saved → SBQ | Traditional Running | Row 56
✅ Saved → SBQ | Traditional Running | Row 57
✅ Saved → SBQ | Traditional Running | Row 58
✅ Saved → SBQ | Traditional Running | Row 59
✅ Saved → SBQ | Traditional Running | Row 60
✅ Saved → SBQ | Traditional Running | Row 61
✅ Saved → SBQ | Traditional Running | Row 62
✅ Saved → SBQ | Traditional Running | Row 63
✅ Saved → SBQ | Traditional Running | Row 64
✅ Saved → SBQ | Traditional Running | Row 65
✅ Saved → SBQ | Traditional Running | Row 66
✅ Saved → SBQ | Traditional Running | Row 67
✅ Saved → SBQ | Traditional Running | Row 68
✅ Saved → SBQ | Traditional Running | Row 69
✅ Saved → SBQ | Traditional Running | Row 70
✅ Saved → SBQ | Traditional Running | Row 71
✅ Saved → SBQ | Traditional Running | Row 72
✅ Saved → SBQ | Traditional Running | Row 73
✅ Saved → SBQ | Traditional Running | Row 74
✅ Saved → SBQ | Traditional Running | Row 75
✅ Saved → SBQ | Traditional Running | Row 76
✅ Saved → SBQ | Traditional Running | Row 77
✅ Saved → SBQ | Traditional Running | Row 78
✅ Saved → SBQ | Traditional Running | Row 79
✅ Saved → SBQ | Traditional Running | Row 80
✅ Saved → SBQ | Traditional Running | Row 81
✅ Saved → SBQ | Traditional Running | Row 82
✅ Saved → SBQ | Traditional Running | Row 83
✅ Saved → SBQ | Traditional Running | Row 84
✅ Saved → SBQ | Traditional Running | Row 85
✅ Saved → SBQ | Traditional Running | Row 86
✅ Saved → SBQ | Traditional Running | Row 87
✅ Saved → SBQ | Traditional Running | Row 88
✅ Saved → SBQ | Traditional Running | Row 89
✅ Saved → SBQ | Traditional Running | Row 90
✅ Saved → SBQ | Traditional Running | Row 91
✅ Saved → SBQ | Traditional Running | Row 92
✅ Saved → SBQ | Traditional Running | Row 93
✅ Saved → SBQ | Traditional Running | Row 94
✅ Saved → SBQ | Traditional Running | Row 95
✅ Saved → SBQ | Traditional Running | Row 96
✅ Saved → SBQ | Traditional Running | Row 97
✅ Saved → SBQ | Traditional Running | Row 98
✅ Saved → SBQ | Traditional Running | Row 99
✅ Saved → SBQ | Traditional Running | Row 100
✅ Saved → SBQ | Traditional Running | Row 101
✅ Saved → SBQ | Traditional Running | Row 102
✅ Saved → SBQ | Traditional Running | Row 103
✅ Saved → SBQ | Traditional Running | Row 104
✅ Saved → SBQ | Traditional Running | Row 105
✅ Saved → SBQ | Traditional Running | Row 106
✅ Saved → SBQ | Traditional Running | Row 107
✅ Saved → SBQ | Traditional Running | Row 108
✅ Saved → SBQ | Traditional Running | Row 109
✅ Saved → SBQ | Traditional Running | Row 111
✅ Saved → SBQ | Traditional Running | Row 112
✅ Saved → SBQ | Traditional Running | Row 113
✅ Saved → SBQ | Traditional Running | Row 114
✅ Saved → SBQ | Traditional Running | Row 115
✅ Saved → SBQ | Traditional Running | Row 116
✅ Saved → SBQ | Traditional Running | Row 117
✅ Saved → SBQ | Traditional Running | Row 118
✅ Saved → SBQ | Traditional Running | Row 119
✅ Saved → SBQ | Traditional Running | Row 120
✅ Saved → SBQ | Traditional Running | Row 121
✅ Saved → SBQ | Traditional Running | Row 122
✅ Saved → SBQ | Traditional Running | Row 123
✅ Saved → SBQ | Traditional Running | Row 124
✅ Saved → SBQ | Traditional Running | Row 125
✅ Saved → SBQ | Traditional Running | Row 126
✅ Saved → SBQ | Traditional Running | Row 127
✅ Saved → SBQ | Traditional Running | Row 128
✅ Saved → SBQ | Traditional Running | Row 129
✅ Saved → SBQ | Traditional Running | Row 130
✅ Saved → SBQ | Traditional Running | Row 131
✅ Saved → SBQ | Traditional Running | Row 132
✅ Saved → SBQ | Traditional Running | Row 133
✅ Saved → SBQ | Traditional Running | Row 134
✅ Saved → SBQ | Traditional Running | Row 135
✅ Saved → SBQ | Traditional Running | Row 136
✅ Saved → SBQ | Traditional Running | Row 137
✅ Saved → SBQ | Traditional Running | Row 138
✅ Saved → SBQ | Traditional Running | Row 139
✅ Saved → SBQ | Traditional Running | Row 140
✅ Saved → SBQ | Traditional Running | Row 141
✅ Saved → SBQ | Traditional Running | Row 142
✅ Saved → SBQ | Traditional Running | Row 143
✅ Saved → SBQ | Traditional Running | Row 144
✅ Saved → SBQ | Traditional Running | Row 145
✅ Saved → SBQ | Traditional Running | Row 146
✅ Saved → SBQ | Traditional Running | Row 147
✅ Saved → SBQ | Traditional Running | Row 148
✅ Saved → SBQ | Traditional Running | Row 149
Aba Geda Wrestling
✅ Saved → SBQ | Aba Geda Wrestling | Row 0
✅ Saved → SBQ | Aba Geda Wrestling | Row 1
✅ Saved → SBQ | Aba Geda Wrestling | Row 2
✅ Saved → SBQ | Aba Geda Wrestling | Row 3
✅ Saved → SBQ | Aba Geda Wrestling | Row 4
✅ Saved → SBQ | Aba Geda Wrestling | Row 5
✅ Saved → SBQ | Aba Geda Wrestling | Row 6
✅ Saved → SBQ | Aba Geda Wrestling | Row 7
✅ Saved → SBQ | Aba Geda Wrestling | Row 8
✅ Saved → SBQ | Aba Geda Wrestling | Row 9
✅ Saved → SBQ | Aba Geda Wrestling | Row 10
✅ Saved → SBQ | Aba Geda Wrestling | Row 11
✅ Saved → SBQ | Aba Geda Wrestling | Row 12
✅ Saved → SBQ | Aba Geda Wrestling | Row 13
✅ Saved → SBQ | Aba Geda Wrestling | Row 14
✅ Saved → SBQ | Aba Geda Wrestling | Row 15
✅ Saved → SBQ | Aba Geda Wrestling | Row 16
✅ Saved → SBQ | Aba Geda Wrestling | Row 17
✅ Saved → SBQ | Aba Geda Wrestling | Row 18
✅ Saved → SBQ | Aba Geda Wrestling | Row 19
✅ Saved → SBQ | Aba Geda Wrestling | Row 20
✅ Saved → SBQ | Aba Geda Wrestling | Row 21
✅ Saved → SBQ | Aba Geda Wrestling | Row 22
✅ Saved → SBQ | Aba Geda Wrestling | Row 23
✅ Saved → SBQ | Aba Geda Wrestling | Row 24
✅ Saved → SBQ | Aba Geda Wrestling | Row 25
✅ Saved → SBQ | Aba Geda Wrestling | Row 26
✅ Saved → SBQ | Aba Geda Wrestling | Row 27
✅ Saved → SBQ | Aba Geda Wrestling | Row 28
✅ Saved → SBQ | Aba Geda Wrestling | Row 29
✅ Saved → SBQ | Aba Geda Wrestling | Row 30
✅ Saved → SBQ | Aba Geda Wrestling | Row 31
✅ Saved → SBQ | Aba Geda Wrestling | Row 32
✅ Saved → SBQ | Aba Geda Wrestling | Row 33
✅ Saved → SBQ | Aba Geda Wrestling | Row 34
✅ Saved → SBQ | Aba Geda Wrestling | Row 35
✅ Saved → SBQ | Aba Geda Wrestling | Row 36
✅ Saved → SBQ | Aba Geda Wrestling | Row 37
✅ Saved → SBQ | Aba Geda Wrestling | Row 38
✅ Saved → SBQ | Aba Geda Wrestling | Row 39
✅ Saved → SBQ | Aba Geda Wrestling | Row 40
✅ Saved → SBQ | Aba Geda Wrestling | Row 41
✅ Saved → SBQ | Aba Geda Wrestling | Row 42
✅ Saved → SBQ | Aba Geda Wrestling | Row 43
✅ Saved → SBQ | Aba Geda Wrestling | Row 44
✅ Saved → SBQ | Aba Geda Wrestling | Row 45
✅ Saved → SBQ | Aba Geda Wrestling | Row 46
✅ Saved → SBQ | Aba Geda Wrestling | Row 47
✅ Saved → SBQ | Aba Geda Wrestling | Row 48
✅ Saved → SBQ | Aba Geda Wrestling | Row 49
✅ Saved → SBQ | Aba Geda Wrestling | Row 50
✅ Saved → SBQ | Aba Geda Wrestling | Row 51
✅ Saved → SBQ | Aba Geda Wrestling | Row 52
✅ Saved → SBQ | Aba Geda Wrestling | Row 53
✅ Saved → SBQ | Aba Geda Wrestling | Row 54
✅ Saved → SBQ | Aba Geda Wrestling | Row 55
✅ Saved → SBQ | Aba Geda Wrestling | Row 56
✅ Saved → SBQ | Aba Geda Wrestling | Row 57
✅ Saved → SBQ | Aba Geda Wrestling | Row 58
✅ Saved → SBQ | Aba Geda Wrestling | Row 59
✅ Saved → SBQ | Aba Geda Wrestling | Row 60
✅ Saved → SBQ | Aba Geda Wrestling | Row 61
✅ Saved → SBQ | Aba Geda Wrestling | Row 62
✅ Saved → SBQ | Aba Geda Wrestling | Row 63
✅ Saved → SBQ | Aba Geda Wrestling | Row 64
✅ Saved → SBQ | Aba Geda Wrestling | Row 65
✅ Saved → SBQ | Aba Geda Wrestling | Row 66
✅ Saved → SBQ | Aba Geda Wrestling | Row 67
✅ Saved → SBQ | Aba Geda Wrestling | Row 68
✅ Saved → SBQ | Aba Geda Wrestling | Row 69
✅ Saved → SBQ | Aba Geda Wrestling | Row 70
✅ Saved → SBQ | Aba Geda Wrestling | Row 71
✅ Saved → SBQ | Aba Geda Wrestling | Row 72
✅ Saved → SBQ | Aba Geda Wrestling | Row 73
✅ Saved → SBQ | Aba Geda Wrestling | Row 74
✅ Saved → SBQ | Aba Geda Wrestling | Row 75
✅ Saved → SBQ | Aba Geda Wrestling | Row 76
✅ Saved → SBQ | Aba Geda Wrestling | Row 77
✅ Saved → SBQ | Aba Geda Wrestling | Row 78
✅ Saved → SBQ | Aba Geda Wrestling | Row 79
✅ Saved → SBQ | Aba Geda Wrestling | Row 80
✅ Saved → SBQ | Aba Geda Wrestling | Row 81
✅ Saved → SBQ | Aba Geda Wrestling | Row 82
✅ Saved → SBQ | Aba Geda Wrestling | Row 83
✅ Saved → SBQ | Aba Geda Wrestling | Row 84
✅ Saved → SBQ | Aba Geda Wrestling | Row 85
✅ Saved → SBQ | Aba Geda Wrestling | Row 86
✅ Saved → SBQ | Aba Geda Wrestling | Row 87
✅ Saved → SBQ | Aba Geda Wrestling | Row 88
✅ Saved → SBQ | Aba Geda Wrestling | Row 89
✅ Saved → SBQ | Aba Geda Wrestling | Row 90
✅ Saved → SBQ | Aba Geda Wrestling | Row 91
✅ Saved → SBQ | Aba Geda Wrestling | Row 92
✅ Saved → SBQ | Aba Geda Wrestling | Row 93
✅ Saved → SBQ | Aba Geda Wrestling | Row 94
✅ Saved → SBQ | Aba Geda Wrestling | Row 95
✅ Saved → SBQ | Aba Geda Wrestling | Row 96
✅ Saved → SBQ | Aba Geda Wrestling | Row 97
✅ Saved → SBQ | Aba Geda Wrestling | Row 98
✅ Saved → SBQ | Aba Geda Wrestling | Row 99
✅ Saved → SBQ | Aba Geda Wrestling | Row 100
✅ Saved → SBQ | Aba Geda Wrestling | Row 101
✅ Saved → SBQ | Aba Geda Wrestling | Row 102
✅ Saved → SBQ | Aba Geda Wrestling | Row 103
✅ Saved → SBQ | Aba Geda Wrestling | Row 104
✅ Saved → SBQ | Aba Geda Wrestling | Row 105
✅ Saved → SBQ | Aba Geda Wrestling | Row 106
✅ Saved → SBQ | Aba Geda Wrestling | Row 107
✅ Saved → SBQ | Aba Geda Wrestling | Row 108
✅ Saved → SBQ | Aba Geda Wrestling | Row 109
✅ Saved → SBQ | Aba Geda Wrestling | Row 110
✅ Saved → SBQ | Aba Geda Wrestling | Row 111
✅ Saved → SBQ | Aba Geda Wrestling | Row 112
✅ Saved → SBQ | Aba Geda Wrestling | Row 113
✅ Saved → SBQ | Aba Geda Wrestling | Row 114
✅ Saved → SBQ | Aba Geda Wrestling | Row 115
✅ Saved → SBQ | Aba Geda Wrestling | Row 116
✅ Saved → SBQ | Aba Geda Wrestling | Row 117
✅ Saved → SBQ | Aba Geda Wrestling | Row 118
✅ Saved → SBQ | Aba Geda Wrestling | Row 119
✅ Saved → SBQ | Aba Geda Wrestling | Row 120
✅ Saved → SBQ | Aba Geda Wrestling | Row 121
✅ Saved → SBQ | Aba Geda Wrestling | Row 122
✅ Saved → SBQ | Aba Geda Wrestling | Row 123
✅ Saved → SBQ | Aba Geda Wrestling | Row 124
✅ Saved → SBQ | Aba Geda Wrestling | Row 125
✅ Saved → SBQ | Aba Geda Wrestling | Row 126
✅ Saved → SBQ | Aba Geda Wrestling | Row 127
✅ Saved → SBQ | Aba Geda Wrestling | Row 128
✅ Saved → SBQ | Aba Geda Wrestling | Row 129
✅ Saved → SBQ | Aba Geda Wrestling | Row 130
✅ Saved → SBQ | Aba Geda Wrestling | Row 131
✅ Saved → SBQ | Aba Geda Wrestling | Row 132
✅ Saved → SBQ | Aba Geda Wrestling | Row 133
✅ Saved → SBQ | Aba Geda Wrestling | Row 134
✅ Saved → SBQ | Aba Geda Wrestling | Row 135
✅ Saved → SBQ | Aba Geda Wrestling | Row 136
✅ Saved → SBQ | Aba Geda Wrestling | Row 137
✅ Saved → SBQ | Aba Geda Wrestling | Row 138
✅ Saved → SBQ | Aba Geda Wrestling | Row 139
✅ Saved → SBQ | Aba Geda Wrestling | Row 140
✅ Saved → SBQ | Aba Geda Wrestling | Row 141
✅ Saved → SBQ | Aba Geda Wrestling | Row 142
✅ Saved → SBQ | Aba Geda Wrestling | Row 143
✅ Saved → SBQ | Aba Geda Wrestling | Row 144
✅ Saved → SBQ | Aba Geda Wrestling | Row 145
✅ Saved → SBQ | Aba Geda Wrestling | Row 146
✅ Saved → SBQ | Aba Geda Wrestling | Row 147
✅ Saved → SBQ | Aba Geda Wrestling | Row 148
✅ Saved → SBQ | Aba Geda Wrestling | Row 149
✅ Saved → SBQ | Aba Geda Wrestling | Row 150
✅ Saved → SBQ | Aba Geda Wrestling | Row 151
✅ Saved → SBQ | Aba Geda Wrestling | Row 152
✅ Saved → SBQ | Aba Geda Wrestling | Row 153
✅ Saved → SBQ | Aba Geda Wrestling | Row 154
✅ Saved → SBQ | Aba Geda Wrestling | Row 155
✅ Saved → SBQ | Aba Geda Wrestling | Row 156
✅ Saved → SBQ | Aba Geda Wrestling | Row 157
✅ Saved → SBQ | Aba Geda Wrestling | Row 158
✅ Saved → SBQ | Aba Geda Wrestling | Row 159
✅ Saved → SBQ | Aba Geda Wrestling | Row 160
✅ Saved → SBQ | Aba Geda Wrestling | Row 161
✅ Saved → SBQ | Aba Geda Wrestling | Row 162
✅ Saved → SBQ | Aba Geda Wrestling | Row 163
✅ Saved → SBQ | Aba Geda Wrestling | Row 164
Afalula
Sidama Wrestling
Gebeta (Mancala)
Cow Jumping (Ukuli Bula)

✅ COMPLETE!
📄 Live-updating CSV: /DATA/rohan_kirti/country/ethopia/SBQ/Results_SBQ.csv
Ended at: 21:59:53
Total Duration: 0:56:57.709363
✅ Successfully created '/DATA/rohan_kirti/country/ethopia/SBQ/Results_SBQ.xlsx'
