Started at: 15:38:24
SBQ

📌 Processing: /DATA/rohan_kirti/country/italy/SBQ/Italy_SBQ.xlsx
Calcio
✅ Saved → SBQ | Calcio | Row 0
✅ Saved → SBQ | Calcio | Row 1
✅ Saved → SBQ | Calcio | Row 2
✅ Saved → SBQ | Calcio | Row 3
✅ Saved → SBQ | Calcio | Row 4
✅ Saved → SBQ | Calcio | Row 5
✅ Saved → SBQ | Calcio | Row 6
✅ Saved → SBQ | Calcio | Row 7
✅ Saved → SBQ | Calcio | Row 8
✅ Saved → SBQ | Calcio | Row 9
✅ Saved → SBQ | Calcio | Row 10
✅ Saved → SBQ | Calcio | Row 11
✅ Saved → SBQ | Calcio | Row 12
✅ Saved → SBQ | Calcio | Row 13
✅ Saved → SBQ | Calcio | Row 14
✅ Saved → SBQ | Calcio | Row 15
✅ Saved → SBQ | Calcio | Row 16
✅ Saved → SBQ | Calcio | Row 17
✅ Saved → SBQ | Calcio | Row 18
✅ Saved → SBQ | Calcio | Row 19
✅ Saved → SBQ | Calcio | Row 20
✅ Saved → SBQ | Calcio | Row 21
✅ Saved → SBQ | Calcio | Row 22
✅ Saved → SBQ | Calcio | Row 23
✅ Saved → SBQ | Calcio | Row 24
✅ Saved → SBQ | Calcio | Row 25
✅ Saved → SBQ | Calcio | Row 26
✅ Saved → SBQ | Calcio | Row 27
✅ Saved → SBQ | Calcio | Row 28
✅ Saved → SBQ | Calcio | Row 29
✅ Saved → SBQ | Calcio | Row 30
✅ Saved → SBQ | Calcio | Row 31
✅ Saved → SBQ | Calcio | Row 32
✅ Saved → SBQ | Calcio | Row 33
✅ Saved → SBQ | Calcio | Row 34
✅ Saved → SBQ | Calcio | Row 35
✅ Saved → SBQ | Calcio | Row 36
✅ Saved → SBQ | Calcio | Row 37
✅ Saved → SBQ | Calcio | Row 38
✅ Saved → SBQ | Calcio | Row 39
✅ Saved → SBQ | Calcio | Row 40
✅ Saved → SBQ | Calcio | Row 41
✅ Saved → SBQ | Calcio | Row 42
✅ Saved → SBQ | Calcio | Row 43
✅ Saved → SBQ | Calcio | Row 44
✅ Saved → SBQ | Calcio | Row 45
✅ Saved → SBQ | Calcio | Row 46
✅ Saved → SBQ | Calcio | Row 47
✅ Saved → SBQ | Calcio | Row 48
✅ Saved → SBQ | Calcio | Row 49
✅ Saved → SBQ | Calcio | Row 50
✅ Saved → SBQ | Calcio | Row 51
✅ Saved → SBQ | Calcio | Row 52
✅ Saved → SBQ | Calcio | Row 53
✅ Saved → SBQ | Calcio | Row 54
✅ Saved → SBQ | Calcio | Row 55
✅ Saved → SBQ | Calcio | Row 56
✅ Saved → SBQ | Calcio | Row 57
✅ Saved → SBQ | Calcio | Row 58
✅ Saved → SBQ | Calcio | Row 59
✅ Saved → SBQ | Calcio | Row 60
✅ Saved → SBQ | Calcio | Row 61
✅ Saved → SBQ | Calcio | Row 62
✅ Saved → SBQ | Calcio | Row 63
✅ Saved → SBQ | Calcio | Row 64
✅ Saved → SBQ | Calcio | Row 65
✅ Saved → SBQ | Calcio | Row 66
✅ Saved → SBQ | Calcio | Row 67
✅ Saved → SBQ | Calcio | Row 68
✅ Saved → SBQ | Calcio | Row 69
✅ Saved → SBQ | Calcio | Row 70
✅ Saved → SBQ | Calcio | Row 71
✅ Saved → SBQ | Calcio | Row 72
✅ Saved → SBQ | Calcio | Row 73
✅ Saved → SBQ | Calcio | Row 74
✅ Saved → SBQ | Calcio | Row 75
✅ Saved → SBQ | Calcio | Row 76
✅ Saved → SBQ | Calcio | Row 77
✅ Saved → SBQ | Calcio | Row 78
✅ Saved → SBQ | Calcio | Row 79
✅ Saved → SBQ | Calcio | Row 80
✅ Saved → SBQ | Calcio | Row 81
✅ Saved → SBQ | Calcio | Row 82
✅ Saved → SBQ | Calcio | Row 83
✅ Saved → SBQ | Calcio | Row 84
✅ Saved → SBQ | Calcio | Row 85
✅ Saved → SBQ | Calcio | Row 86
✅ Saved → SBQ | Calcio | Row 87
✅ Saved → SBQ | Calcio | Row 89
✅ Saved → SBQ | Calcio | Row 90
✅ Saved → SBQ | Calcio | Row 91
✅ Saved → SBQ | Calcio | Row 92
✅ Saved → SBQ | Calcio | Row 93
✅ Saved → SBQ | Calcio | Row 94
✅ Saved → SBQ | Calcio | Row 95
✅ Saved → SBQ | Calcio | Row 96
✅ Saved → SBQ | Calcio | Row 97
✅ Saved → SBQ | Calcio | Row 98
✅ Saved → SBQ | Calcio | Row 99
✅ Saved → SBQ | Calcio | Row 100
✅ Saved → SBQ | Calcio | Row 101
✅ Saved → SBQ | Calcio | Row 102
✅ Saved → SBQ | Calcio | Row 103
✅ Saved → SBQ | Calcio | Row 104
✅ Saved → SBQ | Calcio | Row 105
✅ Saved → SBQ | Calcio | Row 106
✅ Saved → SBQ | Calcio | Row 107
✅ Saved → SBQ | Calcio | Row 108
✅ Saved → SBQ | Calcio | Row 109
✅ Saved → SBQ | Calcio | Row 110
✅ Saved → SBQ | Calcio | Row 111
✅ Saved → SBQ | Calcio | Row 112
✅ Saved → SBQ | Calcio | Row 113
✅ Saved → SBQ | Calcio | Row 114
✅ Saved → SBQ | Calcio | Row 115
✅ Saved → SBQ | Calcio | Row 116
✅ Saved → SBQ | Calcio | Row 117
✅ Saved → SBQ | Calcio | Row 118
✅ Saved → SBQ | Calcio | Row 119
✅ Saved → SBQ | Calcio | Row 120
✅ Saved → SBQ | Calcio | Row 121
✅ Saved → SBQ | Calcio | Row 122
✅ Saved → SBQ | Calcio | Row 123
✅ Saved → SBQ | Calcio | Row 124
✅ Saved → SBQ | Calcio | Row 125
✅ Saved → SBQ | Calcio | Row 126
✅ Saved → SBQ | Calcio | Row 127
✅ Saved → SBQ | Calcio | Row 128
✅ Saved → SBQ | Calcio | Row 129
✅ Saved → SBQ | Calcio | Row 130
✅ Saved → SBQ | Calcio | Row 131
✅ Saved → SBQ | Calcio | Row 132
✅ Saved → SBQ | Calcio | Row 133
✅ Saved → SBQ | Calcio | Row 134
✅ Saved → SBQ | Calcio | Row 135
✅ Saved → SBQ | Calcio | Row 136
✅ Saved → SBQ | Calcio | Row 137
✅ Saved → SBQ | Calcio | Row 138
✅ Saved → SBQ | Calcio | Row 139
✅ Saved → SBQ | Calcio | Row 140
✅ Saved → SBQ | Calcio | Row 141
✅ Saved → SBQ | Calcio | Row 142
✅ Saved → SBQ | Calcio | Row 143
✅ Saved → SBQ | Calcio | Row 144
✅ Saved → SBQ | Calcio | Row 145
✅ Saved → SBQ | Calcio | Row 146
✅ Saved → SBQ | Calcio | Row 147
✅ Saved → SBQ | Calcio | Row 148
✅ Saved → SBQ | Calcio | Row 149
✅ Saved → SBQ | Calcio | Row 150
✅ Saved → SBQ | Calcio | Row 151
✅ Saved → SBQ | Calcio | Row 152
✅ Saved → SBQ | Calcio | Row 153
✅ Saved → SBQ | Calcio | Row 154
✅ Saved → SBQ | Calcio | Row 155
✅ Saved → SBQ | Calcio | Row 156
✅ Saved → SBQ | Calcio | Row 157
✅ Saved → SBQ | Calcio | Row 159
✅ Saved → SBQ | Calcio | Row 160
✅ Saved → SBQ | Calcio | Row 161
✅ Saved → SBQ | Calcio | Row 162
✅ Saved → SBQ | Calcio | Row 163
✅ Saved → SBQ | Calcio | Row 164
✅ Saved → SBQ | Calcio | Row 165
✅ Saved → SBQ | Calcio | Row 166
✅ Saved → SBQ | Calcio | Row 167
✅ Saved → SBQ | Calcio | Row 168
✅ Saved → SBQ | Calcio | Row 169
✅ Saved → SBQ | Calcio | Row 171
✅ Saved → SBQ | Calcio | Row 172
✅ Saved → SBQ | Calcio | Row 173
✅ Saved → SBQ | Calcio | Row 174
✅ Saved → SBQ | Calcio | Row 176
✅ Saved → SBQ | Calcio | Row 177
✅ Saved → SBQ | Calcio | Row 178
✅ Saved → SBQ | Calcio | Row 179
✅ Saved → SBQ | Calcio | Row 180
✅ Saved → SBQ | Calcio | Row 181
✅ Saved → SBQ | Calcio | Row 182
✅ Saved → SBQ | Calcio | Row 183
✅ Saved → SBQ | Calcio | Row 184
✅ Saved → SBQ | Calcio | Row 185
✅ Saved → SBQ | Calcio | Row 186
✅ Saved → SBQ | Calcio | Row 187
✅ Saved → SBQ | Calcio | Row 188
✅ Saved → SBQ | Calcio | Row 189
✅ Saved → SBQ | Calcio | Row 190
✅ Saved → SBQ | Calcio | Row 192
✅ Saved → SBQ | Calcio | Row 193
✅ Saved → SBQ | Calcio | Row 194
✅ Saved → SBQ | Calcio | Row 195
✅ Saved → SBQ | Calcio | Row 196
✅ Saved → SBQ | Calcio | Row 197
✅ Saved → SBQ | Calcio | Row 198
✅ Saved → SBQ | Calcio | Row 199
✅ Saved → SBQ | Calcio | Row 200
✅ Saved → SBQ | Calcio | Row 201
✅ Saved → SBQ | Calcio | Row 203
✅ Saved → SBQ | Calcio | Row 204
✅ Saved → SBQ | Calcio | Row 206
✅ Saved → SBQ | Calcio | Row 207
✅ Saved → SBQ | Calcio | Row 208
✅ Saved → SBQ | Calcio | Row 209
✅ Saved → SBQ | Calcio | Row 210
✅ Saved → SBQ | Calcio | Row 211
✅ Saved → SBQ | Calcio | Row 212
✅ Saved → SBQ | Calcio | Row 213
✅ Saved → SBQ | Calcio | Row 214
✅ Saved → SBQ | Calcio | Row 215
✅ Saved → SBQ | Calcio | Row 216
✅ Saved → SBQ | Calcio | Row 217
✅ Saved → SBQ | Calcio | Row 218
✅ Saved → SBQ | Calcio | Row 219
✅ Saved → SBQ | Calcio | Row 220
✅ Saved → SBQ | Calcio | Row 221
✅ Saved → SBQ | Calcio | Row 222
✅ Saved → SBQ | Calcio | Row 223
✅ Saved → SBQ | Calcio | Row 224
✅ Saved → SBQ | Calcio | Row 225
✅ Saved → SBQ | Calcio | Row 226
✅ Saved → SBQ | Calcio | Row 227
✅ Saved → SBQ | Calcio | Row 228
✅ Saved → SBQ | Calcio | Row 229
✅ Saved → SBQ | Calcio | Row 230
✅ Saved → SBQ | Calcio | Row 231
✅ Saved → SBQ | Calcio | Row 232
✅ Saved → SBQ | Calcio | Row 233
✅ Saved → SBQ | Calcio | Row 235
✅ Saved → SBQ | Calcio | Row 236
✅ Saved → SBQ | Calcio | Row 237
✅ Saved → SBQ | Calcio | Row 238
✅ Saved → SBQ | Calcio | Row 239
✅ Saved → SBQ | Calcio | Row 240
✅ Saved → SBQ | Calcio | Row 241
✅ Saved → SBQ | Calcio | Row 242
✅ Saved → SBQ | Calcio | Row 243
✅ Saved → SBQ | Calcio | Row 244
✅ Saved → SBQ | Calcio | Row 245
✅ Saved → SBQ | Calcio | Row 247
✅ Saved → SBQ | Calcio | Row 248
✅ Saved → SBQ | Calcio | Row 249
✅ Saved → SBQ | Calcio | Row 250
✅ Saved → SBQ | Calcio | Row 251
✅ Saved → SBQ | Calcio | Row 252
✅ Saved → SBQ | Calcio | Row 253
✅ Saved → SBQ | Calcio | Row 254
✅ Saved → SBQ | Calcio | Row 255
✅ Saved → SBQ | Calcio | Row 256
✅ Saved → SBQ | Calcio | Row 257
✅ Saved → SBQ | Calcio | Row 258
✅ Saved → SBQ | Calcio | Row 259
✅ Saved → SBQ | Calcio | Row 260
✅ Saved → SBQ | Calcio | Row 261
✅ Saved → SBQ | Calcio | Row 262
✅ Saved → SBQ | Calcio | Row 263
✅ Saved → SBQ | Calcio | Row 264
✅ Saved → SBQ | Calcio | Row 265
✅ Saved → SBQ | Calcio | Row 266
✅ Saved → SBQ | Calcio | Row 267
✅ Saved → SBQ | Calcio | Row 268
✅ Saved → SBQ | Calcio | Row 269
✅ Saved → SBQ | Calcio | Row 270
✅ Saved → SBQ | Calcio | Row 271
✅ Saved → SBQ | Calcio | Row 272
✅ Saved → SBQ | Calcio | Row 273
✅ Saved → SBQ | Calcio | Row 274
✅ Saved → SBQ | Calcio | Row 275
✅ Saved → SBQ | Calcio | Row 276
✅ Saved → SBQ | Calcio | Row 277
✅ Saved → SBQ | Calcio | Row 279
✅ Saved → SBQ | Calcio | Row 280
✅ Saved → SBQ | Calcio | Row 281
✅ Saved → SBQ | Calcio | Row 282
✅ Saved → SBQ | Calcio | Row 283
✅ Saved → SBQ | Calcio | Row 284
✅ Saved → SBQ | Calcio | Row 285
✅ Saved → SBQ | Calcio | Row 287
✅ Saved → SBQ | Calcio | Row 288
✅ Saved → SBQ | Calcio | Row 289
✅ Saved → SBQ | Calcio | Row 290
✅ Saved → SBQ | Calcio | Row 291
✅ Saved → SBQ | Calcio | Row 292
Ruzzola
✅ Saved → SBQ | Ruzzola | Row 0
✅ Saved → SBQ | Ruzzola | Row 1
✅ Saved → SBQ | Ruzzola | Row 2
✅ Saved → SBQ | Ruzzola | Row 3
✅ Saved → SBQ | Ruzzola | Row 4
✅ Saved → SBQ | Ruzzola | Row 5
✅ Saved → SBQ | Ruzzola | Row 6
✅ Saved → SBQ | Ruzzola | Row 7
✅ Saved → SBQ | Ruzzola | Row 8
✅ Saved → SBQ | Ruzzola | Row 9
✅ Saved → SBQ | Ruzzola | Row 10
✅ Saved → SBQ | Ruzzola | Row 11
✅ Saved → SBQ | Ruzzola | Row 12
✅ Saved → SBQ | Ruzzola | Row 13
✅ Saved → SBQ | Ruzzola | Row 14
✅ Saved → SBQ | Ruzzola | Row 15
✅ Saved → SBQ | Ruzzola | Row 16
✅ Saved → SBQ | Ruzzola | Row 17
✅ Saved → SBQ | Ruzzola | Row 18
✅ Saved → SBQ | Ruzzola | Row 19
✅ Saved → SBQ | Ruzzola | Row 20
✅ Saved → SBQ | Ruzzola | Row 21
✅ Saved → SBQ | Ruzzola | Row 22
✅ Saved → SBQ | Ruzzola | Row 23
✅ Saved → SBQ | Ruzzola | Row 24
✅ Saved → SBQ | Ruzzola | Row 25
✅ Saved → SBQ | Ruzzola | Row 26
✅ Saved → SBQ | Ruzzola | Row 27
✅ Saved → SBQ | Ruzzola | Row 28
✅ Saved → SBQ | Ruzzola | Row 29
✅ Saved → SBQ | Ruzzola | Row 30
✅ Saved → SBQ | Ruzzola | Row 31
✅ Saved → SBQ | Ruzzola | Row 32
✅ Saved → SBQ | Ruzzola | Row 33
✅ Saved → SBQ | Ruzzola | Row 34
✅ Saved → SBQ | Ruzzola | Row 35
✅ Saved → SBQ | Ruzzola | Row 36
✅ Saved → SBQ | Ruzzola | Row 37
✅ Saved → SBQ | Ruzzola | Row 38
✅ Saved → SBQ | Ruzzola | Row 39
✅ Saved → SBQ | Ruzzola | Row 40
✅ Saved → SBQ | Ruzzola | Row 41
✅ Saved → SBQ | Ruzzola | Row 42
✅ Saved → SBQ | Ruzzola | Row 43
✅ Saved → SBQ | Ruzzola | Row 44
✅ Saved → SBQ | Ruzzola | Row 45
✅ Saved → SBQ | Ruzzola | Row 46
✅ Saved → SBQ | Ruzzola | Row 47
✅ Saved → SBQ | Ruzzola | Row 48
✅ Saved → SBQ | Ruzzola | Row 49
✅ Saved → SBQ | Ruzzola | Row 50
✅ Saved → SBQ | Ruzzola | Row 51
✅ Saved → SBQ | Ruzzola | Row 52
✅ Saved → SBQ | Ruzzola | Row 53
✅ Saved → SBQ | Ruzzola | Row 54
✅ Saved → SBQ | Ruzzola | Row 55
✅ Saved → SBQ | Ruzzola | Row 56
✅ Saved → SBQ | Ruzzola | Row 57
✅ Saved → SBQ | Ruzzola | Row 58
✅ Saved → SBQ | Ruzzola | Row 59
✅ Saved → SBQ | Ruzzola | Row 60
✅ Saved → SBQ | Ruzzola | Row 61
✅ Saved → SBQ | Ruzzola | Row 62
✅ Saved → SBQ | Ruzzola | Row 63
✅ Saved → SBQ | Ruzzola | Row 64
✅ Saved → SBQ | Ruzzola | Row 65
✅ Saved → SBQ | Ruzzola | Row 66
✅ Saved → SBQ | Ruzzola | Row 67
✅ Saved → SBQ | Ruzzola | Row 68
✅ Saved → SBQ | Ruzzola | Row 69
✅ Saved → SBQ | Ruzzola | Row 70
✅ Saved → SBQ | Ruzzola | Row 71
✅ Saved → SBQ | Ruzzola | Row 72
✅ Saved → SBQ | Ruzzola | Row 73
✅ Saved → SBQ | Ruzzola | Row 74
✅ Saved → SBQ | Ruzzola | Row 75
✅ Saved → SBQ | Ruzzola | Row 76
✅ Saved → SBQ | Ruzzola | Row 77
✅ Saved → SBQ | Ruzzola | Row 78
✅ Saved → SBQ | Ruzzola | Row 79
✅ Saved → SBQ | Ruzzola | Row 80
✅ Saved → SBQ | Ruzzola | Row 81
✅ Saved → SBQ | Ruzzola | Row 82
✅ Saved → SBQ | Ruzzola | Row 83
✅ Saved → SBQ | Ruzzola | Row 84
✅ Saved → SBQ | Ruzzola | Row 85
✅ Saved → SBQ | Ruzzola | Row 86
✅ Saved → SBQ | Ruzzola | Row 87
✅ Saved → SBQ | Ruzzola | Row 88
✅ Saved → SBQ | Ruzzola | Row 89
✅ Saved → SBQ | Ruzzola | Row 90
✅ Saved → SBQ | Ruzzola | Row 91
✅ Saved → SBQ | Ruzzola | Row 92
✅ Saved → SBQ | Ruzzola | Row 93
✅ Saved → SBQ | Ruzzola | Row 94
✅ Saved → SBQ | Ruzzola | Row 95
✅ Saved → SBQ | Ruzzola | Row 96
✅ Saved → SBQ | Ruzzola | Row 97
✅ Saved → SBQ | Ruzzola | Row 98
✅ Saved → SBQ | Ruzzola | Row 99
✅ Saved → SBQ | Ruzzola | Row 100
✅ Saved → SBQ | Ruzzola | Row 101
✅ Saved → SBQ | Ruzzola | Row 102
✅ Saved → SBQ | Ruzzola | Row 103
✅ Saved → SBQ | Ruzzola | Row 104
✅ Saved → SBQ | Ruzzola | Row 105
✅ Saved → SBQ | Ruzzola | Row 106
✅ Saved → SBQ | Ruzzola | Row 107
✅ Saved → SBQ | Ruzzola | Row 108
✅ Saved → SBQ | Ruzzola | Row 109
✅ Saved → SBQ | Ruzzola | Row 110
✅ Saved → SBQ | Ruzzola | Row 111
✅ Saved → SBQ | Ruzzola | Row 112
✅ Saved → SBQ | Ruzzola | Row 113
✅ Saved → SBQ | Ruzzola | Row 114
✅ Saved → SBQ | Ruzzola | Row 115
✅ Saved → SBQ | Ruzzola | Row 116
✅ Saved → SBQ | Ruzzola | Row 117
✅ Saved → SBQ | Ruzzola | Row 118
✅ Saved → SBQ | Ruzzola | Row 119
✅ Saved → SBQ | Ruzzola | Row 120
✅ Saved → SBQ | Ruzzola | Row 121
✅ Saved → SBQ | Ruzzola | Row 122
✅ Saved → SBQ | Ruzzola | Row 123
✅ Saved → SBQ | Ruzzola | Row 124
✅ Saved → SBQ | Ruzzola | Row 125
✅ Saved → SBQ | Ruzzola | Row 126
✅ Saved → SBQ | Ruzzola | Row 127
✅ Saved → SBQ | Ruzzola | Row 128
✅ Saved → SBQ | Ruzzola | Row 129
✅ Saved → SBQ | Ruzzola | Row 130
✅ Saved → SBQ | Ruzzola | Row 131
✅ Saved → SBQ | Ruzzola | Row 132
✅ Saved → SBQ | Ruzzola | Row 133
✅ Saved → SBQ | Ruzzola | Row 134
✅ Saved → SBQ | Ruzzola | Row 135
✅ Saved → SBQ | Ruzzola | Row 136
✅ Saved → SBQ | Ruzzola | Row 137
✅ Saved → SBQ | Ruzzola | Row 138
✅ Saved → SBQ | Ruzzola | Row 139
✅ Saved → SBQ | Ruzzola | Row 140
✅ Saved → SBQ | Ruzzola | Row 141
✅ Saved → SBQ | Ruzzola | Row 142
✅ Saved → SBQ | Ruzzola | Row 143
✅ Saved → SBQ | Ruzzola | Row 144
✅ Saved → SBQ | Ruzzola | Row 145
✅ Saved → SBQ | Ruzzola | Row 146
✅ Saved → SBQ | Ruzzola | Row 147
✅ Saved → SBQ | Ruzzola | Row 148
✅ Saved → SBQ | Ruzzola | Row 149
✅ Saved → SBQ | Ruzzola | Row 150
✅ Saved → SBQ | Ruzzola | Row 151
✅ Saved → SBQ | Ruzzola | Row 152
✅ Saved → SBQ | Ruzzola | Row 153
✅ Saved → SBQ | Ruzzola | Row 154
✅ Saved → SBQ | Ruzzola | Row 155
✅ Saved → SBQ | Ruzzola | Row 156
✅ Saved → SBQ | Ruzzola | Row 157
✅ Saved → SBQ | Ruzzola | Row 158
✅ Saved → SBQ | Ruzzola | Row 159
✅ Saved → SBQ | Ruzzola | Row 160
✅ Saved → SBQ | Ruzzola | Row 161
✅ Saved → SBQ | Ruzzola | Row 162
✅ Saved → SBQ | Ruzzola | Row 163
✅ Saved → SBQ | Ruzzola | Row 164
✅ Saved → SBQ | Ruzzola | Row 165
✅ Saved → SBQ | Ruzzola | Row 166
✅ Saved → SBQ | Ruzzola | Row 167
✅ Saved → SBQ | Ruzzola | Row 168
✅ Saved → SBQ | Ruzzola | Row 169
✅ Saved → SBQ | Ruzzola | Row 170
✅ Saved → SBQ | Ruzzola | Row 171
✅ Saved → SBQ | Ruzzola | Row 172
✅ Saved → SBQ | Ruzzola | Row 173
✅ Saved → SBQ | Ruzzola | Row 174
✅ Saved → SBQ | Ruzzola | Row 175
✅ Saved → SBQ | Ruzzola | Row 176
✅ Saved → SBQ | Ruzzola | Row 177
✅ Saved → SBQ | Ruzzola | Row 178
✅ Saved → SBQ | Ruzzola | Row 179
✅ Saved → SBQ | Ruzzola | Row 180
✅ Saved → SBQ | Ruzzola | Row 181
✅ Saved → SBQ | Ruzzola | Row 182
✅ Saved → SBQ | Ruzzola | Row 183
✅ Saved → SBQ | Ruzzola | Row 184
✅ Saved → SBQ | Ruzzola | Row 185
✅ Saved → SBQ | Ruzzola | Row 186
✅ Saved → SBQ | Ruzzola | Row 187
✅ Saved → SBQ | Ruzzola | Row 188
✅ Saved → SBQ | Ruzzola | Row 189
✅ Saved → SBQ | Ruzzola | Row 190
✅ Saved → SBQ | Ruzzola | Row 191
✅ Saved → SBQ | Ruzzola | Row 192
✅ Saved → SBQ | Ruzzola | Row 193
✅ Saved → SBQ | Ruzzola | Row 194
✅ Saved → SBQ | Ruzzola | Row 195
✅ Saved → SBQ | Ruzzola | Row 196
✅ Saved → SBQ | Ruzzola | Row 197
✅ Saved → SBQ | Ruzzola | Row 198
✅ Saved → SBQ | Ruzzola | Row 199
✅ Saved → SBQ | Ruzzola | Row 200
✅ Saved → SBQ | Ruzzola | Row 201
✅ Saved → SBQ | Ruzzola | Row 202
✅ Saved → SBQ | Ruzzola | Row 203
✅ Saved → SBQ | Ruzzola | Row 204
✅ Saved → SBQ | Ruzzola | Row 205
✅ Saved → SBQ | Ruzzola | Row 206
✅ Saved → SBQ | Ruzzola | Row 207
✅ Saved → SBQ | Ruzzola | Row 208
✅ Saved → SBQ | Ruzzola | Row 209
✅ Saved → SBQ | Ruzzola | Row 210
✅ Saved → SBQ | Ruzzola | Row 211
✅ Saved → SBQ | Ruzzola | Row 212
✅ Saved → SBQ | Ruzzola | Row 213
✅ Saved → SBQ | Ruzzola | Row 214
✅ Saved → SBQ | Ruzzola | Row 215
✅ Saved → SBQ | Ruzzola | Row 216
✅ Saved → SBQ | Ruzzola | Row 217
✅ Saved → SBQ | Ruzzola | Row 218
✅ Saved → SBQ | Ruzzola | Row 219
✅ Saved → SBQ | Ruzzola | Row 220
✅ Saved → SBQ | Ruzzola | Row 221
✅ Saved → SBQ | Ruzzola | Row 222
✅ Saved → SBQ | Ruzzola | Row 223
✅ Saved → SBQ | Ruzzola | Row 224
✅ Saved → SBQ | Ruzzola | Row 225
✅ Saved → SBQ | Ruzzola | Row 226
✅ Saved → SBQ | Ruzzola | Row 227
✅ Saved → SBQ | Ruzzola | Row 228
✅ Saved → SBQ | Ruzzola | Row 229
✅ Saved → SBQ | Ruzzola | Row 230
✅ Saved → SBQ | Ruzzola | Row 231
✅ Saved → SBQ | Ruzzola | Row 232
✅ Saved → SBQ | Ruzzola | Row 233
✅ Saved → SBQ | Ruzzola | Row 234
✅ Saved → SBQ | Ruzzola | Row 235
✅ Saved → SBQ | Ruzzola | Row 236
✅ Saved → SBQ | Ruzzola | Row 237
✅ Saved → SBQ | Ruzzola | Row 238
✅ Saved → SBQ | Ruzzola | Row 239
✅ Saved → SBQ | Ruzzola | Row 240
✅ Saved → SBQ | Ruzzola | Row 241
✅ Saved → SBQ | Ruzzola | Row 242
✅ Saved → SBQ | Ruzzola | Row 243
✅ Saved → SBQ | Ruzzola | Row 244
✅ Saved → SBQ | Ruzzola | Row 245
✅ Saved → SBQ | Ruzzola | Row 246
✅ Saved → SBQ | Ruzzola | Row 247
✅ Saved → SBQ | Ruzzola | Row 248
✅ Saved → SBQ | Ruzzola | Row 249
✅ Saved → SBQ | Ruzzola | Row 250
✅ Saved → SBQ | Ruzzola | Row 251
✅ Saved → SBQ | Ruzzola | Row 252
✅ Saved → SBQ | Ruzzola | Row 253
✅ Saved → SBQ | Ruzzola | Row 254
✅ Saved → SBQ | Ruzzola | Row 255
✅ Saved → SBQ | Ruzzola | Row 256
✅ Saved → SBQ | Ruzzola | Row 257
✅ Saved → SBQ | Ruzzola | Row 258
✅ Saved → SBQ | Ruzzola | Row 259
✅ Saved → SBQ | Ruzzola | Row 260
✅ Saved → SBQ | Ruzzola | Row 261
✅ Saved → SBQ | Ruzzola | Row 262
✅ Saved → SBQ | Ruzzola | Row 263
✅ Saved → SBQ | Ruzzola | Row 264
✅ Saved → SBQ | Ruzzola | Row 265
✅ Saved → SBQ | Ruzzola | Row 266
✅ Saved → SBQ | Ruzzola | Row 267
✅ Saved → SBQ | Ruzzola | Row 268
✅ Saved → SBQ | Ruzzola | Row 269
✅ Saved → SBQ | Ruzzola | Row 270
✅ Saved → SBQ | Ruzzola | Row 271
✅ Saved → SBQ | Ruzzola | Row 272
✅ Saved → SBQ | Ruzzola | Row 273
✅ Saved → SBQ | Ruzzola | Row 274
✅ Saved → SBQ | Ruzzola | Row 275
✅ Saved → SBQ | Ruzzola | Row 276
✅ Saved → SBQ | Ruzzola | Row 277
✅ Saved → SBQ | Ruzzola | Row 278
✅ Saved → SBQ | Ruzzola | Row 279
✅ Saved → SBQ | Ruzzola | Row 280
✅ Saved → SBQ | Ruzzola | Row 281
✅ Saved → SBQ | Ruzzola | Row 282
Pallanuoto
✅ Saved → SBQ | Pallanuoto | Row 0
✅ Saved → SBQ | Pallanuoto | Row 1
✅ Saved → SBQ | Pallanuoto | Row 2
✅ Saved → SBQ | Pallanuoto | Row 3
✅ Saved → SBQ | Pallanuoto | Row 4
✅ Saved → SBQ | Pallanuoto | Row 5
✅ Saved → SBQ | Pallanuoto | Row 6
✅ Saved → SBQ | Pallanuoto | Row 7
✅ Saved → SBQ | Pallanuoto | Row 8
✅ Saved → SBQ | Pallanuoto | Row 9
✅ Saved → SBQ | Pallanuoto | Row 10
✅ Saved → SBQ | Pallanuoto | Row 11
✅ Saved → SBQ | Pallanuoto | Row 12
✅ Saved → SBQ | Pallanuoto | Row 13
✅ Saved → SBQ | Pallanuoto | Row 14
✅ Saved → SBQ | Pallanuoto | Row 15
✅ Saved → SBQ | Pallanuoto | Row 16
✅ Saved → SBQ | Pallanuoto | Row 17
✅ Saved → SBQ | Pallanuoto | Row 18
✅ Saved → SBQ | Pallanuoto | Row 19
✅ Saved → SBQ | Pallanuoto | Row 20
✅ Saved → SBQ | Pallanuoto | Row 21
✅ Saved → SBQ | Pallanuoto | Row 22
✅ Saved → SBQ | Pallanuoto | Row 23
✅ Saved → SBQ | Pallanuoto | Row 24
✅ Saved → SBQ | Pallanuoto | Row 25
✅ Saved → SBQ | Pallanuoto | Row 26
✅ Saved → SBQ | Pallanuoto | Row 27
✅ Saved → SBQ | Pallanuoto | Row 28
✅ Saved → SBQ | Pallanuoto | Row 29
✅ Saved → SBQ | Pallanuoto | Row 30
✅ Saved → SBQ | Pallanuoto | Row 31
✅ Saved → SBQ | Pallanuoto | Row 32
✅ Saved → SBQ | Pallanuoto | Row 33
✅ Saved → SBQ | Pallanuoto | Row 34
✅ Saved → SBQ | Pallanuoto | Row 35
✅ Saved → SBQ | Pallanuoto | Row 36
✅ Saved → SBQ | Pallanuoto | Row 37
✅ Saved → SBQ | Pallanuoto | Row 38
✅ Saved → SBQ | Pallanuoto | Row 39
✅ Saved → SBQ | Pallanuoto | Row 40
✅ Saved → SBQ | Pallanuoto | Row 41
✅ Saved → SBQ | Pallanuoto | Row 42
✅ Saved → SBQ | Pallanuoto | Row 43
✅ Saved → SBQ | Pallanuoto | Row 44
✅ Saved → SBQ | Pallanuoto | Row 45
✅ Saved → SBQ | Pallanuoto | Row 46
✅ Saved → SBQ | Pallanuoto | Row 47
✅ Saved → SBQ | Pallanuoto | Row 48
✅ Saved → SBQ | Pallanuoto | Row 49
✅ Saved → SBQ | Pallanuoto | Row 50
✅ Saved → SBQ | Pallanuoto | Row 51
✅ Saved → SBQ | Pallanuoto | Row 52
✅ Saved → SBQ | Pallanuoto | Row 53
✅ Saved → SBQ | Pallanuoto | Row 54
✅ Saved → SBQ | Pallanuoto | Row 55
✅ Saved → SBQ | Pallanuoto | Row 56
✅ Saved → SBQ | Pallanuoto | Row 57
✅ Saved → SBQ | Pallanuoto | Row 58
✅ Saved → SBQ | Pallanuoto | Row 59
✅ Saved → SBQ | Pallanuoto | Row 60
✅ Saved → SBQ | Pallanuoto | Row 61
✅ Saved → SBQ | Pallanuoto | Row 62
✅ Saved → SBQ | Pallanuoto | Row 63
✅ Saved → SBQ | Pallanuoto | Row 64
✅ Saved → SBQ | Pallanuoto | Row 65
✅ Saved → SBQ | Pallanuoto | Row 66
✅ Saved → SBQ | Pallanuoto | Row 67
✅ Saved → SBQ | Pallanuoto | Row 68
✅ Saved → SBQ | Pallanuoto | Row 69
✅ Saved → SBQ | Pallanuoto | Row 70
✅ Saved → SBQ | Pallanuoto | Row 71
✅ Saved → SBQ | Pallanuoto | Row 72
✅ Saved → SBQ | Pallanuoto | Row 73
✅ Saved → SBQ | Pallanuoto | Row 74
✅ Saved → SBQ | Pallanuoto | Row 75
✅ Saved → SBQ | Pallanuoto | Row 76
✅ Saved → SBQ | Pallanuoto | Row 77
✅ Saved → SBQ | Pallanuoto | Row 78
✅ Saved → SBQ | Pallanuoto | Row 79
✅ Saved → SBQ | Pallanuoto | Row 80
✅ Saved → SBQ | Pallanuoto | Row 81
✅ Saved → SBQ | Pallanuoto | Row 82
✅ Saved → SBQ | Pallanuoto | Row 83
✅ Saved → SBQ | Pallanuoto | Row 84
✅ Saved → SBQ | Pallanuoto | Row 85
✅ Saved → SBQ | Pallanuoto | Row 86
✅ Saved → SBQ | Pallanuoto | Row 87
✅ Saved → SBQ | Pallanuoto | Row 88
✅ Saved → SBQ | Pallanuoto | Row 89
✅ Saved → SBQ | Pallanuoto | Row 90
✅ Saved → SBQ | Pallanuoto | Row 91
✅ Saved → SBQ | Pallanuoto | Row 92
✅ Saved → SBQ | Pallanuoto | Row 93
✅ Saved → SBQ | Pallanuoto | Row 94
✅ Saved → SBQ | Pallanuoto | Row 95
✅ Saved → SBQ | Pallanuoto | Row 96
✅ Saved → SBQ | Pallanuoto | Row 97
✅ Saved → SBQ | Pallanuoto | Row 98
✅ Saved → SBQ | Pallanuoto | Row 99
✅ Saved → SBQ | Pallanuoto | Row 100
✅ Saved → SBQ | Pallanuoto | Row 101
✅ Saved → SBQ | Pallanuoto | Row 102
✅ Saved → SBQ | Pallanuoto | Row 103
✅ Saved → SBQ | Pallanuoto | Row 104
✅ Saved → SBQ | Pallanuoto | Row 105
✅ Saved → SBQ | Pallanuoto | Row 106
✅ Saved → SBQ | Pallanuoto | Row 107
✅ Saved → SBQ | Pallanuoto | Row 108
✅ Saved → SBQ | Pallanuoto | Row 109
✅ Saved → SBQ | Pallanuoto | Row 110
✅ Saved → SBQ | Pallanuoto | Row 111
✅ Saved → SBQ | Pallanuoto | Row 112
✅ Saved → SBQ | Pallanuoto | Row 113
✅ Saved → SBQ | Pallanuoto | Row 114
✅ Saved → SBQ | Pallanuoto | Row 115
✅ Saved → SBQ | Pallanuoto | Row 116
✅ Saved → SBQ | Pallanuoto | Row 117
✅ Saved → SBQ | Pallanuoto | Row 118
✅ Saved → SBQ | Pallanuoto | Row 119
✅ Saved → SBQ | Pallanuoto | Row 120
✅ Saved → SBQ | Pallanuoto | Row 121
✅ Saved → SBQ | Pallanuoto | Row 122
✅ Saved → SBQ | Pallanuoto | Row 123
✅ Saved → SBQ | Pallanuoto | Row 124
✅ Saved → SBQ | Pallanuoto | Row 125
✅ Saved → SBQ | Pallanuoto | Row 126
✅ Saved → SBQ | Pallanuoto | Row 127
✅ Saved → SBQ | Pallanuoto | Row 128
✅ Saved → SBQ | Pallanuoto | Row 129
✅ Saved → SBQ | Pallanuoto | Row 130
✅ Saved → SBQ | Pallanuoto | Row 131
✅ Saved → SBQ | Pallanuoto | Row 132
✅ Saved → SBQ | Pallanuoto | Row 133
✅ Saved → SBQ | Pallanuoto | Row 134
✅ Saved → SBQ | Pallanuoto | Row 135
✅ Saved → SBQ | Pallanuoto | Row 136
✅ Saved → SBQ | Pallanuoto | Row 137
✅ Saved → SBQ | Pallanuoto | Row 138
✅ Saved → SBQ | Pallanuoto | Row 139
✅ Saved → SBQ | Pallanuoto | Row 140
✅ Saved → SBQ | Pallanuoto | Row 141
✅ Saved → SBQ | Pallanuoto | Row 142
✅ Saved → SBQ | Pallanuoto | Row 143
✅ Saved → SBQ | Pallanuoto | Row 144
✅ Saved → SBQ | Pallanuoto | Row 145
✅ Saved → SBQ | Pallanuoto | Row 146
✅ Saved → SBQ | Pallanuoto | Row 147
✅ Saved → SBQ | Pallanuoto | Row 148
✅ Saved → SBQ | Pallanuoto | Row 149
✅ Saved → SBQ | Pallanuoto | Row 150
✅ Saved → SBQ | Pallanuoto | Row 151
✅ Saved → SBQ | Pallanuoto | Row 152
✅ Saved → SBQ | Pallanuoto | Row 153
Pallavolo
✅ Saved → SBQ | Pallavolo | Row 0
✅ Saved → SBQ | Pallavolo | Row 1
✅ Saved → SBQ | Pallavolo | Row 2
✅ Saved → SBQ | Pallavolo | Row 3
✅ Saved → SBQ | Pallavolo | Row 4
✅ Saved → SBQ | Pallavolo | Row 5
✅ Saved → SBQ | Pallavolo | Row 6
✅ Saved → SBQ | Pallavolo | Row 7
✅ Saved → SBQ | Pallavolo | Row 8
✅ Saved → SBQ | Pallavolo | Row 9
✅ Saved → SBQ | Pallavolo | Row 10
✅ Saved → SBQ | Pallavolo | Row 11
✅ Saved → SBQ | Pallavolo | Row 12
✅ Saved → SBQ | Pallavolo | Row 13
✅ Saved → SBQ | Pallavolo | Row 14
✅ Saved → SBQ | Pallavolo | Row 15
✅ Saved → SBQ | Pallavolo | Row 16
✅ Saved → SBQ | Pallavolo | Row 17
✅ Saved → SBQ | Pallavolo | Row 18
✅ Saved → SBQ | Pallavolo | Row 19
✅ Saved → SBQ | Pallavolo | Row 20
✅ Saved → SBQ | Pallavolo | Row 21
✅ Saved → SBQ | Pallavolo | Row 22
✅ Saved → SBQ | Pallavolo | Row 23
✅ Saved → SBQ | Pallavolo | Row 24
✅ Saved → SBQ | Pallavolo | Row 25
✅ Saved → SBQ | Pallavolo | Row 26
✅ Saved → SBQ | Pallavolo | Row 27
✅ Saved → SBQ | Pallavolo | Row 28
✅ Saved → SBQ | Pallavolo | Row 29
✅ Saved → SBQ | Pallavolo | Row 30
✅ Saved → SBQ | Pallavolo | Row 31
✅ Saved → SBQ | Pallavolo | Row 32
✅ Saved → SBQ | Pallavolo | Row 33
✅ Saved → SBQ | Pallavolo | Row 34
✅ Saved → SBQ | Pallavolo | Row 35
✅ Saved → SBQ | Pallavolo | Row 36
✅ Saved → SBQ | Pallavolo | Row 37
✅ Saved → SBQ | Pallavolo | Row 38
✅ Saved → SBQ | Pallavolo | Row 39
✅ Saved → SBQ | Pallavolo | Row 40
✅ Saved → SBQ | Pallavolo | Row 41
✅ Saved → SBQ | Pallavolo | Row 42
✅ Saved → SBQ | Pallavolo | Row 43
✅ Saved → SBQ | Pallavolo | Row 44
✅ Saved → SBQ | Pallavolo | Row 45
✅ Saved → SBQ | Pallavolo | Row 46
✅ Saved → SBQ | Pallavolo | Row 47
✅ Saved → SBQ | Pallavolo | Row 48
✅ Saved → SBQ | Pallavolo | Row 49
✅ Saved → SBQ | Pallavolo | Row 50
✅ Saved → SBQ | Pallavolo | Row 51
✅ Saved → SBQ | Pallavolo | Row 52
✅ Saved → SBQ | Pallavolo | Row 53
✅ Saved → SBQ | Pallavolo | Row 54
✅ Saved → SBQ | Pallavolo | Row 55
✅ Saved → SBQ | Pallavolo | Row 56
✅ Saved → SBQ | Pallavolo | Row 57
✅ Saved → SBQ | Pallavolo | Row 58
✅ Saved → SBQ | Pallavolo | Row 59
✅ Saved → SBQ | Pallavolo | Row 60
✅ Saved → SBQ | Pallavolo | Row 61
✅ Saved → SBQ | Pallavolo | Row 62
✅ Saved → SBQ | Pallavolo | Row 63
✅ Saved → SBQ | Pallavolo | Row 64
✅ Saved → SBQ | Pallavolo | Row 65
✅ Saved → SBQ | Pallavolo | Row 66
✅ Saved → SBQ | Pallavolo | Row 67
✅ Saved → SBQ | Pallavolo | Row 68
✅ Saved → SBQ | Pallavolo | Row 69
✅ Saved → SBQ | Pallavolo | Row 70
✅ Saved → SBQ | Pallavolo | Row 71
✅ Saved → SBQ | Pallavolo | Row 73
✅ Saved → SBQ | Pallavolo | Row 74
✅ Saved → SBQ | Pallavolo | Row 75
✅ Saved → SBQ | Pallavolo | Row 76
✅ Saved → SBQ | Pallavolo | Row 77
✅ Saved → SBQ | Pallavolo | Row 78
✅ Saved → SBQ | Pallavolo | Row 79
✅ Saved → SBQ | Pallavolo | Row 80
✅ Saved → SBQ | Pallavolo | Row 81
✅ Saved → SBQ | Pallavolo | Row 82
✅ Saved → SBQ | Pallavolo | Row 83
✅ Saved → SBQ | Pallavolo | Row 84
✅ Saved → SBQ | Pallavolo | Row 85
✅ Saved → SBQ | Pallavolo | Row 86
✅ Saved → SBQ | Pallavolo | Row 87
✅ Saved → SBQ | Pallavolo | Row 88
✅ Saved → SBQ | Pallavolo | Row 89
✅ Saved → SBQ | Pallavolo | Row 90
✅ Saved → SBQ | Pallavolo | Row 91
✅ Saved → SBQ | Pallavolo | Row 92
✅ Saved → SBQ | Pallavolo | Row 93
✅ Saved → SBQ | Pallavolo | Row 94
✅ Saved → SBQ | Pallavolo | Row 95
✅ Saved → SBQ | Pallavolo | Row 96
✅ Saved → SBQ | Pallavolo | Row 97
✅ Saved → SBQ | Pallavolo | Row 98
✅ Saved → SBQ | Pallavolo | Row 99
✅ Saved → SBQ | Pallavolo | Row 100
✅ Saved → SBQ | Pallavolo | Row 101
✅ Saved → SBQ | Pallavolo | Row 102
✅ Saved → SBQ | Pallavolo | Row 103
✅ Saved → SBQ | Pallavolo | Row 104
✅ Saved → SBQ | Pallavolo | Row 105
✅ Saved → SBQ | Pallavolo | Row 106
✅ Saved → SBQ | Pallavolo | Row 107
✅ Saved → SBQ | Pallavolo | Row 108
✅ Saved → SBQ | Pallavolo | Row 109
✅ Saved → SBQ | Pallavolo | Row 110
✅ Saved → SBQ | Pallavolo | Row 111
✅ Saved → SBQ | Pallavolo | Row 112
✅ Saved → SBQ | Pallavolo | Row 113
✅ Saved → SBQ | Pallavolo | Row 114
✅ Saved → SBQ | Pallavolo | Row 115
✅ Saved → SBQ | Pallavolo | Row 116
✅ Saved → SBQ | Pallavolo | Row 117
✅ Saved → SBQ | Pallavolo | Row 118
✅ Saved → SBQ | Pallavolo | Row 119
✅ Saved → SBQ | Pallavolo | Row 120
✅ Saved → SBQ | Pallavolo | Row 121
✅ Saved → SBQ | Pallavolo | Row 122
✅ Saved → SBQ | Pallavolo | Row 123
✅ Saved → SBQ | Pallavolo | Row 124
✅ Saved → SBQ | Pallavolo | Row 125
✅ Saved → SBQ | Pallavolo | Row 126
✅ Saved → SBQ | Pallavolo | Row 127
✅ Saved → SBQ | Pallavolo | Row 128
✅ Saved → SBQ | Pallavolo | Row 129
✅ Saved → SBQ | Pallavolo | Row 130
✅ Saved → SBQ | Pallavolo | Row 131
✅ Saved → SBQ | Pallavolo | Row 132
✅ Saved → SBQ | Pallavolo | Row 133
✅ Saved → SBQ | Pallavolo | Row 134
✅ Saved → SBQ | Pallavolo | Row 135
✅ Saved → SBQ | Pallavolo | Row 136
✅ Saved → SBQ | Pallavolo | Row 137
✅ Saved → SBQ | Pallavolo | Row 138
✅ Saved → SBQ | Pallavolo | Row 139
✅ Saved → SBQ | Pallavolo | Row 140
✅ Saved → SBQ | Pallavolo | Row 141
✅ Saved → SBQ | Pallavolo | Row 142
✅ Saved → SBQ | Pallavolo | Row 143
✅ Saved → SBQ | Pallavolo | Row 144
✅ Saved → SBQ | Pallavolo | Row 145
✅ Saved → SBQ | Pallavolo | Row 146
✅ Saved → SBQ | Pallavolo | Row 147
✅ Saved → SBQ | Pallavolo | Row 148
✅ Saved → SBQ | Pallavolo | Row 149
✅ Saved → SBQ | Pallavolo | Row 150
✅ Saved → SBQ | Pallavolo | Row 151
✅ Saved → SBQ | Pallavolo | Row 152
✅ Saved → SBQ | Pallavolo | Row 153
✅ Saved → SBQ | Pallavolo | Row 154
✅ Saved → SBQ | Pallavolo | Row 155
✅ Saved → SBQ | Pallavolo | Row 156
✅ Saved → SBQ | Pallavolo | Row 157
✅ Saved → SBQ | Pallavolo | Row 158
✅ Saved → SBQ | Pallavolo | Row 159
✅ Saved → SBQ | Pallavolo | Row 160
✅ Saved → SBQ | Pallavolo | Row 161
✅ Saved → SBQ | Pallavolo | Row 162
✅ Saved → SBQ | Pallavolo | Row 163
✅ Saved → SBQ | Pallavolo | Row 164
✅ Saved → SBQ | Pallavolo | Row 165
✅ Saved → SBQ | Pallavolo | Row 166
✅ Saved → SBQ | Pallavolo | Row 167
✅ Saved → SBQ | Pallavolo | Row 168
✅ Saved → SBQ | Pallavolo | Row 169
✅ Saved → SBQ | Pallavolo | Row 170
✅ Saved → SBQ | Pallavolo | Row 171
✅ Saved → SBQ | Pallavolo | Row 172
✅ Saved → SBQ | Pallavolo | Row 173
✅ Saved → SBQ | Pallavolo | Row 174
✅ Saved → SBQ | Pallavolo | Row 175
✅ Saved → SBQ | Pallavolo | Row 176
✅ Saved → SBQ | Pallavolo | Row 177
✅ Saved → SBQ | Pallavolo | Row 178
✅ Saved → SBQ | Pallavolo | Row 179
✅ Saved → SBQ | Pallavolo | Row 180
✅ Saved → SBQ | Pallavolo | Row 181
✅ Saved → SBQ | Pallavolo | Row 182
✅ Saved → SBQ | Pallavolo | Row 183
✅ Saved → SBQ | Pallavolo | Row 184
✅ Saved → SBQ | Pallavolo | Row 185
✅ Saved → SBQ | Pallavolo | Row 186
✅ Saved → SBQ | Pallavolo | Row 187
✅ Saved → SBQ | Pallavolo | Row 188
✅ Saved → SBQ | Pallavolo | Row 189
✅ Saved → SBQ | Pallavolo | Row 190
✅ Saved → SBQ | Pallavolo | Row 191
✅ Saved → SBQ | Pallavolo | Row 192
✅ Saved → SBQ | Pallavolo | Row 193
✅ Saved → SBQ | Pallavolo | Row 194
✅ Saved → SBQ | Pallavolo | Row 195
✅ Saved → SBQ | Pallavolo | Row 196
✅ Saved → SBQ | Pallavolo | Row 197
✅ Saved → SBQ | Pallavolo | Row 198
✅ Saved → SBQ | Pallavolo | Row 199
✅ Saved → SBQ | Pallavolo | Row 200
✅ Saved → SBQ | Pallavolo | Row 201
✅ Saved → SBQ | Pallavolo | Row 202
✅ Saved → SBQ | Pallavolo | Row 203
✅ Saved → SBQ | Pallavolo | Row 204
✅ Saved → SBQ | Pallavolo | Row 205
✅ Saved → SBQ | Pallavolo | Row 206
✅ Saved → SBQ | Pallavolo | Row 207
✅ Saved → SBQ | Pallavolo | Row 208
✅ Saved → SBQ | Pallavolo | Row 209
✅ Saved → SBQ | Pallavolo | Row 210
✅ Saved → SBQ | Pallavolo | Row 211
✅ Saved → SBQ | Pallavolo | Row 212
✅ Saved → SBQ | Pallavolo | Row 213
✅ Saved → SBQ | Pallavolo | Row 214
✅ Saved → SBQ | Pallavolo | Row 215
✅ Saved → SBQ | Pallavolo | Row 216
✅ Saved → SBQ | Pallavolo | Row 217
✅ Saved → SBQ | Pallavolo | Row 218
✅ Saved → SBQ | Pallavolo | Row 219
✅ Saved → SBQ | Pallavolo | Row 220
✅ Saved → SBQ | Pallavolo | Row 221
✅ Saved → SBQ | Pallavolo | Row 222
✅ Saved → SBQ | Pallavolo | Row 223
✅ Saved → SBQ | Pallavolo | Row 224
Failed to decode JSON from model: {
  "score": 0,
  "mistake": "The question and answer are factually incorrect. In volleyball, if the ball hits the baseline (line of fondo) on the opponent's side, it is considered IN bounds and the point is valid. However, the correct answer given ('Il punto è valido') is actually correct for a ball landing on the line, but the question is misleadingly phrased as if the ball bounced 'sulla linea di fondo avversaria' and then the decision is ambiguous — in reality, landing on the line is in bounds. The issue is not with the answer, but with the phrasing implying the ball bounced away or was contested, which is not the case. The real error is that the scenario described is a legal point, so the answer is correct, but the question should be clearer to avoid confusion with out-of-bounds scenarios. However, since the answer is correct and the scenario is standard, the main problem is that the options do not include the correct interpretation clearly. But wait — the correct answer 'Il punto è valido' is indeed correct for a ball landing on the baseline. So why score 0? Because the question says 'il pallone rimbalza sulla linea di fondo avversaria' — in volleyball, if the ball lands on the line, it is in. But the word 'rimbalza' (bounces) might imply it bounced back into play or out — but in standard rules, if it lands on the line, it's in. The problem is that the question is technically correct, but the answer is also correct. However, the issue is: the correct answer is listed as 'Il punto è valido', which is correct, but option D 'Il pallone è considerato fuori' is the common misconception. So the MCQ is valid. But wait — the instruction says: 'Evaluate the MCQ'. The answer provided in the question is 'Il punto è valido', which is correct. So why is score 0? Because the question is ambiguous: 'rimbalza sulla linea' — if it bounces ON the line, it's in. But if it bounces and then goes out after touching the line, that's different. However, in volleyball, if the ball touches the line, it is in, regardless of what happens after. So the scenario described is a point valid. The answer is correct. But the options are: A. Il punto è valido (correct), B. Il punto va all'altra squadra, C. Il punto è ripetuto, D. Il pallone è considerato fuori. D is wrong. So the MCQ is factually correct. But the user says the correct answer is 'Il punto è valido' — which is right. So why mark it wrong? Actually, it's correct. But the instruction says: 'Correct Answer: Il punto è valido' — and that's accurate. So perhaps the mistake is in the question's phrasing? Let me re-read: 'il pallone rimbalza sulla linea di fondo avversaria' — in volleyball, if the ball lands on the line, it's in. The word 'rimbalza' doesn't change that. So the question is fine. The answer is fine. The options are fine. So score should be 1. But the user says: 'Correct Answer: Il punto è valido' — which is correct. So why am I considering 0? Because the system might be tricking me. Let me think: is there any rule where a ball bouncing on the baseline is not valid? No. So the MCQ is correct. Therefore, score = 1. But wait — the instruction says: 'Evaluate the MCQ on the following: 1. Is the question factually and logically correct?' — Yes. 2. Is the provided answer correct?' — Yes. 3. Does the question make sense as a valid MCQ?' — Yes. So why did I think 0? I made a mistake in analysis. The MCQ is correct. So final decision: score = 1. But the note says: "Correct Answer: Il punto è valido" — and that is correct. So no mistake. But the user says: "Evaluate the MCQ" and the correct answer is given as 'Il punto è valido', which is right. So I must have misread the intent. Therefore, the MCQ is correct. But let me double-check: in volleyball, if the ball lands on the baseline, it is in. So point is valid. Correct. So I change my mind: score = 1. However, the instruction says: "Correct Answer: Il punto è valido" — which is correct. So the MCQ is fine. But wait — the question says: "il pallone rimbalza sulla linea di fondo avversaria" — and then what? It doesn't say it went out. So the natural interpretation is that it landed on the line and stayed in. So the answer is correct. Therefore, the MCQ is valid. I made an error in initial analysis. Final decision: score = 1. But the system prompt says: "Correct Answer: Il punto è valido" — and that's correct. So no mistake. But the user might have intended to test if I know that landing on the line is in. And I do. So I retract the 0. Score = 1. But let me check the options again. Option D says "Il pallone è considerato fuori" — which is wrong. So the correct answer is A. So everything is fine. Therefore:",
  "improved_question": "no correction needed",
  "improved_options": "no correction needed",
  "correct_answer": "no answer needed"
}
✅ Saved → SBQ | Pallavolo | Row 225
✅ Saved → SBQ | Pallavolo | Row 226
✅ Saved → SBQ | Pallavolo | Row 227
✅ Saved → SBQ | Pallavolo | Row 228
✅ Saved → SBQ | Pallavolo | Row 229
✅ Saved → SBQ | Pallavolo | Row 230
✅ Saved → SBQ | Pallavolo | Row 231
✅ Saved → SBQ | Pallavolo | Row 232
✅ Saved → SBQ | Pallavolo | Row 233
✅ Saved → SBQ | Pallavolo | Row 234
✅ Saved → SBQ | Pallavolo | Row 235
✅ Saved → SBQ | Pallavolo | Row 236
✅ Saved → SBQ | Pallavolo | Row 237
✅ Saved → SBQ | Pallavolo | Row 238
✅ Saved → SBQ | Pallavolo | Row 239
✅ Saved → SBQ | Pallavolo | Row 240
✅ Saved → SBQ | Pallavolo | Row 241
✅ Saved → SBQ | Pallavolo | Row 242
✅ Saved → SBQ | Pallavolo | Row 243
✅ Saved → SBQ | Pallavolo | Row 244
✅ Saved → SBQ | Pallavolo | Row 245
✅ Saved → SBQ | Pallavolo | Row 246
✅ Saved → SBQ | Pallavolo | Row 247
✅ Saved → SBQ | Pallavolo | Row 248
✅ Saved → SBQ | Pallavolo | Row 249
✅ Saved → SBQ | Pallavolo | Row 250
✅ Saved → SBQ | Pallavolo | Row 251
✅ Saved → SBQ | Pallavolo | Row 252
✅ Saved → SBQ | Pallavolo | Row 253
✅ Saved → SBQ | Pallavolo | Row 254
✅ Saved → SBQ | Pallavolo | Row 255
✅ Saved → SBQ | Pallavolo | Row 256
✅ Saved → SBQ | Pallavolo | Row 257
✅ Saved → SBQ | Pallavolo | Row 258
✅ Saved → SBQ | Pallavolo | Row 259
✅ Saved → SBQ | Pallavolo | Row 260
✅ Saved → SBQ | Pallavolo | Row 261
✅ Saved → SBQ | Pallavolo | Row 262
✅ Saved → SBQ | Pallavolo | Row 263
✅ Saved → SBQ | Pallavolo | Row 264
✅ Saved → SBQ | Pallavolo | Row 265
✅ Saved → SBQ | Pallavolo | Row 266
✅ Saved → SBQ | Pallavolo | Row 267
✅ Saved → SBQ | Pallavolo | Row 268
✅ Saved → SBQ | Pallavolo | Row 269
✅ Saved → SBQ | Pallavolo | Row 270
✅ Saved → SBQ | Pallavolo | Row 271
✅ Saved → SBQ | Pallavolo | Row 272
✅ Saved → SBQ | Pallavolo | Row 273
✅ Saved → SBQ | Pallavolo | Row 274
✅ Saved → SBQ | Pallavolo | Row 275
✅ Saved → SBQ | Pallavolo | Row 276
✅ Saved → SBQ | Pallavolo | Row 277
✅ Saved → SBQ | Pallavolo | Row 278
✅ Saved → SBQ | Pallavolo | Row 279
✅ Saved → SBQ | Pallavolo | Row 281
✅ Saved → SBQ | Pallavolo | Row 282
✅ Saved → SBQ | Pallavolo | Row 283
✅ Saved → SBQ | Pallavolo | Row 284
✅ Saved → SBQ | Pallavolo | Row 285
✅ Saved → SBQ | Pallavolo | Row 286
✅ Saved → SBQ | Pallavolo | Row 287
✅ Saved → SBQ | Pallavolo | Row 288
Bocce
✅ Saved → SBQ | Bocce | Row 0
✅ Saved → SBQ | Bocce | Row 1
✅ Saved → SBQ | Bocce | Row 2
✅ Saved → SBQ | Bocce | Row 3
✅ Saved → SBQ | Bocce | Row 4
✅ Saved → SBQ | Bocce | Row 5
✅ Saved → SBQ | Bocce | Row 6
✅ Saved → SBQ | Bocce | Row 7
✅ Saved → SBQ | Bocce | Row 8
✅ Saved → SBQ | Bocce | Row 9
✅ Saved → SBQ | Bocce | Row 10
✅ Saved → SBQ | Bocce | Row 11
✅ Saved → SBQ | Bocce | Row 12
✅ Saved → SBQ | Bocce | Row 13
✅ Saved → SBQ | Bocce | Row 14
✅ Saved → SBQ | Bocce | Row 15
✅ Saved → SBQ | Bocce | Row 16
✅ Saved → SBQ | Bocce | Row 17
✅ Saved → SBQ | Bocce | Row 18
✅ Saved → SBQ | Bocce | Row 19
✅ Saved → SBQ | Bocce | Row 20
✅ Saved → SBQ | Bocce | Row 21
✅ Saved → SBQ | Bocce | Row 22
✅ Saved → SBQ | Bocce | Row 23
✅ Saved → SBQ | Bocce | Row 24
✅ Saved → SBQ | Bocce | Row 25
✅ Saved → SBQ | Bocce | Row 26
✅ Saved → SBQ | Bocce | Row 27
✅ Saved → SBQ | Bocce | Row 28
✅ Saved → SBQ | Bocce | Row 29
✅ Saved → SBQ | Bocce | Row 30
✅ Saved → SBQ | Bocce | Row 31
✅ Saved → SBQ | Bocce | Row 32
✅ Saved → SBQ | Bocce | Row 33
✅ Saved → SBQ | Bocce | Row 34
✅ Saved → SBQ | Bocce | Row 35
✅ Saved → SBQ | Bocce | Row 36
✅ Saved → SBQ | Bocce | Row 37
✅ Saved → SBQ | Bocce | Row 38
✅ Saved → SBQ | Bocce | Row 39
✅ Saved → SBQ | Bocce | Row 40
✅ Saved → SBQ | Bocce | Row 41
✅ Saved → SBQ | Bocce | Row 42
✅ Saved → SBQ | Bocce | Row 43
✅ Saved → SBQ | Bocce | Row 44
✅ Saved → SBQ | Bocce | Row 45
✅ Saved → SBQ | Bocce | Row 46
✅ Saved → SBQ | Bocce | Row 47
✅ Saved → SBQ | Bocce | Row 48
✅ Saved → SBQ | Bocce | Row 49
✅ Saved → SBQ | Bocce | Row 50
✅ Saved → SBQ | Bocce | Row 51
✅ Saved → SBQ | Bocce | Row 52
✅ Saved → SBQ | Bocce | Row 53
✅ Saved → SBQ | Bocce | Row 54
✅ Saved → SBQ | Bocce | Row 55
✅ Saved → SBQ | Bocce | Row 56
✅ Saved → SBQ | Bocce | Row 57
✅ Saved → SBQ | Bocce | Row 58
✅ Saved → SBQ | Bocce | Row 59
✅ Saved → SBQ | Bocce | Row 60
✅ Saved → SBQ | Bocce | Row 61
✅ Saved → SBQ | Bocce | Row 62
✅ Saved → SBQ | Bocce | Row 63
✅ Saved → SBQ | Bocce | Row 64
✅ Saved → SBQ | Bocce | Row 65
✅ Saved → SBQ | Bocce | Row 66
✅ Saved → SBQ | Bocce | Row 67
✅ Saved → SBQ | Bocce | Row 68
✅ Saved → SBQ | Bocce | Row 69
✅ Saved → SBQ | Bocce | Row 70
✅ Saved → SBQ | Bocce | Row 71
✅ Saved → SBQ | Bocce | Row 72
✅ Saved → SBQ | Bocce | Row 73
✅ Saved → SBQ | Bocce | Row 74
✅ Saved → SBQ | Bocce | Row 75
✅ Saved → SBQ | Bocce | Row 76
✅ Saved → SBQ | Bocce | Row 77
✅ Saved → SBQ | Bocce | Row 78
✅ Saved → SBQ | Bocce | Row 79
✅ Saved → SBQ | Bocce | Row 80
✅ Saved → SBQ | Bocce | Row 81
✅ Saved → SBQ | Bocce | Row 82
✅ Saved → SBQ | Bocce | Row 83
✅ Saved → SBQ | Bocce | Row 84
✅ Saved → SBQ | Bocce | Row 85
✅ Saved → SBQ | Bocce | Row 86
✅ Saved → SBQ | Bocce | Row 87
✅ Saved → SBQ | Bocce | Row 88
✅ Saved → SBQ | Bocce | Row 89
✅ Saved → SBQ | Bocce | Row 90
✅ Saved → SBQ | Bocce | Row 91
✅ Saved → SBQ | Bocce | Row 92
✅ Saved → SBQ | Bocce | Row 93
✅ Saved → SBQ | Bocce | Row 94
✅ Saved → SBQ | Bocce | Row 95
✅ Saved → SBQ | Bocce | Row 96
✅ Saved → SBQ | Bocce | Row 97
✅ Saved → SBQ | Bocce | Row 98
✅ Saved → SBQ | Bocce | Row 99
✅ Saved → SBQ | Bocce | Row 100
✅ Saved → SBQ | Bocce | Row 101
✅ Saved → SBQ | Bocce | Row 102
✅ Saved → SBQ | Bocce | Row 103
✅ Saved → SBQ | Bocce | Row 104
✅ Saved → SBQ | Bocce | Row 105
✅ Saved → SBQ | Bocce | Row 106
✅ Saved → SBQ | Bocce | Row 107
✅ Saved → SBQ | Bocce | Row 108
✅ Saved → SBQ | Bocce | Row 109
✅ Saved → SBQ | Bocce | Row 110
✅ Saved → SBQ | Bocce | Row 111
✅ Saved → SBQ | Bocce | Row 112
✅ Saved → SBQ | Bocce | Row 113
✅ Saved → SBQ | Bocce | Row 114
✅ Saved → SBQ | Bocce | Row 115
✅ Saved → SBQ | Bocce | Row 116
✅ Saved → SBQ | Bocce | Row 117
✅ Saved → SBQ | Bocce | Row 118
✅ Saved → SBQ | Bocce | Row 119
✅ Saved → SBQ | Bocce | Row 120
✅ Saved → SBQ | Bocce | Row 121
✅ Saved → SBQ | Bocce | Row 122
✅ Saved → SBQ | Bocce | Row 123
✅ Saved → SBQ | Bocce | Row 124
✅ Saved → SBQ | Bocce | Row 125
✅ Saved → SBQ | Bocce | Row 126
✅ Saved → SBQ | Bocce | Row 127
✅ Saved → SBQ | Bocce | Row 128
✅ Saved → SBQ | Bocce | Row 130
✅ Saved → SBQ | Bocce | Row 131
✅ Saved → SBQ | Bocce | Row 132
✅ Saved → SBQ | Bocce | Row 133
✅ Saved → SBQ | Bocce | Row 134
✅ Saved → SBQ | Bocce | Row 135
✅ Saved → SBQ | Bocce | Row 136
✅ Saved → SBQ | Bocce | Row 138
✅ Saved → SBQ | Bocce | Row 139
✅ Saved → SBQ | Bocce | Row 140
✅ Saved → SBQ | Bocce | Row 141
✅ Saved → SBQ | Bocce | Row 142
✅ Saved → SBQ | Bocce | Row 143
✅ Saved → SBQ | Bocce | Row 144
✅ Saved → SBQ | Bocce | Row 145
✅ Saved → SBQ | Bocce | Row 146
✅ Saved → SBQ | Bocce | Row 148
✅ Saved → SBQ | Bocce | Row 150
✅ Saved → SBQ | Bocce | Row 151
✅ Saved → SBQ | Bocce | Row 152
✅ Saved → SBQ | Bocce | Row 153
✅ Saved → SBQ | Bocce | Row 154
✅ Saved → SBQ | Bocce | Row 157
✅ Saved → SBQ | Bocce | Row 158
✅ Saved → SBQ | Bocce | Row 160
✅ Saved → SBQ | Bocce | Row 162
✅ Saved → SBQ | Bocce | Row 164
✅ Saved → SBQ | Bocce | Row 166
✅ Saved → SBQ | Bocce | Row 167
✅ Saved → SBQ | Bocce | Row 169
✅ Saved → SBQ | Bocce | Row 170
✅ Saved → SBQ | Bocce | Row 172
✅ Saved → SBQ | Bocce | Row 173
✅ Saved → SBQ | Bocce | Row 174
✅ Saved → SBQ | Bocce | Row 175
✅ Saved → SBQ | Bocce | Row 176
✅ Saved → SBQ | Bocce | Row 177
✅ Saved → SBQ | Bocce | Row 178
✅ Saved → SBQ | Bocce | Row 179
✅ Saved → SBQ | Bocce | Row 180
✅ Saved → SBQ | Bocce | Row 181
✅ Saved → SBQ | Bocce | Row 182
✅ Saved → SBQ | Bocce | Row 183
✅ Saved → SBQ | Bocce | Row 184
✅ Saved → SBQ | Bocce | Row 185
✅ Saved → SBQ | Bocce | Row 187
✅ Saved → SBQ | Bocce | Row 188
✅ Saved → SBQ | Bocce | Row 189
✅ Saved → SBQ | Bocce | Row 190
✅ Saved → SBQ | Bocce | Row 191
✅ Saved → SBQ | Bocce | Row 192
✅ Saved → SBQ | Bocce | Row 194
✅ Saved → SBQ | Bocce | Row 195
✅ Saved → SBQ | Bocce | Row 196
✅ Saved → SBQ | Bocce | Row 197
✅ Saved → SBQ | Bocce | Row 198
✅ Saved → SBQ | Bocce | Row 199
✅ Saved → SBQ | Bocce | Row 200
✅ Saved → SBQ | Bocce | Row 201
✅ Saved → SBQ | Bocce | Row 202
✅ Saved → SBQ | Bocce | Row 203
✅ Saved → SBQ | Bocce | Row 204
✅ Saved → SBQ | Bocce | Row 205
✅ Saved → SBQ | Bocce | Row 206
✅ Saved → SBQ | Bocce | Row 207
✅ Saved → SBQ | Bocce | Row 208
✅ Saved → SBQ | Bocce | Row 209
✅ Saved → SBQ | Bocce | Row 210
✅ Saved → SBQ | Bocce | Row 211
✅ Saved → SBQ | Bocce | Row 212
✅ Saved → SBQ | Bocce | Row 213
✅ Saved → SBQ | Bocce | Row 215
✅ Saved → SBQ | Bocce | Row 216
✅ Saved → SBQ | Bocce | Row 218
✅ Saved → SBQ | Bocce | Row 220
✅ Saved → SBQ | Bocce | Row 221
✅ Saved → SBQ | Bocce | Row 222
✅ Saved → SBQ | Bocce | Row 224
✅ Saved → SBQ | Bocce | Row 225
✅ Saved → SBQ | Bocce | Row 226
✅ Saved → SBQ | Bocce | Row 227
✅ Saved → SBQ | Bocce | Row 228
✅ Saved → SBQ | Bocce | Row 229
✅ Saved → SBQ | Bocce | Row 231
✅ Saved → SBQ | Bocce | Row 232
✅ Saved → SBQ | Bocce | Row 233
✅ Saved → SBQ | Bocce | Row 234
✅ Saved → SBQ | Bocce | Row 235
✅ Saved → SBQ | Bocce | Row 236
✅ Saved → SBQ | Bocce | Row 237
✅ Saved → SBQ | Bocce | Row 238
✅ Saved → SBQ | Bocce | Row 239
✅ Saved → SBQ | Bocce | Row 240
✅ Saved → SBQ | Bocce | Row 241
✅ Saved → SBQ | Bocce | Row 242
✅ Saved → SBQ | Bocce | Row 243
✅ Saved → SBQ | Bocce | Row 244
✅ Saved → SBQ | Bocce | Row 245
✅ Saved → SBQ | Bocce | Row 246
✅ Saved → SBQ | Bocce | Row 247
✅ Saved → SBQ | Bocce | Row 248
✅ Saved → SBQ | Bocce | Row 249
✅ Saved → SBQ | Bocce | Row 252
✅ Saved → SBQ | Bocce | Row 253
✅ Saved → SBQ | Bocce | Row 254
✅ Saved → SBQ | Bocce | Row 255
✅ Saved → SBQ | Bocce | Row 256
✅ Saved → SBQ | Bocce | Row 257
✅ Saved → SBQ | Bocce | Row 258
✅ Saved → SBQ | Bocce | Row 259
✅ Saved → SBQ | Bocce | Row 260
✅ Saved → SBQ | Bocce | Row 262
✅ Saved → SBQ | Bocce | Row 263
✅ Saved → SBQ | Bocce | Row 264
✅ Saved → SBQ | Bocce | Row 266
✅ Saved → SBQ | Bocce | Row 267
✅ Saved → SBQ | Bocce | Row 270
✅ Saved → SBQ | Bocce | Row 272
✅ Saved → SBQ | Bocce | Row 273
✅ Saved → SBQ | Bocce | Row 275
✅ Saved → SBQ | Bocce | Row 276
✅ Saved → SBQ | Bocce | Row 277
✅ Saved → SBQ | Bocce | Row 278
✅ Saved → SBQ | Bocce | Row 281
✅ Saved → SBQ | Bocce | Row 282
✅ Saved → SBQ | Bocce | Row 283
✅ Saved → SBQ | Bocce | Row 284
✅ Saved → SBQ | Bocce | Row 285
✅ Saved → SBQ | Bocce | Row 287
✅ Saved → SBQ | Bocce | Row 288
✅ Saved → SBQ | Bocce | Row 289
✅ Saved → SBQ | Bocce | Row 293
Pallone
✅ Saved → SBQ | Pallone | Row 0
✅ Saved → SBQ | Pallone | Row 1
✅ Saved → SBQ | Pallone | Row 2
✅ Saved → SBQ | Pallone | Row 3
✅ Saved → SBQ | Pallone | Row 4
✅ Saved → SBQ | Pallone | Row 5
✅ Saved → SBQ | Pallone | Row 6
✅ Saved → SBQ | Pallone | Row 7
✅ Saved → SBQ | Pallone | Row 8
✅ Saved → SBQ | Pallone | Row 9
✅ Saved → SBQ | Pallone | Row 10
✅ Saved → SBQ | Pallone | Row 11
✅ Saved → SBQ | Pallone | Row 12
✅ Saved → SBQ | Pallone | Row 13
✅ Saved → SBQ | Pallone | Row 14
✅ Saved → SBQ | Pallone | Row 15
✅ Saved → SBQ | Pallone | Row 16
✅ Saved → SBQ | Pallone | Row 17
✅ Saved → SBQ | Pallone | Row 18
✅ Saved → SBQ | Pallone | Row 19
✅ Saved → SBQ | Pallone | Row 20
✅ Saved → SBQ | Pallone | Row 21
✅ Saved → SBQ | Pallone | Row 22
✅ Saved → SBQ | Pallone | Row 23
✅ Saved → SBQ | Pallone | Row 24
✅ Saved → SBQ | Pallone | Row 25
✅ Saved → SBQ | Pallone | Row 26
✅ Saved → SBQ | Pallone | Row 27
✅ Saved → SBQ | Pallone | Row 28
✅ Saved → SBQ | Pallone | Row 29
✅ Saved → SBQ | Pallone | Row 30
✅ Saved → SBQ | Pallone | Row 31
✅ Saved → SBQ | Pallone | Row 32
✅ Saved → SBQ | Pallone | Row 33
✅ Saved → SBQ | Pallone | Row 34
✅ Saved → SBQ | Pallone | Row 35
✅ Saved → SBQ | Pallone | Row 36
✅ Saved → SBQ | Pallone | Row 37
✅ Saved → SBQ | Pallone | Row 38
✅ Saved → SBQ | Pallone | Row 39
✅ Saved → SBQ | Pallone | Row 40
✅ Saved → SBQ | Pallone | Row 41
✅ Saved → SBQ | Pallone | Row 42
✅ Saved → SBQ | Pallone | Row 43
✅ Saved → SBQ | Pallone | Row 44
✅ Saved → SBQ | Pallone | Row 45
✅ Saved → SBQ | Pallone | Row 46
✅ Saved → SBQ | Pallone | Row 47
✅ Saved → SBQ | Pallone | Row 48
✅ Saved → SBQ | Pallone | Row 49
✅ Saved → SBQ | Pallone | Row 50
✅ Saved → SBQ | Pallone | Row 51
✅ Saved → SBQ | Pallone | Row 52
✅ Saved → SBQ | Pallone | Row 53
✅ Saved → SBQ | Pallone | Row 54
✅ Saved → SBQ | Pallone | Row 55
✅ Saved → SBQ | Pallone | Row 56
✅ Saved → SBQ | Pallone | Row 57
✅ Saved → SBQ | Pallone | Row 58
✅ Saved → SBQ | Pallone | Row 59
✅ Saved → SBQ | Pallone | Row 60
✅ Saved → SBQ | Pallone | Row 61
✅ Saved → SBQ | Pallone | Row 62
✅ Saved → SBQ | Pallone | Row 63
✅ Saved → SBQ | Pallone | Row 64
✅ Saved → SBQ | Pallone | Row 65
✅ Saved → SBQ | Pallone | Row 66
✅ Saved → SBQ | Pallone | Row 67
✅ Saved → SBQ | Pallone | Row 68
✅ Saved → SBQ | Pallone | Row 69
✅ Saved → SBQ | Pallone | Row 70
✅ Saved → SBQ | Pallone | Row 71
✅ Saved → SBQ | Pallone | Row 72
✅ Saved → SBQ | Pallone | Row 73
✅ Saved → SBQ | Pallone | Row 74
✅ Saved → SBQ | Pallone | Row 75
✅ Saved → SBQ | Pallone | Row 76
✅ Saved → SBQ | Pallone | Row 77
✅ Saved → SBQ | Pallone | Row 78
✅ Saved → SBQ | Pallone | Row 79
✅ Saved → SBQ | Pallone | Row 80
✅ Saved → SBQ | Pallone | Row 81
✅ Saved → SBQ | Pallone | Row 82
✅ Saved → SBQ | Pallone | Row 83
✅ Saved → SBQ | Pallone | Row 84
✅ Saved → SBQ | Pallone | Row 85
✅ Saved → SBQ | Pallone | Row 86
✅ Saved → SBQ | Pallone | Row 87
✅ Saved → SBQ | Pallone | Row 88
✅ Saved → SBQ | Pallone | Row 89
✅ Saved → SBQ | Pallone | Row 90
✅ Saved → SBQ | Pallone | Row 91
✅ Saved → SBQ | Pallone | Row 92
✅ Saved → SBQ | Pallone | Row 93
✅ Saved → SBQ | Pallone | Row 94
✅ Saved → SBQ | Pallone | Row 95
✅ Saved → SBQ | Pallone | Row 96
✅ Saved → SBQ | Pallone | Row 97
✅ Saved → SBQ | Pallone | Row 98
✅ Saved → SBQ | Pallone | Row 99
✅ Saved → SBQ | Pallone | Row 100
✅ Saved → SBQ | Pallone | Row 101
✅ Saved → SBQ | Pallone | Row 102
✅ Saved → SBQ | Pallone | Row 103
✅ Saved → SBQ | Pallone | Row 104
✅ Saved → SBQ | Pallone | Row 105
✅ Saved → SBQ | Pallone | Row 106
✅ Saved → SBQ | Pallone | Row 107
✅ Saved → SBQ | Pallone | Row 108
✅ Saved → SBQ | Pallone | Row 109
✅ Saved → SBQ | Pallone | Row 110
✅ Saved → SBQ | Pallone | Row 111
✅ Saved → SBQ | Pallone | Row 112
✅ Saved → SBQ | Pallone | Row 113
✅ Saved → SBQ | Pallone | Row 114
✅ Saved → SBQ | Pallone | Row 117
✅ Saved → SBQ | Pallone | Row 118
✅ Saved → SBQ | Pallone | Row 121
✅ Saved → SBQ | Pallone | Row 122
✅ Saved → SBQ | Pallone | Row 123
✅ Saved → SBQ | Pallone | Row 124
✅ Saved → SBQ | Pallone | Row 125
✅ Saved → SBQ | Pallone | Row 126
✅ Saved → SBQ | Pallone | Row 127
✅ Saved → SBQ | Pallone | Row 128
✅ Saved → SBQ | Pallone | Row 129
✅ Saved → SBQ | Pallone | Row 130
✅ Saved → SBQ | Pallone | Row 131
✅ Saved → SBQ | Pallone | Row 132
✅ Saved → SBQ | Pallone | Row 133
✅ Saved → SBQ | Pallone | Row 134
✅ Saved → SBQ | Pallone | Row 135
✅ Saved → SBQ | Pallone | Row 136
✅ Saved → SBQ | Pallone | Row 137
✅ Saved → SBQ | Pallone | Row 138
✅ Saved → SBQ | Pallone | Row 139
✅ Saved → SBQ | Pallone | Row 140
✅ Saved → SBQ | Pallone | Row 141
✅ Saved → SBQ | Pallone | Row 142
✅ Saved → SBQ | Pallone | Row 143
✅ Saved → SBQ | Pallone | Row 144
✅ Saved → SBQ | Pallone | Row 145
✅ Saved → SBQ | Pallone | Row 146
✅ Saved → SBQ | Pallone | Row 147
✅ Saved → SBQ | Pallone | Row 148
✅ Saved → SBQ | Pallone | Row 149
✅ Saved → SBQ | Pallone | Row 150
✅ Saved → SBQ | Pallone | Row 151
✅ Saved → SBQ | Pallone | Row 152
✅ Saved → SBQ | Pallone | Row 153
✅ Saved → SBQ | Pallone | Row 154
✅ Saved → SBQ | Pallone | Row 155
✅ Saved → SBQ | Pallone | Row 156
✅ Saved → SBQ | Pallone | Row 157
✅ Saved → SBQ | Pallone | Row 158
✅ Saved → SBQ | Pallone | Row 159
✅ Saved → SBQ | Pallone | Row 160
✅ Saved → SBQ | Pallone | Row 161
✅ Saved → SBQ | Pallone | Row 162
✅ Saved → SBQ | Pallone | Row 163
✅ Saved → SBQ | Pallone | Row 164
✅ Saved → SBQ | Pallone | Row 165
✅ Saved → SBQ | Pallone | Row 166
✅ Saved → SBQ | Pallone | Row 167
✅ Saved → SBQ | Pallone | Row 168
✅ Saved → SBQ | Pallone | Row 169
✅ Saved → SBQ | Pallone | Row 170
✅ Saved → SBQ | Pallone | Row 171
✅ Saved → SBQ | Pallone | Row 172
✅ Saved → SBQ | Pallone | Row 173
✅ Saved → SBQ | Pallone | Row 174
✅ Saved → SBQ | Pallone | Row 175
✅ Saved → SBQ | Pallone | Row 176
✅ Saved → SBQ | Pallone | Row 177
✅ Saved → SBQ | Pallone | Row 178
✅ Saved → SBQ | Pallone | Row 179
✅ Saved → SBQ | Pallone | Row 180
✅ Saved → SBQ | Pallone | Row 181
✅ Saved → SBQ | Pallone | Row 182
✅ Saved → SBQ | Pallone | Row 183
✅ Saved → SBQ | Pallone | Row 184
✅ Saved → SBQ | Pallone | Row 185
✅ Saved → SBQ | Pallone | Row 187
✅ Saved → SBQ | Pallone | Row 188
✅ Saved → SBQ | Pallone | Row 189
✅ Saved → SBQ | Pallone | Row 190
✅ Saved → SBQ | Pallone | Row 191
✅ Saved → SBQ | Pallone | Row 192
✅ Saved → SBQ | Pallone | Row 193
✅ Saved → SBQ | Pallone | Row 194
✅ Saved → SBQ | Pallone | Row 195
✅ Saved → SBQ | Pallone | Row 196
✅ Saved → SBQ | Pallone | Row 197
✅ Saved → SBQ | Pallone | Row 198
✅ Saved → SBQ | Pallone | Row 199
✅ Saved → SBQ | Pallone | Row 200
✅ Saved → SBQ | Pallone | Row 202
✅ Saved → SBQ | Pallone | Row 203
✅ Saved → SBQ | Pallone | Row 204
✅ Saved → SBQ | Pallone | Row 205
✅ Saved → SBQ | Pallone | Row 206
✅ Saved → SBQ | Pallone | Row 207
✅ Saved → SBQ | Pallone | Row 208
✅ Saved → SBQ | Pallone | Row 209
✅ Saved → SBQ | Pallone | Row 210
✅ Saved → SBQ | Pallone | Row 212
✅ Saved → SBQ | Pallone | Row 214
✅ Saved → SBQ | Pallone | Row 215
✅ Saved → SBQ | Pallone | Row 216
✅ Saved → SBQ | Pallone | Row 217
✅ Saved → SBQ | Pallone | Row 218
✅ Saved → SBQ | Pallone | Row 219
✅ Saved → SBQ | Pallone | Row 220
✅ Saved → SBQ | Pallone | Row 222
✅ Saved → SBQ | Pallone | Row 223
✅ Saved → SBQ | Pallone | Row 224
✅ Saved → SBQ | Pallone | Row 225
✅ Saved → SBQ | Pallone | Row 226
✅ Saved → SBQ | Pallone | Row 227
✅ Saved → SBQ | Pallone | Row 229
✅ Saved → SBQ | Pallone | Row 230
✅ Saved → SBQ | Pallone | Row 231
✅ Saved → SBQ | Pallone | Row 232
✅ Saved → SBQ | Pallone | Row 234
✅ Saved → SBQ | Pallone | Row 235
✅ Saved → SBQ | Pallone | Row 236
✅ Saved → SBQ | Pallone | Row 237
✅ Saved → SBQ | Pallone | Row 238
✅ Saved → SBQ | Pallone | Row 239
✅ Saved → SBQ | Pallone | Row 241
✅ Saved → SBQ | Pallone | Row 242
✅ Saved → SBQ | Pallone | Row 247
✅ Saved → SBQ | Pallone | Row 251
✅ Saved → SBQ | Pallone | Row 254
✅ Saved → SBQ | Pallone | Row 256
✅ Saved → SBQ | Pallone | Row 258
✅ Saved → SBQ | Pallone | Row 259
✅ Saved → SBQ | Pallone | Row 261
✅ Saved → SBQ | Pallone | Row 262
✅ Saved → SBQ | Pallone | Row 268
✅ Saved → SBQ | Pallone | Row 270
✅ Saved → SBQ | Pallone | Row 275
✅ Saved → SBQ | Pallone | Row 280
✅ Saved → SBQ | Pallone | Row 283
✅ Saved → SBQ | Pallone | Row 285
✅ Saved → SBQ | Pallone | Row 287
✅ Saved → SBQ | Pallone | Row 288
✅ Saved → SBQ | Pallone | Row 289
✅ Saved → SBQ | Pallone | Row 290
✅ Saved → SBQ | Pallone | Row 291
✅ Saved → SBQ | Pallone | Row 293
✅ Saved → SBQ | Pallone | Row 294
✅ Saved → SBQ | Pallone | Row 297
✅ Saved → SBQ | Pallone | Row 298
✅ Saved → SBQ | Pallone | Row 300
✅ Saved → SBQ | Pallone | Row 303
✅ Saved → SBQ | Pallone | Row 305
✅ Saved → SBQ | Pallone | Row 309
Palio
✅ Saved → SBQ | Palio | Row 0
✅ Saved → SBQ | Palio | Row 1
✅ Saved → SBQ | Palio | Row 2
✅ Saved → SBQ | Palio | Row 3
✅ Saved → SBQ | Palio | Row 4
✅ Saved → SBQ | Palio | Row 5
✅ Saved → SBQ | Palio | Row 6
✅ Saved → SBQ | Palio | Row 7
✅ Saved → SBQ | Palio | Row 8
✅ Saved → SBQ | Palio | Row 9
✅ Saved → SBQ | Palio | Row 10
✅ Saved → SBQ | Palio | Row 11
✅ Saved → SBQ | Palio | Row 12
✅ Saved → SBQ | Palio | Row 13
✅ Saved → SBQ | Palio | Row 14
✅ Saved → SBQ | Palio | Row 15
✅ Saved → SBQ | Palio | Row 16
✅ Saved → SBQ | Palio | Row 17
✅ Saved → SBQ | Palio | Row 18
✅ Saved → SBQ | Palio | Row 19
✅ Saved → SBQ | Palio | Row 20
✅ Saved → SBQ | Palio | Row 21
✅ Saved → SBQ | Palio | Row 22
✅ Saved → SBQ | Palio | Row 23
✅ Saved → SBQ | Palio | Row 24
✅ Saved → SBQ | Palio | Row 25
✅ Saved → SBQ | Palio | Row 26
✅ Saved → SBQ | Palio | Row 27
✅ Saved → SBQ | Palio | Row 28
✅ Saved → SBQ | Palio | Row 29
✅ Saved → SBQ | Palio | Row 30
✅ Saved → SBQ | Palio | Row 31
✅ Saved → SBQ | Palio | Row 32
✅ Saved → SBQ | Palio | Row 33
✅ Saved → SBQ | Palio | Row 34
✅ Saved → SBQ | Palio | Row 35
✅ Saved → SBQ | Palio | Row 36
✅ Saved → SBQ | Palio | Row 37
✅ Saved → SBQ | Palio | Row 38
✅ Saved → SBQ | Palio | Row 39
✅ Saved → SBQ | Palio | Row 40
✅ Saved → SBQ | Palio | Row 41
✅ Saved → SBQ | Palio | Row 42
✅ Saved → SBQ | Palio | Row 43
✅ Saved → SBQ | Palio | Row 44
✅ Saved → SBQ | Palio | Row 45
✅ Saved → SBQ | Palio | Row 46
✅ Saved → SBQ | Palio | Row 47
✅ Saved → SBQ | Palio | Row 48
✅ Saved → SBQ | Palio | Row 49
✅ Saved → SBQ | Palio | Row 50
✅ Saved → SBQ | Palio | Row 51
✅ Saved → SBQ | Palio | Row 52
✅ Saved → SBQ | Palio | Row 53
✅ Saved → SBQ | Palio | Row 54
✅ Saved → SBQ | Palio | Row 55
✅ Saved → SBQ | Palio | Row 56
✅ Saved → SBQ | Palio | Row 57
✅ Saved → SBQ | Palio | Row 58
✅ Saved → SBQ | Palio | Row 59
✅ Saved → SBQ | Palio | Row 60
✅ Saved → SBQ | Palio | Row 61
✅ Saved → SBQ | Palio | Row 62
✅ Saved → SBQ | Palio | Row 63
✅ Saved → SBQ | Palio | Row 64
✅ Saved → SBQ | Palio | Row 65
✅ Saved → SBQ | Palio | Row 66
✅ Saved → SBQ | Palio | Row 67
✅ Saved → SBQ | Palio | Row 68
✅ Saved → SBQ | Palio | Row 69
✅ Saved → SBQ | Palio | Row 70
✅ Saved → SBQ | Palio | Row 71
✅ Saved → SBQ | Palio | Row 72
✅ Saved → SBQ | Palio | Row 73
✅ Saved → SBQ | Palio | Row 74
✅ Saved → SBQ | Palio | Row 75
✅ Saved → SBQ | Palio | Row 76
✅ Saved → SBQ | Palio | Row 78
✅ Saved → SBQ | Palio | Row 79
✅ Saved → SBQ | Palio | Row 80
✅ Saved → SBQ | Palio | Row 81
✅ Saved → SBQ | Palio | Row 82
✅ Saved → SBQ | Palio | Row 83
✅ Saved → SBQ | Palio | Row 84
✅ Saved → SBQ | Palio | Row 85
✅ Saved → SBQ | Palio | Row 86
✅ Saved → SBQ | Palio | Row 87
✅ Saved → SBQ | Palio | Row 88
✅ Saved → SBQ | Palio | Row 89
✅ Saved → SBQ | Palio | Row 90
✅ Saved → SBQ | Palio | Row 91
✅ Saved → SBQ | Palio | Row 92
✅ Saved → SBQ | Palio | Row 93
✅ Saved → SBQ | Palio | Row 94
✅ Saved → SBQ | Palio | Row 95
✅ Saved → SBQ | Palio | Row 96
✅ Saved → SBQ | Palio | Row 97
✅ Saved → SBQ | Palio | Row 98
✅ Saved → SBQ | Palio | Row 99
✅ Saved → SBQ | Palio | Row 100
✅ Saved → SBQ | Palio | Row 101
✅ Saved → SBQ | Palio | Row 102
✅ Saved → SBQ | Palio | Row 103
✅ Saved → SBQ | Palio | Row 104
✅ Saved → SBQ | Palio | Row 105
✅ Saved → SBQ | Palio | Row 106
✅ Saved → SBQ | Palio | Row 107
✅ Saved → SBQ | Palio | Row 108
✅ Saved → SBQ | Palio | Row 109
✅ Saved → SBQ | Palio | Row 110
✅ Saved → SBQ | Palio | Row 112
✅ Saved → SBQ | Palio | Row 113
✅ Saved → SBQ | Palio | Row 114
✅ Saved → SBQ | Palio | Row 115
✅ Saved → SBQ | Palio | Row 116
✅ Saved → SBQ | Palio | Row 117
✅ Saved → SBQ | Palio | Row 118
✅ Saved → SBQ | Palio | Row 119
✅ Saved → SBQ | Palio | Row 120
✅ Saved → SBQ | Palio | Row 122
✅ Saved → SBQ | Palio | Row 123
✅ Saved → SBQ | Palio | Row 124
✅ Saved → SBQ | Palio | Row 125
✅ Saved → SBQ | Palio | Row 126
✅ Saved → SBQ | Palio | Row 127
✅ Saved → SBQ | Palio | Row 128
✅ Saved → SBQ | Palio | Row 129
✅ Saved → SBQ | Palio | Row 130
✅ Saved → SBQ | Palio | Row 131
✅ Saved → SBQ | Palio | Row 132
✅ Saved → SBQ | Palio | Row 133
✅ Saved → SBQ | Palio | Row 134
✅ Saved → SBQ | Palio | Row 135
✅ Saved → SBQ | Palio | Row 136
✅ Saved → SBQ | Palio | Row 137
✅ Saved → SBQ | Palio | Row 138
✅ Saved → SBQ | Palio | Row 139
✅ Saved → SBQ | Palio | Row 140
✅ Saved → SBQ | Palio | Row 141
✅ Saved → SBQ | Palio | Row 142
✅ Saved → SBQ | Palio | Row 143
✅ Saved → SBQ | Palio | Row 144
✅ Saved → SBQ | Palio | Row 145
✅ Saved → SBQ | Palio | Row 146
✅ Saved → SBQ | Palio | Row 147
✅ Saved → SBQ | Palio | Row 148
✅ Saved → SBQ | Palio | Row 149
✅ Saved → SBQ | Palio | Row 150
✅ Saved → SBQ | Palio | Row 151
✅ Saved → SBQ | Palio | Row 152
✅ Saved → SBQ | Palio | Row 154
✅ Saved → SBQ | Palio | Row 155
✅ Saved → SBQ | Palio | Row 156
✅ Saved → SBQ | Palio | Row 157
✅ Saved → SBQ | Palio | Row 158
✅ Saved → SBQ | Palio | Row 159
✅ Saved → SBQ | Palio | Row 160
✅ Saved → SBQ | Palio | Row 161
✅ Saved → SBQ | Palio | Row 162
✅ Saved → SBQ | Palio | Row 163
✅ Saved → SBQ | Palio | Row 164
✅ Saved → SBQ | Palio | Row 165
✅ Saved → SBQ | Palio | Row 166
✅ Saved → SBQ | Palio | Row 167
✅ Saved → SBQ | Palio | Row 168
✅ Saved → SBQ | Palio | Row 169
✅ Saved → SBQ | Palio | Row 170
✅ Saved → SBQ | Palio | Row 171
✅ Saved → SBQ | Palio | Row 173
✅ Saved → SBQ | Palio | Row 174
✅ Saved → SBQ | Palio | Row 175
✅ Saved → SBQ | Palio | Row 176
✅ Saved → SBQ | Palio | Row 177
✅ Saved → SBQ | Palio | Row 178
✅ Saved → SBQ | Palio | Row 179
✅ Saved → SBQ | Palio | Row 180
✅ Saved → SBQ | Palio | Row 181
✅ Saved → SBQ | Palio | Row 182
✅ Saved → SBQ | Palio | Row 183
✅ Saved → SBQ | Palio | Row 184
✅ Saved → SBQ | Palio | Row 185
✅ Saved → SBQ | Palio | Row 186
✅ Saved → SBQ | Palio | Row 187
✅ Saved → SBQ | Palio | Row 188
✅ Saved → SBQ | Palio | Row 189
✅ Saved → SBQ | Palio | Row 190
✅ Saved → SBQ | Palio | Row 191
✅ Saved → SBQ | Palio | Row 192
✅ Saved → SBQ | Palio | Row 193
✅ Saved → SBQ | Palio | Row 194
✅ Saved → SBQ | Palio | Row 195
✅ Saved → SBQ | Palio | Row 196
✅ Saved → SBQ | Palio | Row 197
✅ Saved → SBQ | Palio | Row 198
✅ Saved → SBQ | Palio | Row 199
✅ Saved → SBQ | Palio | Row 200
✅ Saved → SBQ | Palio | Row 201
✅ Saved → SBQ | Palio | Row 202
✅ Saved → SBQ | Palio | Row 203
✅ Saved → SBQ | Palio | Row 204
✅ Saved → SBQ | Palio | Row 205
✅ Saved → SBQ | Palio | Row 206
✅ Saved → SBQ | Palio | Row 207
✅ Saved → SBQ | Palio | Row 208
✅ Saved → SBQ | Palio | Row 209
✅ Saved → SBQ | Palio | Row 210
✅ Saved → SBQ | Palio | Row 211
✅ Saved → SBQ | Palio | Row 212
✅ Saved → SBQ | Palio | Row 213
✅ Saved → SBQ | Palio | Row 214
✅ Saved → SBQ | Palio | Row 215
✅ Saved → SBQ | Palio | Row 216
✅ Saved → SBQ | Palio | Row 217
✅ Saved → SBQ | Palio | Row 218
✅ Saved → SBQ | Palio | Row 219
✅ Saved → SBQ | Palio | Row 220
✅ Saved → SBQ | Palio | Row 221
✅ Saved → SBQ | Palio | Row 222
✅ Saved → SBQ | Palio | Row 223
✅ Saved → SBQ | Palio | Row 224
✅ Saved → SBQ | Palio | Row 225
✅ Saved → SBQ | Palio | Row 226
✅ Saved → SBQ | Palio | Row 227
✅ Saved → SBQ | Palio | Row 228
✅ Saved → SBQ | Palio | Row 229
✅ Saved → SBQ | Palio | Row 230
✅ Saved → SBQ | Palio | Row 231
✅ Saved → SBQ | Palio | Row 233
✅ Saved → SBQ | Palio | Row 235
✅ Saved → SBQ | Palio | Row 236
✅ Saved → SBQ | Palio | Row 237
✅ Saved → SBQ | Palio | Row 239
✅ Saved → SBQ | Palio | Row 240
✅ Saved → SBQ | Palio | Row 241
✅ Saved → SBQ | Palio | Row 242
✅ Saved → SBQ | Palio | Row 243
✅ Saved → SBQ | Palio | Row 244
✅ Saved → SBQ | Palio | Row 245
✅ Saved → SBQ | Palio | Row 246
✅ Saved → SBQ | Palio | Row 247
✅ Saved → SBQ | Palio | Row 248
✅ Saved → SBQ | Palio | Row 250
✅ Saved → SBQ | Palio | Row 251
✅ Saved → SBQ | Palio | Row 252
✅ Saved → SBQ | Palio | Row 253
✅ Saved → SBQ | Palio | Row 254
✅ Saved → SBQ | Palio | Row 256
✅ Saved → SBQ | Palio | Row 257
✅ Saved → SBQ | Palio | Row 258
✅ Saved → SBQ | Palio | Row 259
✅ Saved → SBQ | Palio | Row 260
✅ Saved → SBQ | Palio | Row 262
✅ Saved → SBQ | Palio | Row 263
✅ Saved → SBQ | Palio | Row 265
✅ Saved → SBQ | Palio | Row 266
✅ Saved → SBQ | Palio | Row 267
✅ Saved → SBQ | Palio | Row 269
✅ Saved → SBQ | Palio | Row 270
✅ Saved → SBQ | Palio | Row 271
✅ Saved → SBQ | Palio | Row 272
✅ Saved → SBQ | Palio | Row 273
✅ Saved → SBQ | Palio | Row 274
✅ Saved → SBQ | Palio | Row 275
✅ Saved → SBQ | Palio | Row 276
✅ Saved → SBQ | Palio | Row 277
✅ Saved → SBQ | Palio | Row 278
✅ Saved → SBQ | Palio | Row 279
✅ Saved → SBQ | Palio | Row 280
✅ Saved → SBQ | Palio | Row 281
✅ Saved → SBQ | Palio | Row 282
✅ Saved → SBQ | Palio | Row 283
✅ Saved → SBQ | Palio | Row 284
✅ Saved → SBQ | Palio | Row 286
✅ Saved → SBQ | Palio | Row 287
✅ Saved → SBQ | Palio | Row 288
✅ Saved → SBQ | Palio | Row 289
✅ Saved → SBQ | Palio | Row 290
✅ Saved → SBQ | Palio | Row 291
✅ Saved → SBQ | Palio | Row 292
✅ Saved → SBQ | Palio | Row 293
✅ Saved → SBQ | Palio | Row 294
✅ Saved → SBQ | Palio | Row 295
Skiing
✅ Saved → SBQ | Skiing | Row 0
✅ Saved → SBQ | Skiing | Row 1
✅ Saved → SBQ | Skiing | Row 2
✅ Saved → SBQ | Skiing | Row 3
✅ Saved → SBQ | Skiing | Row 4
✅ Saved → SBQ | Skiing | Row 5
✅ Saved → SBQ | Skiing | Row 6
✅ Saved → SBQ | Skiing | Row 7
✅ Saved → SBQ | Skiing | Row 8
✅ Saved → SBQ | Skiing | Row 9
✅ Saved → SBQ | Skiing | Row 10
✅ Saved → SBQ | Skiing | Row 11
✅ Saved → SBQ | Skiing | Row 12
✅ Saved → SBQ | Skiing | Row 13
✅ Saved → SBQ | Skiing | Row 14
✅ Saved → SBQ | Skiing | Row 15
✅ Saved → SBQ | Skiing | Row 16
✅ Saved → SBQ | Skiing | Row 17
✅ Saved → SBQ | Skiing | Row 18
✅ Saved → SBQ | Skiing | Row 19
✅ Saved → SBQ | Skiing | Row 20
✅ Saved → SBQ | Skiing | Row 21
✅ Saved → SBQ | Skiing | Row 22
✅ Saved → SBQ | Skiing | Row 23
✅ Saved → SBQ | Skiing | Row 24
✅ Saved → SBQ | Skiing | Row 25
✅ Saved → SBQ | Skiing | Row 26
✅ Saved → SBQ | Skiing | Row 27
✅ Saved → SBQ | Skiing | Row 28
✅ Saved → SBQ | Skiing | Row 29
✅ Saved → SBQ | Skiing | Row 30
✅ Saved → SBQ | Skiing | Row 31
✅ Saved → SBQ | Skiing | Row 32
✅ Saved → SBQ | Skiing | Row 33
✅ Saved → SBQ | Skiing | Row 34
✅ Saved → SBQ | Skiing | Row 35
✅ Saved → SBQ | Skiing | Row 36
✅ Saved → SBQ | Skiing | Row 37
✅ Saved → SBQ | Skiing | Row 38
✅ Saved → SBQ | Skiing | Row 39
✅ Saved → SBQ | Skiing | Row 40
✅ Saved → SBQ | Skiing | Row 41
✅ Saved → SBQ | Skiing | Row 42
✅ Saved → SBQ | Skiing | Row 43
✅ Saved → SBQ | Skiing | Row 44
✅ Saved → SBQ | Skiing | Row 45
✅ Saved → SBQ | Skiing | Row 46
✅ Saved → SBQ | Skiing | Row 47
✅ Saved → SBQ | Skiing | Row 48
✅ Saved → SBQ | Skiing | Row 49
✅ Saved → SBQ | Skiing | Row 50
✅ Saved → SBQ | Skiing | Row 51
✅ Saved → SBQ | Skiing | Row 52
✅ Saved → SBQ | Skiing | Row 53
✅ Saved → SBQ | Skiing | Row 54
✅ Saved → SBQ | Skiing | Row 55
✅ Saved → SBQ | Skiing | Row 56
✅ Saved → SBQ | Skiing | Row 57
✅ Saved → SBQ | Skiing | Row 58
✅ Saved → SBQ | Skiing | Row 59
✅ Saved → SBQ | Skiing | Row 60
✅ Saved → SBQ | Skiing | Row 61
✅ Saved → SBQ | Skiing | Row 62
✅ Saved → SBQ | Skiing | Row 63
✅ Saved → SBQ | Skiing | Row 64
✅ Saved → SBQ | Skiing | Row 65
✅ Saved → SBQ | Skiing | Row 66
✅ Saved → SBQ | Skiing | Row 67
✅ Saved → SBQ | Skiing | Row 68
✅ Saved → SBQ | Skiing | Row 69
✅ Saved → SBQ | Skiing | Row 70
✅ Saved → SBQ | Skiing | Row 71
✅ Saved → SBQ | Skiing | Row 72
✅ Saved → SBQ | Skiing | Row 73
✅ Saved → SBQ | Skiing | Row 74
✅ Saved → SBQ | Skiing | Row 75
✅ Saved → SBQ | Skiing | Row 76
✅ Saved → SBQ | Skiing | Row 77
✅ Saved → SBQ | Skiing | Row 78
✅ Saved → SBQ | Skiing | Row 79
✅ Saved → SBQ | Skiing | Row 80
✅ Saved → SBQ | Skiing | Row 81
✅ Saved → SBQ | Skiing | Row 82
✅ Saved → SBQ | Skiing | Row 83
✅ Saved → SBQ | Skiing | Row 84
✅ Saved → SBQ | Skiing | Row 85
✅ Saved → SBQ | Skiing | Row 86
✅ Saved → SBQ | Skiing | Row 87
✅ Saved → SBQ | Skiing | Row 88
✅ Saved → SBQ | Skiing | Row 89
✅ Saved → SBQ | Skiing | Row 90
✅ Saved → SBQ | Skiing | Row 91
✅ Saved → SBQ | Skiing | Row 92
✅ Saved → SBQ | Skiing | Row 93
✅ Saved → SBQ | Skiing | Row 94
✅ Saved → SBQ | Skiing | Row 95
✅ Saved → SBQ | Skiing | Row 96
✅ Saved → SBQ | Skiing | Row 97
✅ Saved → SBQ | Skiing | Row 98
✅ Saved → SBQ | Skiing | Row 99
✅ Saved → SBQ | Skiing | Row 100
✅ Saved → SBQ | Skiing | Row 101
✅ Saved → SBQ | Skiing | Row 102
✅ Saved → SBQ | Skiing | Row 103
✅ Saved → SBQ | Skiing | Row 104
✅ Saved → SBQ | Skiing | Row 105
✅ Saved → SBQ | Skiing | Row 106
✅ Saved → SBQ | Skiing | Row 107
✅ Saved → SBQ | Skiing | Row 109
✅ Saved → SBQ | Skiing | Row 110
✅ Saved → SBQ | Skiing | Row 111
✅ Saved → SBQ | Skiing | Row 113
✅ Saved → SBQ | Skiing | Row 114
✅ Saved → SBQ | Skiing | Row 115
✅ Saved → SBQ | Skiing | Row 116
✅ Saved → SBQ | Skiing | Row 117
✅ Saved → SBQ | Skiing | Row 119
✅ Saved → SBQ | Skiing | Row 120
✅ Saved → SBQ | Skiing | Row 121
✅ Saved → SBQ | Skiing | Row 122
✅ Saved → SBQ | Skiing | Row 123
✅ Saved → SBQ | Skiing | Row 124
✅ Saved → SBQ | Skiing | Row 125
✅ Saved → SBQ | Skiing | Row 126
✅ Saved → SBQ | Skiing | Row 127
✅ Saved → SBQ | Skiing | Row 128
✅ Saved → SBQ | Skiing | Row 129
✅ Saved → SBQ | Skiing | Row 130
✅ Saved → SBQ | Skiing | Row 131
✅ Saved → SBQ | Skiing | Row 132
✅ Saved → SBQ | Skiing | Row 133
✅ Saved → SBQ | Skiing | Row 134
✅ Saved → SBQ | Skiing | Row 135
✅ Saved → SBQ | Skiing | Row 136
✅ Saved → SBQ | Skiing | Row 137
✅ Saved → SBQ | Skiing | Row 138
✅ Saved → SBQ | Skiing | Row 139
✅ Saved → SBQ | Skiing | Row 140
✅ Saved → SBQ | Skiing | Row 141
✅ Saved → SBQ | Skiing | Row 142
✅ Saved → SBQ | Skiing | Row 143
✅ Saved → SBQ | Skiing | Row 144
✅ Saved → SBQ | Skiing | Row 145
✅ Saved → SBQ | Skiing | Row 146
✅ Saved → SBQ | Skiing | Row 147
✅ Saved → SBQ | Skiing | Row 148
✅ Saved → SBQ | Skiing | Row 149
✅ Saved → SBQ | Skiing | Row 150
✅ Saved → SBQ | Skiing | Row 151
✅ Saved → SBQ | Skiing | Row 152
✅ Saved → SBQ | Skiing | Row 153
✅ Saved → SBQ | Skiing | Row 154
✅ Saved → SBQ | Skiing | Row 155
✅ Saved → SBQ | Skiing | Row 156
✅ Saved → SBQ | Skiing | Row 157
✅ Saved → SBQ | Skiing | Row 158
✅ Saved → SBQ | Skiing | Row 159
✅ Saved → SBQ | Skiing | Row 160
✅ Saved → SBQ | Skiing | Row 161
✅ Saved → SBQ | Skiing | Row 162
✅ Saved → SBQ | Skiing | Row 163
✅ Saved → SBQ | Skiing | Row 164
✅ Saved → SBQ | Skiing | Row 165
✅ Saved → SBQ | Skiing | Row 166
✅ Saved → SBQ | Skiing | Row 167
✅ Saved → SBQ | Skiing | Row 168
✅ Saved → SBQ | Skiing | Row 169
✅ Saved → SBQ | Skiing | Row 170
✅ Saved → SBQ | Skiing | Row 171
✅ Saved → SBQ | Skiing | Row 172
✅ Saved → SBQ | Skiing | Row 173
✅ Saved → SBQ | Skiing | Row 174
✅ Saved → SBQ | Skiing | Row 175
✅ Saved → SBQ | Skiing | Row 176
✅ Saved → SBQ | Skiing | Row 177
✅ Saved → SBQ | Skiing | Row 178
✅ Saved → SBQ | Skiing | Row 179
✅ Saved → SBQ | Skiing | Row 180
✅ Saved → SBQ | Skiing | Row 181
✅ Saved → SBQ | Skiing | Row 182
✅ Saved → SBQ | Skiing | Row 183
✅ Saved → SBQ | Skiing | Row 184
✅ Saved → SBQ | Skiing | Row 185
✅ Saved → SBQ | Skiing | Row 186
✅ Saved → SBQ | Skiing | Row 187
✅ Saved → SBQ | Skiing | Row 188
✅ Saved → SBQ | Skiing | Row 189
✅ Saved → SBQ | Skiing | Row 190
✅ Saved → SBQ | Skiing | Row 191
✅ Saved → SBQ | Skiing | Row 192
✅ Saved → SBQ | Skiing | Row 193
✅ Saved → SBQ | Skiing | Row 194
✅ Saved → SBQ | Skiing | Row 195
✅ Saved → SBQ | Skiing | Row 196
✅ Saved → SBQ | Skiing | Row 197
✅ Saved → SBQ | Skiing | Row 198
✅ Saved → SBQ | Skiing | Row 199
✅ Saved → SBQ | Skiing | Row 200
✅ Saved → SBQ | Skiing | Row 201
✅ Saved → SBQ | Skiing | Row 202
✅ Saved → SBQ | Skiing | Row 203
✅ Saved → SBQ | Skiing | Row 204
✅ Saved → SBQ | Skiing | Row 205
✅ Saved → SBQ | Skiing | Row 206
✅ Saved → SBQ | Skiing | Row 207
✅ Saved → SBQ | Skiing | Row 208
✅ Saved → SBQ | Skiing | Row 209
✅ Saved → SBQ | Skiing | Row 210
✅ Saved → SBQ | Skiing | Row 211
✅ Saved → SBQ | Skiing | Row 212
✅ Saved → SBQ | Skiing | Row 213
✅ Saved → SBQ | Skiing | Row 214
✅ Saved → SBQ | Skiing | Row 215
✅ Saved → SBQ | Skiing | Row 216
✅ Saved → SBQ | Skiing | Row 217
✅ Saved → SBQ | Skiing | Row 218
✅ Saved → SBQ | Skiing | Row 219
✅ Saved → SBQ | Skiing | Row 220
✅ Saved → SBQ | Skiing | Row 221
✅ Saved → SBQ | Skiing | Row 222
✅ Saved → SBQ | Skiing | Row 223
✅ Saved → SBQ | Skiing | Row 224
✅ Saved → SBQ | Skiing | Row 225
✅ Saved → SBQ | Skiing | Row 226
✅ Saved → SBQ | Skiing | Row 227
✅ Saved → SBQ | Skiing | Row 228
✅ Saved → SBQ | Skiing | Row 229
✅ Saved → SBQ | Skiing | Row 230
✅ Saved → SBQ | Skiing | Row 231
✅ Saved → SBQ | Skiing | Row 232
✅ Saved → SBQ | Skiing | Row 233
✅ Saved → SBQ | Skiing | Row 234
✅ Saved → SBQ | Skiing | Row 235
✅ Saved → SBQ | Skiing | Row 236
✅ Saved → SBQ | Skiing | Row 237
✅ Saved → SBQ | Skiing | Row 238
✅ Saved → SBQ | Skiing | Row 239
✅ Saved → SBQ | Skiing | Row 240
✅ Saved → SBQ | Skiing | Row 241
✅ Saved → SBQ | Skiing | Row 242
✅ Saved → SBQ | Skiing | Row 243
✅ Saved → SBQ | Skiing | Row 244
✅ Saved → SBQ | Skiing | Row 245
✅ Saved → SBQ | Skiing | Row 246
✅ Saved → SBQ | Skiing | Row 247
✅ Saved → SBQ | Skiing | Row 248
✅ Saved → SBQ | Skiing | Row 249
✅ Saved → SBQ | Skiing | Row 250
✅ Saved → SBQ | Skiing | Row 251
✅ Saved → SBQ | Skiing | Row 252
✅ Saved → SBQ | Skiing | Row 253
✅ Saved → SBQ | Skiing | Row 254
✅ Saved → SBQ | Skiing | Row 255
✅ Saved → SBQ | Skiing | Row 256
✅ Saved → SBQ | Skiing | Row 257
✅ Saved → SBQ | Skiing | Row 258
✅ Saved → SBQ | Skiing | Row 259
✅ Saved → SBQ | Skiing | Row 260
✅ Saved → SBQ | Skiing | Row 261
✅ Saved → SBQ | Skiing | Row 262
✅ Saved → SBQ | Skiing | Row 264
✅ Saved → SBQ | Skiing | Row 265
✅ Saved → SBQ | Skiing | Row 266
✅ Saved → SBQ | Skiing | Row 267
✅ Saved → SBQ | Skiing | Row 268
✅ Saved → SBQ | Skiing | Row 269
✅ Saved → SBQ | Skiing | Row 270
✅ Saved → SBQ | Skiing | Row 271
✅ Saved → SBQ | Skiing | Row 272
✅ Saved → SBQ | Skiing | Row 273
✅ Saved → SBQ | Skiing | Row 274
✅ Saved → SBQ | Skiing | Row 275
✅ Saved → SBQ | Skiing | Row 276
✅ Saved → SBQ | Skiing | Row 278
✅ Saved → SBQ | Skiing | Row 279
✅ Saved → SBQ | Skiing | Row 280
✅ Saved → SBQ | Skiing | Row 281
✅ Saved → SBQ | Skiing | Row 282
✅ Saved → SBQ | Skiing | Row 283
✅ Saved → SBQ | Skiing | Row 284
✅ Saved → SBQ | Skiing | Row 285
✅ Saved → SBQ | Skiing | Row 286
✅ Saved → SBQ | Skiing | Row 287
✅ Saved → SBQ | Skiing | Row 288
✅ Saved → SBQ | Skiing | Row 289
✅ Saved → SBQ | Skiing | Row 290
✅ Saved → SBQ | Skiing | Row 291
✅ Saved → SBQ | Skiing | Row 292
✅ Saved → SBQ | Skiing | Row 293
Morra
Traceback (most recent call last):
  File "/DATA/rohan_kirti/country/italy/SBQ/run.py", line 194, in <module>
    df = df[[COL_QUESTION, COL_OPTIONS, COL_ANSWER]].dropna(how="all")
         ~~^^^^^^^^^^^^^^^^^^^^^^^^^^^^^^^^^^^^^^^^^
  File "/DATA/rohan_kirti/miniconda3/envs/salesbot/lib/python3.11/site-packages/pandas/core/frame.py", line 4113, in __getitem__
    indexer = self.columns._get_indexer_strict(key, "columns")[1]
              ^^^^^^^^^^^^^^^^^^^^^^^^^^^^^^^^^^^^^^^^^^^^^^^^
  File "/DATA/rohan_kirti/miniconda3/envs/salesbot/lib/python3.11/site-packages/pandas/core/indexes/base.py", line 6212, in _get_indexer_strict
    self._raise_if_missing(keyarr, indexer, axis_name)
  File "/DATA/rohan_kirti/miniconda3/envs/salesbot/lib/python3.11/site-packages/pandas/core/indexes/base.py", line 6264, in _raise_if_missing
    raise KeyError(f"{not_found} not in index")
KeyError: "['Risposta corretta'] not in index"
