Started at: 10:35:33

📌 Processing: /DATA/rohan_kirti/country/Bengali/RBQ/Bangladesh_RBQ.xlsx
✅ Saved → RBQ | boli khela | Row 0
✅ Saved → RBQ | boli khela | Row 1
✅ Saved → RBQ | boli khela | Row 2
✅ Saved → RBQ | boli khela | Row 3
✅ Saved → RBQ | boli khela | Row 4
✅ Saved → RBQ | boli khela | Row 5
✅ Saved → RBQ | boli khela | Row 6
✅ Saved → RBQ | boli khela | Row 7
✅ Saved → RBQ | boli khela | Row 8
✅ Saved → RBQ | boli khela | Row 9
✅ Saved → RBQ | boli khela | Row 10
✅ Saved → RBQ | boli khela | Row 11
✅ Saved → RBQ | boli khela | Row 12
✅ Saved → RBQ | boli khela | Row 13
✅ Saved → RBQ | boli khela | Row 14
✅ Saved → RBQ | boli khela | Row 15
✅ Saved → RBQ | boli khela | Row 16
✅ Saved → RBQ | boli khela | Row 17
✅ Saved → RBQ | boli khela | Row 18
✅ Saved → RBQ | boli khela | Row 19
✅ Saved → RBQ | boli khela | Row 20
✅ Saved → RBQ | boli khela | Row 21
✅ Saved → RBQ | boli khela | Row 22
✅ Saved → RBQ | boli khela | Row 23
✅ Saved → RBQ | boli khela | Row 24
✅ Saved → RBQ | boli khela | Row 25
✅ Saved → RBQ | boli khela | Row 26
✅ Saved → RBQ | boli khela | Row 27
✅ Saved → RBQ | boli khela | Row 28
✅ Saved → RBQ | boli khela | Row 29
✅ Saved → RBQ | boli khela | Row 30
✅ Saved → RBQ | boli khela | Row 31
✅ Saved → RBQ | boli khela | Row 32
✅ Saved → RBQ | boli khela | Row 33
✅ Saved → RBQ | boli khela | Row 34
✅ Saved → RBQ | boli khela | Row 35
✅ Saved → RBQ | boli khela | Row 36
✅ Saved → RBQ | boli khela | Row 37
✅ Saved → RBQ | boli khela | Row 38
✅ Saved → RBQ | boli khela | Row 39
✅ Saved → RBQ | boli khela | Row 40
✅ Saved → RBQ | boli khela | Row 41
✅ Saved → RBQ | boli khela | Row 42
✅ Saved → RBQ | boli khela | Row 43
✅ Saved → RBQ | boli khela | Row 44
✅ Saved → RBQ | boli khela | Row 45
✅ Saved → RBQ | boli khela | Row 46
✅ Saved → RBQ | boli khela | Row 47
✅ Saved → RBQ | boli khela | Row 48
✅ Saved → RBQ | boli khela | Row 49
✅ Saved → RBQ | boli khela | Row 50
✅ Saved → RBQ | boli khela | Row 51
✅ Saved → RBQ | boli khela | Row 52
✅ Saved → RBQ | boli khela | Row 53
✅ Saved → RBQ | boli khela | Row 55
✅ Saved → RBQ | boli khela | Row 56
✅ Saved → RBQ | boli khela | Row 57
✅ Saved → RBQ | boli khela | Row 58
✅ Saved → RBQ | boli khela | Row 59
✅ Saved → RBQ | boli khela | Row 60
✅ Saved → RBQ | boli khela | Row 61
✅ Saved → RBQ | boli khela | Row 62
✅ Saved → RBQ | boli khela | Row 63
✅ Saved → RBQ | boli khela | Row 64
✅ Saved → RBQ | boli khela | Row 65
✅ Saved → RBQ | boli khela | Row 66
✅ Saved → RBQ | boli khela | Row 67
✅ Saved → RBQ | boli khela | Row 68
✅ Saved → RBQ | boli khela | Row 69
✅ Saved → RBQ | boli khela | Row 70
✅ Saved → RBQ | boli khela | Row 71
✅ Saved → RBQ | boli khela | Row 72
✅ Saved → RBQ | boli khela | Row 73
✅ Saved → RBQ | boli khela | Row 74
✅ Saved → RBQ | boli khela | Row 75
✅ Saved → RBQ | boli khela | Row 76
✅ Saved → RBQ | boli khela | Row 77
✅ Saved → RBQ | boli khela | Row 78
✅ Saved → RBQ | boli khela | Row 79
✅ Saved → RBQ | boli khela | Row 80
✅ Saved → RBQ | boli khela | Row 81
✅ Saved → RBQ | boli khela | Row 82
✅ Saved → RBQ | boli khela | Row 83
✅ Saved → RBQ | boli khela | Row 84
✅ Saved → RBQ | boli khela | Row 85
✅ Saved → RBQ | boli khela | Row 86
✅ Saved → RBQ | boli khela | Row 87
✅ Saved → RBQ | boli khela | Row 88
✅ Saved → RBQ | boli khela | Row 89
✅ Saved → RBQ | boli khela | Row 90
✅ Saved → RBQ | boli khela | Row 91
✅ Saved → RBQ | boli khela | Row 92
✅ Saved → RBQ | boli khela | Row 93
✅ Saved → RBQ | boli khela | Row 94
✅ Saved → RBQ | boli khela | Row 95
✅ Saved → RBQ | boli khela | Row 96
✅ Saved → RBQ | boli khela | Row 97
✅ Saved → RBQ | boli khela | Row 98
✅ Saved → RBQ | boli khela | Row 99
✅ Saved → RBQ | boli khela | Row 100
✅ Saved → RBQ | boli khela | Row 101
✅ Saved → RBQ | boli khela | Row 102
✅ Saved → RBQ | boli khela | Row 103
✅ Saved → RBQ | boli khela | Row 104
✅ Saved → RBQ | boli khela | Row 105
✅ Saved → RBQ | boli khela | Row 106
✅ Saved → RBQ | boli khela | Row 107
✅ Saved → RBQ | boli khela | Row 108
✅ Saved → RBQ | boli khela | Row 109
✅ Saved → RBQ | boli khela | Row 110
✅ Saved → RBQ | boli khela | Row 111
✅ Saved → RBQ | boli khela | Row 112
✅ Saved → RBQ | boli khela | Row 113
✅ Saved → RBQ | boli khela | Row 114
✅ Saved → RBQ | boli khela | Row 115
✅ Saved → RBQ | boli khela | Row 116
✅ Saved → RBQ | boli khela | Row 117
✅ Saved → RBQ | boli khela | Row 118
✅ Saved → RBQ | boli khela | Row 119
✅ Saved → RBQ | boli khela | Row 120
✅ Saved → RBQ | boli khela | Row 121
✅ Saved → RBQ | boli khela | Row 122
✅ Saved → RBQ | boli khela | Row 123
✅ Saved → RBQ | boli khela | Row 124
✅ Saved → RBQ | dariabandha | Row 0
✅ Saved → RBQ | dariabandha | Row 1
✅ Saved → RBQ | dariabandha | Row 2
✅ Saved → RBQ | dariabandha | Row 3
✅ Saved → RBQ | dariabandha | Row 4
✅ Saved → RBQ | dariabandha | Row 5
✅ Saved → RBQ | dariabandha | Row 6
✅ Saved → RBQ | dariabandha | Row 7
✅ Saved → RBQ | dariabandha | Row 8
✅ Saved → RBQ | dariabandha | Row 9
✅ Saved → RBQ | dariabandha | Row 10
✅ Saved → RBQ | dariabandha | Row 11
✅ Saved → RBQ | dariabandha | Row 12
✅ Saved → RBQ | dariabandha | Row 13
✅ Saved → RBQ | dariabandha | Row 14
✅ Saved → RBQ | dariabandha | Row 15
✅ Saved → RBQ | dariabandha | Row 16
✅ Saved → RBQ | dariabandha | Row 17
✅ Saved → RBQ | dariabandha | Row 18
✅ Saved → RBQ | dariabandha | Row 19
✅ Saved → RBQ | dariabandha | Row 20
✅ Saved → RBQ | dariabandha | Row 21
✅ Saved → RBQ | dariabandha | Row 22
✅ Saved → RBQ | dariabandha | Row 23
✅ Saved → RBQ | dariabandha | Row 24
✅ Saved → RBQ | dariabandha | Row 25
✅ Saved → RBQ | dariabandha | Row 26
✅ Saved → RBQ | dariabandha | Row 27
✅ Saved → RBQ | dariabandha | Row 28
✅ Saved → RBQ | dariabandha | Row 29
✅ Saved → RBQ | dariabandha | Row 30
✅ Saved → RBQ | dariabandha | Row 31
✅ Saved → RBQ | dariabandha | Row 32
✅ Saved → RBQ | dariabandha | Row 33
✅ Saved → RBQ | dariabandha | Row 34
✅ Saved → RBQ | dariabandha | Row 35
✅ Saved → RBQ | dariabandha | Row 36
✅ Saved → RBQ | dariabandha | Row 37
✅ Saved → RBQ | dariabandha | Row 38
✅ Saved → RBQ | dariabandha | Row 39
✅ Saved → RBQ | dariabandha | Row 40
✅ Saved → RBQ | dariabandha | Row 41
✅ Saved → RBQ | dariabandha | Row 42
✅ Saved → RBQ | dariabandha | Row 43
✅ Saved → RBQ | dariabandha | Row 44
✅ Saved → RBQ | dariabandha | Row 45
✅ Saved → RBQ | dariabandha | Row 46
✅ Saved → RBQ | dariabandha | Row 47
✅ Saved → RBQ | dariabandha | Row 48
✅ Saved → RBQ | dariabandha | Row 49
✅ Saved → RBQ | dariabandha | Row 50
✅ Saved → RBQ | dariabandha | Row 51
✅ Saved → RBQ | dariabandha | Row 52
✅ Saved → RBQ | dariabandha | Row 53
✅ Saved → RBQ | dariabandha | Row 54
✅ Saved → RBQ | dariabandha | Row 55
✅ Saved → RBQ | dariabandha | Row 56
✅ Saved → RBQ | dariabandha | Row 57
✅ Saved → RBQ | dariabandha | Row 58
✅ Saved → RBQ | dariabandha | Row 59
✅ Saved → RBQ | dariabandha | Row 60
✅ Saved → RBQ | dariabandha | Row 61
✅ Saved → RBQ | dariabandha | Row 62
✅ Saved → RBQ | dariabandha | Row 63
✅ Saved → RBQ | dariabandha | Row 64
✅ Saved → RBQ | dariabandha | Row 65
✅ Saved → RBQ | dariabandha | Row 66
✅ Saved → RBQ | dariabandha | Row 67
✅ Saved → RBQ | dariabandha | Row 68
✅ Saved → RBQ | dariabandha | Row 69
✅ Saved → RBQ | dariabandha | Row 70
✅ Saved → RBQ | dariabandha | Row 71
✅ Saved → RBQ | dariabandha | Row 72
✅ Saved → RBQ | dariabandha | Row 73
✅ Saved → RBQ | dariabandha | Row 74
✅ Saved → RBQ | dariabandha | Row 75
✅ Saved → RBQ | dariabandha | Row 76
✅ Saved → RBQ | dariabandha | Row 77
✅ Saved → RBQ | dariabandha | Row 78
✅ Saved → RBQ | dariabandha | Row 79
✅ Saved → RBQ | dariabandha | Row 80
✅ Saved → RBQ | dariabandha | Row 81
✅ Saved → RBQ | dariabandha | Row 82
✅ Saved → RBQ | dariabandha | Row 83
✅ Saved → RBQ | dariabandha | Row 84
✅ Saved → RBQ | dariabandha | Row 85
✅ Saved → RBQ | dariabandha | Row 86
✅ Saved → RBQ | dariabandha | Row 87
✅ Saved → RBQ | dariabandha | Row 88
✅ Saved → RBQ | dariabandha | Row 89
✅ Saved → RBQ | dariabandha | Row 90
✅ Saved → RBQ | dariabandha | Row 91
✅ Saved → RBQ | dariabandha | Row 92
✅ Saved → RBQ | dariabandha | Row 93
✅ Saved → RBQ | dariabandha | Row 94
✅ Saved → RBQ | dariabandha | Row 95
✅ Saved → RBQ | dariabandha | Row 96
✅ Saved → RBQ | dariabandha | Row 97
✅ Saved → RBQ | dariabandha | Row 98
✅ Saved → RBQ | dariabandha | Row 99
✅ Saved → RBQ | dariabandha | Row 100
✅ Saved → RBQ | dariabandha | Row 101
✅ Saved → RBQ | dariabandha | Row 102
✅ Saved → RBQ | dariabandha | Row 103
✅ Saved → RBQ | dariabandha | Row 104
✅ Saved → RBQ | dariabandha | Row 105
✅ Saved → RBQ | dariabandha | Row 106
✅ Saved → RBQ | dariabandha | Row 107
✅ Saved → RBQ | dariabandha | Row 108
✅ Saved → RBQ | dariabandha | Row 109
✅ Saved → RBQ | dariabandha | Row 110
✅ Saved → RBQ | dariabandha | Row 111
✅ Saved → RBQ | dariabandha | Row 112
✅ Saved → RBQ | dariabandha | Row 113
✅ Saved → RBQ | dariabandha | Row 114
✅ Saved → RBQ | dariabandha | Row 115
✅ Saved → RBQ | dariabandha | Row 116
✅ Saved → RBQ | dariabandha | Row 117
✅ Saved → RBQ | dariabandha | Row 118
✅ Saved → RBQ | dariabandha | Row 119
✅ Saved → RBQ | dariabandha | Row 120
✅ Saved → RBQ | dariabandha | Row 121
✅ Saved → RBQ | dariabandha | Row 122
✅ Saved → RBQ | dariabandha | Row 123
✅ Saved → RBQ | dariabandha | Row 124
✅ Saved → RBQ | golla chut | Row 0
✅ Saved → RBQ | golla chut | Row 1
✅ Saved → RBQ | golla chut | Row 2
✅ Saved → RBQ | golla chut | Row 3
✅ Saved → RBQ | golla chut | Row 4
✅ Saved → RBQ | golla chut | Row 5
✅ Saved → RBQ | golla chut | Row 6
✅ Saved → RBQ | golla chut | Row 7
✅ Saved → RBQ | golla chut | Row 8
✅ Saved → RBQ | golla chut | Row 9
✅ Saved → RBQ | golla chut | Row 10
✅ Saved → RBQ | golla chut | Row 11
✅ Saved → RBQ | golla chut | Row 12
✅ Saved → RBQ | golla chut | Row 13
✅ Saved → RBQ | golla chut | Row 14
✅ Saved → RBQ | golla chut | Row 15
✅ Saved → RBQ | golla chut | Row 16
✅ Saved → RBQ | golla chut | Row 17
✅ Saved → RBQ | golla chut | Row 18
✅ Saved → RBQ | golla chut | Row 19
✅ Saved → RBQ | golla chut | Row 20
✅ Saved → RBQ | golla chut | Row 21
✅ Saved → RBQ | golla chut | Row 22
✅ Saved → RBQ | golla chut | Row 23
✅ Saved → RBQ | golla chut | Row 24
✅ Saved → RBQ | golla chut | Row 25
✅ Saved → RBQ | golla chut | Row 26
✅ Saved → RBQ | golla chut | Row 27
✅ Saved → RBQ | golla chut | Row 28
✅ Saved → RBQ | golla chut | Row 29
✅ Saved → RBQ | golla chut | Row 30
✅ Saved → RBQ | golla chut | Row 31
✅ Saved → RBQ | golla chut | Row 32
✅ Saved → RBQ | golla chut | Row 33
✅ Saved → RBQ | golla chut | Row 34
✅ Saved → RBQ | golla chut | Row 35
✅ Saved → RBQ | golla chut | Row 36
✅ Saved → RBQ | golla chut | Row 37
✅ Saved → RBQ | golla chut | Row 38
✅ Saved → RBQ | golla chut | Row 39
✅ Saved → RBQ | golla chut | Row 40
✅ Saved → RBQ | golla chut | Row 41
✅ Saved → RBQ | golla chut | Row 42
✅ Saved → RBQ | golla chut | Row 43
✅ Saved → RBQ | golla chut | Row 44
✅ Saved → RBQ | golla chut | Row 45
✅ Saved → RBQ | golla chut | Row 46
✅ Saved → RBQ | golla chut | Row 47
✅ Saved → RBQ | golla chut | Row 48
✅ Saved → RBQ | golla chut | Row 49
✅ Saved → RBQ | golla chut | Row 50
✅ Saved → RBQ | golla chut | Row 51
✅ Saved → RBQ | golla chut | Row 52
✅ Saved → RBQ | golla chut | Row 53
✅ Saved → RBQ | golla chut | Row 54
✅ Saved → RBQ | golla chut | Row 55
✅ Saved → RBQ | golla chut | Row 56
✅ Saved → RBQ | golla chut | Row 57
✅ Saved → RBQ | golla chut | Row 58
✅ Saved → RBQ | golla chut | Row 59
✅ Saved → RBQ | golla chut | Row 60
✅ Saved → RBQ | golla chut | Row 61
✅ Saved → RBQ | golla chut | Row 62
✅ Saved → RBQ | golla chut | Row 63
✅ Saved → RBQ | golla chut | Row 64
✅ Saved → RBQ | golla chut | Row 65
✅ Saved → RBQ | golla chut | Row 66
✅ Saved → RBQ | golla chut | Row 67
✅ Saved → RBQ | golla chut | Row 68
✅ Saved → RBQ | golla chut | Row 69
✅ Saved → RBQ | golla chut | Row 70
✅ Saved → RBQ | golla chut | Row 71
✅ Saved → RBQ | golla chut | Row 72
✅ Saved → RBQ | golla chut | Row 73
✅ Saved → RBQ | golla chut | Row 74
✅ Saved → RBQ | golla chut | Row 75
✅ Saved → RBQ | golla chut | Row 76
✅ Saved → RBQ | golla chut | Row 77
✅ Saved → RBQ | golla chut | Row 78
✅ Saved → RBQ | golla chut | Row 79
✅ Saved → RBQ | golla chut | Row 80
✅ Saved → RBQ | golla chut | Row 81
✅ Saved → RBQ | golla chut | Row 82
✅ Saved → RBQ | golla chut | Row 83
✅ Saved → RBQ | golla chut | Row 84
✅ Saved → RBQ | golla chut | Row 85
✅ Saved → RBQ | golla chut | Row 86
✅ Saved → RBQ | golla chut | Row 87
✅ Saved → RBQ | golla chut | Row 88
✅ Saved → RBQ | golla chut | Row 89
✅ Saved → RBQ | golla chut | Row 90
✅ Saved → RBQ | golla chut | Row 91
✅ Saved → RBQ | golla chut | Row 92
✅ Saved → RBQ | golla chut | Row 93
✅ Saved → RBQ | golla chut | Row 94
✅ Saved → RBQ | golla chut | Row 95
✅ Saved → RBQ | golla chut | Row 96
✅ Saved → RBQ | golla chut | Row 97
✅ Saved → RBQ | golla chut | Row 98
✅ Saved → RBQ | golla chut | Row 99
✅ Saved → RBQ | golla chut | Row 100
✅ Saved → RBQ | golla chut | Row 101
✅ Saved → RBQ | golla chut | Row 102
✅ Saved → RBQ | golla chut | Row 103
✅ Saved → RBQ | golla chut | Row 104
✅ Saved → RBQ | golla chut | Row 105
✅ Saved → RBQ | golla chut | Row 106
✅ Saved → RBQ | golla chut | Row 107
✅ Saved → RBQ | golla chut | Row 108
✅ Saved → RBQ | golla chut | Row 109
✅ Saved → RBQ | golla chut | Row 110
✅ Saved → RBQ | golla chut | Row 111
✅ Saved → RBQ | golla chut | Row 112
✅ Saved → RBQ | golla chut | Row 113
✅ Saved → RBQ | golla chut | Row 114
✅ Saved → RBQ | golla chut | Row 115
✅ Saved → RBQ | golla chut | Row 116
✅ Saved → RBQ | golla chut | Row 117
✅ Saved → RBQ | golla chut | Row 118
✅ Saved → RBQ | golla chut | Row 119
✅ Saved → RBQ | golla chut | Row 120
✅ Saved → RBQ | golla chut | Row 121
✅ Saved → RBQ | golla chut | Row 122
✅ Saved → RBQ | golla chut | Row 123
✅ Saved → RBQ | golla chut | Row 124
✅ Saved → RBQ | ha du du | Row 0
✅ Saved → RBQ | ha du du | Row 1
✅ Saved → RBQ | ha du du | Row 2
✅ Saved → RBQ | ha du du | Row 3
✅ Saved → RBQ | ha du du | Row 4
✅ Saved → RBQ | ha du du | Row 5
✅ Saved → RBQ | ha du du | Row 6
✅ Saved → RBQ | ha du du | Row 7
✅ Saved → RBQ | ha du du | Row 8
✅ Saved → RBQ | ha du du | Row 9
✅ Saved → RBQ | ha du du | Row 10
✅ Saved → RBQ | ha du du | Row 11
✅ Saved → RBQ | ha du du | Row 12
✅ Saved → RBQ | ha du du | Row 13
✅ Saved → RBQ | ha du du | Row 14
✅ Saved → RBQ | ha du du | Row 15
✅ Saved → RBQ | ha du du | Row 16
✅ Saved → RBQ | ha du du | Row 17
✅ Saved → RBQ | ha du du | Row 18
✅ Saved → RBQ | ha du du | Row 19
✅ Saved → RBQ | ha du du | Row 20
✅ Saved → RBQ | ha du du | Row 21
✅ Saved → RBQ | ha du du | Row 22
✅ Saved → RBQ | ha du du | Row 23
✅ Saved → RBQ | ha du du | Row 24
✅ Saved → RBQ | ha du du | Row 25
✅ Saved → RBQ | ha du du | Row 26
✅ Saved → RBQ | ha du du | Row 27
✅ Saved → RBQ | ha du du | Row 28
✅ Saved → RBQ | ha du du | Row 29
✅ Saved → RBQ | ha du du | Row 30
✅ Saved → RBQ | ha du du | Row 31
✅ Saved → RBQ | ha du du | Row 32
✅ Saved → RBQ | ha du du | Row 33
✅ Saved → RBQ | ha du du | Row 34
✅ Saved → RBQ | ha du du | Row 35
✅ Saved → RBQ | ha du du | Row 36
✅ Saved → RBQ | ha du du | Row 37
✅ Saved → RBQ | ha du du | Row 38
✅ Saved → RBQ | ha du du | Row 39
✅ Saved → RBQ | ha du du | Row 40
✅ Saved → RBQ | ha du du | Row 41
✅ Saved → RBQ | ha du du | Row 42
✅ Saved → RBQ | ha du du | Row 43
✅ Saved → RBQ | ha du du | Row 44
✅ Saved → RBQ | ha du du | Row 45
✅ Saved → RBQ | ha du du | Row 46
✅ Saved → RBQ | ha du du | Row 47
✅ Saved → RBQ | ha du du | Row 48
✅ Saved → RBQ | ha du du | Row 49
✅ Saved → RBQ | ha du du | Row 50
✅ Saved → RBQ | ha du du | Row 51
✅ Saved → RBQ | ha du du | Row 52
✅ Saved → RBQ | ha du du | Row 53
✅ Saved → RBQ | ha du du | Row 54
✅ Saved → RBQ | ha du du | Row 55
✅ Saved → RBQ | ha du du | Row 56
✅ Saved → RBQ | ha du du | Row 57
✅ Saved → RBQ | ha du du | Row 58
✅ Saved → RBQ | ha du du | Row 59
✅ Saved → RBQ | ha du du | Row 60
✅ Saved → RBQ | ha du du | Row 61
✅ Saved → RBQ | ha du du | Row 62
✅ Saved → RBQ | ha du du | Row 63
✅ Saved → RBQ | ha du du | Row 64
✅ Saved → RBQ | ha du du | Row 65
✅ Saved → RBQ | ha du du | Row 66
✅ Saved → RBQ | ha du du | Row 67
✅ Saved → RBQ | ha du du | Row 68
✅ Saved → RBQ | ha du du | Row 69
✅ Saved → RBQ | ha du du | Row 70
✅ Saved → RBQ | ha du du | Row 71
✅ Saved → RBQ | ha du du | Row 72
✅ Saved → RBQ | ha du du | Row 73
✅ Saved → RBQ | ha du du | Row 74
✅ Saved → RBQ | ha du du | Row 75
✅ Saved → RBQ | ha du du | Row 76
✅ Saved → RBQ | ha du du | Row 77
✅ Saved → RBQ | ha du du | Row 78
✅ Saved → RBQ | ha du du | Row 79
✅ Saved → RBQ | ha du du | Row 80
✅ Saved → RBQ | ha du du | Row 81
✅ Saved → RBQ | ha du du | Row 82
✅ Saved → RBQ | ha du du | Row 83
✅ Saved → RBQ | ha du du | Row 84
✅ Saved → RBQ | ha du du | Row 85
✅ Saved → RBQ | ha du du | Row 86
✅ Saved → RBQ | ha du du | Row 87
✅ Saved → RBQ | ha du du | Row 88
✅ Saved → RBQ | ha du du | Row 89
✅ Saved → RBQ | ha du du | Row 90
✅ Saved → RBQ | ha du du | Row 91
✅ Saved → RBQ | ha du du | Row 92
✅ Saved → RBQ | ha du du | Row 93
✅ Saved → RBQ | ha du du | Row 94
✅ Saved → RBQ | ha du du | Row 95
✅ Saved → RBQ | ha du du | Row 96
✅ Saved → RBQ | ha du du | Row 97
✅ Saved → RBQ | ha du du | Row 98
✅ Saved → RBQ | ha du du | Row 99
✅ Saved → RBQ | ha du du | Row 100
✅ Saved → RBQ | ha du du | Row 101
✅ Saved → RBQ | ha du du | Row 102
✅ Saved → RBQ | ha du du | Row 103
✅ Saved → RBQ | ha du du | Row 104
✅ Saved → RBQ | ha du du | Row 105
✅ Saved → RBQ | ha du du | Row 106
✅ Saved → RBQ | ha du du | Row 107
✅ Saved → RBQ | ha du du | Row 108
✅ Saved → RBQ | ha du du | Row 109
✅ Saved → RBQ | ha du du | Row 110
✅ Saved → RBQ | ha du du | Row 111
✅ Saved → RBQ | ha du du | Row 112
✅ Saved → RBQ | ha du du | Row 113
✅ Saved → RBQ | ha du du | Row 114
✅ Saved → RBQ | ha du du | Row 115
✅ Saved → RBQ | ha du du | Row 116
✅ Saved → RBQ | ha du du | Row 117
✅ Saved → RBQ | ha du du | Row 118
✅ Saved → RBQ | ha du du | Row 119
✅ Saved → RBQ | ha du du | Row 120
✅ Saved → RBQ | ha du du | Row 121
✅ Saved → RBQ | ha du du | Row 122
✅ Saved → RBQ | ha du du | Row 123
✅ Saved → RBQ | ha du du | Row 124
✅ Saved → RBQ | lathi khela | Row 0
✅ Saved → RBQ | lathi khela | Row 1
✅ Saved → RBQ | lathi khela | Row 2
✅ Saved → RBQ | lathi khela | Row 3
✅ Saved → RBQ | lathi khela | Row 4
✅ Saved → RBQ | lathi khela | Row 5
✅ Saved → RBQ | lathi khela | Row 6
✅ Saved → RBQ | lathi khela | Row 7
✅ Saved → RBQ | lathi khela | Row 8
✅ Saved → RBQ | lathi khela | Row 9
✅ Saved → RBQ | lathi khela | Row 10
✅ Saved → RBQ | lathi khela | Row 11
✅ Saved → RBQ | lathi khela | Row 12
✅ Saved → RBQ | lathi khela | Row 13
✅ Saved → RBQ | lathi khela | Row 14
✅ Saved → RBQ | lathi khela | Row 15
✅ Saved → RBQ | lathi khela | Row 16
✅ Saved → RBQ | lathi khela | Row 17
✅ Saved → RBQ | lathi khela | Row 18
✅ Saved → RBQ | lathi khela | Row 19
✅ Saved → RBQ | lathi khela | Row 20
✅ Saved → RBQ | lathi khela | Row 21
✅ Saved → RBQ | lathi khela | Row 22
✅ Saved → RBQ | lathi khela | Row 23
✅ Saved → RBQ | lathi khela | Row 24
✅ Saved → RBQ | lathi khela | Row 25
✅ Saved → RBQ | lathi khela | Row 26
✅ Saved → RBQ | lathi khela | Row 27
✅ Saved → RBQ | lathi khela | Row 28
✅ Saved → RBQ | lathi khela | Row 29
✅ Saved → RBQ | lathi khela | Row 30
✅ Saved → RBQ | lathi khela | Row 31
✅ Saved → RBQ | lathi khela | Row 32
✅ Saved → RBQ | lathi khela | Row 33
✅ Saved → RBQ | lathi khela | Row 34
✅ Saved → RBQ | lathi khela | Row 36
✅ Saved → RBQ | lathi khela | Row 37
✅ Saved → RBQ | lathi khela | Row 38
✅ Saved → RBQ | lathi khela | Row 39
✅ Saved → RBQ | lathi khela | Row 41
✅ Saved → RBQ | lathi khela | Row 42
✅ Saved → RBQ | lathi khela | Row 43
✅ Saved → RBQ | lathi khela | Row 44
✅ Saved → RBQ | lathi khela | Row 45
✅ Saved → RBQ | lathi khela | Row 46
✅ Saved → RBQ | lathi khela | Row 47
✅ Saved → RBQ | lathi khela | Row 48
✅ Saved → RBQ | lathi khela | Row 49
✅ Saved → RBQ | lathi khela | Row 50
✅ Saved → RBQ | lathi khela | Row 51
✅ Saved → RBQ | lathi khela | Row 52
✅ Saved → RBQ | lathi khela | Row 53
✅ Saved → RBQ | lathi khela | Row 54
✅ Saved → RBQ | lathi khela | Row 55
✅ Saved → RBQ | lathi khela | Row 56
✅ Saved → RBQ | lathi khela | Row 57
✅ Saved → RBQ | lathi khela | Row 58
✅ Saved → RBQ | lathi khela | Row 59
✅ Saved → RBQ | lathi khela | Row 60
✅ Saved → RBQ | lathi khela | Row 61
✅ Saved → RBQ | lathi khela | Row 62
✅ Saved → RBQ | lathi khela | Row 63
✅ Saved → RBQ | lathi khela | Row 64
✅ Saved → RBQ | lathi khela | Row 65
✅ Saved → RBQ | lathi khela | Row 66
✅ Saved → RBQ | lathi khela | Row 67
✅ Saved → RBQ | lathi khela | Row 68
✅ Saved → RBQ | lathi khela | Row 69
✅ Saved → RBQ | lathi khela | Row 70
✅ Saved → RBQ | lathi khela | Row 71
✅ Saved → RBQ | lathi khela | Row 72
✅ Saved → RBQ | lathi khela | Row 73
✅ Saved → RBQ | lathi khela | Row 74
✅ Saved → RBQ | lathi khela | Row 75
✅ Saved → RBQ | lathi khela | Row 76
✅ Saved → RBQ | lathi khela | Row 77
✅ Saved → RBQ | lathi khela | Row 78
✅ Saved → RBQ | lathi khela | Row 79
✅ Saved → RBQ | lathi khela | Row 80
✅ Saved → RBQ | lathi khela | Row 81
✅ Saved → RBQ | lathi khela | Row 82
✅ Saved → RBQ | lathi khela | Row 83
✅ Saved → RBQ | lathi khela | Row 84
✅ Saved → RBQ | lathi khela | Row 85
✅ Saved → RBQ | lathi khela | Row 86
✅ Saved → RBQ | lathi khela | Row 87
✅ Saved → RBQ | lathi khela | Row 88
✅ Saved → RBQ | lathi khela | Row 89
✅ Saved → RBQ | lathi khela | Row 90
✅ Saved → RBQ | lathi khela | Row 91
✅ Saved → RBQ | lathi khela | Row 92
✅ Saved → RBQ | lathi khela | Row 93
✅ Saved → RBQ | lathi khela | Row 94
✅ Saved → RBQ | lathi khela | Row 95
✅ Saved → RBQ | lathi khela | Row 96
✅ Saved → RBQ | lathi khela | Row 97
✅ Saved → RBQ | lathi khela | Row 98
✅ Saved → RBQ | lathi khela | Row 99
✅ Saved → RBQ | lathi khela | Row 100
✅ Saved → RBQ | lathi khela | Row 101
✅ Saved → RBQ | lathi khela | Row 102
✅ Saved → RBQ | lathi khela | Row 103
✅ Saved → RBQ | lathi khela | Row 104
✅ Saved → RBQ | lathi khela | Row 105
✅ Saved → RBQ | lathi khela | Row 106
✅ Saved → RBQ | lathi khela | Row 107
✅ Saved → RBQ | lathi khela | Row 108
✅ Saved → RBQ | lathi khela | Row 109
✅ Saved → RBQ | lathi khela | Row 110
✅ Saved → RBQ | lathi khela | Row 111
✅ Saved → RBQ | lathi khela | Row 112
✅ Saved → RBQ | lathi khela | Row 113
✅ Saved → RBQ | lathi khela | Row 114
✅ Saved → RBQ | lathi khela | Row 115
✅ Saved → RBQ | lathi khela | Row 116
✅ Saved → RBQ | lathi khela | Row 117
✅ Saved → RBQ | lathi khela | Row 118
✅ Saved → RBQ | lathi khela | Row 119
✅ Saved → RBQ | lathi khela | Row 120
✅ Saved → RBQ | lathi khela | Row 121
✅ Saved → RBQ | lathi khela | Row 122
✅ Saved → RBQ | lathi khela | Row 123
✅ Saved → RBQ | lathi khela | Row 124
✅ Saved → RBQ | nouka baich | Row 0
✅ Saved → RBQ | nouka baich | Row 1
✅ Saved → RBQ | nouka baich | Row 2
✅ Saved → RBQ | nouka baich | Row 3
✅ Saved → RBQ | nouka baich | Row 4
✅ Saved → RBQ | nouka baich | Row 5
✅ Saved → RBQ | nouka baich | Row 6
✅ Saved → RBQ | nouka baich | Row 7
✅ Saved → RBQ | nouka baich | Row 8
✅ Saved → RBQ | nouka baich | Row 9
✅ Saved → RBQ | nouka baich | Row 10
✅ Saved → RBQ | nouka baich | Row 11
✅ Saved → RBQ | nouka baich | Row 12
✅ Saved → RBQ | nouka baich | Row 13
✅ Saved → RBQ | nouka baich | Row 14
✅ Saved → RBQ | nouka baich | Row 15
✅ Saved → RBQ | nouka baich | Row 16
✅ Saved → RBQ | nouka baich | Row 17
✅ Saved → RBQ | nouka baich | Row 18
✅ Saved → RBQ | nouka baich | Row 19
✅ Saved → RBQ | nouka baich | Row 20
✅ Saved → RBQ | nouka baich | Row 21
✅ Saved → RBQ | nouka baich | Row 22
✅ Saved → RBQ | nouka baich | Row 23
✅ Saved → RBQ | nouka baich | Row 24
✅ Saved → RBQ | nouka baich | Row 25
✅ Saved → RBQ | nouka baich | Row 26
✅ Saved → RBQ | nouka baich | Row 27
✅ Saved → RBQ | nouka baich | Row 28
✅ Saved → RBQ | nouka baich | Row 29
✅ Saved → RBQ | nouka baich | Row 30
✅ Saved → RBQ | nouka baich | Row 31
✅ Saved → RBQ | nouka baich | Row 32
✅ Saved → RBQ | nouka baich | Row 33
✅ Saved → RBQ | nouka baich | Row 34
✅ Saved → RBQ | nouka baich | Row 35
✅ Saved → RBQ | nouka baich | Row 36
✅ Saved → RBQ | nouka baich | Row 37
✅ Saved → RBQ | nouka baich | Row 38
✅ Saved → RBQ | nouka baich | Row 39
✅ Saved → RBQ | nouka baich | Row 40
✅ Saved → RBQ | nouka baich | Row 41
✅ Saved → RBQ | nouka baich | Row 42
✅ Saved → RBQ | nouka baich | Row 43
✅ Saved → RBQ | nouka baich | Row 44
✅ Saved → RBQ | nouka baich | Row 45
✅ Saved → RBQ | nouka baich | Row 46
✅ Saved → RBQ | nouka baich | Row 47
✅ Saved → RBQ | nouka baich | Row 48
✅ Saved → RBQ | nouka baich | Row 49
✅ Saved → RBQ | nouka baich | Row 50
✅ Saved → RBQ | nouka baich | Row 51
✅ Saved → RBQ | nouka baich | Row 52
✅ Saved → RBQ | nouka baich | Row 53
✅ Saved → RBQ | nouka baich | Row 54
✅ Saved → RBQ | nouka baich | Row 55
✅ Saved → RBQ | nouka baich | Row 56
✅ Saved → RBQ | nouka baich | Row 57
✅ Saved → RBQ | nouka baich | Row 58
✅ Saved → RBQ | nouka baich | Row 59
✅ Saved → RBQ | nouka baich | Row 60
✅ Saved → RBQ | nouka baich | Row 61
✅ Saved → RBQ | nouka baich | Row 62
✅ Saved → RBQ | nouka baich | Row 63
✅ Saved → RBQ | nouka baich | Row 64
✅ Saved → RBQ | nouka baich | Row 65
✅ Saved → RBQ | nouka baich | Row 66
✅ Saved → RBQ | nouka baich | Row 67
✅ Saved → RBQ | nouka baich | Row 68
✅ Saved → RBQ | nouka baich | Row 69
✅ Saved → RBQ | nouka baich | Row 70
✅ Saved → RBQ | nouka baich | Row 71
✅ Saved → RBQ | nouka baich | Row 72
✅ Saved → RBQ | nouka baich | Row 73
✅ Saved → RBQ | nouka baich | Row 74
✅ Saved → RBQ | nouka baich | Row 75
✅ Saved → RBQ | nouka baich | Row 76
✅ Saved → RBQ | nouka baich | Row 77
✅ Saved → RBQ | nouka baich | Row 78
✅ Saved → RBQ | nouka baich | Row 79
✅ Saved → RBQ | nouka baich | Row 80
✅ Saved → RBQ | nouka baich | Row 81
✅ Saved → RBQ | nouka baich | Row 82
✅ Saved → RBQ | nouka baich | Row 83
✅ Saved → RBQ | nouka baich | Row 84
✅ Saved → RBQ | nouka baich | Row 85
✅ Saved → RBQ | nouka baich | Row 86
✅ Saved → RBQ | nouka baich | Row 87
✅ Saved → RBQ | nouka baich | Row 88
✅ Saved → RBQ | nouka baich | Row 89
✅ Saved → RBQ | nouka baich | Row 90
✅ Saved → RBQ | nouka baich | Row 91
✅ Saved → RBQ | nouka baich | Row 92
✅ Saved → RBQ | nouka baich | Row 93
✅ Saved → RBQ | nouka baich | Row 94
✅ Saved → RBQ | nouka baich | Row 95
✅ Saved → RBQ | nouka baich | Row 96
✅ Saved → RBQ | nouka baich | Row 97
✅ Saved → RBQ | nouka baich | Row 98
✅ Saved → RBQ | nouka baich | Row 99
✅ Saved → RBQ | nouka baich | Row 100
✅ Saved → RBQ | nouka baich | Row 101
✅ Saved → RBQ | nouka baich | Row 102
✅ Saved → RBQ | nouka baich | Row 103
✅ Saved → RBQ | nouka baich | Row 104
✅ Saved → RBQ | nouka baich | Row 105
✅ Saved → RBQ | nouka baich | Row 106
✅ Saved → RBQ | nouka baich | Row 107
✅ Saved → RBQ | nouka baich | Row 108
✅ Saved → RBQ | nouka baich | Row 109
✅ Saved → RBQ | nouka baich | Row 110
✅ Saved → RBQ | nouka baich | Row 111
✅ Saved → RBQ | nouka baich | Row 112
✅ Saved → RBQ | nouka baich | Row 113
✅ Saved → RBQ | nouka baich | Row 114
✅ Saved → RBQ | nouka baich | Row 115
✅ Saved → RBQ | nouka baich | Row 116
✅ Saved → RBQ | nouka baich | Row 117
✅ Saved → RBQ | nouka baich | Row 118
✅ Saved → RBQ | nouka baich | Row 119
✅ Saved → RBQ | nouka baich | Row 120
✅ Saved → RBQ | nouka baich | Row 121
✅ Saved → RBQ | nouka baich | Row 122
✅ Saved → RBQ | nouka baich | Row 123
✅ Saved → RBQ | nouka baich | Row 124

✅ COMPLETE!
📄 Live-updating CSV: /DATA/rohan_kirti/country/Bengali/RBQ/Results_RBQ.csv
Ended at: 11:26:31
Total Duration: 0:50:57.594797
✅ Successfully created '/DATA/rohan_kirti/country/Bengali/RBQ/Results_RBQ.xlsx'
