Started at: 20:36:44
SBQ

📌 Processing: /DATA/rohan_kirti/country/france/SBQ/France_SBQ.xlsx
Joutes
✅ Saved → SBQ | Joutes | Row 0
✅ Saved → SBQ | Joutes | Row 1
✅ Saved → SBQ | Joutes | Row 2
✅ Saved → SBQ | Joutes | Row 3
✅ Saved → SBQ | Joutes | Row 4
✅ Saved → SBQ | Joutes | Row 5
✅ Saved → SBQ | Joutes | Row 6
✅ Saved → SBQ | Joutes | Row 7
✅ Saved → SBQ | Joutes | Row 8
✅ Saved → SBQ | Joutes | Row 9
✅ Saved → SBQ | Joutes | Row 10
✅ Saved → SBQ | Joutes | Row 11
✅ Saved → SBQ | Joutes | Row 12
✅ Saved → SBQ | Joutes | Row 13
✅ Saved → SBQ | Joutes | Row 14
✅ Saved → SBQ | Joutes | Row 15
✅ Saved → SBQ | Joutes | Row 16
✅ Saved → SBQ | Joutes | Row 17
✅ Saved → SBQ | Joutes | Row 18
✅ Saved → SBQ | Joutes | Row 19
✅ Saved → SBQ | Joutes | Row 20
✅ Saved → SBQ | Joutes | Row 21
✅ Saved → SBQ | Joutes | Row 22
✅ Saved → SBQ | Joutes | Row 23
✅ Saved → SBQ | Joutes | Row 24
✅ Saved → SBQ | Joutes | Row 25
✅ Saved → SBQ | Joutes | Row 26
✅ Saved → SBQ | Joutes | Row 27
✅ Saved → SBQ | Joutes | Row 28
✅ Saved → SBQ | Joutes | Row 29
✅ Saved → SBQ | Joutes | Row 30
✅ Saved → SBQ | Joutes | Row 31
✅ Saved → SBQ | Joutes | Row 32
✅ Saved → SBQ | Joutes | Row 33
✅ Saved → SBQ | Joutes | Row 34
✅ Saved → SBQ | Joutes | Row 35
✅ Saved → SBQ | Joutes | Row 36
✅ Saved → SBQ | Joutes | Row 37
✅ Saved → SBQ | Joutes | Row 38
✅ Saved → SBQ | Joutes | Row 39
✅ Saved → SBQ | Joutes | Row 40
✅ Saved → SBQ | Joutes | Row 41
✅ Saved → SBQ | Joutes | Row 42
✅ Saved → SBQ | Joutes | Row 43
✅ Saved → SBQ | Joutes | Row 44
✅ Saved → SBQ | Joutes | Row 45
✅ Saved → SBQ | Joutes | Row 46
✅ Saved → SBQ | Joutes | Row 47
✅ Saved → SBQ | Joutes | Row 48
✅ Saved → SBQ | Joutes | Row 49
✅ Saved → SBQ | Joutes | Row 50
✅ Saved → SBQ | Joutes | Row 51
✅ Saved → SBQ | Joutes | Row 52
✅ Saved → SBQ | Joutes | Row 53
✅ Saved → SBQ | Joutes | Row 55
✅ Saved → SBQ | Joutes | Row 56
✅ Saved → SBQ | Joutes | Row 57
✅ Saved → SBQ | Joutes | Row 58
✅ Saved → SBQ | Joutes | Row 62
✅ Saved → SBQ | Joutes | Row 66
✅ Saved → SBQ | Joutes | Row 67
✅ Saved → SBQ | Joutes | Row 68
✅ Saved → SBQ | Joutes | Row 70
✅ Saved → SBQ | Joutes | Row 71
✅ Saved → SBQ | Joutes | Row 72
✅ Saved → SBQ | Joutes | Row 73
✅ Saved → SBQ | Joutes | Row 75
✅ Saved → SBQ | Joutes | Row 77
✅ Saved → SBQ | Joutes | Row 78
✅ Saved → SBQ | Joutes | Row 79
✅ Saved → SBQ | Joutes | Row 80
✅ Saved → SBQ | Joutes | Row 81
✅ Saved → SBQ | Joutes | Row 83
✅ Saved → SBQ | Joutes | Row 84
✅ Saved → SBQ | Joutes | Row 100
✅ Saved → SBQ | Joutes | Row 101
✅ Saved → SBQ | Joutes | Row 102
✅ Saved → SBQ | Joutes | Row 103
✅ Saved → SBQ | Joutes | Row 104
✅ Saved → SBQ | Joutes | Row 105
✅ Saved → SBQ | Joutes | Row 106
✅ Saved → SBQ | Joutes | Row 107
✅ Saved → SBQ | Joutes | Row 108
✅ Saved → SBQ | Joutes | Row 109
✅ Saved → SBQ | Joutes | Row 110
✅ Saved → SBQ | Joutes | Row 111
✅ Saved → SBQ | Joutes | Row 112
✅ Saved → SBQ | Joutes | Row 113
✅ Saved → SBQ | Joutes | Row 114
✅ Saved → SBQ | Joutes | Row 115
✅ Saved → SBQ | Joutes | Row 116
✅ Saved → SBQ | Joutes | Row 117
✅ Saved → SBQ | Joutes | Row 118
✅ Saved → SBQ | Joutes | Row 119
✅ Saved → SBQ | Joutes | Row 120
✅ Saved → SBQ | Joutes | Row 121
✅ Saved → SBQ | Joutes | Row 122
✅ Saved → SBQ | Joutes | Row 123
✅ Saved → SBQ | Joutes | Row 124
✅ Saved → SBQ | Joutes | Row 125
✅ Saved → SBQ | Joutes | Row 126
✅ Saved → SBQ | Joutes | Row 127
✅ Saved → SBQ | Joutes | Row 128
✅ Saved → SBQ | Joutes | Row 129
✅ Saved → SBQ | Joutes | Row 130
✅ Saved → SBQ | Joutes | Row 131
✅ Saved → SBQ | Joutes | Row 132
✅ Saved → SBQ | Joutes | Row 133
✅ Saved → SBQ | Joutes | Row 134
✅ Saved → SBQ | Joutes | Row 135
✅ Saved → SBQ | Joutes | Row 136
✅ Saved → SBQ | Joutes | Row 137
✅ Saved → SBQ | Joutes | Row 138
✅ Saved → SBQ | Joutes | Row 139
✅ Saved → SBQ | Joutes | Row 140
✅ Saved → SBQ | Joutes | Row 141
✅ Saved → SBQ | Joutes | Row 143
✅ Saved → SBQ | Joutes | Row 144
✅ Saved → SBQ | Joutes | Row 145
✅ Saved → SBQ | Joutes | Row 146
✅ Saved → SBQ | Joutes | Row 148
✅ Saved → SBQ | Joutes | Row 149
Tambourin
✅ Saved → SBQ | Tambourin | Row 0
✅ Saved → SBQ | Tambourin | Row 1
✅ Saved → SBQ | Tambourin | Row 2
✅ Saved → SBQ | Tambourin | Row 3
✅ Saved → SBQ | Tambourin | Row 4
✅ Saved → SBQ | Tambourin | Row 5
✅ Saved → SBQ | Tambourin | Row 6
✅ Saved → SBQ | Tambourin | Row 7
✅ Saved → SBQ | Tambourin | Row 8
✅ Saved → SBQ | Tambourin | Row 9
✅ Saved → SBQ | Tambourin | Row 10
✅ Saved → SBQ | Tambourin | Row 11
✅ Saved → SBQ | Tambourin | Row 12
✅ Saved → SBQ | Tambourin | Row 13
✅ Saved → SBQ | Tambourin | Row 14
✅ Saved → SBQ | Tambourin | Row 15
✅ Saved → SBQ | Tambourin | Row 16
✅ Saved → SBQ | Tambourin | Row 17
✅ Saved → SBQ | Tambourin | Row 18
✅ Saved → SBQ | Tambourin | Row 19
✅ Saved → SBQ | Tambourin | Row 20
✅ Saved → SBQ | Tambourin | Row 21
✅ Saved → SBQ | Tambourin | Row 22
✅ Saved → SBQ | Tambourin | Row 23
✅ Saved → SBQ | Tambourin | Row 24
✅ Saved → SBQ | Tambourin | Row 25
✅ Saved → SBQ | Tambourin | Row 26
✅ Saved → SBQ | Tambourin | Row 27
✅ Saved → SBQ | Tambourin | Row 28
✅ Saved → SBQ | Tambourin | Row 29
✅ Saved → SBQ | Tambourin | Row 30
✅ Saved → SBQ | Tambourin | Row 31
✅ Saved → SBQ | Tambourin | Row 32
✅ Saved → SBQ | Tambourin | Row 33
✅ Saved → SBQ | Tambourin | Row 34
✅ Saved → SBQ | Tambourin | Row 35
✅ Saved → SBQ | Tambourin | Row 36
✅ Saved → SBQ | Tambourin | Row 37
✅ Saved → SBQ | Tambourin | Row 38
✅ Saved → SBQ | Tambourin | Row 39
✅ Saved → SBQ | Tambourin | Row 40
✅ Saved → SBQ | Tambourin | Row 41
✅ Saved → SBQ | Tambourin | Row 42
✅ Saved → SBQ | Tambourin | Row 43
✅ Saved → SBQ | Tambourin | Row 44
✅ Saved → SBQ | Tambourin | Row 45
✅ Saved → SBQ | Tambourin | Row 46
✅ Saved → SBQ | Tambourin | Row 50
✅ Saved → SBQ | Tambourin | Row 51
✅ Saved → SBQ | Tambourin | Row 52
✅ Saved → SBQ | Tambourin | Row 54
✅ Saved → SBQ | Tambourin | Row 56
✅ Saved → SBQ | Tambourin | Row 57
✅ Saved → SBQ | Tambourin | Row 58
✅ Saved → SBQ | Tambourin | Row 59
✅ Saved → SBQ | Tambourin | Row 60
✅ Saved → SBQ | Tambourin | Row 61
✅ Saved → SBQ | Tambourin | Row 62
✅ Saved → SBQ | Tambourin | Row 63
✅ Saved → SBQ | Tambourin | Row 65
✅ Saved → SBQ | Tambourin | Row 66
✅ Saved → SBQ | Tambourin | Row 67
✅ Saved → SBQ | Tambourin | Row 68
✅ Saved → SBQ | Tambourin | Row 70
✅ Saved → SBQ | Tambourin | Row 72
Pelota
✅ Saved → SBQ | Pelota | Row 0
✅ Saved → SBQ | Pelota | Row 1
✅ Saved → SBQ | Pelota | Row 2
✅ Saved → SBQ | Pelota | Row 3
✅ Saved → SBQ | Pelota | Row 4
✅ Saved → SBQ | Pelota | Row 5
✅ Saved → SBQ | Pelota | Row 6
✅ Saved → SBQ | Pelota | Row 7
✅ Saved → SBQ | Pelota | Row 8
✅ Saved → SBQ | Pelota | Row 9
✅ Saved → SBQ | Pelota | Row 10
✅ Saved → SBQ | Pelota | Row 11
✅ Saved → SBQ | Pelota | Row 12
✅ Saved → SBQ | Pelota | Row 13
✅ Saved → SBQ | Pelota | Row 14
✅ Saved → SBQ | Pelota | Row 15
✅ Saved → SBQ | Pelota | Row 16
✅ Saved → SBQ | Pelota | Row 17
✅ Saved → SBQ | Pelota | Row 18
✅ Saved → SBQ | Pelota | Row 19
✅ Saved → SBQ | Pelota | Row 20
✅ Saved → SBQ | Pelota | Row 21
✅ Saved → SBQ | Pelota | Row 22
✅ Saved → SBQ | Pelota | Row 23
✅ Saved → SBQ | Pelota | Row 24
✅ Saved → SBQ | Pelota | Row 25
✅ Saved → SBQ | Pelota | Row 26
✅ Saved → SBQ | Pelota | Row 27
✅ Saved → SBQ | Pelota | Row 28
✅ Saved → SBQ | Pelota | Row 29
✅ Saved → SBQ | Pelota | Row 30
✅ Saved → SBQ | Pelota | Row 31
✅ Saved → SBQ | Pelota | Row 32
✅ Saved → SBQ | Pelota | Row 33
✅ Saved → SBQ | Pelota | Row 34
✅ Saved → SBQ | Pelota | Row 35
✅ Saved → SBQ | Pelota | Row 36
✅ Saved → SBQ | Pelota | Row 37
✅ Saved → SBQ | Pelota | Row 38
✅ Saved → SBQ | Pelota | Row 39
✅ Saved → SBQ | Pelota | Row 40
✅ Saved → SBQ | Pelota | Row 41
✅ Saved → SBQ | Pelota | Row 42
✅ Saved → SBQ | Pelota | Row 43
✅ Saved → SBQ | Pelota | Row 44
✅ Saved → SBQ | Pelota | Row 45
✅ Saved → SBQ | Pelota | Row 46
✅ Saved → SBQ | Pelota | Row 48
✅ Saved → SBQ | Pelota | Row 49
✅ Saved → SBQ | Pelota | Row 50
✅ Saved → SBQ | Pelota | Row 54
✅ Saved → SBQ | Pelota | Row 55
✅ Saved → SBQ | Pelota | Row 56
✅ Saved → SBQ | Pelota | Row 57
✅ Saved → SBQ | Pelota | Row 58
✅ Saved → SBQ | Pelota | Row 60
✅ Saved → SBQ | Pelota | Row 61
✅ Saved → SBQ | Pelota | Row 62
✅ Saved → SBQ | Pelota | Row 63
✅ Saved → SBQ | Pelota | Row 64
✅ Saved → SBQ | Pelota | Row 65
✅ Saved → SBQ | Pelota | Row 66
✅ Saved → SBQ | Pelota | Row 67
✅ Saved → SBQ | Pelota | Row 68
✅ Saved → SBQ | Pelota | Row 69
✅ Saved → SBQ | Pelota | Row 70
✅ Saved → SBQ | Pelota | Row 71
✅ Saved → SBQ | Pelota | Row 72
✅ Saved → SBQ | Pelota | Row 73
✅ Saved → SBQ | Pelota | Row 74
✅ Saved → SBQ | Pelota | Row 75
✅ Saved → SBQ | Pelota | Row 76
✅ Saved → SBQ | Pelota | Row 77
✅ Saved → SBQ | Pelota | Row 78
✅ Saved → SBQ | Pelota | Row 79
✅ Saved → SBQ | Pelota | Row 80
✅ Saved → SBQ | Pelota | Row 81
✅ Saved → SBQ | Pelota | Row 82
✅ Saved → SBQ | Pelota | Row 83
✅ Saved → SBQ | Pelota | Row 84
✅ Saved → SBQ | Pelota | Row 85
✅ Saved → SBQ | Pelota | Row 86
✅ Saved → SBQ | Pelota | Row 87
✅ Saved → SBQ | Pelota | Row 88
✅ Saved → SBQ | Pelota | Row 89
✅ Saved → SBQ | Pelota | Row 90
✅ Saved → SBQ | Pelota | Row 91
✅ Saved → SBQ | Pelota | Row 92
✅ Saved → SBQ | Pelota | Row 93
✅ Saved → SBQ | Pelota | Row 95
✅ Saved → SBQ | Pelota | Row 96
✅ Saved → SBQ | Pelota | Row 97
✅ Saved → SBQ | Pelota | Row 99
✅ Saved → SBQ | Pelota | Row 100
✅ Saved → SBQ | Pelota | Row 102
✅ Saved → SBQ | Pelota | Row 103
✅ Saved → SBQ | Pelota | Row 104
✅ Saved → SBQ | Pelota | Row 108
✅ Saved → SBQ | Pelota | Row 112
✅ Saved → SBQ | Pelota | Row 118
Gouren
✅ Saved → SBQ | Gouren | Row 0
✅ Saved → SBQ | Gouren | Row 1
✅ Saved → SBQ | Gouren | Row 2
✅ Saved → SBQ | Gouren | Row 3
✅ Saved → SBQ | Gouren | Row 4
✅ Saved → SBQ | Gouren | Row 5
✅ Saved → SBQ | Gouren | Row 6
✅ Saved → SBQ | Gouren | Row 7
✅ Saved → SBQ | Gouren | Row 8
✅ Saved → SBQ | Gouren | Row 9
✅ Saved → SBQ | Gouren | Row 10
✅ Saved → SBQ | Gouren | Row 11
✅ Saved → SBQ | Gouren | Row 12
✅ Saved → SBQ | Gouren | Row 13
✅ Saved → SBQ | Gouren | Row 14
✅ Saved → SBQ | Gouren | Row 15
✅ Saved → SBQ | Gouren | Row 16
✅ Saved → SBQ | Gouren | Row 17
✅ Saved → SBQ | Gouren | Row 18
✅ Saved → SBQ | Gouren | Row 19
✅ Saved → SBQ | Gouren | Row 20
✅ Saved → SBQ | Gouren | Row 21
✅ Saved → SBQ | Gouren | Row 22
✅ Saved → SBQ | Gouren | Row 23
✅ Saved → SBQ | Gouren | Row 24
✅ Saved → SBQ | Gouren | Row 25
✅ Saved → SBQ | Gouren | Row 26
✅ Saved → SBQ | Gouren | Row 27
✅ Saved → SBQ | Gouren | Row 28
✅ Saved → SBQ | Gouren | Row 29
✅ Saved → SBQ | Gouren | Row 30
✅ Saved → SBQ | Gouren | Row 31
✅ Saved → SBQ | Gouren | Row 32
✅ Saved → SBQ | Gouren | Row 33
✅ Saved → SBQ | Gouren | Row 34
✅ Saved → SBQ | Gouren | Row 35
✅ Saved → SBQ | Gouren | Row 36
✅ Saved → SBQ | Gouren | Row 37
✅ Saved → SBQ | Gouren | Row 38
✅ Saved → SBQ | Gouren | Row 39
✅ Saved → SBQ | Gouren | Row 41
✅ Saved → SBQ | Gouren | Row 42
✅ Saved → SBQ | Gouren | Row 43
✅ Saved → SBQ | Gouren | Row 44
✅ Saved → SBQ | Gouren | Row 45
✅ Saved → SBQ | Gouren | Row 47
✅ Saved → SBQ | Gouren | Row 48
✅ Saved → SBQ | Gouren | Row 49
✅ Saved → SBQ | Gouren | Row 50
✅ Saved → SBQ | Gouren | Row 52
✅ Saved → SBQ | Gouren | Row 53
✅ Saved → SBQ | Gouren | Row 54
✅ Saved → SBQ | Gouren | Row 55
✅ Saved → SBQ | Gouren | Row 56
✅ Saved → SBQ | Gouren | Row 57
✅ Saved → SBQ | Gouren | Row 58
✅ Saved → SBQ | Gouren | Row 59
✅ Saved → SBQ | Gouren | Row 60
✅ Saved → SBQ | Gouren | Row 65
✅ Saved → SBQ | Gouren | Row 70
✅ Saved → SBQ | Gouren | Row 71
✅ Saved → SBQ | Gouren | Row 72
✅ Saved → SBQ | Gouren | Row 73
✅ Saved → SBQ | Gouren | Row 74
✅ Saved → SBQ | Gouren | Row 75
✅ Saved → SBQ | Gouren | Row 77
✅ Saved → SBQ | Gouren | Row 78
✅ Saved → SBQ | Gouren | Row 81
✅ Saved → SBQ | Gouren | Row 82
✅ Saved → SBQ | Gouren | Row 83
✅ Saved → SBQ | Gouren | Row 84
✅ Saved → SBQ | Gouren | Row 85
✅ Saved → SBQ | Gouren | Row 87
✅ Saved → SBQ | Gouren | Row 89
✅ Saved → SBQ | Gouren | Row 105
Camarague
✅ Saved → SBQ | Camarague | Row 0
✅ Saved → SBQ | Camarague | Row 1
✅ Saved → SBQ | Camarague | Row 2
✅ Saved → SBQ | Camarague | Row 3
✅ Saved → SBQ | Camarague | Row 4
✅ Saved → SBQ | Camarague | Row 5
✅ Saved → SBQ | Camarague | Row 6
✅ Saved → SBQ | Camarague | Row 7
✅ Saved → SBQ | Camarague | Row 8
✅ Saved → SBQ | Camarague | Row 9
✅ Saved → SBQ | Camarague | Row 10
✅ Saved → SBQ | Camarague | Row 11
✅ Saved → SBQ | Camarague | Row 12
✅ Saved → SBQ | Camarague | Row 13
✅ Saved → SBQ | Camarague | Row 14
✅ Saved → SBQ | Camarague | Row 15
✅ Saved → SBQ | Camarague | Row 16
✅ Saved → SBQ | Camarague | Row 17
✅ Saved → SBQ | Camarague | Row 18
✅ Saved → SBQ | Camarague | Row 19
✅ Saved → SBQ | Camarague | Row 20
✅ Saved → SBQ | Camarague | Row 21
✅ Saved → SBQ | Camarague | Row 22
✅ Saved → SBQ | Camarague | Row 23
✅ Saved → SBQ | Camarague | Row 24
✅ Saved → SBQ | Camarague | Row 25
✅ Saved → SBQ | Camarague | Row 26
✅ Saved → SBQ | Camarague | Row 27
✅ Saved → SBQ | Camarague | Row 28
✅ Saved → SBQ | Camarague | Row 29
✅ Saved → SBQ | Camarague | Row 30
✅ Saved → SBQ | Camarague | Row 31
✅ Saved → SBQ | Camarague | Row 32
✅ Saved → SBQ | Camarague | Row 33
✅ Saved → SBQ | Camarague | Row 34
✅ Saved → SBQ | Camarague | Row 35
✅ Saved → SBQ | Camarague | Row 36
✅ Saved → SBQ | Camarague | Row 37
✅ Saved → SBQ | Camarague | Row 38
✅ Saved → SBQ | Camarague | Row 39
✅ Saved → SBQ | Camarague | Row 40
✅ Saved → SBQ | Camarague | Row 41
✅ Saved → SBQ | Camarague | Row 42
✅ Saved → SBQ | Camarague | Row 43
✅ Saved → SBQ | Camarague | Row 44
✅ Saved → SBQ | Camarague | Row 45
✅ Saved → SBQ | Camarague | Row 46
✅ Saved → SBQ | Camarague | Row 47
✅ Saved → SBQ | Camarague | Row 48
✅ Saved → SBQ | Camarague | Row 49
✅ Saved → SBQ | Camarague | Row 50
✅ Saved → SBQ | Camarague | Row 51
✅ Saved → SBQ | Camarague | Row 52
✅ Saved → SBQ | Camarague | Row 53
✅ Saved → SBQ | Camarague | Row 54
✅ Saved → SBQ | Camarague | Row 55
✅ Saved → SBQ | Camarague | Row 56
✅ Saved → SBQ | Camarague | Row 57
✅ Saved → SBQ | Camarague | Row 58
✅ Saved → SBQ | Camarague | Row 59
✅ Saved → SBQ | Camarague | Row 60
✅ Saved → SBQ | Camarague | Row 61
✅ Saved → SBQ | Camarague | Row 62
✅ Saved → SBQ | Camarague | Row 63
✅ Saved → SBQ | Camarague | Row 64
✅ Saved → SBQ | Camarague | Row 65
✅ Saved → SBQ | Camarague | Row 66
✅ Saved → SBQ | Camarague | Row 67
✅ Saved → SBQ | Camarague | Row 68
✅ Saved → SBQ | Camarague | Row 69
✅ Saved → SBQ | Camarague | Row 70
✅ Saved → SBQ | Camarague | Row 79
✅ Saved → SBQ | Camarague | Row 80
✅ Saved → SBQ | Camarague | Row 81
✅ Saved → SBQ | Camarague | Row 82
✅ Saved → SBQ | Camarague | Row 83
✅ Saved → SBQ | Camarague | Row 84
✅ Saved → SBQ | Camarague | Row 85
✅ Saved → SBQ | Camarague | Row 86
✅ Saved → SBQ | Camarague | Row 90
✅ Saved → SBQ | Camarague | Row 91
✅ Saved → SBQ | Camarague | Row 92
✅ Saved → SBQ | Camarague | Row 93
✅ Saved → SBQ | Camarague | Row 94
✅ Saved → SBQ | Camarague | Row 96
✅ Saved → SBQ | Camarague | Row 97
✅ Saved → SBQ | Camarague | Row 104

✅ COMPLETE!
📄 Live-updating CSV: /DATA/rohan_kirti/country/france/SBQ/Results_SBQ.csv
Ended at: 21:04:24
Total Duration: 0:27:40.450397
✅ Successfully created '/DATA/rohan_kirti/country/france/SBQ/Results_SBQ.xlsx'
